C:\Users\rdpuser\miniconda3\envs\tfg_py310\lib\site-packages\ignite\handlers\checkpoint.py:16: DeprecationWarning: `TorchScript` support for functional optimizers is deprecated and will be removed in a future PyTorch release. Consider using the `torch.compile` optimizer instead.
  from torch.distributed.optim import ZeroRedundancyOptimizer
Usando dispositivo: cuda
Using device: cuda | nf=257 | channels=1 | hidden=50 | stems=2 | loss=deep_feature_emd
GA: actual_batch=100 | accum_steps=1 | effective_batch_real=100
04/06/2026 01:26:29 PM | engine.py:906 Engine run starting with max_epochs=100.
C:\Users\rdpuser\miniconda3\envs\tfg_py310\lib\site-packages\ignite\handlers\checkpoint.py:16: DeprecationWarning: `TorchScript` support for functional optimizers is deprecated and will be removed in a future PyTorch release. Consider using the `torch.compile` optimizer instead.
  from torch.distributed.optim import ZeroRedundancyOptimizer
C:\Users\rdpuser\miniconda3\envs\tfg_py310\lib\site-packages\torch\nn\modules\module.py:1326: UserWarning: expandable_segments not supported on this platform (Triggered internally at C:\actions-runner\_work\pytorch\pytorch\builder\windows\pytorch\c10/cuda/CUDAAllocatorConfig.h:28.)
  return t.to(
C:\Users\rdpuser\miniconda3\envs\tfg_py310\lib\site-packages\ignite\handlers\checkpoint.py:16: DeprecationWarning: `TorchScript` support for functional optimizers is deprecated and will be removed in a future PyTorch release. Consider using the `torch.compile` optimizer instead.
  from torch.distributed.optim import ZeroRedundancyOptimizer
C:\Users\rdpuser\miniconda3\envs\tfg_py310\lib\site-packages\torch\nn\modules\module.py:1326: UserWarning: expandable_segments not supported on this platform (Triggered internally at C:\actions-runner\_work\pytorch\pytorch\builder\windows\pytorch\c10/cuda/CUDAAllocatorConfig.h:28.)
  return t.to(
C:\Users\rdpuser\miniconda3\envs\tfg_py310\lib\site-packages\ignite\handlers\checkpoint.py:16: DeprecationWarning: `TorchScript` support for functional optimizers is deprecated and will be removed in a future PyTorch release. Consider using the `torch.compile` optimizer instead.
  from torch.distributed.optim import ZeroRedundancyOptimizer
C:\Users\rdpuser\miniconda3\envs\tfg_py310\lib\site-packages\torch\nn\modules\module.py:1326: UserWarning: expandable_segments not supported on this platform (Triggered internally at C:\actions-runner\_work\pytorch\pytorch\builder\windows\pytorch\c10/cuda/CUDAAllocatorConfig.h:28.)
  return t.to(
C:\Users\rdpuser\miniconda3\envs\tfg_py310\lib\site-packages\ignite\handlers\checkpoint.py:16: DeprecationWarning: `TorchScript` support for functional optimizers is deprecated and will be removed in a future PyTorch release. Consider using the `torch.compile` optimizer instead.
  from torch.distributed.optim import ZeroRedundancyOptimizer
C:\Users\rdpuser\miniconda3\envs\tfg_py310\lib\site-packages\torch\nn\modules\module.py:1326: UserWarning: expandable_segments not supported on this platform (Triggered internally at C:\actions-runner\_work\pytorch\pytorch\builder\windows\pytorch\c10/cuda/CUDAAllocatorConfig.h:28.)
  return t.to(
04/06/2026 01:27:14 PM | engine.py:906 Engine run starting with max_epochs=1.
C:\Users\rdpuser\miniconda3\envs\tfg_py310\lib\site-packages\ignite\handlers\checkpoint.py:16: DeprecationWarning: `TorchScript` support for functional optimizers is deprecated and will be removed in a future PyTorch release. Consider using the `torch.compile` optimizer instead.
  from torch.distributed.optim import ZeroRedundancyOptimizer
C:\Users\rdpuser\miniconda3\envs\tfg_py310\lib\site-packages\ignite\handlers\checkpoint.py:16: DeprecationWarning: `TorchScript` support for functional optimizers is deprecated and will be removed in a future PyTorch release. Consider using the `torch.compile` optimizer instead.
  from torch.distributed.optim import ZeroRedundancyOptimizer
C:\Users\rdpuser\miniconda3\envs\tfg_py310\lib\site-packages\ignite\handlers\checkpoint.py:16: DeprecationWarning: `TorchScript` support for functional optimizers is deprecated and will be removed in a future PyTorch release. Consider using the `torch.compile` optimizer instead.
  from torch.distributed.optim import ZeroRedundancyOptimizer
C:\Users\rdpuser\miniconda3\envs\tfg_py310\lib\site-packages\ignite\handlers\checkpoint.py:16: DeprecationWarning: `TorchScript` support for functional optimizers is deprecated and will be removed in a future PyTorch release. Consider using the `torch.compile` optimizer instead.
  from torch.distributed.optim import ZeroRedundancyOptimizer
C:\Users\rdpuser\miniconda3\envs\tfg_py310\lib\site-packages\torch\nn\modules\module.py:1326: UserWarning: expandable_segments not supported on this platform (Triggered internally at C:\actions-runner\_work\pytorch\pytorch\builder\windows\pytorch\c10/cuda/CUDAAllocatorConfig.h:28.)
  return t.to(
C:\Users\rdpuser\miniconda3\envs\tfg_py310\lib\site-packages\torch\nn\modules\module.py:1326: UserWarning: expandable_segments not supported on this platform (Triggered internally at C:\actions-runner\_work\pytorch\pytorch\builder\windows\pytorch\c10/cuda/CUDAAllocatorConfig.h:28.)
  return t.to(
C:\Users\rdpuser\miniconda3\envs\tfg_py310\lib\site-packages\torch\nn\modules\module.py:1326: UserWarning: expandable_segments not supported on this platform (Triggered internally at C:\actions-runner\_work\pytorch\pytorch\builder\windows\pytorch\c10/cuda/CUDAAllocatorConfig.h:28.)
  return t.to(
C:\Users\rdpuser\miniconda3\envs\tfg_py310\lib\site-packages\torch\nn\modules\module.py:1326: UserWarning: expandable_segments not supported on this platform (Triggered internally at C:\actions-runner\_work\pytorch\pytorch\builder\windows\pytorch\c10/cuda/CUDAAllocatorConfig.h:28.)
  return t.to(
04/06/2026 01:27:45 PM | engine.py:1010 Epoch[1] Complete. Time taken: 00:00:31.133
Training model with training mixes in: C:\Users\rdpuser\TFG_Identificaci-n-de-voces-e-instrumentos-en-una-obra-musical\datasets\mix_generation\foreground_train
Validating data with validation mixes in: C:\Users\rdpuser\TFG_Identificaci-n-de-voces-e-instrumentos-en-una-obra-musical\datasets\mix_generation\foreground_valid
[DEBUG] Num de sources: 2
pipeline de 2 fuentes
0.047814369201660156 GB allocated
0.068359375 GB reserved
0.0648188591003418 GB allocated
3.185546875 GB reserved
0.0648188591003418 GB allocated
3.1875 GB reserved
0.0648188591003418 GB allocated
3.1875 GB reserved
0.0648188591003418 GB allocated
3.1875 GB reserved
0.0648188591003418 GB allocated
3.1875 GB reserved
0.0648188591003418 GB allocated
3.1875 GB reserved
0.0648188591003418 GB allocated
3.1875 GB reserved
0.0648188591003418 GB allocated
3.1875 GB reserved
0.0648188591003418 GB allocated
3.1875 GB reserved
[Validator] Epoch 1 - val_loss: 0.000013
[BEST CHECKPOINT] Guardado/actualizado en: checkpoints\Mis_modelos\deep_feature_emd checkpoints\2stems\best_checkpoint_1_val_loss=-0.0000.pt
04/06/2026 01:27:45 PM | engine.py:1037 Engine run finished. Time taken: 00:00:31.385
[Epoch 1] train_loss=0.000010 | val_loss=0.000013
04/06/2026 01:27:45 PM | engine.py:1010 Epoch[1] Complete. Time taken: 00:00:39.482
04/06/2026 01:27:50 PM | engine.py:906 Engine run starting with max_epochs=1.
04/06/2026 01:28:15 PM | engine.py:1010 Epoch[1] Complete. Time taken: 00:00:25.015
0.11037206649780273 GB allocated
3.1875 GB reserved
0.11103153228759766 GB allocated
3.1875 GB reserved
0.11103153228759766 GB allocated
3.1875 GB reserved
0.11103153228759766 GB allocated
3.1875 GB reserved
0.11103153228759766 GB allocated
3.1875 GB reserved
0.11103153228759766 GB allocated
3.1875 GB reserved
0.11103153228759766 GB allocated
3.1875 GB reserved
0.11103153228759766 GB allocated
3.1875 GB reserved
0.11103153228759766 GB allocated
3.1875 GB reserved
0.11103153228759766 GB allocated
3.1875 GB reserved
[Validator] Epoch 2 - val_loss: 0.000012
[BEST CHECKPOINT] Guardado/actualizado en: checkpoints\Mis_modelos\deep_feature_emd checkpoints\2stems\best_checkpoint_2_val_loss=-0.0000.pt
04/06/2026 01:28:15 PM | engine.py:1037 Engine run finished. Time taken: 00:00:25.024
[Epoch 2] train_loss=0.000011 | val_loss=0.000012
04/06/2026 01:28:15 PM | engine.py:1010 Epoch[2] Complete. Time taken: 00:00:30.428
04/06/2026 01:28:21 PM | engine.py:906 Engine run starting with max_epochs=1.
04/06/2026 01:28:46 PM | engine.py:1010 Epoch[1] Complete. Time taken: 00:00:24.566
0.11216211318969727 GB allocated
3.1875 GB reserved
0.11282157897949219 GB allocated
3.1875 GB reserved
0.11282157897949219 GB allocated
3.1875 GB reserved
0.11282157897949219 GB allocated
3.1875 GB reserved
0.11282157897949219 GB allocated
3.1875 GB reserved
0.11282157897949219 GB allocated
3.1875 GB reserved
0.11282157897949219 GB allocated
3.1875 GB reserved
0.11282157897949219 GB allocated
3.1875 GB reserved
0.11282157897949219 GB allocated
3.1875 GB reserved
0.11282157897949219 GB allocated
3.1875 GB reserved
[Validator] Epoch 3 - val_loss: 0.000013
[BEST CHECKPOINT] Guardado/actualizado en: checkpoints\Mis_modelos\deep_feature_emd checkpoints\2stems\best_checkpoint_2_val_loss=-0.0000.pt
04/06/2026 01:28:46 PM | engine.py:1037 Engine run finished. Time taken: 00:00:24.568
[Epoch 3] train_loss=0.000013 | val_loss=0.000013
04/06/2026 01:28:46 PM | engine.py:1010 Epoch[3] Complete. Time taken: 00:00:30.586
04/06/2026 01:28:51 PM | engine.py:906 Engine run starting with max_epochs=1.
04/06/2026 01:29:16 PM | engine.py:1010 Epoch[1] Complete. Time taken: 00:00:24.732
0.11216211318969727 GB allocated
3.1875 GB reserved
0.11282157897949219 GB allocated
3.1875 GB reserved
0.11282157897949219 GB allocated
3.1875 GB reserved
0.11282157897949219 GB allocated
3.1875 GB reserved
0.11282157897949219 GB allocated
3.1875 GB reserved
0.11282157897949219 GB allocated
3.1875 GB reserved
0.11282157897949219 GB allocated
3.1875 GB reserved
0.11282157897949219 GB allocated
3.1875 GB reserved
0.11282157897949219 GB allocated
3.1875 GB reserved
0.11282157897949219 GB allocated
3.1875 GB reserved
[Validator] Epoch 4 - val_loss: 0.000013
[BEST CHECKPOINT] Guardado/actualizado en: checkpoints\Mis_modelos\deep_feature_emd checkpoints\2stems\best_checkpoint_2_val_loss=-0.0000.pt
04/06/2026 01:29:16 PM | engine.py:1037 Engine run finished. Time taken: 00:00:24.734
[Epoch 4] train_loss=0.000012 | val_loss=0.000013
04/06/2026 01:29:16 PM | engine.py:1010 Epoch[4] Complete. Time taken: 00:00:30.109
04/06/2026 01:29:21 PM | engine.py:906 Engine run starting with max_epochs=1.
04/06/2026 01:29:47 PM | engine.py:1010 Epoch[1] Complete. Time taken: 00:00:25.012
0.11216211318969727 GB allocated
3.1875 GB reserved
0.11282157897949219 GB allocated
3.1875 GB reserved
0.11282157897949219 GB allocated
3.1875 GB reserved
0.11282157897949219 GB allocated
3.1875 GB reserved
0.11282157897949219 GB allocated
3.1875 GB reserved
0.11282157897949219 GB allocated
3.1875 GB reserved
0.11282157897949219 GB allocated
3.1875 GB reserved
0.11282157897949219 GB allocated
3.1875 GB reserved
0.11282157897949219 GB allocated
3.1875 GB reserved
0.11282157897949219 GB allocated
3.1875 GB reserved
[Validator] Epoch 5 - val_loss: 0.000013
[BEST CHECKPOINT] Guardado/actualizado en: checkpoints\Mis_modelos\deep_feature_emd checkpoints\2stems\best_checkpoint_2_val_loss=-0.0000.pt
04/06/2026 01:29:47 PM | engine.py:1037 Engine run finished. Time taken: 00:00:25.013
[Epoch 5] train_loss=0.000013 | val_loss=0.000013
04/06/2026 01:29:47 PM | engine.py:1010 Epoch[5] Complete. Time taken: 00:00:30.419
04/06/2026 01:29:52 PM | engine.py:906 Engine run starting with max_epochs=1.
04/06/2026 01:30:17 PM | engine.py:1010 Epoch[1] Complete. Time taken: 00:00:24.884
0.11216211318969727 GB allocated
3.1875 GB reserved
0.11282157897949219 GB allocated
3.1875 GB reserved
0.11282157897949219 GB allocated
3.1875 GB reserved
0.11282157897949219 GB allocated
3.1875 GB reserved
0.11282157897949219 GB allocated
3.1875 GB reserved
0.11282157897949219 GB allocated
3.1875 GB reserved
0.11282157897949219 GB allocated
3.1875 GB reserved
0.11282157897949219 GB allocated
3.1875 GB reserved
0.11282157897949219 GB allocated
3.1875 GB reserved
0.11282157897949219 GB allocated
3.1875 GB reserved
[Validator] Epoch 6 - val_loss: 0.000013
[BEST CHECKPOINT] Guardado/actualizado en: checkpoints\Mis_modelos\deep_feature_emd checkpoints\2stems\best_checkpoint_2_val_loss=-0.0000.pt
04/06/2026 01:30:17 PM | engine.py:1037 Engine run finished. Time taken: 00:00:24.886
[Epoch 6] train_loss=0.000010 | val_loss=0.000013
04/06/2026 01:30:17 PM | engine.py:1010 Epoch[6] Complete. Time taken: 00:00:30.283
04/06/2026 01:30:22 PM | engine.py:906 Engine run starting with max_epochs=1.
04/06/2026 01:30:47 PM | engine.py:1010 Epoch[1] Complete. Time taken: 00:00:24.710
0.11216211318969727 GB allocated
3.1875 GB reserved
0.11282157897949219 GB allocated
3.1875 GB reserved
0.11282157897949219 GB allocated
3.1875 GB reserved
0.11282157897949219 GB allocated
3.1875 GB reserved
0.11282157897949219 GB allocated
3.1875 GB reserved
0.11282157897949219 GB allocated
3.1875 GB reserved
0.11282157897949219 GB allocated
3.1875 GB reserved
0.11282157897949219 GB allocated
3.1875 GB reserved
0.11282157897949219 GB allocated
3.1875 GB reserved
0.11282157897949219 GB allocated
3.1875 GB reserved
[Validator] Epoch 7 - val_loss: 0.000013
[BEST CHECKPOINT] Guardado/actualizado en: checkpoints\Mis_modelos\deep_feature_emd checkpoints\2stems\best_checkpoint_2_val_loss=-0.0000.pt
04/06/2026 01:30:47 PM | engine.py:1037 Engine run finished. Time taken: 00:00:24.710
[Epoch 7] train_loss=0.000011 | val_loss=0.000013
04/06/2026 01:30:47 PM | engine.py:1010 Epoch[7] Complete. Time taken: 00:00:30.095
04/06/2026 01:30:52 PM | engine.py:906 Engine run starting with max_epochs=1.
04/06/2026 01:31:17 PM | engine.py:1010 Epoch[1] Complete. Time taken: 00:00:24.844
0.11216211318969727 GB allocated
3.1875 GB reserved
0.11282157897949219 GB allocated
3.1875 GB reserved
0.11282157897949219 GB allocated
3.1875 GB reserved
0.11282157897949219 GB allocated
3.1875 GB reserved
0.11282157897949219 GB allocated
3.1875 GB reserved
0.11282157897949219 GB allocated
3.1875 GB reserved
0.11282157897949219 GB allocated
3.1875 GB reserved
0.11282157897949219 GB allocated
3.1875 GB reserved
0.11282157897949219 GB allocated
3.1875 GB reserved
0.11282157897949219 GB allocated
3.1875 GB reserved
[Validator] Epoch 8 - val_loss: 0.000012
[BEST CHECKPOINT] Guardado/actualizado en: checkpoints\Mis_modelos\deep_feature_emd checkpoints\2stems\best_checkpoint_2_val_loss=-0.0000.pt
04/06/2026 01:31:17 PM | engine.py:1037 Engine run finished. Time taken: 00:00:24.845
[Epoch 8] train_loss=0.000013 | val_loss=0.000012
04/06/2026 01:31:17 PM | engine.py:1010 Epoch[8] Complete. Time taken: 00:00:30.259
04/06/2026 01:31:23 PM | engine.py:906 Engine run starting with max_epochs=1.
04/06/2026 01:31:47 PM | engine.py:1010 Epoch[1] Complete. Time taken: 00:00:24.743
0.11216211318969727 GB allocated
3.1875 GB reserved
0.11282157897949219 GB allocated
3.1875 GB reserved
0.11282157897949219 GB allocated
3.1875 GB reserved
0.11282157897949219 GB allocated
3.1875 GB reserved
0.11282157897949219 GB allocated
3.1875 GB reserved
0.11282157897949219 GB allocated
3.1875 GB reserved
0.11282157897949219 GB allocated
3.1875 GB reserved
0.11282157897949219 GB allocated
3.1875 GB reserved
0.11282157897949219 GB allocated
3.1875 GB reserved
0.11282157897949219 GB allocated
3.1875 GB reserved
[Validator] Epoch 9 - val_loss: 0.000012
[BEST CHECKPOINT] Guardado/actualizado en: checkpoints\Mis_modelos\deep_feature_emd checkpoints\2stems\best_checkpoint_2_val_loss=-0.0000.pt
04/06/2026 01:31:47 PM | engine.py:1037 Engine run finished. Time taken: 00:00:24.744
[Epoch 9] train_loss=0.000012 | val_loss=0.000012
04/06/2026 01:31:47 PM | engine.py:1010 Epoch[9] Complete. Time taken: 00:00:30.146
04/06/2026 01:31:53 PM | engine.py:906 Engine run starting with max_epochs=1.
04/06/2026 01:32:18 PM | engine.py:1010 Epoch[1] Complete. Time taken: 00:00:24.794
0.11216211318969727 GB allocated
3.1875 GB reserved
0.11282157897949219 GB allocated
3.1875 GB reserved
0.11282157897949219 GB allocated
3.1875 GB reserved
0.11282157897949219 GB allocated
3.1875 GB reserved
0.11282157897949219 GB allocated
3.1875 GB reserved
0.11282157897949219 GB allocated
3.1875 GB reserved
0.11282157897949219 GB allocated
3.1875 GB reserved
0.11282157897949219 GB allocated
3.1875 GB reserved
0.11282157897949219 GB allocated
3.1875 GB reserved
0.11282157897949219 GB allocated
3.1875 GB reserved
[Validator] Epoch 10 - val_loss: 0.000013
[BEST CHECKPOINT] Guardado/actualizado en: checkpoints\Mis_modelos\deep_feature_emd checkpoints\2stems\best_checkpoint_2_val_loss=-0.0000.pt
04/06/2026 01:32:18 PM | engine.py:1037 Engine run finished. Time taken: 00:00:24.795
[Epoch 10] train_loss=0.000009 | val_loss=0.000013
04/06/2026 01:32:18 PM | engine.py:1010 Epoch[10] Complete. Time taken: 00:00:30.299
04/06/2026 01:32:23 PM | engine.py:906 Engine run starting with max_epochs=1.
04/06/2026 01:32:48 PM | engine.py:1010 Epoch[1] Complete. Time taken: 00:00:24.865
0.11216211318969727 GB allocated
3.1875 GB reserved
0.11282157897949219 GB allocated
3.1875 GB reserved
0.11282157897949219 GB allocated
3.1875 GB reserved
0.11282157897949219 GB allocated
3.1875 GB reserved
0.11282157897949219 GB allocated
3.1875 GB reserved
0.11282157897949219 GB allocated
3.1875 GB reserved
0.11282157897949219 GB allocated
3.1875 GB reserved
0.11282157897949219 GB allocated
3.1875 GB reserved
0.11282157897949219 GB allocated
3.1875 GB reserved
0.11282157897949219 GB allocated
3.1875 GB reserved
[Validator] Epoch 11 - val_loss: 0.000013
[BEST CHECKPOINT] Guardado/actualizado en: checkpoints\Mis_modelos\deep_feature_emd checkpoints\2stems\best_checkpoint_2_val_loss=-0.0000.pt
04/06/2026 01:32:48 PM | engine.py:1037 Engine run finished. Time taken: 00:00:24.866
[Epoch 11] train_loss=0.000015 | val_loss=0.000013
04/06/2026 01:32:48 PM | engine.py:1010 Epoch[11] Complete. Time taken: 00:00:30.240
04/06/2026 01:32:53 PM | engine.py:906 Engine run starting with max_epochs=1.
04/06/2026 01:33:18 PM | engine.py:1010 Epoch[1] Complete. Time taken: 00:00:24.675
2026-04-06 13:33:18,349 ignite.handlers.early_stopping.EarlyStopping INFO: EarlyStopping: Stop training
04/06/2026 01:33:18 PM | engine.py:648 Terminate signaled. Engine will stop after current iteration is finished.
0.11216211318969727 GB allocated
3.1875 GB reserved
0.11282157897949219 GB allocated
3.1875 GB reserved
0.11282157897949219 GB allocated
3.1875 GB reserved
0.11282157897949219 GB allocated
3.1875 GB reserved
0.11282157897949219 GB allocated
3.1875 GB reserved
0.11282157897949219 GB allocated
3.1875 GB reserved
0.11282157897949219 GB allocated
3.1875 GB reserved
0.11282157897949219 GB allocated
3.1875 GB reserved
0.11282157897949219 GB allocated
3.1875 GB reserved
0.11282157897949219 GB allocated
3.1875 GB reserved
[Validator] Epoch 12 - val_loss: 0.000013
[BEST CHECKPOINT] Guardado/actualizado en: checkpoints\Mis_modelos\deep_feature_emd checkpoints\2stems\best_checkpoint_2_val_loss=-0.0000.pt
04/06/2026 01:33:18 PM | engine.py:1037 Engine run finished. Time taken: 00:00:24.676
[Epoch 12] train_loss=0.000012 | val_loss=0.000013
04/06/2026 01:33:18 PM | engine.py:1037 Engine run finished. Time taken: 00:06:49.169
[LOADING BEST MODEL] Cargando mejor checkpoint desde: checkpoints\Mis_modelos\deep_feature_emd checkpoints\2stems\best_checkpoint_2_val_loss=-0.0000.pt
C:\Users\rdpuser\TFG_Identificaci-n-de-voces-e-instrumentos-en-una-obra-musical\pipeline\train.py:340: FutureWarning: You are using `torch.load` with `weights_only=False` (the current default value), which uses the default pickle module implicitly. It is possible to construct malicious pickle data which will execute arbitrary code during unpickling (See https://github.com/pytorch/pytorch/blob/main/SECURITY.md#untrusted-models for more details). In a future release, the default value for `weights_only` will be flipped to `True`. This limits the functions that could be executed during unpickling. Arbitrary objects will no longer be allowed to be loaded via this mode unless they are explicitly allowlisted by the user via `torch.serialization.add_safe_globals`. We recommend you start setting `weights_only=True` for any use case where you don't have full control of the loaded file. Please open an issue on GitHub for any issues related to this experimental feature.
  checkpoint = torch.load(best_checkpoint_path, map_location=device)
