C:\Users\rdpuser\miniconda3\envs\tfg_py310\lib\site-packages\ignite\handlers\checkpoint.py:16: DeprecationWarning: `TorchScript` support for functional optimizers is deprecated and will be removed in a future PyTorch release. Consider using the `torch.compile` optimizer instead.
  from torch.distributed.optim import ZeroRedundancyOptimizer
Usando dispositivo: cuda
Using device: cuda | nf=257 | channels=1 | hidden=50 | stems=4 | loss=lpsa_phase
GA: actual_batch=24 | accum_steps=5 | effective_batch_real=120
04/22/2026 12:49:20 PM | engine.py:906 Engine run starting with max_epochs=100.
C:\Users\rdpuser\miniconda3\envs\tfg_py310\lib\site-packages\ignite\handlers\checkpoint.py:16: DeprecationWarning: `TorchScript` support for functional optimizers is deprecated and will be removed in a future PyTorch release. Consider using the `torch.compile` optimizer instead.
  from torch.distributed.optim import ZeroRedundancyOptimizer
C:\Users\rdpuser\miniconda3\envs\tfg_py310\lib\site-packages\torch\nn\modules\module.py:1326: UserWarning: expandable_segments not supported on this platform (Triggered internally at C:\actions-runner\_work\pytorch\pytorch\builder\windows\pytorch\c10/cuda/CUDAAllocatorConfig.h:28.)
  return t.to(
C:\Users\rdpuser\miniconda3\envs\tfg_py310\lib\site-packages\ignite\handlers\checkpoint.py:16: DeprecationWarning: `TorchScript` support for functional optimizers is deprecated and will be removed in a future PyTorch release. Consider using the `torch.compile` optimizer instead.
  from torch.distributed.optim import ZeroRedundancyOptimizer
C:\Users\rdpuser\miniconda3\envs\tfg_py310\lib\site-packages\torch\nn\modules\module.py:1326: UserWarning: expandable_segments not supported on this platform (Triggered internally at C:\actions-runner\_work\pytorch\pytorch\builder\windows\pytorch\c10/cuda/CUDAAllocatorConfig.h:28.)
  return t.to(
C:\Users\rdpuser\miniconda3\envs\tfg_py310\lib\site-packages\ignite\handlers\checkpoint.py:16: DeprecationWarning: `TorchScript` support for functional optimizers is deprecated and will be removed in a future PyTorch release. Consider using the `torch.compile` optimizer instead.
  from torch.distributed.optim import ZeroRedundancyOptimizer
C:\Users\rdpuser\miniconda3\envs\tfg_py310\lib\site-packages\torch\nn\modules\module.py:1326: UserWarning: expandable_segments not supported on this platform (Triggered internally at C:\actions-runner\_work\pytorch\pytorch\builder\windows\pytorch\c10/cuda/CUDAAllocatorConfig.h:28.)
  return t.to(
C:\Users\rdpuser\miniconda3\envs\tfg_py310\lib\site-packages\ignite\handlers\checkpoint.py:16: DeprecationWarning: `TorchScript` support for functional optimizers is deprecated and will be removed in a future PyTorch release. Consider using the `torch.compile` optimizer instead.
  from torch.distributed.optim import ZeroRedundancyOptimizer
C:\Users\rdpuser\miniconda3\envs\tfg_py310\lib\site-packages\torch\nn\modules\module.py:1326: UserWarning: expandable_segments not supported on this platform (Triggered internally at C:\actions-runner\_work\pytorch\pytorch\builder\windows\pytorch\c10/cuda/CUDAAllocatorConfig.h:28.)
  return t.to(
Training model with training mixes in: C:\Users\rdpuser\TFG_Identificaci-n-de-voces-e-instrumentos-en-una-obra-musical\datasets\mix_generation\foreground_train
Validating data with validation mixes in: C:\Users\rdpuser\TFG_Identificaci-n-de-voces-e-instrumentos-en-una-obra-musical\datasets\mix_generation\foreground_valid
[DEBUG] Num de sources: 4
[DEBUG] Pipeline de 4 fuentes
0.7929487228393555 GB allocated
0.8046875 GB reserved
dict_keys(['index', 'mixture_magnitude', 'mixture_phase', 'source_phase', 'mix_magnitude', 'ideal_binary_mask', 'source_magnitudes'])
Batch keys: dict_keys(['index', 'mixture_magnitude', 'mixture_phase', 'source_phase', 'mix_magnitude', 'ideal_binary_mask', 'source_magnitudes'])
mixture_phase shape: torch.Size([32, 257, 1723])
source_phase shape: torch.Size([32, 4, 257, 1723])
source_magnitudes shape: torch.Size([32, 1724, 257, 1, 4])
est shape: torch.Size([32, 1724, 257, 1, 4])
tgt shape: torch.Size([32, 1724, 257, 1, 4])
target_mag shape: torch.Size([32, 1723, 257, 1, 4])
mix_phase shape: torch.Size([32, 1723, 257, 1, 1])
src_phase shape: torch.Size([32, 1723, 257, 1, 4])
phase_diff shape: torch.Size([32, 1723, 257, 1, 4])
04/22/2026 12:51:22 PM | engine.py:906 Engine run starting with max_epochs=1.
C:\Users\rdpuser\miniconda3\envs\tfg_py310\lib\site-packages\ignite\handlers\checkpoint.py:16: DeprecationWarning: `TorchScript` support for functional optimizers is deprecated and will be removed in a future PyTorch release. Consider using the `torch.compile` optimizer instead.
  from torch.distributed.optim import ZeroRedundancyOptimizer
C:\Users\rdpuser\miniconda3\envs\tfg_py310\lib\site-packages\ignite\handlers\checkpoint.py:16: DeprecationWarning: `TorchScript` support for functional optimizers is deprecated and will be removed in a future PyTorch release. Consider using the `torch.compile` optimizer instead.
  from torch.distributed.optim import ZeroRedundancyOptimizer
C:\Users\rdpuser\miniconda3\envs\tfg_py310\lib\site-packages\ignite\handlers\checkpoint.py:16: DeprecationWarning: `TorchScript` support for functional optimizers is deprecated and will be removed in a future PyTorch release. Consider using the `torch.compile` optimizer instead.
  from torch.distributed.optim import ZeroRedundancyOptimizer
C:\Users\rdpuser\miniconda3\envs\tfg_py310\lib\site-packages\ignite\handlers\checkpoint.py:16: DeprecationWarning: `TorchScript` support for functional optimizers is deprecated and will be removed in a future PyTorch release. Consider using the `torch.compile` optimizer instead.
  from torch.distributed.optim import ZeroRedundancyOptimizer
C:\Users\rdpuser\miniconda3\envs\tfg_py310\lib\site-packages\torch\nn\modules\module.py:1326: UserWarning: expandable_segments not supported on this platform (Triggered internally at C:\actions-runner\_work\pytorch\pytorch\builder\windows\pytorch\c10/cuda/CUDAAllocatorConfig.h:28.)
  return t.to(
C:\Users\rdpuser\miniconda3\envs\tfg_py310\lib\site-packages\torch\nn\modules\module.py:1326: UserWarning: expandable_segments not supported on this platform (Triggered internally at C:\actions-runner\_work\pytorch\pytorch\builder\windows\pytorch\c10/cuda/CUDAAllocatorConfig.h:28.)
  return t.to(
C:\Users\rdpuser\miniconda3\envs\tfg_py310\lib\site-packages\torch\nn\modules\module.py:1326: UserWarning: expandable_segments not supported on this platform (Triggered internally at C:\actions-runner\_work\pytorch\pytorch\builder\windows\pytorch\c10/cuda/CUDAAllocatorConfig.h:28.)
  return t.to(
C:\Users\rdpuser\miniconda3\envs\tfg_py310\lib\site-packages\torch\nn\modules\module.py:1326: UserWarning: expandable_segments not supported on this platform (Triggered internally at C:\actions-runner\_work\pytorch\pytorch\builder\windows\pytorch\c10/cuda/CUDAAllocatorConfig.h:28.)
  return t.to(
04/22/2026 12:52:13 PM | engine.py:1010 Epoch[1] Complete. Time taken: 00:00:50.644
0.8096718788146973 GB allocated
3.060546875 GB reserved
dict_keys(['index', 'mixture_magnitude', 'mixture_phase', 'source_phase', 'mix_magnitude', 'ideal_binary_mask', 'source_magnitudes'])
0.8096718788146973 GB allocated
3.060546875 GB reserved
dict_keys(['index', 'mixture_magnitude', 'mixture_phase', 'source_phase', 'mix_magnitude', 'ideal_binary_mask', 'source_magnitudes'])
0.8096718788146973 GB allocated
3.060546875 GB reserved
dict_keys(['index', 'mixture_magnitude', 'mixture_phase', 'source_phase', 'mix_magnitude', 'ideal_binary_mask', 'source_magnitudes'])
0.8105249404907227 GB allocated
3.0625 GB reserved
dict_keys(['index', 'mixture_magnitude', 'mixture_phase', 'source_phase', 'mix_magnitude', 'ideal_binary_mask', 'source_magnitudes'])
0.811378002166748 GB allocated
3.0625 GB reserved
dict_keys(['index', 'mixture_magnitude', 'mixture_phase', 'source_phase', 'mix_magnitude', 'ideal_binary_mask', 'source_magnitudes'])
0.811378002166748 GB allocated
3.0625 GB reserved
dict_keys(['index', 'mixture_magnitude', 'mixture_phase', 'source_phase', 'mix_magnitude', 'ideal_binary_mask', 'source_magnitudes'])
0.811378002166748 GB allocated
3.0625 GB reserved
dict_keys(['index', 'mixture_magnitude', 'mixture_phase', 'source_phase', 'mix_magnitude', 'ideal_binary_mask', 'source_magnitudes'])
0.8105249404907227 GB allocated
3.0625 GB reserved
dict_keys(['index', 'mixture_magnitude', 'mixture_phase', 'source_phase', 'mix_magnitude', 'ideal_binary_mask', 'source_magnitudes'])
0.811378002166748 GB allocated
3.0625 GB reserved
dict_keys(['index', 'mixture_magnitude', 'mixture_phase', 'source_phase', 'mix_magnitude', 'ideal_binary_mask', 'source_magnitudes'])
[Validator] Epoch 1 - val_loss: 0.000025
[BEST CHECKPOINT] Guardado/actualizado en: checkpoints\Mis_modelos\lpsa_phase checkpoints\4stems\best_checkpoint_1_val_loss=-0.0000.pt
04/22/2026 12:52:13 PM | engine.py:1037 Engine run finished. Time taken: 00:00:51.231
[Epoch 1] train_loss=0.000021 | val_loss=0.000025
04/22/2026 12:52:13 PM | engine.py:1010 Epoch[1] Complete. Time taken: 00:02:10.449
04/22/2026 12:52:50 PM | engine.py:906 Engine run starting with max_epochs=1.
04/22/2026 12:53:31 PM | engine.py:1010 Epoch[1] Complete. Time taken: 00:00:41.095
1.0085468292236328 GB allocated
3.701171875 GB reserved
dict_keys(['index', 'mixture_magnitude', 'mixture_phase', 'source_phase', 'mix_magnitude', 'ideal_binary_mask', 'source_magnitudes'])
1.0093998908996582 GB allocated
3.701171875 GB reserved
dict_keys(['index', 'mixture_magnitude', 'mixture_phase', 'source_phase', 'mix_magnitude', 'ideal_binary_mask', 'source_magnitudes'])
1.0093998908996582 GB allocated
3.701171875 GB reserved
dict_keys(['index', 'mixture_magnitude', 'mixture_phase', 'source_phase', 'mix_magnitude', 'ideal_binary_mask', 'source_magnitudes'])
1.0093998908996582 GB allocated
3.701171875 GB reserved
dict_keys(['index', 'mixture_magnitude', 'mixture_phase', 'source_phase', 'mix_magnitude', 'ideal_binary_mask', 'source_magnitudes'])
1.0085468292236328 GB allocated
3.701171875 GB reserved
dict_keys(['index', 'mixture_magnitude', 'mixture_phase', 'source_phase', 'mix_magnitude', 'ideal_binary_mask', 'source_magnitudes'])
1.0093998908996582 GB allocated
3.701171875 GB reserved
dict_keys(['index', 'mixture_magnitude', 'mixture_phase', 'source_phase', 'mix_magnitude', 'ideal_binary_mask', 'source_magnitudes'])
1.0093998908996582 GB allocated
3.701171875 GB reserved
dict_keys(['index', 'mixture_magnitude', 'mixture_phase', 'source_phase', 'mix_magnitude', 'ideal_binary_mask', 'source_magnitudes'])
1.0093998908996582 GB allocated
3.701171875 GB reserved
dict_keys(['index', 'mixture_magnitude', 'mixture_phase', 'source_phase', 'mix_magnitude', 'ideal_binary_mask', 'source_magnitudes'])
1.0085468292236328 GB allocated
3.701171875 GB reserved
dict_keys(['index', 'mixture_magnitude', 'mixture_phase', 'source_phase', 'mix_magnitude', 'ideal_binary_mask', 'source_magnitudes'])
1.0093998908996582 GB allocated
3.701171875 GB reserved
dict_keys(['index', 'mixture_magnitude', 'mixture_phase', 'source_phase', 'mix_magnitude', 'ideal_binary_mask', 'source_magnitudes'])
[Validator] Epoch 2 - val_loss: 0.000025
[BEST CHECKPOINT] Guardado/actualizado en: checkpoints\Mis_modelos\lpsa_phase checkpoints\4stems\best_checkpoint_2_val_loss=-0.0000.pt
04/22/2026 12:53:31 PM | engine.py:1037 Engine run finished. Time taken: 00:00:41.124
[Epoch 2] train_loss=0.000021 | val_loss=0.000025
04/22/2026 12:53:31 PM | engine.py:1010 Epoch[2] Complete. Time taken: 00:01:18.479
04/22/2026 12:54:15 PM | engine.py:906 Engine run starting with max_epochs=1.
04/22/2026 12:54:58 PM | engine.py:1010 Epoch[1] Complete. Time taken: 00:00:43.168
1.0085468292236328 GB allocated
3.701171875 GB reserved
dict_keys(['index', 'mixture_magnitude', 'mixture_phase', 'source_phase', 'mix_magnitude', 'ideal_binary_mask', 'source_magnitudes'])
1.0093998908996582 GB allocated
3.701171875 GB reserved
dict_keys(['index', 'mixture_magnitude', 'mixture_phase', 'source_phase', 'mix_magnitude', 'ideal_binary_mask', 'source_magnitudes'])
1.0093998908996582 GB allocated
3.701171875 GB reserved
dict_keys(['index', 'mixture_magnitude', 'mixture_phase', 'source_phase', 'mix_magnitude', 'ideal_binary_mask', 'source_magnitudes'])
1.0093998908996582 GB allocated
3.701171875 GB reserved
dict_keys(['index', 'mixture_magnitude', 'mixture_phase', 'source_phase', 'mix_magnitude', 'ideal_binary_mask', 'source_magnitudes'])
1.0085468292236328 GB allocated
3.701171875 GB reserved
dict_keys(['index', 'mixture_magnitude', 'mixture_phase', 'source_phase', 'mix_magnitude', 'ideal_binary_mask', 'source_magnitudes'])
1.0093998908996582 GB allocated
3.701171875 GB reserved
dict_keys(['index', 'mixture_magnitude', 'mixture_phase', 'source_phase', 'mix_magnitude', 'ideal_binary_mask', 'source_magnitudes'])
1.0093998908996582 GB allocated
3.701171875 GB reserved
dict_keys(['index', 'mixture_magnitude', 'mixture_phase', 'source_phase', 'mix_magnitude', 'ideal_binary_mask', 'source_magnitudes'])
1.0093998908996582 GB allocated
3.701171875 GB reserved
dict_keys(['index', 'mixture_magnitude', 'mixture_phase', 'source_phase', 'mix_magnitude', 'ideal_binary_mask', 'source_magnitudes'])
1.0085468292236328 GB allocated
3.701171875 GB reserved
dict_keys(['index', 'mixture_magnitude', 'mixture_phase', 'source_phase', 'mix_magnitude', 'ideal_binary_mask', 'source_magnitudes'])
1.0093998908996582 GB allocated
3.701171875 GB reserved
dict_keys(['index', 'mixture_magnitude', 'mixture_phase', 'source_phase', 'mix_magnitude', 'ideal_binary_mask', 'source_magnitudes'])
[Validator] Epoch 3 - val_loss: 0.000025
[BEST CHECKPOINT] Guardado/actualizado en: checkpoints\Mis_modelos\lpsa_phase checkpoints\4stems\best_checkpoint_2_val_loss=-0.0000.pt
04/22/2026 12:54:58 PM | engine.py:1037 Engine run finished. Time taken: 00:00:43.172
[Epoch 3] train_loss=0.000019 | val_loss=0.000025
04/22/2026 12:54:58 PM | engine.py:1010 Epoch[3] Complete. Time taken: 00:01:26.454
04/22/2026 12:55:38 PM | engine.py:906 Engine run starting with max_epochs=1.
04/22/2026 12:56:18 PM | engine.py:1010 Epoch[1] Complete. Time taken: 00:00:39.700
1.0085468292236328 GB allocated
3.701171875 GB reserved
dict_keys(['index', 'mixture_magnitude', 'mixture_phase', 'source_phase', 'mix_magnitude', 'ideal_binary_mask', 'source_magnitudes'])
1.0093998908996582 GB allocated
3.701171875 GB reserved
dict_keys(['index', 'mixture_magnitude', 'mixture_phase', 'source_phase', 'mix_magnitude', 'ideal_binary_mask', 'source_magnitudes'])
1.0093998908996582 GB allocated
3.701171875 GB reserved
dict_keys(['index', 'mixture_magnitude', 'mixture_phase', 'source_phase', 'mix_magnitude', 'ideal_binary_mask', 'source_magnitudes'])
1.0093998908996582 GB allocated
3.701171875 GB reserved
dict_keys(['index', 'mixture_magnitude', 'mixture_phase', 'source_phase', 'mix_magnitude', 'ideal_binary_mask', 'source_magnitudes'])
1.0085468292236328 GB allocated
3.701171875 GB reserved
dict_keys(['index', 'mixture_magnitude', 'mixture_phase', 'source_phase', 'mix_magnitude', 'ideal_binary_mask', 'source_magnitudes'])
1.0093998908996582 GB allocated
3.701171875 GB reserved
dict_keys(['index', 'mixture_magnitude', 'mixture_phase', 'source_phase', 'mix_magnitude', 'ideal_binary_mask', 'source_magnitudes'])
1.0093998908996582 GB allocated
3.701171875 GB reserved
dict_keys(['index', 'mixture_magnitude', 'mixture_phase', 'source_phase', 'mix_magnitude', 'ideal_binary_mask', 'source_magnitudes'])
1.0093998908996582 GB allocated
3.701171875 GB reserved
dict_keys(['index', 'mixture_magnitude', 'mixture_phase', 'source_phase', 'mix_magnitude', 'ideal_binary_mask', 'source_magnitudes'])
1.0085468292236328 GB allocated
3.701171875 GB reserved
dict_keys(['index', 'mixture_magnitude', 'mixture_phase', 'source_phase', 'mix_magnitude', 'ideal_binary_mask', 'source_magnitudes'])
1.0093998908996582 GB allocated
3.701171875 GB reserved
dict_keys(['index', 'mixture_magnitude', 'mixture_phase', 'source_phase', 'mix_magnitude', 'ideal_binary_mask', 'source_magnitudes'])
[Validator] Epoch 4 - val_loss: 0.000025
[BEST CHECKPOINT] Guardado/actualizado en: checkpoints\Mis_modelos\lpsa_phase checkpoints\4stems\best_checkpoint_2_val_loss=-0.0000.pt
04/22/2026 12:56:18 PM | engine.py:1037 Engine run finished. Time taken: 00:00:39.702
[Epoch 4] train_loss=0.000019 | val_loss=0.000025
04/22/2026 12:56:18 PM | engine.py:1010 Epoch[4] Complete. Time taken: 00:01:19.841
04/22/2026 12:56:56 PM | engine.py:906 Engine run starting with max_epochs=1.
04/22/2026 12:57:36 PM | engine.py:1010 Epoch[1] Complete. Time taken: 00:00:39.938
1.0085468292236328 GB allocated
3.701171875 GB reserved
dict_keys(['index', 'mixture_magnitude', 'mixture_phase', 'source_phase', 'mix_magnitude', 'ideal_binary_mask', 'source_magnitudes'])
1.0093998908996582 GB allocated
3.701171875 GB reserved
dict_keys(['index', 'mixture_magnitude', 'mixture_phase', 'source_phase', 'mix_magnitude', 'ideal_binary_mask', 'source_magnitudes'])
1.0093998908996582 GB allocated
3.701171875 GB reserved
dict_keys(['index', 'mixture_magnitude', 'mixture_phase', 'source_phase', 'mix_magnitude', 'ideal_binary_mask', 'source_magnitudes'])
1.0093998908996582 GB allocated
3.701171875 GB reserved
dict_keys(['index', 'mixture_magnitude', 'mixture_phase', 'source_phase', 'mix_magnitude', 'ideal_binary_mask', 'source_magnitudes'])
1.0085468292236328 GB allocated
3.701171875 GB reserved
dict_keys(['index', 'mixture_magnitude', 'mixture_phase', 'source_phase', 'mix_magnitude', 'ideal_binary_mask', 'source_magnitudes'])
1.0093998908996582 GB allocated
3.701171875 GB reserved
dict_keys(['index', 'mixture_magnitude', 'mixture_phase', 'source_phase', 'mix_magnitude', 'ideal_binary_mask', 'source_magnitudes'])
1.0093998908996582 GB allocated
3.701171875 GB reserved
dict_keys(['index', 'mixture_magnitude', 'mixture_phase', 'source_phase', 'mix_magnitude', 'ideal_binary_mask', 'source_magnitudes'])
1.0093998908996582 GB allocated
3.701171875 GB reserved
dict_keys(['index', 'mixture_magnitude', 'mixture_phase', 'source_phase', 'mix_magnitude', 'ideal_binary_mask', 'source_magnitudes'])
1.0085468292236328 GB allocated
3.701171875 GB reserved
dict_keys(['index', 'mixture_magnitude', 'mixture_phase', 'source_phase', 'mix_magnitude', 'ideal_binary_mask', 'source_magnitudes'])
1.0093998908996582 GB allocated
3.701171875 GB reserved
dict_keys(['index', 'mixture_magnitude', 'mixture_phase', 'source_phase', 'mix_magnitude', 'ideal_binary_mask', 'source_magnitudes'])
[Validator] Epoch 5 - val_loss: 0.000024
[BEST CHECKPOINT] Guardado/actualizado en: checkpoints\Mis_modelos\lpsa_phase checkpoints\4stems\best_checkpoint_5_val_loss=-0.0000.pt
04/22/2026 12:57:36 PM | engine.py:1037 Engine run finished. Time taken: 00:00:39.972
[Epoch 5] train_loss=0.000019 | val_loss=0.000024
04/22/2026 12:57:36 PM | engine.py:1010 Epoch[5] Complete. Time taken: 00:01:18.283
04/22/2026 12:58:13 PM | engine.py:906 Engine run starting with max_epochs=1.
04/22/2026 12:58:51 PM | engine.py:1010 Epoch[1] Complete. Time taken: 00:00:38.386
1.0085468292236328 GB allocated
3.701171875 GB reserved
dict_keys(['index', 'mixture_magnitude', 'mixture_phase', 'source_phase', 'mix_magnitude', 'ideal_binary_mask', 'source_magnitudes'])
1.0093998908996582 GB allocated
3.701171875 GB reserved
dict_keys(['index', 'mixture_magnitude', 'mixture_phase', 'source_phase', 'mix_magnitude', 'ideal_binary_mask', 'source_magnitudes'])
1.0093998908996582 GB allocated
3.701171875 GB reserved
dict_keys(['index', 'mixture_magnitude', 'mixture_phase', 'source_phase', 'mix_magnitude', 'ideal_binary_mask', 'source_magnitudes'])
1.0093998908996582 GB allocated
3.701171875 GB reserved
dict_keys(['index', 'mixture_magnitude', 'mixture_phase', 'source_phase', 'mix_magnitude', 'ideal_binary_mask', 'source_magnitudes'])
1.0085468292236328 GB allocated
3.701171875 GB reserved
dict_keys(['index', 'mixture_magnitude', 'mixture_phase', 'source_phase', 'mix_magnitude', 'ideal_binary_mask', 'source_magnitudes'])
1.0093998908996582 GB allocated
3.701171875 GB reserved
dict_keys(['index', 'mixture_magnitude', 'mixture_phase', 'source_phase', 'mix_magnitude', 'ideal_binary_mask', 'source_magnitudes'])
1.0093998908996582 GB allocated
3.701171875 GB reserved
dict_keys(['index', 'mixture_magnitude', 'mixture_phase', 'source_phase', 'mix_magnitude', 'ideal_binary_mask', 'source_magnitudes'])
1.0093998908996582 GB allocated
3.701171875 GB reserved
dict_keys(['index', 'mixture_magnitude', 'mixture_phase', 'source_phase', 'mix_magnitude', 'ideal_binary_mask', 'source_magnitudes'])
1.0085468292236328 GB allocated
3.701171875 GB reserved
dict_keys(['index', 'mixture_magnitude', 'mixture_phase', 'source_phase', 'mix_magnitude', 'ideal_binary_mask', 'source_magnitudes'])
1.0093998908996582 GB allocated
3.701171875 GB reserved
dict_keys(['index', 'mixture_magnitude', 'mixture_phase', 'source_phase', 'mix_magnitude', 'ideal_binary_mask', 'source_magnitudes'])
[Validator] Epoch 6 - val_loss: 0.000022
[BEST CHECKPOINT] Guardado/actualizado en: checkpoints\Mis_modelos\lpsa_phase checkpoints\4stems\best_checkpoint_6_val_loss=-0.0000.pt
04/22/2026 12:58:51 PM | engine.py:1037 Engine run finished. Time taken: 00:00:38.403
[Epoch 6] train_loss=0.000017 | val_loss=0.000022
04/22/2026 12:58:51 PM | engine.py:1010 Epoch[6] Complete. Time taken: 00:01:14.976
04/22/2026 12:59:28 PM | engine.py:906 Engine run starting with max_epochs=1.
04/22/2026 01:00:05 PM | engine.py:1010 Epoch[1] Complete. Time taken: 00:00:36.822
1.0085468292236328 GB allocated
3.701171875 GB reserved
dict_keys(['index', 'mixture_magnitude', 'mixture_phase', 'source_phase', 'mix_magnitude', 'ideal_binary_mask', 'source_magnitudes'])
1.0093998908996582 GB allocated
3.701171875 GB reserved
dict_keys(['index', 'mixture_magnitude', 'mixture_phase', 'source_phase', 'mix_magnitude', 'ideal_binary_mask', 'source_magnitudes'])
1.0093998908996582 GB allocated
3.701171875 GB reserved
dict_keys(['index', 'mixture_magnitude', 'mixture_phase', 'source_phase', 'mix_magnitude', 'ideal_binary_mask', 'source_magnitudes'])
1.0093998908996582 GB allocated
3.701171875 GB reserved
dict_keys(['index', 'mixture_magnitude', 'mixture_phase', 'source_phase', 'mix_magnitude', 'ideal_binary_mask', 'source_magnitudes'])
1.0085468292236328 GB allocated
3.701171875 GB reserved
dict_keys(['index', 'mixture_magnitude', 'mixture_phase', 'source_phase', 'mix_magnitude', 'ideal_binary_mask', 'source_magnitudes'])
1.0093998908996582 GB allocated
3.701171875 GB reserved
dict_keys(['index', 'mixture_magnitude', 'mixture_phase', 'source_phase', 'mix_magnitude', 'ideal_binary_mask', 'source_magnitudes'])
1.0093998908996582 GB allocated
3.701171875 GB reserved
dict_keys(['index', 'mixture_magnitude', 'mixture_phase', 'source_phase', 'mix_magnitude', 'ideal_binary_mask', 'source_magnitudes'])
1.0093998908996582 GB allocated
3.701171875 GB reserved
dict_keys(['index', 'mixture_magnitude', 'mixture_phase', 'source_phase', 'mix_magnitude', 'ideal_binary_mask', 'source_magnitudes'])
1.0085468292236328 GB allocated
3.701171875 GB reserved
dict_keys(['index', 'mixture_magnitude', 'mixture_phase', 'source_phase', 'mix_magnitude', 'ideal_binary_mask', 'source_magnitudes'])
1.0093998908996582 GB allocated
3.701171875 GB reserved
dict_keys(['index', 'mixture_magnitude', 'mixture_phase', 'source_phase', 'mix_magnitude', 'ideal_binary_mask', 'source_magnitudes'])
[Validator] Epoch 7 - val_loss: 0.000020
[BEST CHECKPOINT] Guardado/actualizado en: checkpoints\Mis_modelos\lpsa_phase checkpoints\4stems\best_checkpoint_7_val_loss=-0.0000.pt
04/22/2026 01:00:05 PM | engine.py:1037 Engine run finished. Time taken: 00:00:36.833
[Epoch 7] train_loss=0.000017 | val_loss=0.000020
04/22/2026 01:00:05 PM | engine.py:1010 Epoch[7] Complete. Time taken: 00:01:13.914
04/22/2026 01:00:40 PM | engine.py:906 Engine run starting with max_epochs=1.
04/22/2026 01:01:16 PM | engine.py:1010 Epoch[1] Complete. Time taken: 00:00:36.491
1.0085468292236328 GB allocated
3.701171875 GB reserved
dict_keys(['index', 'mixture_magnitude', 'mixture_phase', 'source_phase', 'mix_magnitude', 'ideal_binary_mask', 'source_magnitudes'])
1.0093998908996582 GB allocated
3.701171875 GB reserved
dict_keys(['index', 'mixture_magnitude', 'mixture_phase', 'source_phase', 'mix_magnitude', 'ideal_binary_mask', 'source_magnitudes'])
1.0093998908996582 GB allocated
3.701171875 GB reserved
dict_keys(['index', 'mixture_magnitude', 'mixture_phase', 'source_phase', 'mix_magnitude', 'ideal_binary_mask', 'source_magnitudes'])
1.0093998908996582 GB allocated
3.701171875 GB reserved
dict_keys(['index', 'mixture_magnitude', 'mixture_phase', 'source_phase', 'mix_magnitude', 'ideal_binary_mask', 'source_magnitudes'])
1.0085468292236328 GB allocated
3.701171875 GB reserved
dict_keys(['index', 'mixture_magnitude', 'mixture_phase', 'source_phase', 'mix_magnitude', 'ideal_binary_mask', 'source_magnitudes'])
1.0093998908996582 GB allocated
3.701171875 GB reserved
dict_keys(['index', 'mixture_magnitude', 'mixture_phase', 'source_phase', 'mix_magnitude', 'ideal_binary_mask', 'source_magnitudes'])
1.0093998908996582 GB allocated
3.701171875 GB reserved
dict_keys(['index', 'mixture_magnitude', 'mixture_phase', 'source_phase', 'mix_magnitude', 'ideal_binary_mask', 'source_magnitudes'])
1.0093998908996582 GB allocated
3.701171875 GB reserved
dict_keys(['index', 'mixture_magnitude', 'mixture_phase', 'source_phase', 'mix_magnitude', 'ideal_binary_mask', 'source_magnitudes'])
1.0085468292236328 GB allocated
3.701171875 GB reserved
dict_keys(['index', 'mixture_magnitude', 'mixture_phase', 'source_phase', 'mix_magnitude', 'ideal_binary_mask', 'source_magnitudes'])
1.0093998908996582 GB allocated
3.701171875 GB reserved
dict_keys(['index', 'mixture_magnitude', 'mixture_phase', 'source_phase', 'mix_magnitude', 'ideal_binary_mask', 'source_magnitudes'])
[Validator] Epoch 8 - val_loss: 0.000018
[BEST CHECKPOINT] Guardado/actualizado en: checkpoints\Mis_modelos\lpsa_phase checkpoints\4stems\best_checkpoint_8_val_loss=-0.0000.pt
04/22/2026 01:01:16 PM | engine.py:1037 Engine run finished. Time taken: 00:00:36.504
[Epoch 8] train_loss=0.000016 | val_loss=0.000018
04/22/2026 01:01:16 PM | engine.py:1010 Epoch[8] Complete. Time taken: 00:01:11.173
04/22/2026 01:01:51 PM | engine.py:906 Engine run starting with max_epochs=1.
04/22/2026 01:02:26 PM | engine.py:1010 Epoch[1] Complete. Time taken: 00:00:35.045
1.0085468292236328 GB allocated
3.701171875 GB reserved
dict_keys(['index', 'mixture_magnitude', 'mixture_phase', 'source_phase', 'mix_magnitude', 'ideal_binary_mask', 'source_magnitudes'])
1.0093998908996582 GB allocated
3.701171875 GB reserved
dict_keys(['index', 'mixture_magnitude', 'mixture_phase', 'source_phase', 'mix_magnitude', 'ideal_binary_mask', 'source_magnitudes'])
1.0093998908996582 GB allocated
3.701171875 GB reserved
dict_keys(['index', 'mixture_magnitude', 'mixture_phase', 'source_phase', 'mix_magnitude', 'ideal_binary_mask', 'source_magnitudes'])
1.0093998908996582 GB allocated
3.701171875 GB reserved
dict_keys(['index', 'mixture_magnitude', 'mixture_phase', 'source_phase', 'mix_magnitude', 'ideal_binary_mask', 'source_magnitudes'])
1.0085468292236328 GB allocated
3.701171875 GB reserved
dict_keys(['index', 'mixture_magnitude', 'mixture_phase', 'source_phase', 'mix_magnitude', 'ideal_binary_mask', 'source_magnitudes'])
1.0093998908996582 GB allocated
3.701171875 GB reserved
dict_keys(['index', 'mixture_magnitude', 'mixture_phase', 'source_phase', 'mix_magnitude', 'ideal_binary_mask', 'source_magnitudes'])
1.0093998908996582 GB allocated
3.701171875 GB reserved
dict_keys(['index', 'mixture_magnitude', 'mixture_phase', 'source_phase', 'mix_magnitude', 'ideal_binary_mask', 'source_magnitudes'])
1.0093998908996582 GB allocated
3.701171875 GB reserved
dict_keys(['index', 'mixture_magnitude', 'mixture_phase', 'source_phase', 'mix_magnitude', 'ideal_binary_mask', 'source_magnitudes'])
1.0085468292236328 GB allocated
3.701171875 GB reserved
dict_keys(['index', 'mixture_magnitude', 'mixture_phase', 'source_phase', 'mix_magnitude', 'ideal_binary_mask', 'source_magnitudes'])
1.0093998908996582 GB allocated
3.701171875 GB reserved
dict_keys(['index', 'mixture_magnitude', 'mixture_phase', 'source_phase', 'mix_magnitude', 'ideal_binary_mask', 'source_magnitudes'])
[Validator] Epoch 9 - val_loss: 0.000017
[BEST CHECKPOINT] Guardado/actualizado en: checkpoints\Mis_modelos\lpsa_phase checkpoints\4stems\best_checkpoint_9_val_loss=-0.0000.pt
04/22/2026 01:02:26 PM | engine.py:1037 Engine run finished. Time taken: 00:00:35.061
[Epoch 9] train_loss=0.000016 | val_loss=0.000017
04/22/2026 01:02:26 PM | engine.py:1010 Epoch[9] Complete. Time taken: 00:01:09.595
04/22/2026 01:02:59 PM | engine.py:906 Engine run starting with max_epochs=1.
04/22/2026 01:03:34 PM | engine.py:1010 Epoch[1] Complete. Time taken: 00:00:35.076
1.0085468292236328 GB allocated
3.701171875 GB reserved
dict_keys(['index', 'mixture_magnitude', 'mixture_phase', 'source_phase', 'mix_magnitude', 'ideal_binary_mask', 'source_magnitudes'])
1.0093998908996582 GB allocated
3.701171875 GB reserved
dict_keys(['index', 'mixture_magnitude', 'mixture_phase', 'source_phase', 'mix_magnitude', 'ideal_binary_mask', 'source_magnitudes'])
1.0093998908996582 GB allocated
3.701171875 GB reserved
dict_keys(['index', 'mixture_magnitude', 'mixture_phase', 'source_phase', 'mix_magnitude', 'ideal_binary_mask', 'source_magnitudes'])
1.0093998908996582 GB allocated
3.701171875 GB reserved
dict_keys(['index', 'mixture_magnitude', 'mixture_phase', 'source_phase', 'mix_magnitude', 'ideal_binary_mask', 'source_magnitudes'])
1.0085468292236328 GB allocated
3.701171875 GB reserved
dict_keys(['index', 'mixture_magnitude', 'mixture_phase', 'source_phase', 'mix_magnitude', 'ideal_binary_mask', 'source_magnitudes'])
1.0093998908996582 GB allocated
3.701171875 GB reserved
dict_keys(['index', 'mixture_magnitude', 'mixture_phase', 'source_phase', 'mix_magnitude', 'ideal_binary_mask', 'source_magnitudes'])
1.0093998908996582 GB allocated
3.701171875 GB reserved
dict_keys(['index', 'mixture_magnitude', 'mixture_phase', 'source_phase', 'mix_magnitude', 'ideal_binary_mask', 'source_magnitudes'])
1.0093998908996582 GB allocated
3.701171875 GB reserved
dict_keys(['index', 'mixture_magnitude', 'mixture_phase', 'source_phase', 'mix_magnitude', 'ideal_binary_mask', 'source_magnitudes'])
1.0085468292236328 GB allocated
3.701171875 GB reserved
dict_keys(['index', 'mixture_magnitude', 'mixture_phase', 'source_phase', 'mix_magnitude', 'ideal_binary_mask', 'source_magnitudes'])
1.0093998908996582 GB allocated
3.701171875 GB reserved
dict_keys(['index', 'mixture_magnitude', 'mixture_phase', 'source_phase', 'mix_magnitude', 'ideal_binary_mask', 'source_magnitudes'])
[Validator] Epoch 10 - val_loss: 0.000016
[BEST CHECKPOINT] Guardado/actualizado en: checkpoints\Mis_modelos\lpsa_phase checkpoints\4stems\best_checkpoint_10_val_loss=-0.0000.pt
04/22/2026 01:03:34 PM | engine.py:1037 Engine run finished. Time taken: 00:00:35.095
[Epoch 10] train_loss=0.000015 | val_loss=0.000016
04/22/2026 01:03:34 PM | engine.py:1010 Epoch[10] Complete. Time taken: 00:01:08.372
04/22/2026 01:04:09 PM | engine.py:906 Engine run starting with max_epochs=1.
04/22/2026 01:04:44 PM | engine.py:1010 Epoch[1] Complete. Time taken: 00:00:34.738
1.0085468292236328 GB allocated
3.701171875 GB reserved
dict_keys(['index', 'mixture_magnitude', 'mixture_phase', 'source_phase', 'mix_magnitude', 'ideal_binary_mask', 'source_magnitudes'])
1.0093998908996582 GB allocated
3.701171875 GB reserved
dict_keys(['index', 'mixture_magnitude', 'mixture_phase', 'source_phase', 'mix_magnitude', 'ideal_binary_mask', 'source_magnitudes'])
1.0093998908996582 GB allocated
3.701171875 GB reserved
dict_keys(['index', 'mixture_magnitude', 'mixture_phase', 'source_phase', 'mix_magnitude', 'ideal_binary_mask', 'source_magnitudes'])
1.0093998908996582 GB allocated
3.701171875 GB reserved
dict_keys(['index', 'mixture_magnitude', 'mixture_phase', 'source_phase', 'mix_magnitude', 'ideal_binary_mask', 'source_magnitudes'])
1.0085468292236328 GB allocated
3.701171875 GB reserved
dict_keys(['index', 'mixture_magnitude', 'mixture_phase', 'source_phase', 'mix_magnitude', 'ideal_binary_mask', 'source_magnitudes'])
1.0093998908996582 GB allocated
3.701171875 GB reserved
dict_keys(['index', 'mixture_magnitude', 'mixture_phase', 'source_phase', 'mix_magnitude', 'ideal_binary_mask', 'source_magnitudes'])
1.0093998908996582 GB allocated
3.701171875 GB reserved
dict_keys(['index', 'mixture_magnitude', 'mixture_phase', 'source_phase', 'mix_magnitude', 'ideal_binary_mask', 'source_magnitudes'])
1.0093998908996582 GB allocated
3.701171875 GB reserved
dict_keys(['index', 'mixture_magnitude', 'mixture_phase', 'source_phase', 'mix_magnitude', 'ideal_binary_mask', 'source_magnitudes'])
1.0085468292236328 GB allocated
3.701171875 GB reserved
dict_keys(['index', 'mixture_magnitude', 'mixture_phase', 'source_phase', 'mix_magnitude', 'ideal_binary_mask', 'source_magnitudes'])
1.0093998908996582 GB allocated
3.701171875 GB reserved
dict_keys(['index', 'mixture_magnitude', 'mixture_phase', 'source_phase', 'mix_magnitude', 'ideal_binary_mask', 'source_magnitudes'])
[Validator] Epoch 11 - val_loss: 0.000016
[BEST CHECKPOINT] Guardado/actualizado en: checkpoints\Mis_modelos\lpsa_phase checkpoints\4stems\best_checkpoint_11_val_loss=-0.0000.pt
04/22/2026 01:04:44 PM | engine.py:1037 Engine run finished. Time taken: 00:00:34.749
[Epoch 11] train_loss=0.000014 | val_loss=0.000016
04/22/2026 01:04:44 PM | engine.py:1010 Epoch[11] Complete. Time taken: 00:01:10.117
04/22/2026 01:05:18 PM | engine.py:906 Engine run starting with max_epochs=1.
04/22/2026 01:05:54 PM | engine.py:1010 Epoch[1] Complete. Time taken: 00:00:35.325
1.0085468292236328 GB allocated
3.701171875 GB reserved
dict_keys(['index', 'mixture_magnitude', 'mixture_phase', 'source_phase', 'mix_magnitude', 'ideal_binary_mask', 'source_magnitudes'])
1.0093998908996582 GB allocated
3.701171875 GB reserved
dict_keys(['index', 'mixture_magnitude', 'mixture_phase', 'source_phase', 'mix_magnitude', 'ideal_binary_mask', 'source_magnitudes'])
1.0093998908996582 GB allocated
3.701171875 GB reserved
dict_keys(['index', 'mixture_magnitude', 'mixture_phase', 'source_phase', 'mix_magnitude', 'ideal_binary_mask', 'source_magnitudes'])
1.0093998908996582 GB allocated
3.701171875 GB reserved
dict_keys(['index', 'mixture_magnitude', 'mixture_phase', 'source_phase', 'mix_magnitude', 'ideal_binary_mask', 'source_magnitudes'])
1.0085468292236328 GB allocated
3.701171875 GB reserved
dict_keys(['index', 'mixture_magnitude', 'mixture_phase', 'source_phase', 'mix_magnitude', 'ideal_binary_mask', 'source_magnitudes'])
1.0093998908996582 GB allocated
3.701171875 GB reserved
dict_keys(['index', 'mixture_magnitude', 'mixture_phase', 'source_phase', 'mix_magnitude', 'ideal_binary_mask', 'source_magnitudes'])
1.0093998908996582 GB allocated
3.701171875 GB reserved
dict_keys(['index', 'mixture_magnitude', 'mixture_phase', 'source_phase', 'mix_magnitude', 'ideal_binary_mask', 'source_magnitudes'])
1.0093998908996582 GB allocated
3.701171875 GB reserved
dict_keys(['index', 'mixture_magnitude', 'mixture_phase', 'source_phase', 'mix_magnitude', 'ideal_binary_mask', 'source_magnitudes'])
1.0085468292236328 GB allocated
3.701171875 GB reserved
dict_keys(['index', 'mixture_magnitude', 'mixture_phase', 'source_phase', 'mix_magnitude', 'ideal_binary_mask', 'source_magnitudes'])
1.0093998908996582 GB allocated
3.701171875 GB reserved
dict_keys(['index', 'mixture_magnitude', 'mixture_phase', 'source_phase', 'mix_magnitude', 'ideal_binary_mask', 'source_magnitudes'])
[Validator] Epoch 12 - val_loss: 0.000015
[BEST CHECKPOINT] Guardado/actualizado en: checkpoints\Mis_modelos\lpsa_phase checkpoints\4stems\best_checkpoint_12_val_loss=-0.0000.pt
04/22/2026 01:05:54 PM | engine.py:1037 Engine run finished. Time taken: 00:00:35.339
[Epoch 12] train_loss=0.000013 | val_loss=0.000015
04/22/2026 01:05:54 PM | engine.py:1010 Epoch[12] Complete. Time taken: 00:01:09.423
04/22/2026 01:06:28 PM | engine.py:906 Engine run starting with max_epochs=1.
04/22/2026 01:07:04 PM | engine.py:1010 Epoch[1] Complete. Time taken: 00:00:36.168
1.0085468292236328 GB allocated
3.701171875 GB reserved
dict_keys(['index', 'mixture_magnitude', 'mixture_phase', 'source_phase', 'mix_magnitude', 'ideal_binary_mask', 'source_magnitudes'])
1.0093998908996582 GB allocated
3.701171875 GB reserved
dict_keys(['index', 'mixture_magnitude', 'mixture_phase', 'source_phase', 'mix_magnitude', 'ideal_binary_mask', 'source_magnitudes'])
1.0093998908996582 GB allocated
3.701171875 GB reserved
dict_keys(['index', 'mixture_magnitude', 'mixture_phase', 'source_phase', 'mix_magnitude', 'ideal_binary_mask', 'source_magnitudes'])
1.0093998908996582 GB allocated
3.701171875 GB reserved
dict_keys(['index', 'mixture_magnitude', 'mixture_phase', 'source_phase', 'mix_magnitude', 'ideal_binary_mask', 'source_magnitudes'])
1.0085468292236328 GB allocated
3.701171875 GB reserved
dict_keys(['index', 'mixture_magnitude', 'mixture_phase', 'source_phase', 'mix_magnitude', 'ideal_binary_mask', 'source_magnitudes'])
1.0093998908996582 GB allocated
3.701171875 GB reserved
dict_keys(['index', 'mixture_magnitude', 'mixture_phase', 'source_phase', 'mix_magnitude', 'ideal_binary_mask', 'source_magnitudes'])
1.0093998908996582 GB allocated
3.701171875 GB reserved
dict_keys(['index', 'mixture_magnitude', 'mixture_phase', 'source_phase', 'mix_magnitude', 'ideal_binary_mask', 'source_magnitudes'])
1.0093998908996582 GB allocated
3.701171875 GB reserved
dict_keys(['index', 'mixture_magnitude', 'mixture_phase', 'source_phase', 'mix_magnitude', 'ideal_binary_mask', 'source_magnitudes'])
1.0085468292236328 GB allocated
3.701171875 GB reserved
dict_keys(['index', 'mixture_magnitude', 'mixture_phase', 'source_phase', 'mix_magnitude', 'ideal_binary_mask', 'source_magnitudes'])
1.0093998908996582 GB allocated
3.701171875 GB reserved
dict_keys(['index', 'mixture_magnitude', 'mixture_phase', 'source_phase', 'mix_magnitude', 'ideal_binary_mask', 'source_magnitudes'])
[Validator] Epoch 13 - val_loss: 0.000015
[BEST CHECKPOINT] Guardado/actualizado en: checkpoints\Mis_modelos\lpsa_phase checkpoints\4stems\best_checkpoint_13_val_loss=-0.0000.pt
04/22/2026 01:07:04 PM | engine.py:1037 Engine run finished. Time taken: 00:00:36.178
[Epoch 13] train_loss=0.000013 | val_loss=0.000015
04/22/2026 01:07:04 PM | engine.py:1010 Epoch[13] Complete. Time taken: 00:01:10.780
04/22/2026 01:07:38 PM | engine.py:906 Engine run starting with max_epochs=1.
04/22/2026 01:08:12 PM | engine.py:1010 Epoch[1] Complete. Time taken: 00:00:34.417
1.0085468292236328 GB allocated
3.701171875 GB reserved
dict_keys(['index', 'mixture_magnitude', 'mixture_phase', 'source_phase', 'mix_magnitude', 'ideal_binary_mask', 'source_magnitudes'])
1.0093998908996582 GB allocated
3.701171875 GB reserved
dict_keys(['index', 'mixture_magnitude', 'mixture_phase', 'source_phase', 'mix_magnitude', 'ideal_binary_mask', 'source_magnitudes'])
1.0093998908996582 GB allocated
3.701171875 GB reserved
dict_keys(['index', 'mixture_magnitude', 'mixture_phase', 'source_phase', 'mix_magnitude', 'ideal_binary_mask', 'source_magnitudes'])
1.0093998908996582 GB allocated
3.701171875 GB reserved
dict_keys(['index', 'mixture_magnitude', 'mixture_phase', 'source_phase', 'mix_magnitude', 'ideal_binary_mask', 'source_magnitudes'])
1.0085468292236328 GB allocated
3.701171875 GB reserved
dict_keys(['index', 'mixture_magnitude', 'mixture_phase', 'source_phase', 'mix_magnitude', 'ideal_binary_mask', 'source_magnitudes'])
1.0093998908996582 GB allocated
3.701171875 GB reserved
dict_keys(['index', 'mixture_magnitude', 'mixture_phase', 'source_phase', 'mix_magnitude', 'ideal_binary_mask', 'source_magnitudes'])
1.0093998908996582 GB allocated
3.701171875 GB reserved
dict_keys(['index', 'mixture_magnitude', 'mixture_phase', 'source_phase', 'mix_magnitude', 'ideal_binary_mask', 'source_magnitudes'])
1.0093998908996582 GB allocated
3.701171875 GB reserved
dict_keys(['index', 'mixture_magnitude', 'mixture_phase', 'source_phase', 'mix_magnitude', 'ideal_binary_mask', 'source_magnitudes'])
1.0085468292236328 GB allocated
3.701171875 GB reserved
dict_keys(['index', 'mixture_magnitude', 'mixture_phase', 'source_phase', 'mix_magnitude', 'ideal_binary_mask', 'source_magnitudes'])
1.0093998908996582 GB allocated
3.701171875 GB reserved
dict_keys(['index', 'mixture_magnitude', 'mixture_phase', 'source_phase', 'mix_magnitude', 'ideal_binary_mask', 'source_magnitudes'])
[Validator] Epoch 14 - val_loss: 0.000014
[BEST CHECKPOINT] Guardado/actualizado en: checkpoints\Mis_modelos\lpsa_phase checkpoints\4stems\best_checkpoint_14_val_loss=-0.0000.pt
04/22/2026 01:08:12 PM | engine.py:1037 Engine run finished. Time taken: 00:00:34.427
[Epoch 14] train_loss=0.000012 | val_loss=0.000014
04/22/2026 01:08:12 PM | engine.py:1010 Epoch[14] Complete. Time taken: 00:01:07.809
04/22/2026 01:08:46 PM | engine.py:906 Engine run starting with max_epochs=1.
04/22/2026 01:09:22 PM | engine.py:1010 Epoch[1] Complete. Time taken: 00:00:35.568
1.0085468292236328 GB allocated
3.701171875 GB reserved
dict_keys(['index', 'mixture_magnitude', 'mixture_phase', 'source_phase', 'mix_magnitude', 'ideal_binary_mask', 'source_magnitudes'])
1.0093998908996582 GB allocated
3.701171875 GB reserved
dict_keys(['index', 'mixture_magnitude', 'mixture_phase', 'source_phase', 'mix_magnitude', 'ideal_binary_mask', 'source_magnitudes'])
1.0093998908996582 GB allocated
3.701171875 GB reserved
dict_keys(['index', 'mixture_magnitude', 'mixture_phase', 'source_phase', 'mix_magnitude', 'ideal_binary_mask', 'source_magnitudes'])
1.0093998908996582 GB allocated
3.701171875 GB reserved
dict_keys(['index', 'mixture_magnitude', 'mixture_phase', 'source_phase', 'mix_magnitude', 'ideal_binary_mask', 'source_magnitudes'])
1.0085468292236328 GB allocated
3.701171875 GB reserved
dict_keys(['index', 'mixture_magnitude', 'mixture_phase', 'source_phase', 'mix_magnitude', 'ideal_binary_mask', 'source_magnitudes'])
1.0093998908996582 GB allocated
3.701171875 GB reserved
dict_keys(['index', 'mixture_magnitude', 'mixture_phase', 'source_phase', 'mix_magnitude', 'ideal_binary_mask', 'source_magnitudes'])
1.0093998908996582 GB allocated
3.701171875 GB reserved
dict_keys(['index', 'mixture_magnitude', 'mixture_phase', 'source_phase', 'mix_magnitude', 'ideal_binary_mask', 'source_magnitudes'])
1.0093998908996582 GB allocated
3.701171875 GB reserved
dict_keys(['index', 'mixture_magnitude', 'mixture_phase', 'source_phase', 'mix_magnitude', 'ideal_binary_mask', 'source_magnitudes'])
1.0085468292236328 GB allocated
3.701171875 GB reserved
dict_keys(['index', 'mixture_magnitude', 'mixture_phase', 'source_phase', 'mix_magnitude', 'ideal_binary_mask', 'source_magnitudes'])
1.0093998908996582 GB allocated
3.701171875 GB reserved
dict_keys(['index', 'mixture_magnitude', 'mixture_phase', 'source_phase', 'mix_magnitude', 'ideal_binary_mask', 'source_magnitudes'])
[Validator] Epoch 15 - val_loss: 0.000014
[BEST CHECKPOINT] Guardado/actualizado en: checkpoints\Mis_modelos\lpsa_phase checkpoints\4stems\best_checkpoint_15_val_loss=-0.0000.pt
04/22/2026 01:09:22 PM | engine.py:1037 Engine run finished. Time taken: 00:00:35.577
[Epoch 15] train_loss=0.000012 | val_loss=0.000014
04/22/2026 01:09:22 PM | engine.py:1010 Epoch[15] Complete. Time taken: 00:01:09.939
04/22/2026 01:09:56 PM | engine.py:906 Engine run starting with max_epochs=1.
04/22/2026 01:10:17 PM | engine.py:1149 Current run is terminating due to exception: Caught RuntimeError in DataLoader worker process 1.
Original Traceback (most recent call last):
  File "C:\Users\rdpuser\miniconda3\envs\tfg_py310\lib\site-packages\torch\utils\data\_utils\worker.py", line 351, in _worker_loop
    data = fetcher.fetch(index)  # type: ignore[possibly-undefined]
  File "C:\Users\rdpuser\miniconda3\envs\tfg_py310\lib\site-packages\torch\utils\data\_utils\fetch.py", line 55, in fetch
    return self.collate_fn(data)
  File "C:\Users\rdpuser\miniconda3\envs\tfg_py310\lib\site-packages\torch\utils\data\_utils\collate.py", line 398, in default_collate
    return collate(batch, collate_fn_map=default_collate_fn_map)
  File "C:\Users\rdpuser\miniconda3\envs\tfg_py310\lib\site-packages\torch\utils\data\_utils\collate.py", line 171, in collate
    {
  File "C:\Users\rdpuser\miniconda3\envs\tfg_py310\lib\site-packages\torch\utils\data\_utils\collate.py", line 172, in <dictcomp>
    key: collate(
  File "C:\Users\rdpuser\miniconda3\envs\tfg_py310\lib\site-packages\torch\utils\data\_utils\collate.py", line 155, in collate
    return collate_fn_map[elem_type](batch, collate_fn_map=collate_fn_map)
  File "C:\Users\rdpuser\miniconda3\envs\tfg_py310\lib\site-packages\torch\utils\data\_utils\collate.py", line 270, in collate_tensor_fn
    storage = elem._typed_storage()._new_shared(numel, device=elem.device)
  File "C:\Users\rdpuser\miniconda3\envs\tfg_py310\lib\site-packages\torch\storage.py", line 1180, in _new_shared
    untyped_storage = torch.UntypedStorage._new_shared(
  File "C:\Users\rdpuser\miniconda3\envs\tfg_py310\lib\site-packages\torch\storage.py", line 400, in _new_shared
    return cls._new_using_filename_cpu(size)
RuntimeError: Couldn't open shared file mapping: <torch_6620_220786984_214>, error code: <1455>

04/22/2026 01:10:17 PM | engine.py:1041 Engine run is terminating due to exception: Caught RuntimeError in DataLoader worker process 1.
Original Traceback (most recent call last):
  File "C:\Users\rdpuser\miniconda3\envs\tfg_py310\lib\site-packages\torch\utils\data\_utils\worker.py", line 351, in _worker_loop
    data = fetcher.fetch(index)  # type: ignore[possibly-undefined]
  File "C:\Users\rdpuser\miniconda3\envs\tfg_py310\lib\site-packages\torch\utils\data\_utils\fetch.py", line 55, in fetch
    return self.collate_fn(data)
  File "C:\Users\rdpuser\miniconda3\envs\tfg_py310\lib\site-packages\torch\utils\data\_utils\collate.py", line 398, in default_collate
    return collate(batch, collate_fn_map=default_collate_fn_map)
  File "C:\Users\rdpuser\miniconda3\envs\tfg_py310\lib\site-packages\torch\utils\data\_utils\collate.py", line 171, in collate
    {
  File "C:\Users\rdpuser\miniconda3\envs\tfg_py310\lib\site-packages\torch\utils\data\_utils\collate.py", line 172, in <dictcomp>
    key: collate(
  File "C:\Users\rdpuser\miniconda3\envs\tfg_py310\lib\site-packages\torch\utils\data\_utils\collate.py", line 155, in collate
    return collate_fn_map[elem_type](batch, collate_fn_map=collate_fn_map)
  File "C:\Users\rdpuser\miniconda3\envs\tfg_py310\lib\site-packages\torch\utils\data\_utils\collate.py", line 270, in collate_tensor_fn
    storage = elem._typed_storage()._new_shared(numel, device=elem.device)
  File "C:\Users\rdpuser\miniconda3\envs\tfg_py310\lib\site-packages\torch\storage.py", line 1180, in _new_shared
    untyped_storage = torch.UntypedStorage._new_shared(
  File "C:\Users\rdpuser\miniconda3\envs\tfg_py310\lib\site-packages\torch\storage.py", line 400, in _new_shared
    return cls._new_using_filename_cpu(size)
RuntimeError: Couldn't open shared file mapping: <torch_6620_220786984_214>, error code: <1455>

04/22/2026 01:10:17 PM | engine.py:1041 Engine run is terminating due to exception: Caught RuntimeError in DataLoader worker process 1.
Original Traceback (most recent call last):
  File "C:\Users\rdpuser\miniconda3\envs\tfg_py310\lib\site-packages\torch\utils\data\_utils\worker.py", line 351, in _worker_loop
    data = fetcher.fetch(index)  # type: ignore[possibly-undefined]
  File "C:\Users\rdpuser\miniconda3\envs\tfg_py310\lib\site-packages\torch\utils\data\_utils\fetch.py", line 55, in fetch
    return self.collate_fn(data)
  File "C:\Users\rdpuser\miniconda3\envs\tfg_py310\lib\site-packages\torch\utils\data\_utils\collate.py", line 398, in default_collate
    return collate(batch, collate_fn_map=default_collate_fn_map)
  File "C:\Users\rdpuser\miniconda3\envs\tfg_py310\lib\site-packages\torch\utils\data\_utils\collate.py", line 171, in collate
    {
  File "C:\Users\rdpuser\miniconda3\envs\tfg_py310\lib\site-packages\torch\utils\data\_utils\collate.py", line 172, in <dictcomp>
    key: collate(
  File "C:\Users\rdpuser\miniconda3\envs\tfg_py310\lib\site-packages\torch\utils\data\_utils\collate.py", line 155, in collate
    return collate_fn_map[elem_type](batch, collate_fn_map=collate_fn_map)
  File "C:\Users\rdpuser\miniconda3\envs\tfg_py310\lib\site-packages\torch\utils\data\_utils\collate.py", line 270, in collate_tensor_fn
    storage = elem._typed_storage()._new_shared(numel, device=elem.device)
  File "C:\Users\rdpuser\miniconda3\envs\tfg_py310\lib\site-packages\torch\storage.py", line 1180, in _new_shared
    untyped_storage = torch.UntypedStorage._new_shared(
  File "C:\Users\rdpuser\miniconda3\envs\tfg_py310\lib\site-packages\torch\storage.py", line 400, in _new_shared
    return cls._new_using_filename_cpu(size)
RuntimeError: Couldn't open shared file mapping: <torch_6620_220786984_214>, error code: <1455>

1.0085468292236328 GB allocated
3.701171875 GB reserved
dict_keys(['index', 'mixture_magnitude', 'mixture_phase', 'source_phase', 'mix_magnitude', 'ideal_binary_mask', 'source_magnitudes'])
1.0093998908996582 GB allocated
3.701171875 GB reserved
dict_keys(['index', 'mixture_magnitude', 'mixture_phase', 'source_phase', 'mix_magnitude', 'ideal_binary_mask', 'source_magnitudes'])
1.0093998908996582 GB allocated
3.701171875 GB reserved
dict_keys(['index', 'mixture_magnitude', 'mixture_phase', 'source_phase', 'mix_magnitude', 'ideal_binary_mask', 'source_magnitudes'])
1.0093998908996582 GB allocated
3.701171875 GB reserved
dict_keys(['index', 'mixture_magnitude', 'mixture_phase', 'source_phase', 'mix_magnitude', 'ideal_binary_mask', 'source_magnitudes'])
1.0085468292236328 GB allocated
3.701171875 GB reserved
dict_keys(['index', 'mixture_magnitude', 'mixture_phase', 'source_phase', 'mix_magnitude', 'ideal_binary_mask', 'source_magnitudes'])
1.0093998908996582 GB allocated
3.701171875 GB reserved
dict_keys(['index', 'mixture_magnitude', 'mixture_phase', 'source_phase', 'mix_magnitude', 'ideal_binary_mask', 'source_magnitudes'])
1.0093998908996582 GB allocated
3.701171875 GB reserved
dict_keys(['index', 'mixture_magnitude', 'mixture_phase', 'source_phase', 'mix_magnitude', 'ideal_binary_mask', 'source_magnitudes'])
1.0093998908996582 GB allocated
3.701171875 GB reserved
dict_keys(['index', 'mixture_magnitude', 'mixture_phase', 'source_phase', 'mix_magnitude', 'ideal_binary_mask', 'source_magnitudes'])
1.0085468292236328 GB allocated
3.701171875 GB reserved
dict_keys(['index', 'mixture_magnitude', 'mixture_phase', 'source_phase', 'mix_magnitude', 'ideal_binary_mask', 'source_magnitudes'])
1.0093998908996582 GB allocated
3.701171875 GB reserved
dict_keys(['index', 'mixture_magnitude', 'mixture_phase', 'source_phase', 'mix_magnitude', 'ideal_binary_mask', 'source_magnitudes'])
Traceback (most recent call last):
  File "C:\Users\rdpuser\TFG_Identificaci-n-de-voces-e-instrumentos-en-una-obra-musical\main.py", line 103, in <module>
    main()
  File "C:\Users\rdpuser\TFG_Identificaci-n-de-voces-e-instrumentos-en-una-obra-musical\main.py", line 42, in main
    training()
  File "C:\Users\rdpuser\TFG_Identificaci-n-de-voces-e-instrumentos-en-una-obra-musical\pipeline\train.py", line 340, in training
    trainer.run(
  File "C:\Users\rdpuser\miniconda3\envs\tfg_py310\lib\site-packages\ignite\engine\engine.py", line 924, in run
    return self._internal_run()
  File "C:\Users\rdpuser\miniconda3\envs\tfg_py310\lib\site-packages\ignite\engine\engine.py", line 967, in _internal_run
    return next(self._internal_run_generator)
  File "C:\Users\rdpuser\miniconda3\envs\tfg_py310\lib\site-packages\ignite\engine\engine.py", line 1042, in _internal_run_as_gen
    self._handle_exception(e)
  File "C:\Users\rdpuser\miniconda3\envs\tfg_py310\lib\site-packages\ignite\engine\engine.py", line 679, in _handle_exception
    raise e
  File "C:\Users\rdpuser\miniconda3\envs\tfg_py310\lib\site-packages\ignite\engine\engine.py", line 998, in _internal_run_as_gen
    self._fire_event(Events.EPOCH_COMPLETED)
  File "C:\Users\rdpuser\miniconda3\envs\tfg_py310\lib\site-packages\ignite\engine\engine.py", line 454, in _fire_event
    func(*first, *(event_args + others), **kwargs)
  File "C:\Users\rdpuser\TFG_Identificaci-n-de-voces-e-instrumentos-en-una-obra-musical\pipeline\train.py", line 326, in run_validation
    validator.run(val_dataloader)
  File "C:\Users\rdpuser\miniconda3\envs\tfg_py310\lib\site-packages\ignite\engine\engine.py", line 924, in run
    return self._internal_run()
  File "C:\Users\rdpuser\miniconda3\envs\tfg_py310\lib\site-packages\ignite\engine\engine.py", line 967, in _internal_run
    return next(self._internal_run_generator)
  File "C:\Users\rdpuser\miniconda3\envs\tfg_py310\lib\site-packages\ignite\engine\engine.py", line 1042, in _internal_run_as_gen
    self._handle_exception(e)
  File "C:\Users\rdpuser\miniconda3\envs\tfg_py310\lib\site-packages\ignite\engine\engine.py", line 679, in _handle_exception
    raise e
  File "C:\Users\rdpuser\miniconda3\envs\tfg_py310\lib\site-packages\ignite\engine\engine.py", line 991, in _internal_run_as_gen
    epoch_time_taken += yield from self._run_once_on_dataset_as_gen()
  File "C:\Users\rdpuser\miniconda3\envs\tfg_py310\lib\site-packages\ignite\engine\engine.py", line 1150, in _run_once_on_dataset_as_gen
    self._handle_exception(e)
  File "C:\Users\rdpuser\miniconda3\envs\tfg_py310\lib\site-packages\ignite\engine\engine.py", line 679, in _handle_exception
    raise e
  File "C:\Users\rdpuser\miniconda3\envs\tfg_py310\lib\site-packages\ignite\engine\engine.py", line 1085, in _run_once_on_dataset_as_gen
    self.state.batch = next(self._dataloader_iter)
  File "C:\Users\rdpuser\miniconda3\envs\tfg_py310\lib\site-packages\torch\utils\data\dataloader.py", line 701, in __next__
    data = self._next_data()
  File "C:\Users\rdpuser\miniconda3\envs\tfg_py310\lib\site-packages\torch\utils\data\dataloader.py", line 1445, in _next_data
    return self._process_data(data)
  File "C:\Users\rdpuser\miniconda3\envs\tfg_py310\lib\site-packages\torch\utils\data\dataloader.py", line 1491, in _process_data
    data.reraise()
  File "C:\Users\rdpuser\miniconda3\envs\tfg_py310\lib\site-packages\torch\_utils.py", line 715, in reraise
    raise exception
RuntimeError: Caught RuntimeError in DataLoader worker process 1.
Original Traceback (most recent call last):
  File "C:\Users\rdpuser\miniconda3\envs\tfg_py310\lib\site-packages\torch\utils\data\_utils\worker.py", line 351, in _worker_loop
    data = fetcher.fetch(index)  # type: ignore[possibly-undefined]
  File "C:\Users\rdpuser\miniconda3\envs\tfg_py310\lib\site-packages\torch\utils\data\_utils\fetch.py", line 55, in fetch
    return self.collate_fn(data)
  File "C:\Users\rdpuser\miniconda3\envs\tfg_py310\lib\site-packages\torch\utils\data\_utils\collate.py", line 398, in default_collate
    return collate(batch, collate_fn_map=default_collate_fn_map)
  File "C:\Users\rdpuser\miniconda3\envs\tfg_py310\lib\site-packages\torch\utils\data\_utils\collate.py", line 171, in collate
    {
  File "C:\Users\rdpuser\miniconda3\envs\tfg_py310\lib\site-packages\torch\utils\data\_utils\collate.py", line 172, in <dictcomp>
    key: collate(
  File "C:\Users\rdpuser\miniconda3\envs\tfg_py310\lib\site-packages\torch\utils\data\_utils\collate.py", line 155, in collate
    return collate_fn_map[elem_type](batch, collate_fn_map=collate_fn_map)
  File "C:\Users\rdpuser\miniconda3\envs\tfg_py310\lib\site-packages\torch\utils\data\_utils\collate.py", line 270, in collate_tensor_fn
    storage = elem._typed_storage()._new_shared(numel, device=elem.device)
  File "C:\Users\rdpuser\miniconda3\envs\tfg_py310\lib\site-packages\torch\storage.py", line 1180, in _new_shared
    untyped_storage = torch.UntypedStorage._new_shared(
  File "C:\Users\rdpuser\miniconda3\envs\tfg_py310\lib\site-packages\torch\storage.py", line 400, in _new_shared
    return cls._new_using_filename_cpu(size)
RuntimeError: Couldn't open shared file mapping: <torch_6620_220786984_214>, error code: <1455>

