C:\Users\rdpuser\miniconda3\envs\tfg_py310\lib\site-packages\ignite\handlers\checkpoint.py:16: DeprecationWarning: `TorchScript` support for functional optimizers is deprecated and will be removed in a future PyTorch release. Consider using the `torch.compile` optimizer instead.
  from torch.distributed.optim import ZeroRedundancyOptimizer
Usando dispositivo: cuda
Using device: cuda | nf=257 | channels=1 | hidden=50 | stems=4 | loss=l2
C:\Users\rdpuser\miniconda3\envs\tfg_py310\lib\site-packages\torch\nn\modules\module.py:1326: UserWarning: expandable_segments not supported on this platform (Triggered internally at C:\actions-runner\_work\pytorch\pytorch\builder\windows\pytorch\c10/cuda/CUDAAllocatorConfig.h:28.)
  return t.to(
GA: actual_batch=24 | accum_steps=5 | effective_batch_real=120
04/02/2026 11:23:45 AM | engine.py:906 Engine run starting with max_epochs=100.
C:\Users\rdpuser\miniconda3\envs\tfg_py310\lib\site-packages\ignite\handlers\checkpoint.py:16: DeprecationWarning: `TorchScript` support for functional optimizers is deprecated and will be removed in a future PyTorch release. Consider using the `torch.compile` optimizer instead.
  from torch.distributed.optim import ZeroRedundancyOptimizer
C:\Users\rdpuser\miniconda3\envs\tfg_py310\lib\site-packages\ignite\handlers\checkpoint.py:16: DeprecationWarning: `TorchScript` support for functional optimizers is deprecated and will be removed in a future PyTorch release. Consider using the `torch.compile` optimizer instead.
  from torch.distributed.optim import ZeroRedundancyOptimizer
C:\Users\rdpuser\miniconda3\envs\tfg_py310\lib\site-packages\ignite\handlers\checkpoint.py:16: DeprecationWarning: `TorchScript` support for functional optimizers is deprecated and will be removed in a future PyTorch release. Consider using the `torch.compile` optimizer instead.
  from torch.distributed.optim import ZeroRedundancyOptimizer
C:\Users\rdpuser\miniconda3\envs\tfg_py310\lib\site-packages\ignite\handlers\checkpoint.py:16: DeprecationWarning: `TorchScript` support for functional optimizers is deprecated and will be removed in a future PyTorch release. Consider using the `torch.compile` optimizer instead.
  from torch.distributed.optim import ZeroRedundancyOptimizer
04/02/2026 11:24:57 AM | engine.py:906 Engine run starting with max_epochs=1.
C:\Users\rdpuser\miniconda3\envs\tfg_py310\lib\site-packages\ignite\handlers\checkpoint.py:16: DeprecationWarning: `TorchScript` support for functional optimizers is deprecated and will be removed in a future PyTorch release. Consider using the `torch.compile` optimizer instead.
  from torch.distributed.optim import ZeroRedundancyOptimizer
C:\Users\rdpuser\miniconda3\envs\tfg_py310\lib\site-packages\ignite\handlers\checkpoint.py:16: DeprecationWarning: `TorchScript` support for functional optimizers is deprecated and will be removed in a future PyTorch release. Consider using the `torch.compile` optimizer instead.
  from torch.distributed.optim import ZeroRedundancyOptimizer
C:\Users\rdpuser\miniconda3\envs\tfg_py310\lib\site-packages\ignite\handlers\checkpoint.py:16: DeprecationWarning: `TorchScript` support for functional optimizers is deprecated and will be removed in a future PyTorch release. Consider using the `torch.compile` optimizer instead.
  from torch.distributed.optim import ZeroRedundancyOptimizer
C:\Users\rdpuser\miniconda3\envs\tfg_py310\lib\site-packages\ignite\handlers\checkpoint.py:16: DeprecationWarning: `TorchScript` support for functional optimizers is deprecated and will be removed in a future PyTorch release. Consider using the `torch.compile` optimizer instead.
  from torch.distributed.optim import ZeroRedundancyOptimizer
04/02/2026 11:25:34 AM | engine.py:1010 Epoch[1] Complete. Time taken: 00:00:36.211
Training model with training mixes in: C:\Users\rdpuser\TFG_Identificaci-n-de-voces-e-instrumentos-en-una-obra-musical\datasets\mix_generation\foreground_train
Validating data with validation mixes in: C:\Users\rdpuser\TFG_Identificaci-n-de-voces-e-instrumentos-en-una-obra-musical\datasets\mix_generation\foreground_valid
[DEBUG] Num de sources: 4
pipeline de 4 fuentes
[Validator] Epoch 1 - val_loss: 0.000014
[BEST CHECKPOINT] Guardado/actualizado en: checkpoints\Mis_modelos\l2 checkpoints\4stems\best_checkpoint_1_val_loss=-0.0000.pt
04/02/2026 11:25:34 AM | engine.py:1037 Engine run finished. Time taken: 00:00:36.677
[Epoch 1] train_loss=0.000012 | val_loss=0.000014
04/02/2026 11:25:34 AM | engine.py:1010 Epoch[1] Complete. Time taken: 00:01:11.928
04/02/2026 11:25:56 AM | engine.py:906 Engine run starting with max_epochs=1.
04/02/2026 11:26:22 AM | engine.py:1010 Epoch[1] Complete. Time taken: 00:00:26.504
[Validator] Epoch 2 - val_loss: 0.000014
[BEST CHECKPOINT] Guardado/actualizado en: checkpoints\Mis_modelos\l2 checkpoints\4stems\best_checkpoint_1_val_loss=-0.0000.pt
04/02/2026 11:26:22 AM | engine.py:1037 Engine run finished. Time taken: 00:00:26.506
[Epoch 2] train_loss=0.000012 | val_loss=0.000014
04/02/2026 11:26:22 AM | engine.py:1010 Epoch[2] Complete. Time taken: 00:00:47.973
04/02/2026 11:26:44 AM | engine.py:906 Engine run starting with max_epochs=1.
04/02/2026 11:27:10 AM | engine.py:1010 Epoch[1] Complete. Time taken: 00:00:25.887
[Validator] Epoch 3 - val_loss: 0.000014
[BEST CHECKPOINT] Guardado/actualizado en: checkpoints\Mis_modelos\l2 checkpoints\4stems\best_checkpoint_3_val_loss=-0.0000.pt
04/02/2026 11:27:10 AM | engine.py:1037 Engine run finished. Time taken: 00:00:25.899
[Epoch 3] train_loss=0.000011 | val_loss=0.000014
04/02/2026 11:27:10 AM | engine.py:1010 Epoch[3] Complete. Time taken: 00:00:47.703
04/02/2026 11:27:32 AM | engine.py:906 Engine run starting with max_epochs=1.
04/02/2026 11:27:57 AM | engine.py:1010 Epoch[1] Complete. Time taken: 00:00:25.180
[Validator] Epoch 4 - val_loss: 0.000014
[BEST CHECKPOINT] Guardado/actualizado en: checkpoints\Mis_modelos\l2 checkpoints\4stems\best_checkpoint_4_val_loss=-0.0000.pt
04/02/2026 11:27:57 AM | engine.py:1037 Engine run finished. Time taken: 00:00:25.191
[Epoch 4] train_loss=0.000011 | val_loss=0.000014
04/02/2026 11:27:57 AM | engine.py:1010 Epoch[4] Complete. Time taken: 00:00:46.973
04/02/2026 11:28:18 AM | engine.py:906 Engine run starting with max_epochs=1.
04/02/2026 11:28:43 AM | engine.py:1010 Epoch[1] Complete. Time taken: 00:00:25.192
[Validator] Epoch 5 - val_loss: 0.000014
[BEST CHECKPOINT] Guardado/actualizado en: checkpoints\Mis_modelos\l2 checkpoints\4stems\best_checkpoint_5_val_loss=-0.0000.pt
04/02/2026 11:28:43 AM | engine.py:1037 Engine run finished. Time taken: 00:00:25.200
[Epoch 5] train_loss=0.000011 | val_loss=0.000014
04/02/2026 11:28:43 AM | engine.py:1010 Epoch[5] Complete. Time taken: 00:00:46.618
04/02/2026 11:29:05 AM | engine.py:906 Engine run starting with max_epochs=1.
04/02/2026 11:29:30 AM | engine.py:1010 Epoch[1] Complete. Time taken: 00:00:25.742
[Validator] Epoch 6 - val_loss: 0.000013
[BEST CHECKPOINT] Guardado/actualizado en: checkpoints\Mis_modelos\l2 checkpoints\4stems\best_checkpoint_6_val_loss=-0.0000.pt
04/02/2026 11:29:30 AM | engine.py:1037 Engine run finished. Time taken: 00:00:25.752
[Epoch 6] train_loss=0.000011 | val_loss=0.000013
04/02/2026 11:29:30 AM | engine.py:1010 Epoch[6] Complete. Time taken: 00:00:47.015
04/02/2026 11:29:52 AM | engine.py:906 Engine run starting with max_epochs=1.
04/02/2026 11:30:17 AM | engine.py:1010 Epoch[1] Complete. Time taken: 00:00:25.603
[Validator] Epoch 7 - val_loss: 0.000012
[BEST CHECKPOINT] Guardado/actualizado en: checkpoints\Mis_modelos\l2 checkpoints\4stems\best_checkpoint_7_val_loss=-0.0000.pt
04/02/2026 11:30:17 AM | engine.py:1037 Engine run finished. Time taken: 00:00:25.612
[Epoch 7] train_loss=0.000011 | val_loss=0.000012
04/02/2026 11:30:17 AM | engine.py:1010 Epoch[7] Complete. Time taken: 00:00:47.018
04/02/2026 11:30:38 AM | engine.py:906 Engine run starting with max_epochs=1.
04/02/2026 11:31:04 AM | engine.py:1010 Epoch[1] Complete. Time taken: 00:00:25.382
[Validator] Epoch 8 - val_loss: 0.000012
[BEST CHECKPOINT] Guardado/actualizado en: checkpoints\Mis_modelos\l2 checkpoints\4stems\best_checkpoint_8_val_loss=-0.0000.pt
04/02/2026 11:31:04 AM | engine.py:1037 Engine run finished. Time taken: 00:00:25.392
[Epoch 8] train_loss=0.000010 | val_loss=0.000012
04/02/2026 11:31:04 AM | engine.py:1010 Epoch[8] Complete. Time taken: 00:00:46.098
04/02/2026 11:31:25 AM | engine.py:906 Engine run starting with max_epochs=1.
04/02/2026 11:31:51 AM | engine.py:1010 Epoch[1] Complete. Time taken: 00:00:25.751
[Validator] Epoch 9 - val_loss: 0.000012
[BEST CHECKPOINT] Guardado/actualizado en: checkpoints\Mis_modelos\l2 checkpoints\4stems\best_checkpoint_9_val_loss=-0.0000.pt
04/02/2026 11:31:51 AM | engine.py:1037 Engine run finished. Time taken: 00:00:25.765
[Epoch 9] train_loss=0.000010 | val_loss=0.000012
04/02/2026 11:31:51 AM | engine.py:1010 Epoch[9] Complete. Time taken: 00:00:47.119
04/02/2026 11:32:13 AM | engine.py:906 Engine run starting with max_epochs=1.
04/02/2026 11:32:38 AM | engine.py:1010 Epoch[1] Complete. Time taken: 00:00:25.492
[Validator] Epoch 10 - val_loss: 0.000011
[BEST CHECKPOINT] Guardado/actualizado en: checkpoints\Mis_modelos\l2 checkpoints\4stems\best_checkpoint_10_val_loss=-0.0000.pt
04/02/2026 11:32:38 AM | engine.py:1037 Engine run finished. Time taken: 00:00:25.503
[Epoch 10] train_loss=0.000010 | val_loss=0.000011
04/02/2026 11:32:38 AM | engine.py:1010 Epoch[10] Complete. Time taken: 00:00:47.570
04/02/2026 11:33:00 AM | engine.py:906 Engine run starting with max_epochs=1.
04/02/2026 11:33:25 AM | engine.py:1010 Epoch[1] Complete. Time taken: 00:00:25.224
[Validator] Epoch 11 - val_loss: 0.000011
[BEST CHECKPOINT] Guardado/actualizado en: checkpoints\Mis_modelos\l2 checkpoints\4stems\best_checkpoint_11_val_loss=-0.0000.pt
04/02/2026 11:33:25 AM | engine.py:1037 Engine run finished. Time taken: 00:00:25.234
[Epoch 11] train_loss=0.000009 | val_loss=0.000011
04/02/2026 11:33:25 AM | engine.py:1010 Epoch[11] Complete. Time taken: 00:00:46.919
04/02/2026 11:33:47 AM | engine.py:906 Engine run starting with max_epochs=1.
04/02/2026 11:34:13 AM | engine.py:1010 Epoch[1] Complete. Time taken: 00:00:25.981
[Validator] Epoch 12 - val_loss: 0.000011
[BEST CHECKPOINT] Guardado/actualizado en: checkpoints\Mis_modelos\l2 checkpoints\4stems\best_checkpoint_12_val_loss=-0.0000.pt
04/02/2026 11:34:13 AM | engine.py:1037 Engine run finished. Time taken: 00:00:25.992
[Epoch 12] train_loss=0.000010 | val_loss=0.000011
04/02/2026 11:34:13 AM | engine.py:1010 Epoch[12] Complete. Time taken: 00:00:47.875
04/02/2026 11:34:35 AM | engine.py:906 Engine run starting with max_epochs=1.
04/02/2026 11:35:00 AM | engine.py:1010 Epoch[1] Complete. Time taken: 00:00:24.593
[Validator] Epoch 13 - val_loss: 0.000010
[BEST CHECKPOINT] Guardado/actualizado en: checkpoints\Mis_modelos\l2 checkpoints\4stems\best_checkpoint_13_val_loss=-0.0000.pt
04/02/2026 11:35:00 AM | engine.py:1037 Engine run finished. Time taken: 00:00:24.602
[Epoch 13] train_loss=0.000009 | val_loss=0.000010
04/02/2026 11:35:00 AM | engine.py:1010 Epoch[13] Complete. Time taken: 00:00:46.751
04/02/2026 11:35:22 AM | engine.py:906 Engine run starting with max_epochs=1.
04/02/2026 11:35:47 AM | engine.py:1010 Epoch[1] Complete. Time taken: 00:00:25.238
[Validator] Epoch 14 - val_loss: 0.000010
[BEST CHECKPOINT] Guardado/actualizado en: checkpoints\Mis_modelos\l2 checkpoints\4stems\best_checkpoint_14_val_loss=-0.0000.pt
04/02/2026 11:35:47 AM | engine.py:1037 Engine run finished. Time taken: 00:00:25.247
[Epoch 14] train_loss=0.000009 | val_loss=0.000010
04/02/2026 11:35:47 AM | engine.py:1010 Epoch[14] Complete. Time taken: 00:00:47.443
04/02/2026 11:36:10 AM | engine.py:906 Engine run starting with max_epochs=1.
04/02/2026 11:36:35 AM | engine.py:1010 Epoch[1] Complete. Time taken: 00:00:25.006
[Validator] Epoch 15 - val_loss: 0.000010
[BEST CHECKPOINT] Guardado/actualizado en: checkpoints\Mis_modelos\l2 checkpoints\4stems\best_checkpoint_15_val_loss=-0.0000.pt
04/02/2026 11:36:35 AM | engine.py:1037 Engine run finished. Time taken: 00:00:25.016
[Epoch 15] train_loss=0.000009 | val_loss=0.000010
04/02/2026 11:36:35 AM | engine.py:1010 Epoch[15] Complete. Time taken: 00:00:47.519
04/02/2026 11:36:57 AM | engine.py:906 Engine run starting with max_epochs=1.
04/02/2026 11:37:22 AM | engine.py:1010 Epoch[1] Complete. Time taken: 00:00:25.475
[Validator] Epoch 16 - val_loss: 0.000010
[BEST CHECKPOINT] Guardado/actualizado en: checkpoints\Mis_modelos\l2 checkpoints\4stems\best_checkpoint_16_val_loss=-0.0000.pt
04/02/2026 11:37:22 AM | engine.py:1037 Engine run finished. Time taken: 00:00:25.486
[Epoch 16] train_loss=0.000008 | val_loss=0.000010
04/02/2026 11:37:22 AM | engine.py:1010 Epoch[16] Complete. Time taken: 00:00:47.441
04/02/2026 11:37:44 AM | engine.py:906 Engine run starting with max_epochs=1.
04/02/2026 11:38:10 AM | engine.py:1010 Epoch[1] Complete. Time taken: 00:00:25.548
[Validator] Epoch 17 - val_loss: 0.000010
[BEST CHECKPOINT] Guardado/actualizado en: checkpoints\Mis_modelos\l2 checkpoints\4stems\best_checkpoint_17_val_loss=-0.0000.pt
04/02/2026 11:38:10 AM | engine.py:1037 Engine run finished. Time taken: 00:00:25.556
[Epoch 17] train_loss=0.000008 | val_loss=0.000010
04/02/2026 11:38:10 AM | engine.py:1010 Epoch[17] Complete. Time taken: 00:00:47.426
04/02/2026 11:38:31 AM | engine.py:906 Engine run starting with max_epochs=1.
04/02/2026 11:38:57 AM | engine.py:1010 Epoch[1] Complete. Time taken: 00:00:25.666
[Validator] Epoch 18 - val_loss: 0.000010
[BEST CHECKPOINT] Guardado/actualizado en: checkpoints\Mis_modelos\l2 checkpoints\4stems\best_checkpoint_18_val_loss=-0.0000.pt
04/02/2026 11:38:57 AM | engine.py:1037 Engine run finished. Time taken: 00:00:25.678
[Epoch 18] train_loss=0.000008 | val_loss=0.000010
04/02/2026 11:38:57 AM | engine.py:1010 Epoch[18] Complete. Time taken: 00:00:47.541
04/02/2026 11:39:19 AM | engine.py:906 Engine run starting with max_epochs=1.
04/02/2026 11:39:44 AM | engine.py:1010 Epoch[1] Complete. Time taken: 00:00:25.253
[Validator] Epoch 19 - val_loss: 0.000009
[BEST CHECKPOINT] Guardado/actualizado en: checkpoints\Mis_modelos\l2 checkpoints\4stems\best_checkpoint_19_val_loss=-0.0000.pt
04/02/2026 11:39:44 AM | engine.py:1037 Engine run finished. Time taken: 00:00:25.271
[Epoch 19] train_loss=0.000008 | val_loss=0.000009
04/02/2026 11:39:44 AM | engine.py:1010 Epoch[19] Complete. Time taken: 00:00:46.859
04/02/2026 11:40:05 AM | engine.py:906 Engine run starting with max_epochs=1.
04/02/2026 11:40:31 AM | engine.py:1010 Epoch[1] Complete. Time taken: 00:00:25.722
[Validator] Epoch 20 - val_loss: 0.000009
[BEST CHECKPOINT] Guardado/actualizado en: checkpoints\Mis_modelos\l2 checkpoints\4stems\best_checkpoint_20_val_loss=-0.0000.pt
04/02/2026 11:40:31 AM | engine.py:1037 Engine run finished. Time taken: 00:00:25.731
[Epoch 20] train_loss=0.000008 | val_loss=0.000009
04/02/2026 11:40:31 AM | engine.py:1010 Epoch[20] Complete. Time taken: 00:00:46.949
04/02/2026 11:40:53 AM | engine.py:906 Engine run starting with max_epochs=1.
04/02/2026 11:41:19 AM | engine.py:1010 Epoch[1] Complete. Time taken: 00:00:25.722
[Validator] Epoch 21 - val_loss: 0.000009
[BEST CHECKPOINT] Guardado/actualizado en: checkpoints\Mis_modelos\l2 checkpoints\4stems\best_checkpoint_21_val_loss=-0.0000.pt
04/02/2026 11:41:19 AM | engine.py:1037 Engine run finished. Time taken: 00:00:25.733
[Epoch 21] train_loss=0.000008 | val_loss=0.000009
04/02/2026 11:41:19 AM | engine.py:1010 Epoch[21] Complete. Time taken: 00:00:47.895
04/02/2026 11:41:41 AM | engine.py:906 Engine run starting with max_epochs=1.
04/02/2026 11:42:06 AM | engine.py:1010 Epoch[1] Complete. Time taken: 00:00:25.367
[Validator] Epoch 22 - val_loss: 0.000009
[BEST CHECKPOINT] Guardado/actualizado en: checkpoints\Mis_modelos\l2 checkpoints\4stems\best_checkpoint_22_val_loss=-0.0000.pt
04/02/2026 11:42:06 AM | engine.py:1037 Engine run finished. Time taken: 00:00:25.377
[Epoch 22] train_loss=0.000008 | val_loss=0.000009
04/02/2026 11:42:06 AM | engine.py:1010 Epoch[22] Complete. Time taken: 00:00:47.012
04/02/2026 11:42:27 AM | engine.py:906 Engine run starting with max_epochs=1.
04/02/2026 11:42:53 AM | engine.py:1010 Epoch[1] Complete. Time taken: 00:00:25.321
[Validator] Epoch 23 - val_loss: 0.000009
[BEST CHECKPOINT] Guardado/actualizado en: checkpoints\Mis_modelos\l2 checkpoints\4stems\best_checkpoint_23_val_loss=-0.0000.pt
04/02/2026 11:42:53 AM | engine.py:1037 Engine run finished. Time taken: 00:00:25.330
[Epoch 23] train_loss=0.000008 | val_loss=0.000009
04/02/2026 11:42:53 AM | engine.py:1010 Epoch[23] Complete. Time taken: 00:00:46.929
04/02/2026 11:43:15 AM | engine.py:906 Engine run starting with max_epochs=1.
04/02/2026 11:43:40 AM | engine.py:1010 Epoch[1] Complete. Time taken: 00:00:25.102
[Validator] Epoch 24 - val_loss: 0.000009
[BEST CHECKPOINT] Guardado/actualizado en: checkpoints\Mis_modelos\l2 checkpoints\4stems\best_checkpoint_24_val_loss=-0.0000.pt
04/02/2026 11:43:40 AM | engine.py:1037 Engine run finished. Time taken: 00:00:25.114
[Epoch 24] train_loss=0.000008 | val_loss=0.000009
04/02/2026 11:43:40 AM | engine.py:1010 Epoch[24] Complete. Time taken: 00:00:46.934
04/02/2026 11:44:01 AM | engine.py:906 Engine run starting with max_epochs=1.
04/02/2026 11:44:27 AM | engine.py:1010 Epoch[1] Complete. Time taken: 00:00:25.861
[Validator] Epoch 25 - val_loss: 0.000009
[BEST CHECKPOINT] Guardado/actualizado en: checkpoints\Mis_modelos\l2 checkpoints\4stems\best_checkpoint_25_val_loss=-0.0000.pt
04/02/2026 11:44:27 AM | engine.py:1037 Engine run finished. Time taken: 00:00:25.870
[Epoch 25] train_loss=0.000008 | val_loss=0.000009
04/02/2026 11:44:27 AM | engine.py:1010 Epoch[25] Complete. Time taken: 00:00:47.081
04/02/2026 11:44:48 AM | engine.py:906 Engine run starting with max_epochs=1.
04/02/2026 11:45:15 AM | engine.py:1010 Epoch[1] Complete. Time taken: 00:00:26.263
[Validator] Epoch 26 - val_loss: 0.000009
[BEST CHECKPOINT] Guardado/actualizado en: checkpoints\Mis_modelos\l2 checkpoints\4stems\best_checkpoint_26_val_loss=-0.0000.pt
04/02/2026 11:45:15 AM | engine.py:1037 Engine run finished. Time taken: 00:00:26.274
[Epoch 26] train_loss=0.000008 | val_loss=0.000009
04/02/2026 11:45:15 AM | engine.py:1010 Epoch[26] Complete. Time taken: 00:00:47.754
04/02/2026 11:45:37 AM | engine.py:906 Engine run starting with max_epochs=1.
04/02/2026 11:46:02 AM | engine.py:1010 Epoch[1] Complete. Time taken: 00:00:25.488
[Validator] Epoch 27 - val_loss: 0.000009
[BEST CHECKPOINT] Guardado/actualizado en: checkpoints\Mis_modelos\l2 checkpoints\4stems\best_checkpoint_27_val_loss=-0.0000.pt
04/02/2026 11:46:02 AM | engine.py:1037 Engine run finished. Time taken: 00:00:25.497
[Epoch 27] train_loss=0.000007 | val_loss=0.000009
04/02/2026 11:46:02 AM | engine.py:1010 Epoch[27] Complete. Time taken: 00:00:47.702
04/02/2026 11:46:24 AM | engine.py:906 Engine run starting with max_epochs=1.
04/02/2026 11:46:49 AM | engine.py:1010 Epoch[1] Complete. Time taken: 00:00:25.219
[Validator] Epoch 28 - val_loss: 0.000008
[BEST CHECKPOINT] Guardado/actualizado en: checkpoints\Mis_modelos\l2 checkpoints\4stems\best_checkpoint_28_val_loss=-0.0000.pt
04/02/2026 11:46:49 AM | engine.py:1037 Engine run finished. Time taken: 00:00:25.228
[Epoch 28] train_loss=0.000007 | val_loss=0.000008
04/02/2026 11:46:49 AM | engine.py:1010 Epoch[28] Complete. Time taken: 00:00:47.019
04/02/2026 11:47:11 AM | engine.py:906 Engine run starting with max_epochs=1.
04/02/2026 11:47:37 AM | engine.py:1010 Epoch[1] Complete. Time taken: 00:00:25.938
[Validator] Epoch 29 - val_loss: 0.000008
[BEST CHECKPOINT] Guardado/actualizado en: checkpoints\Mis_modelos\l2 checkpoints\4stems\best_checkpoint_29_val_loss=-0.0000.pt
04/02/2026 11:47:37 AM | engine.py:1037 Engine run finished. Time taken: 00:00:25.948
[Epoch 29] train_loss=0.000007 | val_loss=0.000008
04/02/2026 11:47:37 AM | engine.py:1010 Epoch[29] Complete. Time taken: 00:00:47.510
04/02/2026 11:47:58 AM | engine.py:906 Engine run starting with max_epochs=1.
04/02/2026 11:48:23 AM | engine.py:1010 Epoch[1] Complete. Time taken: 00:00:25.141
[Validator] Epoch 30 - val_loss: 0.000008
[BEST CHECKPOINT] Guardado/actualizado en: checkpoints\Mis_modelos\l2 checkpoints\4stems\best_checkpoint_30_val_loss=-0.0000.pt
04/02/2026 11:48:23 AM | engine.py:1037 Engine run finished. Time taken: 00:00:25.150
[Epoch 30] train_loss=0.000008 | val_loss=0.000008
04/02/2026 11:48:23 AM | engine.py:1010 Epoch[30] Complete. Time taken: 00:00:46.368
04/02/2026 11:48:45 AM | engine.py:906 Engine run starting with max_epochs=1.
04/02/2026 11:49:10 AM | engine.py:1010 Epoch[1] Complete. Time taken: 00:00:25.085
[Validator] Epoch 31 - val_loss: 0.000008
[BEST CHECKPOINT] Guardado/actualizado en: checkpoints\Mis_modelos\l2 checkpoints\4stems\best_checkpoint_31_val_loss=-0.0000.pt
04/02/2026 11:49:10 AM | engine.py:1037 Engine run finished. Time taken: 00:00:25.094
[Epoch 31] train_loss=0.000008 | val_loss=0.000008
04/02/2026 11:49:10 AM | engine.py:1010 Epoch[31] Complete. Time taken: 00:00:46.692
04/02/2026 11:49:32 AM | engine.py:906 Engine run starting with max_epochs=1.
04/02/2026 11:49:57 AM | engine.py:1010 Epoch[1] Complete. Time taken: 00:00:25.084
[Validator] Epoch 32 - val_loss: 0.000008
[BEST CHECKPOINT] Guardado/actualizado en: checkpoints\Mis_modelos\l2 checkpoints\4stems\best_checkpoint_32_val_loss=-0.0000.pt
04/02/2026 11:49:57 AM | engine.py:1037 Engine run finished. Time taken: 00:00:25.092
[Epoch 32] train_loss=0.000007 | val_loss=0.000008
04/02/2026 11:49:57 AM | engine.py:1010 Epoch[32] Complete. Time taken: 00:00:47.313
04/02/2026 11:50:19 AM | engine.py:906 Engine run starting with max_epochs=1.
04/02/2026 11:50:45 AM | engine.py:1010 Epoch[1] Complete. Time taken: 00:00:25.765
[Validator] Epoch 33 - val_loss: 0.000008
[BEST CHECKPOINT] Guardado/actualizado en: checkpoints\Mis_modelos\l2 checkpoints\4stems\best_checkpoint_33_val_loss=-0.0000.pt
04/02/2026 11:50:45 AM | engine.py:1037 Engine run finished. Time taken: 00:00:25.773
[Epoch 33] train_loss=0.000007 | val_loss=0.000008
04/02/2026 11:50:45 AM | engine.py:1010 Epoch[33] Complete. Time taken: 00:00:47.988
04/02/2026 11:51:07 AM | engine.py:906 Engine run starting with max_epochs=1.
04/02/2026 11:51:32 AM | engine.py:1010 Epoch[1] Complete. Time taken: 00:00:25.896
[Validator] Epoch 34 - val_loss: 0.000008
[BEST CHECKPOINT] Guardado/actualizado en: checkpoints\Mis_modelos\l2 checkpoints\4stems\best_checkpoint_34_val_loss=-0.0000.pt
04/02/2026 11:51:32 AM | engine.py:1037 Engine run finished. Time taken: 00:00:25.907
[Epoch 34] train_loss=0.000007 | val_loss=0.000008
04/02/2026 11:51:32 AM | engine.py:1010 Epoch[34] Complete. Time taken: 00:00:47.251
04/02/2026 11:51:54 AM | engine.py:906 Engine run starting with max_epochs=1.
04/02/2026 11:52:19 AM | engine.py:1010 Epoch[1] Complete. Time taken: 00:00:25.240
[Validator] Epoch 35 - val_loss: 0.000008
[BEST CHECKPOINT] Guardado/actualizado en: checkpoints\Mis_modelos\l2 checkpoints\4stems\best_checkpoint_35_val_loss=-0.0000.pt
04/02/2026 11:52:19 AM | engine.py:1037 Engine run finished. Time taken: 00:00:25.250
[Epoch 35] train_loss=0.000007 | val_loss=0.000008
04/02/2026 11:52:19 AM | engine.py:1010 Epoch[35] Complete. Time taken: 00:00:46.654
04/02/2026 11:52:41 AM | engine.py:906 Engine run starting with max_epochs=1.
04/02/2026 11:53:06 AM | engine.py:1010 Epoch[1] Complete. Time taken: 00:00:25.301
[Validator] Epoch 36 - val_loss: 0.000008
[BEST CHECKPOINT] Guardado/actualizado en: checkpoints\Mis_modelos\l2 checkpoints\4stems\best_checkpoint_36_val_loss=-0.0000.pt
04/02/2026 11:53:06 AM | engine.py:1037 Engine run finished. Time taken: 00:00:25.310
[Epoch 36] train_loss=0.000008 | val_loss=0.000008
04/02/2026 11:53:06 AM | engine.py:1010 Epoch[36] Complete. Time taken: 00:00:46.999
04/02/2026 11:53:28 AM | engine.py:906 Engine run starting with max_epochs=1.
04/02/2026 11:53:53 AM | engine.py:1010 Epoch[1] Complete. Time taken: 00:00:25.237
[Validator] Epoch 37 - val_loss: 0.000008
[BEST CHECKPOINT] Guardado/actualizado en: checkpoints\Mis_modelos\l2 checkpoints\4stems\best_checkpoint_37_val_loss=-0.0000.pt
04/02/2026 11:53:53 AM | engine.py:1037 Engine run finished. Time taken: 00:00:25.245
[Epoch 37] train_loss=0.000007 | val_loss=0.000008
04/02/2026 11:53:53 AM | engine.py:1010 Epoch[37] Complete. Time taken: 00:00:46.992
04/02/2026 11:54:14 AM | engine.py:906 Engine run starting with max_epochs=1.
04/02/2026 11:54:39 AM | engine.py:1010 Epoch[1] Complete. Time taken: 00:00:24.867
[Validator] Epoch 38 - val_loss: 0.000008
[BEST CHECKPOINT] Guardado/actualizado en: checkpoints\Mis_modelos\l2 checkpoints\4stems\best_checkpoint_38_val_loss=-0.0000.pt
04/02/2026 11:54:39 AM | engine.py:1037 Engine run finished. Time taken: 00:00:24.880
[Epoch 38] train_loss=0.000007 | val_loss=0.000008
04/02/2026 11:54:39 AM | engine.py:1010 Epoch[38] Complete. Time taken: 00:00:46.274
04/02/2026 11:55:01 AM | engine.py:906 Engine run starting with max_epochs=1.
04/02/2026 11:55:26 AM | engine.py:1010 Epoch[1] Complete. Time taken: 00:00:24.891
[Validator] Epoch 39 - val_loss: 0.000008
[BEST CHECKPOINT] Guardado/actualizado en: checkpoints\Mis_modelos\l2 checkpoints\4stems\best_checkpoint_39_val_loss=-0.0000.pt
04/02/2026 11:55:26 AM | engine.py:1037 Engine run finished. Time taken: 00:00:24.903
[Epoch 39] train_loss=0.000007 | val_loss=0.000008
04/02/2026 11:55:26 AM | engine.py:1010 Epoch[39] Complete. Time taken: 00:00:46.719
04/02/2026 11:55:48 AM | engine.py:906 Engine run starting with max_epochs=1.
04/02/2026 11:56:13 AM | engine.py:1010 Epoch[1] Complete. Time taken: 00:00:25.640
[Validator] Epoch 40 - val_loss: 0.000008
[BEST CHECKPOINT] Guardado/actualizado en: checkpoints\Mis_modelos\l2 checkpoints\4stems\best_checkpoint_40_val_loss=-0.0000.pt
04/02/2026 11:56:13 AM | engine.py:1037 Engine run finished. Time taken: 00:00:25.655
[Epoch 40] train_loss=0.000007 | val_loss=0.000008
04/02/2026 11:56:13 AM | engine.py:1010 Epoch[40] Complete. Time taken: 00:00:47.178
04/02/2026 11:56:35 AM | engine.py:906 Engine run starting with max_epochs=1.
04/02/2026 11:57:00 AM | engine.py:1010 Epoch[1] Complete. Time taken: 00:00:25.139
[Validator] Epoch 41 - val_loss: 0.000008
[BEST CHECKPOINT] Guardado/actualizado en: checkpoints\Mis_modelos\l2 checkpoints\4stems\best_checkpoint_41_val_loss=-0.0000.pt
04/02/2026 11:57:00 AM | engine.py:1037 Engine run finished. Time taken: 00:00:25.150
[Epoch 41] train_loss=0.000007 | val_loss=0.000008
04/02/2026 11:57:00 AM | engine.py:1010 Epoch[41] Complete. Time taken: 00:00:47.124
04/02/2026 11:57:22 AM | engine.py:906 Engine run starting with max_epochs=1.
04/02/2026 11:57:47 AM | engine.py:1010 Epoch[1] Complete. Time taken: 00:00:25.384
[Validator] Epoch 42 - val_loss: 0.000008
[BEST CHECKPOINT] Guardado/actualizado en: checkpoints\Mis_modelos\l2 checkpoints\4stems\best_checkpoint_41_val_loss=-0.0000.pt
04/02/2026 11:57:47 AM | engine.py:1037 Engine run finished. Time taken: 00:00:25.385
[Epoch 42] train_loss=0.000007 | val_loss=0.000008
04/02/2026 11:57:47 AM | engine.py:1010 Epoch[42] Complete. Time taken: 00:00:46.705
04/02/2026 11:58:09 AM | engine.py:906 Engine run starting with max_epochs=1.
04/02/2026 11:58:34 AM | engine.py:1010 Epoch[1] Complete. Time taken: 00:00:25.617
[Validator] Epoch 43 - val_loss: 0.000008
[BEST CHECKPOINT] Guardado/actualizado en: checkpoints\Mis_modelos\l2 checkpoints\4stems\best_checkpoint_41_val_loss=-0.0000.pt
04/02/2026 11:58:34 AM | engine.py:1037 Engine run finished. Time taken: 00:00:25.618
[Epoch 43] train_loss=0.000007 | val_loss=0.000008
04/02/2026 11:58:34 AM | engine.py:1010 Epoch[43] Complete. Time taken: 00:00:47.286
04/02/2026 11:58:56 AM | engine.py:906 Engine run starting with max_epochs=1.
04/02/2026 11:59:21 AM | engine.py:1010 Epoch[1] Complete. Time taken: 00:00:24.957
[Validator] Epoch 44 - val_loss: 0.000008
[BEST CHECKPOINT] Guardado/actualizado en: checkpoints\Mis_modelos\l2 checkpoints\4stems\best_checkpoint_44_val_loss=-0.0000.pt
04/02/2026 11:59:21 AM | engine.py:1037 Engine run finished. Time taken: 00:00:24.969
[Epoch 44] train_loss=0.000008 | val_loss=0.000008
04/02/2026 11:59:21 AM | engine.py:1010 Epoch[44] Complete. Time taken: 00:00:46.962
04/02/2026 11:59:43 AM | engine.py:906 Engine run starting with max_epochs=1.
04/02/2026 12:00:08 PM | engine.py:1010 Epoch[1] Complete. Time taken: 00:00:25.277
[Validator] Epoch 45 - val_loss: 0.000008
[BEST CHECKPOINT] Guardado/actualizado en: checkpoints\Mis_modelos\l2 checkpoints\4stems\best_checkpoint_45_val_loss=-0.0000.pt
04/02/2026 12:00:08 PM | engine.py:1037 Engine run finished. Time taken: 00:00:25.288
[Epoch 45] train_loss=0.000007 | val_loss=0.000008
04/02/2026 12:00:08 PM | engine.py:1010 Epoch[45] Complete. Time taken: 00:00:47.159
04/02/2026 12:00:30 PM | engine.py:906 Engine run starting with max_epochs=1.
04/02/2026 12:00:55 PM | engine.py:1010 Epoch[1] Complete. Time taken: 00:00:25.468
[Validator] Epoch 46 - val_loss: 0.000008
[BEST CHECKPOINT] Guardado/actualizado en: checkpoints\Mis_modelos\l2 checkpoints\4stems\best_checkpoint_46_val_loss=-0.0000.pt
04/02/2026 12:00:55 PM | engine.py:1037 Engine run finished. Time taken: 00:00:25.483
[Epoch 46] train_loss=0.000007 | val_loss=0.000008
04/02/2026 12:00:55 PM | engine.py:1010 Epoch[46] Complete. Time taken: 00:00:46.931
04/02/2026 12:01:16 PM | engine.py:906 Engine run starting with max_epochs=1.
04/02/2026 12:01:42 PM | engine.py:1010 Epoch[1] Complete. Time taken: 00:00:25.568
[Validator] Epoch 47 - val_loss: 0.000008
[BEST CHECKPOINT] Guardado/actualizado en: checkpoints\Mis_modelos\l2 checkpoints\4stems\best_checkpoint_47_val_loss=-0.0000.pt
04/02/2026 12:01:42 PM | engine.py:1037 Engine run finished. Time taken: 00:00:25.579
[Epoch 47] train_loss=0.000007 | val_loss=0.000008
04/02/2026 12:01:42 PM | engine.py:1010 Epoch[47] Complete. Time taken: 00:00:46.502
04/02/2026 12:02:03 PM | engine.py:906 Engine run starting with max_epochs=1.
04/02/2026 12:02:28 PM | engine.py:1010 Epoch[1] Complete. Time taken: 00:00:24.869
[Validator] Epoch 48 - val_loss: 0.000008
[BEST CHECKPOINT] Guardado/actualizado en: checkpoints\Mis_modelos\l2 checkpoints\4stems\best_checkpoint_48_val_loss=-0.0000.pt
04/02/2026 12:02:28 PM | engine.py:1037 Engine run finished. Time taken: 00:00:24.880
[Epoch 48] train_loss=0.000007 | val_loss=0.000008
04/02/2026 12:02:28 PM | engine.py:1010 Epoch[48] Complete. Time taken: 00:00:46.264
04/02/2026 12:02:50 PM | engine.py:906 Engine run starting with max_epochs=1.
04/02/2026 12:03:15 PM | engine.py:1010 Epoch[1] Complete. Time taken: 00:00:25.532
[Validator] Epoch 49 - val_loss: 0.000008
[BEST CHECKPOINT] Guardado/actualizado en: checkpoints\Mis_modelos\l2 checkpoints\4stems\best_checkpoint_49_val_loss=-0.0000.pt
04/02/2026 12:03:15 PM | engine.py:1037 Engine run finished. Time taken: 00:00:25.542
[Epoch 49] train_loss=0.000007 | val_loss=0.000008
04/02/2026 12:03:15 PM | engine.py:1010 Epoch[49] Complete. Time taken: 00:00:46.913
04/02/2026 12:03:37 PM | engine.py:906 Engine run starting with max_epochs=1.
04/02/2026 12:04:02 PM | engine.py:1010 Epoch[1] Complete. Time taken: 00:00:25.165
[Validator] Epoch 50 - val_loss: 0.000008
[BEST CHECKPOINT] Guardado/actualizado en: checkpoints\Mis_modelos\l2 checkpoints\4stems\best_checkpoint_50_val_loss=-0.0000.pt
04/02/2026 12:04:02 PM | engine.py:1037 Engine run finished. Time taken: 00:00:25.177
[Epoch 50] train_loss=0.000007 | val_loss=0.000008
04/02/2026 12:04:02 PM | engine.py:1010 Epoch[50] Complete. Time taken: 00:00:46.957
04/02/2026 12:04:24 PM | engine.py:906 Engine run starting with max_epochs=1.
04/02/2026 12:04:50 PM | engine.py:1010 Epoch[1] Complete. Time taken: 00:00:25.615
[Validator] Epoch 51 - val_loss: 0.000008
[BEST CHECKPOINT] Guardado/actualizado en: checkpoints\Mis_modelos\l2 checkpoints\4stems\best_checkpoint_51_val_loss=-0.0000.pt
04/02/2026 12:04:50 PM | engine.py:1037 Engine run finished. Time taken: 00:00:25.626
[Epoch 51] train_loss=0.000007 | val_loss=0.000008
04/02/2026 12:04:50 PM | engine.py:1010 Epoch[51] Complete. Time taken: 00:00:47.721
04/02/2026 12:05:12 PM | engine.py:906 Engine run starting with max_epochs=1.
04/02/2026 12:05:37 PM | engine.py:1010 Epoch[1] Complete. Time taken: 00:00:25.769
[Validator] Epoch 52 - val_loss: 0.000008
[BEST CHECKPOINT] Guardado/actualizado en: checkpoints\Mis_modelos\l2 checkpoints\4stems\best_checkpoint_52_val_loss=-0.0000.pt
04/02/2026 12:05:37 PM | engine.py:1037 Engine run finished. Time taken: 00:00:25.780
[Epoch 52] train_loss=0.000007 | val_loss=0.000008
04/02/2026 12:05:37 PM | engine.py:1010 Epoch[52] Complete. Time taken: 00:00:47.640
04/02/2026 12:05:59 PM | engine.py:906 Engine run starting with max_epochs=1.
04/02/2026 12:06:25 PM | engine.py:1010 Epoch[1] Complete. Time taken: 00:00:25.417
[Validator] Epoch 53 - val_loss: 0.000008
[BEST CHECKPOINT] Guardado/actualizado en: checkpoints\Mis_modelos\l2 checkpoints\4stems\best_checkpoint_53_val_loss=-0.0000.pt
04/02/2026 12:06:25 PM | engine.py:1037 Engine run finished. Time taken: 00:00:25.428
[Epoch 53] train_loss=0.000007 | val_loss=0.000008
04/02/2026 12:06:25 PM | engine.py:1010 Epoch[53] Complete. Time taken: 00:00:47.134
04/02/2026 12:06:46 PM | engine.py:906 Engine run starting with max_epochs=1.
04/02/2026 12:07:11 PM | engine.py:1010 Epoch[1] Complete. Time taken: 00:00:25.160
[Validator] Epoch 54 - val_loss: 0.000008
[BEST CHECKPOINT] Guardado/actualizado en: checkpoints\Mis_modelos\l2 checkpoints\4stems\best_checkpoint_54_val_loss=-0.0000.pt
04/02/2026 12:07:11 PM | engine.py:1037 Engine run finished. Time taken: 00:00:25.174
[Epoch 54] train_loss=0.000007 | val_loss=0.000008
04/02/2026 12:07:11 PM | engine.py:1010 Epoch[54] Complete. Time taken: 00:00:46.701
04/02/2026 12:07:33 PM | engine.py:906 Engine run starting with max_epochs=1.
04/02/2026 12:07:58 PM | engine.py:1010 Epoch[1] Complete. Time taken: 00:00:25.093
[Validator] Epoch 55 - val_loss: 0.000008
[BEST CHECKPOINT] Guardado/actualizado en: checkpoints\Mis_modelos\l2 checkpoints\4stems\best_checkpoint_55_val_loss=-0.0000.pt
04/02/2026 12:07:58 PM | engine.py:1037 Engine run finished. Time taken: 00:00:25.103
[Epoch 55] train_loss=0.000007 | val_loss=0.000008
04/02/2026 12:07:58 PM | engine.py:1010 Epoch[55] Complete. Time taken: 00:00:46.735
04/02/2026 12:08:19 PM | engine.py:906 Engine run starting with max_epochs=1.
04/02/2026 12:08:45 PM | engine.py:1010 Epoch[1] Complete. Time taken: 00:00:25.650
[Validator] Epoch 56 - val_loss: 0.000008
[BEST CHECKPOINT] Guardado/actualizado en: checkpoints\Mis_modelos\l2 checkpoints\4stems\best_checkpoint_56_val_loss=-0.0000.pt
04/02/2026 12:08:45 PM | engine.py:1037 Engine run finished. Time taken: 00:00:25.660
[Epoch 56] train_loss=0.000007 | val_loss=0.000008
04/02/2026 12:08:45 PM | engine.py:1010 Epoch[56] Complete. Time taken: 00:00:46.792
04/02/2026 12:09:06 PM | engine.py:906 Engine run starting with max_epochs=1.
04/02/2026 12:09:32 PM | engine.py:1010 Epoch[1] Complete. Time taken: 00:00:25.293
[Validator] Epoch 57 - val_loss: 0.000008
[BEST CHECKPOINT] Guardado/actualizado en: checkpoints\Mis_modelos\l2 checkpoints\4stems\best_checkpoint_57_val_loss=-0.0000.pt
04/02/2026 12:09:32 PM | engine.py:1037 Engine run finished. Time taken: 00:00:25.302
[Epoch 57] train_loss=0.000007 | val_loss=0.000008
04/02/2026 12:09:32 PM | engine.py:1010 Epoch[57] Complete. Time taken: 00:00:46.853
04/02/2026 12:09:53 PM | engine.py:906 Engine run starting with max_epochs=1.
04/02/2026 12:10:18 PM | engine.py:1010 Epoch[1] Complete. Time taken: 00:00:25.298
[Validator] Epoch 58 - val_loss: 0.000008
[BEST CHECKPOINT] Guardado/actualizado en: checkpoints\Mis_modelos\l2 checkpoints\4stems\best_checkpoint_58_val_loss=-0.0000.pt
04/02/2026 12:10:18 PM | engine.py:1037 Engine run finished. Time taken: 00:00:25.309
[Epoch 58] train_loss=0.000007 | val_loss=0.000008
04/02/2026 12:10:18 PM | engine.py:1010 Epoch[58] Complete. Time taken: 00:00:46.667
04/02/2026 12:10:40 PM | engine.py:906 Engine run starting with max_epochs=1.
04/02/2026 12:11:05 PM | engine.py:1010 Epoch[1] Complete. Time taken: 00:00:25.309
[Validator] Epoch 59 - val_loss: 0.000008
[BEST CHECKPOINT] Guardado/actualizado en: checkpoints\Mis_modelos\l2 checkpoints\4stems\best_checkpoint_59_val_loss=-0.0000.pt
04/02/2026 12:11:05 PM | engine.py:1037 Engine run finished. Time taken: 00:00:25.319
[Epoch 59] train_loss=0.000007 | val_loss=0.000008
04/02/2026 12:11:05 PM | engine.py:1010 Epoch[59] Complete. Time taken: 00:00:47.048
04/02/2026 12:11:27 PM | engine.py:906 Engine run starting with max_epochs=1.
04/02/2026 12:11:53 PM | engine.py:1010 Epoch[1] Complete. Time taken: 00:00:25.590
[Validator] Epoch 60 - val_loss: 0.000008
[BEST CHECKPOINT] Guardado/actualizado en: checkpoints\Mis_modelos\l2 checkpoints\4stems\best_checkpoint_60_val_loss=-0.0000.pt
04/02/2026 12:11:53 PM | engine.py:1037 Engine run finished. Time taken: 00:00:25.600
[Epoch 60] train_loss=0.000007 | val_loss=0.000008
04/02/2026 12:11:53 PM | engine.py:1010 Epoch[60] Complete. Time taken: 00:00:47.173
04/02/2026 12:12:14 PM | engine.py:906 Engine run starting with max_epochs=1.
04/02/2026 12:12:39 PM | engine.py:1010 Epoch[1] Complete. Time taken: 00:00:25.026
[Validator] Epoch 61 - val_loss: 0.000008
[BEST CHECKPOINT] Guardado/actualizado en: checkpoints\Mis_modelos\l2 checkpoints\4stems\best_checkpoint_60_val_loss=-0.0000.pt
04/02/2026 12:12:39 PM | engine.py:1037 Engine run finished. Time taken: 00:00:25.027
[Epoch 61] train_loss=0.000007 | val_loss=0.000008
04/02/2026 12:12:39 PM | engine.py:1010 Epoch[61] Complete. Time taken: 00:00:46.855
04/02/2026 12:13:01 PM | engine.py:906 Engine run starting with max_epochs=1.
04/02/2026 12:13:27 PM | engine.py:1010 Epoch[1] Complete. Time taken: 00:00:25.980
[Validator] Epoch 62 - val_loss: 0.000008
[BEST CHECKPOINT] Guardado/actualizado en: checkpoints\Mis_modelos\l2 checkpoints\4stems\best_checkpoint_60_val_loss=-0.0000.pt
04/02/2026 12:13:27 PM | engine.py:1037 Engine run finished. Time taken: 00:00:25.982
[Epoch 62] train_loss=0.000007 | val_loss=0.000008
04/02/2026 12:13:27 PM | engine.py:1010 Epoch[62] Complete. Time taken: 00:00:47.296
04/02/2026 12:13:49 PM | engine.py:906 Engine run starting with max_epochs=1.
04/02/2026 12:14:14 PM | engine.py:1010 Epoch[1] Complete. Time taken: 00:00:25.533
[Validator] Epoch 63 - val_loss: 0.000008
[BEST CHECKPOINT] Guardado/actualizado en: checkpoints\Mis_modelos\l2 checkpoints\4stems\best_checkpoint_60_val_loss=-0.0000.pt
04/02/2026 12:14:14 PM | engine.py:1037 Engine run finished. Time taken: 00:00:25.534
[Epoch 63] train_loss=0.000007 | val_loss=0.000008
04/02/2026 12:14:14 PM | engine.py:1010 Epoch[63] Complete. Time taken: 00:00:47.444
04/02/2026 12:14:36 PM | engine.py:906 Engine run starting with max_epochs=1.
04/02/2026 12:15:02 PM | engine.py:1010 Epoch[1] Complete. Time taken: 00:00:25.464
[Validator] Epoch 64 - val_loss: 0.000008
[BEST CHECKPOINT] Guardado/actualizado en: checkpoints\Mis_modelos\l2 checkpoints\4stems\best_checkpoint_60_val_loss=-0.0000.pt
04/02/2026 12:15:02 PM | engine.py:1037 Engine run finished. Time taken: 00:00:25.465
[Epoch 64] train_loss=0.000007 | val_loss=0.000008
04/02/2026 12:15:02 PM | engine.py:1010 Epoch[64] Complete. Time taken: 00:00:47.599
04/02/2026 12:15:24 PM | engine.py:906 Engine run starting with max_epochs=1.
04/02/2026 12:15:49 PM | engine.py:1010 Epoch[1] Complete. Time taken: 00:00:25.124
[Validator] Epoch 65 - val_loss: 0.000008
[BEST CHECKPOINT] Guardado/actualizado en: checkpoints\Mis_modelos\l2 checkpoints\4stems\best_checkpoint_65_val_loss=-0.0000.pt
04/02/2026 12:15:49 PM | engine.py:1037 Engine run finished. Time taken: 00:00:25.137
[Epoch 65] train_loss=0.000006 | val_loss=0.000008
04/02/2026 12:15:49 PM | engine.py:1010 Epoch[65] Complete. Time taken: 00:00:46.963
04/02/2026 12:16:10 PM | engine.py:906 Engine run starting with max_epochs=1.
04/02/2026 12:16:36 PM | engine.py:1010 Epoch[1] Complete. Time taken: 00:00:25.534
[Validator] Epoch 66 - val_loss: 0.000008
[BEST CHECKPOINT] Guardado/actualizado en: checkpoints\Mis_modelos\l2 checkpoints\4stems\best_checkpoint_65_val_loss=-0.0000.pt
04/02/2026 12:16:36 PM | engine.py:1037 Engine run finished. Time taken: 00:00:25.536
[Epoch 66] train_loss=0.000007 | val_loss=0.000008
04/02/2026 12:16:36 PM | engine.py:1010 Epoch[66] Complete. Time taken: 00:00:47.005
04/02/2026 12:16:57 PM | engine.py:906 Engine run starting with max_epochs=1.
04/02/2026 12:17:23 PM | engine.py:1010 Epoch[1] Complete. Time taken: 00:00:25.885
[Validator] Epoch 67 - val_loss: 0.000008
[BEST CHECKPOINT] Guardado/actualizado en: checkpoints\Mis_modelos\l2 checkpoints\4stems\best_checkpoint_67_val_loss=-0.0000.pt
04/02/2026 12:17:23 PM | engine.py:1037 Engine run finished. Time taken: 00:00:25.896
[Epoch 67] train_loss=0.000007 | val_loss=0.000008
04/02/2026 12:17:23 PM | engine.py:1010 Epoch[67] Complete. Time taken: 00:00:47.294
04/02/2026 12:17:44 PM | engine.py:906 Engine run starting with max_epochs=1.
04/02/2026 12:18:10 PM | engine.py:1010 Epoch[1] Complete. Time taken: 00:00:25.558
[Validator] Epoch 68 - val_loss: 0.000008
[BEST CHECKPOINT] Guardado/actualizado en: checkpoints\Mis_modelos\l2 checkpoints\4stems\best_checkpoint_67_val_loss=-0.0000.pt
04/02/2026 12:18:10 PM | engine.py:1037 Engine run finished. Time taken: 00:00:25.559
[Epoch 68] train_loss=0.000007 | val_loss=0.000008
04/02/2026 12:18:10 PM | engine.py:1010 Epoch[68] Complete. Time taken: 00:00:46.948
04/02/2026 12:18:31 PM | engine.py:906 Engine run starting with max_epochs=1.
04/02/2026 12:18:57 PM | engine.py:1010 Epoch[1] Complete. Time taken: 00:00:25.306
[Validator] Epoch 69 - val_loss: 0.000008
[BEST CHECKPOINT] Guardado/actualizado en: checkpoints\Mis_modelos\l2 checkpoints\4stems\best_checkpoint_69_val_loss=-0.0000.pt
04/02/2026 12:18:57 PM | engine.py:1037 Engine run finished. Time taken: 00:00:25.317
[Epoch 69] train_loss=0.000007 | val_loss=0.000008
04/02/2026 12:18:57 PM | engine.py:1010 Epoch[69] Complete. Time taken: 00:00:46.722
04/02/2026 12:19:18 PM | engine.py:906 Engine run starting with max_epochs=1.
04/02/2026 12:19:44 PM | engine.py:1010 Epoch[1] Complete. Time taken: 00:00:25.567
[Validator] Epoch 70 - val_loss: 0.000008
[BEST CHECKPOINT] Guardado/actualizado en: checkpoints\Mis_modelos\l2 checkpoints\4stems\best_checkpoint_70_val_loss=-0.0000.pt
04/02/2026 12:19:44 PM | engine.py:1037 Engine run finished. Time taken: 00:00:25.578
[Epoch 70] train_loss=0.000007 | val_loss=0.000008
04/02/2026 12:19:44 PM | engine.py:1010 Epoch[70] Complete. Time taken: 00:00:46.895
04/02/2026 12:20:05 PM | engine.py:906 Engine run starting with max_epochs=1.
04/02/2026 12:20:31 PM | engine.py:1010 Epoch[1] Complete. Time taken: 00:00:26.026
[Validator] Epoch 71 - val_loss: 0.000008
[BEST CHECKPOINT] Guardado/actualizado en: checkpoints\Mis_modelos\l2 checkpoints\4stems\best_checkpoint_71_val_loss=-0.0000.pt
04/02/2026 12:20:31 PM | engine.py:1037 Engine run finished. Time taken: 00:00:26.036
[Epoch 71] train_loss=0.000006 | val_loss=0.000008
04/02/2026 12:20:31 PM | engine.py:1010 Epoch[71] Complete. Time taken: 00:00:47.619
04/02/2026 12:20:53 PM | engine.py:906 Engine run starting with max_epochs=1.
04/02/2026 12:21:18 PM | engine.py:1010 Epoch[1] Complete. Time taken: 00:00:25.122
[Validator] Epoch 72 - val_loss: 0.000008
[BEST CHECKPOINT] Guardado/actualizado en: checkpoints\Mis_modelos\l2 checkpoints\4stems\best_checkpoint_72_val_loss=-0.0000.pt
04/02/2026 12:21:18 PM | engine.py:1037 Engine run finished. Time taken: 00:00:25.133
[Epoch 72] train_loss=0.000006 | val_loss=0.000008
04/02/2026 12:21:18 PM | engine.py:1010 Epoch[72] Complete. Time taken: 00:00:46.905
04/02/2026 12:21:40 PM | engine.py:906 Engine run starting with max_epochs=1.
04/02/2026 12:22:06 PM | engine.py:1010 Epoch[1] Complete. Time taken: 00:00:25.809
[Validator] Epoch 73 - val_loss: 0.000008
[BEST CHECKPOINT] Guardado/actualizado en: checkpoints\Mis_modelos\l2 checkpoints\4stems\best_checkpoint_73_val_loss=-0.0000.pt
04/02/2026 12:22:06 PM | engine.py:1037 Engine run finished. Time taken: 00:00:25.820
[Epoch 73] train_loss=0.000007 | val_loss=0.000008
04/02/2026 12:22:06 PM | engine.py:1010 Epoch[73] Complete. Time taken: 00:00:47.895
04/02/2026 12:22:27 PM | engine.py:906 Engine run starting with max_epochs=1.
04/02/2026 12:22:53 PM | engine.py:1010 Epoch[1] Complete. Time taken: 00:00:25.762
[Validator] Epoch 74 - val_loss: 0.000008
[BEST CHECKPOINT] Guardado/actualizado en: checkpoints\Mis_modelos\l2 checkpoints\4stems\best_checkpoint_74_val_loss=-0.0000.pt
04/02/2026 12:22:53 PM | engine.py:1037 Engine run finished. Time taken: 00:00:25.775
[Epoch 74] train_loss=0.000006 | val_loss=0.000008
04/02/2026 12:22:53 PM | engine.py:1010 Epoch[74] Complete. Time taken: 00:00:47.029
04/02/2026 12:23:15 PM | engine.py:906 Engine run starting with max_epochs=1.
04/02/2026 12:23:40 PM | engine.py:1010 Epoch[1] Complete. Time taken: 00:00:24.862
[Validator] Epoch 75 - val_loss: 0.000008
[BEST CHECKPOINT] Guardado/actualizado en: checkpoints\Mis_modelos\l2 checkpoints\4stems\best_checkpoint_74_val_loss=-0.0000.pt
04/02/2026 12:23:40 PM | engine.py:1037 Engine run finished. Time taken: 00:00:24.863
[Epoch 75] train_loss=0.000007 | val_loss=0.000008
04/02/2026 12:23:40 PM | engine.py:1010 Epoch[75] Complete. Time taken: 00:00:46.544
04/02/2026 12:24:01 PM | engine.py:906 Engine run starting with max_epochs=1.
04/02/2026 12:24:26 PM | engine.py:1010 Epoch[1] Complete. Time taken: 00:00:25.227
[Validator] Epoch 76 - val_loss: 0.000008
[BEST CHECKPOINT] Guardado/actualizado en: checkpoints\Mis_modelos\l2 checkpoints\4stems\best_checkpoint_76_val_loss=-0.0000.pt
04/02/2026 12:24:26 PM | engine.py:1037 Engine run finished. Time taken: 00:00:25.236
[Epoch 76] train_loss=0.000007 | val_loss=0.000008
04/02/2026 12:24:26 PM | engine.py:1010 Epoch[76] Complete. Time taken: 00:00:46.948
04/02/2026 12:24:48 PM | engine.py:906 Engine run starting with max_epochs=1.
04/02/2026 12:25:14 PM | engine.py:1010 Epoch[1] Complete. Time taken: 00:00:25.657
[Validator] Epoch 77 - val_loss: 0.000008
[BEST CHECKPOINT] Guardado/actualizado en: checkpoints\Mis_modelos\l2 checkpoints\4stems\best_checkpoint_76_val_loss=-0.0000.pt
04/02/2026 12:25:14 PM | engine.py:1037 Engine run finished. Time taken: 00:00:25.658
[Epoch 77] train_loss=0.000007 | val_loss=0.000008
04/02/2026 12:25:14 PM | engine.py:1010 Epoch[77] Complete. Time taken: 00:00:47.350
04/02/2026 12:25:35 PM | engine.py:906 Engine run starting with max_epochs=1.
04/02/2026 12:26:01 PM | engine.py:1010 Epoch[1] Complete. Time taken: 00:00:25.345
[Validator] Epoch 78 - val_loss: 0.000008
[BEST CHECKPOINT] Guardado/actualizado en: checkpoints\Mis_modelos\l2 checkpoints\4stems\best_checkpoint_76_val_loss=-0.0000.pt
04/02/2026 12:26:01 PM | engine.py:1037 Engine run finished. Time taken: 00:00:25.346
[Epoch 78] train_loss=0.000007 | val_loss=0.000008
04/02/2026 12:26:01 PM | engine.py:1010 Epoch[78] Complete. Time taken: 00:00:46.740
04/02/2026 12:26:22 PM | engine.py:906 Engine run starting with max_epochs=1.
04/02/2026 12:26:47 PM | engine.py:1010 Epoch[1] Complete. Time taken: 00:00:25.536
[Validator] Epoch 79 - val_loss: 0.000008
[BEST CHECKPOINT] Guardado/actualizado en: checkpoints\Mis_modelos\l2 checkpoints\4stems\best_checkpoint_76_val_loss=-0.0000.pt
04/02/2026 12:26:47 PM | engine.py:1037 Engine run finished. Time taken: 00:00:25.537
[Epoch 79] train_loss=0.000007 | val_loss=0.000008
04/02/2026 12:26:47 PM | engine.py:1010 Epoch[79] Complete. Time taken: 00:00:46.865
04/02/2026 12:27:09 PM | engine.py:906 Engine run starting with max_epochs=1.
04/02/2026 12:27:35 PM | engine.py:1010 Epoch[1] Complete. Time taken: 00:00:26.116
[Validator] Epoch 80 - val_loss: 0.000008
[BEST CHECKPOINT] Guardado/actualizado en: checkpoints\Mis_modelos\l2 checkpoints\4stems\best_checkpoint_76_val_loss=-0.0000.pt
04/02/2026 12:27:35 PM | engine.py:1037 Engine run finished. Time taken: 00:00:26.116
[Epoch 80] train_loss=0.000007 | val_loss=0.000008
04/02/2026 12:27:35 PM | engine.py:1010 Epoch[80] Complete. Time taken: 00:00:47.283
04/02/2026 12:27:56 PM | engine.py:906 Engine run starting with max_epochs=1.
04/02/2026 12:28:22 PM | engine.py:1010 Epoch[1] Complete. Time taken: 00:00:25.513
[Validator] Epoch 81 - val_loss: 0.000008
[BEST CHECKPOINT] Guardado/actualizado en: checkpoints\Mis_modelos\l2 checkpoints\4stems\best_checkpoint_81_val_loss=-0.0000.pt
04/02/2026 12:28:22 PM | engine.py:1037 Engine run finished. Time taken: 00:00:25.523
[Epoch 81] train_loss=0.000007 | val_loss=0.000008
04/02/2026 12:28:22 PM | engine.py:1010 Epoch[81] Complete. Time taken: 00:00:47.047
04/02/2026 12:28:43 PM | engine.py:906 Engine run starting with max_epochs=1.
04/02/2026 12:29:09 PM | engine.py:1010 Epoch[1] Complete. Time taken: 00:00:26.063
[Validator] Epoch 82 - val_loss: 0.000008
[BEST CHECKPOINT] Guardado/actualizado en: checkpoints\Mis_modelos\l2 checkpoints\4stems\best_checkpoint_82_val_loss=-0.0000.pt
04/02/2026 12:29:09 PM | engine.py:1037 Engine run finished. Time taken: 00:00:26.072
[Epoch 82] train_loss=0.000007 | val_loss=0.000008
04/02/2026 12:29:09 PM | engine.py:1010 Epoch[82] Complete. Time taken: 00:00:47.532
04/02/2026 12:29:31 PM | engine.py:906 Engine run starting with max_epochs=1.
04/02/2026 12:29:56 PM | engine.py:1010 Epoch[1] Complete. Time taken: 00:00:24.784
[Validator] Epoch 83 - val_loss: 0.000008
[BEST CHECKPOINT] Guardado/actualizado en: checkpoints\Mis_modelos\l2 checkpoints\4stems\best_checkpoint_83_val_loss=-0.0000.pt
04/02/2026 12:29:56 PM | engine.py:1037 Engine run finished. Time taken: 00:00:24.794
[Epoch 83] train_loss=0.000007 | val_loss=0.000008
04/02/2026 12:29:56 PM | engine.py:1010 Epoch[83] Complete. Time taken: 00:00:46.425
04/02/2026 12:30:17 PM | engine.py:906 Engine run starting with max_epochs=1.
04/02/2026 12:30:42 PM | engine.py:1010 Epoch[1] Complete. Time taken: 00:00:25.019
[Validator] Epoch 84 - val_loss: 0.000008
[BEST CHECKPOINT] Guardado/actualizado en: checkpoints\Mis_modelos\l2 checkpoints\4stems\best_checkpoint_84_val_loss=-0.0000.pt
04/02/2026 12:30:42 PM | engine.py:1037 Engine run finished. Time taken: 00:00:25.032
[Epoch 84] train_loss=0.000007 | val_loss=0.000008
04/02/2026 12:30:42 PM | engine.py:1010 Epoch[84] Complete. Time taken: 00:00:46.689
04/02/2026 12:31:04 PM | engine.py:906 Engine run starting with max_epochs=1.
04/02/2026 12:31:29 PM | engine.py:1010 Epoch[1] Complete. Time taken: 00:00:25.651
[Validator] Epoch 85 - val_loss: 0.000008
[BEST CHECKPOINT] Guardado/actualizado en: checkpoints\Mis_modelos\l2 checkpoints\4stems\best_checkpoint_85_val_loss=-0.0000.pt
04/02/2026 12:31:29 PM | engine.py:1037 Engine run finished. Time taken: 00:00:25.661
[Epoch 85] train_loss=0.000007 | val_loss=0.000008
04/02/2026 12:31:29 PM | engine.py:1010 Epoch[85] Complete. Time taken: 00:00:47.016
04/02/2026 12:31:51 PM | engine.py:906 Engine run starting with max_epochs=1.
04/02/2026 12:32:16 PM | engine.py:1010 Epoch[1] Complete. Time taken: 00:00:25.016
[Validator] Epoch 86 - val_loss: 0.000008
[BEST CHECKPOINT] Guardado/actualizado en: checkpoints\Mis_modelos\l2 checkpoints\4stems\best_checkpoint_86_val_loss=-0.0000.pt
04/02/2026 12:32:16 PM | engine.py:1037 Engine run finished. Time taken: 00:00:25.025
[Epoch 86] train_loss=0.000007 | val_loss=0.000008
04/02/2026 12:32:16 PM | engine.py:1010 Epoch[86] Complete. Time taken: 00:00:46.765
04/02/2026 12:32:38 PM | engine.py:906 Engine run starting with max_epochs=1.
04/02/2026 12:33:03 PM | engine.py:1010 Epoch[1] Complete. Time taken: 00:00:25.760
[Validator] Epoch 87 - val_loss: 0.000008
[BEST CHECKPOINT] Guardado/actualizado en: checkpoints\Mis_modelos\l2 checkpoints\4stems\best_checkpoint_87_val_loss=-0.0000.pt
04/02/2026 12:33:04 PM | engine.py:1037 Engine run finished. Time taken: 00:00:25.770
[Epoch 87] train_loss=0.000007 | val_loss=0.000008
04/02/2026 12:33:04 PM | engine.py:1010 Epoch[87] Complete. Time taken: 00:00:47.314
04/02/2026 12:33:25 PM | engine.py:906 Engine run starting with max_epochs=1.
04/02/2026 12:33:50 PM | engine.py:1010 Epoch[1] Complete. Time taken: 00:00:25.393
[Validator] Epoch 88 - val_loss: 0.000008
[BEST CHECKPOINT] Guardado/actualizado en: checkpoints\Mis_modelos\l2 checkpoints\4stems\best_checkpoint_88_val_loss=-0.0000.pt
04/02/2026 12:33:50 PM | engine.py:1037 Engine run finished. Time taken: 00:00:25.404
[Epoch 88] train_loss=0.000007 | val_loss=0.000008
04/02/2026 12:33:50 PM | engine.py:1010 Epoch[88] Complete. Time taken: 00:00:46.804
04/02/2026 12:34:12 PM | engine.py:906 Engine run starting with max_epochs=1.
04/02/2026 12:34:37 PM | engine.py:1010 Epoch[1] Complete. Time taken: 00:00:25.687
[Validator] Epoch 89 - val_loss: 0.000008
[BEST CHECKPOINT] Guardado/actualizado en: checkpoints\Mis_modelos\l2 checkpoints\4stems\best_checkpoint_89_val_loss=-0.0000.pt
04/02/2026 12:34:37 PM | engine.py:1037 Engine run finished. Time taken: 00:00:25.697
[Epoch 89] train_loss=0.000007 | val_loss=0.000008
04/02/2026 12:34:37 PM | engine.py:1010 Epoch[89] Complete. Time taken: 00:00:46.906
04/02/2026 12:34:58 PM | engine.py:906 Engine run starting with max_epochs=1.
04/02/2026 12:35:23 PM | engine.py:1010 Epoch[1] Complete. Time taken: 00:00:25.209
[Validator] Epoch 90 - val_loss: 0.000008
[BEST CHECKPOINT] Guardado/actualizado en: checkpoints\Mis_modelos\l2 checkpoints\4stems\best_checkpoint_89_val_loss=-0.0000.pt
04/02/2026 12:35:23 PM | engine.py:1037 Engine run finished. Time taken: 00:00:25.211
[Epoch 90] train_loss=0.000006 | val_loss=0.000008
04/02/2026 12:35:23 PM | engine.py:1010 Epoch[90] Complete. Time taken: 00:00:46.169
04/02/2026 12:35:45 PM | engine.py:906 Engine run starting with max_epochs=1.
04/02/2026 12:36:10 PM | engine.py:1010 Epoch[1] Complete. Time taken: 00:00:25.220
[Validator] Epoch 91 - val_loss: 0.000008
[BEST CHECKPOINT] Guardado/actualizado en: checkpoints\Mis_modelos\l2 checkpoints\4stems\best_checkpoint_89_val_loss=-0.0000.pt
04/02/2026 12:36:10 PM | engine.py:1037 Engine run finished. Time taken: 00:00:25.221
[Epoch 91] train_loss=0.000007 | val_loss=0.000008
04/02/2026 12:36:10 PM | engine.py:1010 Epoch[91] Complete. Time taken: 00:00:46.545
04/02/2026 12:36:32 PM | engine.py:906 Engine run starting with max_epochs=1.
04/02/2026 12:36:56 PM | engine.py:1010 Epoch[1] Complete. Time taken: 00:00:24.639
[Validator] Epoch 92 - val_loss: 0.000008
[BEST CHECKPOINT] Guardado/actualizado en: checkpoints\Mis_modelos\l2 checkpoints\4stems\best_checkpoint_89_val_loss=-0.0000.pt
04/02/2026 12:36:56 PM | engine.py:1037 Engine run finished. Time taken: 00:00:24.639
[Epoch 92] train_loss=0.000007 | val_loss=0.000008
04/02/2026 12:36:56 PM | engine.py:1010 Epoch[92] Complete. Time taken: 00:00:46.221
04/02/2026 12:37:18 PM | engine.py:906 Engine run starting with max_epochs=1.
04/02/2026 12:37:43 PM | engine.py:1010 Epoch[1] Complete. Time taken: 00:00:25.227
[Validator] Epoch 93 - val_loss: 0.000008
[BEST CHECKPOINT] Guardado/actualizado en: checkpoints\Mis_modelos\l2 checkpoints\4stems\best_checkpoint_89_val_loss=-0.0000.pt
04/02/2026 12:37:43 PM | engine.py:1037 Engine run finished. Time taken: 00:00:25.227
[Epoch 93] train_loss=0.000007 | val_loss=0.000008
04/02/2026 12:37:43 PM | engine.py:1010 Epoch[93] Complete. Time taken: 00:00:47.073
04/02/2026 12:38:05 PM | engine.py:906 Engine run starting with max_epochs=1.
04/02/2026 12:38:30 PM | engine.py:1010 Epoch[1] Complete. Time taken: 00:00:25.257
[Validator] Epoch 94 - val_loss: 0.000008
[BEST CHECKPOINT] Guardado/actualizado en: checkpoints\Mis_modelos\l2 checkpoints\4stems\best_checkpoint_89_val_loss=-0.0000.pt
04/02/2026 12:38:30 PM | engine.py:1037 Engine run finished. Time taken: 00:00:25.258
[Epoch 94] train_loss=0.000007 | val_loss=0.000008
04/02/2026 12:38:30 PM | engine.py:1010 Epoch[94] Complete. Time taken: 00:00:47.236
04/02/2026 12:38:52 PM | engine.py:906 Engine run starting with max_epochs=1.
04/02/2026 12:39:17 PM | engine.py:1010 Epoch[1] Complete. Time taken: 00:00:24.772
[Validator] Epoch 95 - val_loss: 0.000008
[BEST CHECKPOINT] Guardado/actualizado en: checkpoints\Mis_modelos\l2 checkpoints\4stems\best_checkpoint_89_val_loss=-0.0000.pt
04/02/2026 12:39:17 PM | engine.py:1037 Engine run finished. Time taken: 00:00:24.773
[Epoch 95] train_loss=0.000007 | val_loss=0.000008
04/02/2026 12:39:17 PM | engine.py:1010 Epoch[95] Complete. Time taken: 00:00:46.755
04/02/2026 12:39:39 PM | engine.py:906 Engine run starting with max_epochs=1.
04/02/2026 12:40:05 PM | engine.py:1010 Epoch[1] Complete. Time taken: 00:00:25.902
[Validator] Epoch 96 - val_loss: 0.000008
[BEST CHECKPOINT] Guardado/actualizado en: checkpoints\Mis_modelos\l2 checkpoints\4stems\best_checkpoint_89_val_loss=-0.0000.pt
04/02/2026 12:40:05 PM | engine.py:1037 Engine run finished. Time taken: 00:00:25.903
[Epoch 96] train_loss=0.000007 | val_loss=0.000008
04/02/2026 12:40:05 PM | engine.py:1010 Epoch[96] Complete. Time taken: 00:00:47.899
04/02/2026 12:40:26 PM | engine.py:906 Engine run starting with max_epochs=1.
04/02/2026 12:40:52 PM | engine.py:1010 Epoch[1] Complete. Time taken: 00:00:25.462
[Validator] Epoch 97 - val_loss: 0.000008
[BEST CHECKPOINT] Guardado/actualizado en: checkpoints\Mis_modelos\l2 checkpoints\4stems\best_checkpoint_97_val_loss=-0.0000.pt
04/02/2026 12:40:52 PM | engine.py:1037 Engine run finished. Time taken: 00:00:25.470
[Epoch 97] train_loss=0.000007 | val_loss=0.000008
04/02/2026 12:40:52 PM | engine.py:1010 Epoch[97] Complete. Time taken: 00:00:46.662
04/02/2026 12:41:13 PM | engine.py:906 Engine run starting with max_epochs=1.
04/02/2026 12:41:39 PM | engine.py:1010 Epoch[1] Complete. Time taken: 00:00:25.433
[Validator] Epoch 98 - val_loss: 0.000008
[BEST CHECKPOINT] Guardado/actualizado en: checkpoints\Mis_modelos\l2 checkpoints\4stems\best_checkpoint_98_val_loss=-0.0000.pt
04/02/2026 12:41:39 PM | engine.py:1037 Engine run finished. Time taken: 00:00:25.445
[Epoch 98] train_loss=0.000006 | val_loss=0.000008
04/02/2026 12:41:39 PM | engine.py:1010 Epoch[98] Complete. Time taken: 00:00:46.983
04/02/2026 12:42:01 PM | engine.py:906 Engine run starting with max_epochs=1.
04/02/2026 12:42:26 PM | engine.py:1010 Epoch[1] Complete. Time taken: 00:00:25.358
[Validator] Epoch 99 - val_loss: 0.000008
[BEST CHECKPOINT] Guardado/actualizado en: checkpoints\Mis_modelos\l2 checkpoints\4stems\best_checkpoint_99_val_loss=-0.0000.pt
04/02/2026 12:42:26 PM | engine.py:1037 Engine run finished. Time taken: 00:00:25.368
[Epoch 99] train_loss=0.000006 | val_loss=0.000008
04/02/2026 12:42:26 PM | engine.py:1010 Epoch[99] Complete. Time taken: 00:00:47.290
04/02/2026 12:42:47 PM | engine.py:906 Engine run starting with max_epochs=1.
04/02/2026 12:43:13 PM | engine.py:1010 Epoch[1] Complete. Time taken: 00:00:25.939
[Validator] Epoch 100 - val_loss: 0.000008
[BEST CHECKPOINT] Guardado/actualizado en: checkpoints\Mis_modelos\l2 checkpoints\4stems\best_checkpoint_99_val_loss=-0.0000.pt
04/02/2026 12:43:13 PM | engine.py:1037 Engine run finished. Time taken: 00:00:25.939
[Epoch 100] train_loss=0.000007 | val_loss=0.000008
04/02/2026 12:43:13 PM | engine.py:1010 Epoch[100] Complete. Time taken: 00:00:46.923
04/02/2026 12:43:13 PM | engine.py:1037 Engine run finished. Time taken: 01:19:28.218
[LOADING BEST MODEL] Cargando mejor checkpoint desde: checkpoints\Mis_modelos\l2 checkpoints\4stems\best_checkpoint_99_val_loss=-0.0000.pt
C:\Users\rdpuser\TFG_Identificaci-n-de-voces-e-instrumentos-en-una-obra-musical\pipeline\train.py:326: FutureWarning: You are using `torch.load` with `weights_only=False` (the current default value), which uses the default pickle module implicitly. It is possible to construct malicious pickle data which will execute arbitrary code during unpickling (See https://github.com/pytorch/pytorch/blob/main/SECURITY.md#untrusted-models for more details). In a future release, the default value for `weights_only` will be flipped to `True`. This limits the functions that could be executed during unpickling. Arbitrary objects will no longer be allowed to be loaded via this mode unless they are explicitly allowlisted by the user via `torch.serialization.add_safe_globals`. We recommend you start setting `weights_only=True` for any use case where you don't have full control of the loaded file. Please open an issue on GitHub for any issues related to this experimental feature.
  checkpoint = torch.load(best_checkpoint_path, map_location=device)
