C:\Users\rdpuser\miniconda3\envs\tfg_py310\lib\site-packages\ignite\handlers\checkpoint.py:16: DeprecationWarning: `TorchScript` support for functional optimizers is deprecated and will be removed in a future PyTorch release. Consider using the `torch.compile` optimizer instead.
  from torch.distributed.optim import ZeroRedundancyOptimizer
Usando dispositivo: cuda
Using device: cuda | nf=257 | channels=1 | hidden=50 | stems=4 | loss=logl2
C:\Users\rdpuser\miniconda3\envs\tfg_py310\lib\site-packages\torch\nn\modules\module.py:1326: UserWarning: expandable_segments not supported on this platform (Triggered internally at C:\actions-runner\_work\pytorch\pytorch\builder\windows\pytorch\c10/cuda/CUDAAllocatorConfig.h:28.)
  return t.to(
GA: actual_batch=24 | accum_steps=5 | effective_batch_real=120
04/01/2026 03:16:02 PM | engine.py:906 Engine run starting with max_epochs=100.
C:\Users\rdpuser\miniconda3\envs\tfg_py310\lib\site-packages\ignite\handlers\checkpoint.py:16: DeprecationWarning: `TorchScript` support for functional optimizers is deprecated and will be removed in a future PyTorch release. Consider using the `torch.compile` optimizer instead.
  from torch.distributed.optim import ZeroRedundancyOptimizer
C:\Users\rdpuser\miniconda3\envs\tfg_py310\lib\site-packages\ignite\handlers\checkpoint.py:16: DeprecationWarning: `TorchScript` support for functional optimizers is deprecated and will be removed in a future PyTorch release. Consider using the `torch.compile` optimizer instead.
  from torch.distributed.optim import ZeroRedundancyOptimizer
C:\Users\rdpuser\miniconda3\envs\tfg_py310\lib\site-packages\ignite\handlers\checkpoint.py:16: DeprecationWarning: `TorchScript` support for functional optimizers is deprecated and will be removed in a future PyTorch release. Consider using the `torch.compile` optimizer instead.
  from torch.distributed.optim import ZeroRedundancyOptimizer
C:\Users\rdpuser\miniconda3\envs\tfg_py310\lib\site-packages\ignite\handlers\checkpoint.py:16: DeprecationWarning: `TorchScript` support for functional optimizers is deprecated and will be removed in a future PyTorch release. Consider using the `torch.compile` optimizer instead.
  from torch.distributed.optim import ZeroRedundancyOptimizer
04/01/2026 03:17:14 PM | engine.py:906 Engine run starting with max_epochs=1.
C:\Users\rdpuser\miniconda3\envs\tfg_py310\lib\site-packages\ignite\handlers\checkpoint.py:16: DeprecationWarning: `TorchScript` support for functional optimizers is deprecated and will be removed in a future PyTorch release. Consider using the `torch.compile` optimizer instead.
  from torch.distributed.optim import ZeroRedundancyOptimizer
C:\Users\rdpuser\miniconda3\envs\tfg_py310\lib\site-packages\ignite\handlers\checkpoint.py:16: DeprecationWarning: `TorchScript` support for functional optimizers is deprecated and will be removed in a future PyTorch release. Consider using the `torch.compile` optimizer instead.
  from torch.distributed.optim import ZeroRedundancyOptimizer
C:\Users\rdpuser\miniconda3\envs\tfg_py310\lib\site-packages\ignite\handlers\checkpoint.py:16: DeprecationWarning: `TorchScript` support for functional optimizers is deprecated and will be removed in a future PyTorch release. Consider using the `torch.compile` optimizer instead.
  from torch.distributed.optim import ZeroRedundancyOptimizer
C:\Users\rdpuser\miniconda3\envs\tfg_py310\lib\site-packages\ignite\handlers\checkpoint.py:16: DeprecationWarning: `TorchScript` support for functional optimizers is deprecated and will be removed in a future PyTorch release. Consider using the `torch.compile` optimizer instead.
  from torch.distributed.optim import ZeroRedundancyOptimizer
04/01/2026 03:17:52 PM | engine.py:1010 Epoch[1] Complete. Time taken: 00:00:37.384
Training model with training mixes in: C:\Users\rdpuser\TFG_Identificaci-n-de-voces-e-instrumentos-en-una-obra-musical\datasets\mix_generation\foreground_train
Validating data with validation mixes in: C:\Users\rdpuser\TFG_Identificaci-n-de-voces-e-instrumentos-en-una-obra-musical\datasets\mix_generation\foreground_valid
[DEBUG] Num de sources: 4
pipeline de 4 fuentes
[Validator] Epoch 1 - val_loss: 6.988549
[BEST CHECKPOINT] Guardado/actualizado en: checkpoints\Mis_modelos\logl2 checkpoints\4stems\best_checkpoint_1_val_loss=-6.9885.pt
04/01/2026 03:17:52 PM | engine.py:1037 Engine run finished. Time taken: 00:00:37.807
[Epoch 1] train_loss=6.239364 | val_loss=6.988549
04/01/2026 03:17:52 PM | engine.py:1010 Epoch[1] Complete. Time taken: 00:01:13.178
04/01/2026 03:18:14 PM | engine.py:906 Engine run starting with max_epochs=1.
04/01/2026 03:18:40 PM | engine.py:1010 Epoch[1] Complete. Time taken: 00:00:26.090
[Validator] Epoch 2 - val_loss: 6.949125
[BEST CHECKPOINT] Guardado/actualizado en: checkpoints\Mis_modelos\logl2 checkpoints\4stems\best_checkpoint_2_val_loss=-6.9491.pt
04/01/2026 03:18:40 PM | engine.py:1037 Engine run finished. Time taken: 00:00:26.102
[Epoch 2] train_loss=6.343474 | val_loss=6.949125
04/01/2026 03:18:40 PM | engine.py:1010 Epoch[2] Complete. Time taken: 00:00:47.484
04/01/2026 03:19:01 PM | engine.py:906 Engine run starting with max_epochs=1.
04/01/2026 03:19:27 PM | engine.py:1010 Epoch[1] Complete. Time taken: 00:00:25.442
[Validator] Epoch 3 - val_loss: 6.860966
[BEST CHECKPOINT] Guardado/actualizado en: checkpoints\Mis_modelos\logl2 checkpoints\4stems\best_checkpoint_3_val_loss=-6.8610.pt
04/01/2026 03:19:27 PM | engine.py:1037 Engine run finished. Time taken: 00:00:25.452
[Epoch 3] train_loss=5.676182 | val_loss=6.860966
04/01/2026 03:19:27 PM | engine.py:1010 Epoch[3] Complete. Time taken: 00:00:47.099
04/01/2026 03:19:49 PM | engine.py:906 Engine run starting with max_epochs=1.
04/01/2026 03:20:13 PM | engine.py:1010 Epoch[1] Complete. Time taken: 00:00:24.777
[Validator] Epoch 4 - val_loss: 6.675113
[BEST CHECKPOINT] Guardado/actualizado en: checkpoints\Mis_modelos\logl2 checkpoints\4stems\best_checkpoint_4_val_loss=-6.6751.pt
04/01/2026 03:20:13 PM | engine.py:1037 Engine run finished. Time taken: 00:00:24.788
[Epoch 4] train_loss=5.508509 | val_loss=6.675113
04/01/2026 03:20:13 PM | engine.py:1010 Epoch[4] Complete. Time taken: 00:00:46.680
04/01/2026 03:20:35 PM | engine.py:906 Engine run starting with max_epochs=1.
04/01/2026 03:21:01 PM | engine.py:1010 Epoch[1] Complete. Time taken: 00:00:25.634
[Validator] Epoch 5 - val_loss: 6.377319
[BEST CHECKPOINT] Guardado/actualizado en: checkpoints\Mis_modelos\logl2 checkpoints\4stems\best_checkpoint_5_val_loss=-6.3773.pt
04/01/2026 03:21:01 PM | engine.py:1037 Engine run finished. Time taken: 00:00:25.645
[Epoch 5] train_loss=5.451147 | val_loss=6.377319
04/01/2026 03:21:01 PM | engine.py:1010 Epoch[5] Complete. Time taken: 00:00:47.142
04/01/2026 03:21:22 PM | engine.py:906 Engine run starting with max_epochs=1.
04/01/2026 03:21:47 PM | engine.py:1010 Epoch[1] Complete. Time taken: 00:00:25.054
[Validator] Epoch 6 - val_loss: 5.967834
[BEST CHECKPOINT] Guardado/actualizado en: checkpoints\Mis_modelos\logl2 checkpoints\4stems\best_checkpoint_6_val_loss=-5.9678.pt
04/01/2026 03:21:47 PM | engine.py:1037 Engine run finished. Time taken: 00:00:25.063
[Epoch 6] train_loss=5.392946 | val_loss=5.967834
04/01/2026 03:21:47 PM | engine.py:1010 Epoch[6] Complete. Time taken: 00:00:46.373
04/01/2026 03:22:09 PM | engine.py:906 Engine run starting with max_epochs=1.
04/01/2026 03:22:34 PM | engine.py:1010 Epoch[1] Complete. Time taken: 00:00:25.049
[Validator] Epoch 7 - val_loss: 5.620413
[BEST CHECKPOINT] Guardado/actualizado en: checkpoints\Mis_modelos\logl2 checkpoints\4stems\best_checkpoint_7_val_loss=-5.6204.pt
04/01/2026 03:22:34 PM | engine.py:1037 Engine run finished. Time taken: 00:00:25.059
[Epoch 7] train_loss=5.012038 | val_loss=5.620413
04/01/2026 03:22:34 PM | engine.py:1010 Epoch[7] Complete. Time taken: 00:00:47.123
04/01/2026 03:22:55 PM | engine.py:906 Engine run starting with max_epochs=1.
04/01/2026 03:23:20 PM | engine.py:1010 Epoch[1] Complete. Time taken: 00:00:25.527
[Validator] Epoch 8 - val_loss: 5.283419
[BEST CHECKPOINT] Guardado/actualizado en: checkpoints\Mis_modelos\logl2 checkpoints\4stems\best_checkpoint_8_val_loss=-5.2834.pt
04/01/2026 03:23:21 PM | engine.py:1037 Engine run finished. Time taken: 00:00:25.536
[Epoch 8] train_loss=4.515791 | val_loss=5.283419
04/01/2026 03:23:21 PM | engine.py:1010 Epoch[8] Complete. Time taken: 00:00:46.438
04/01/2026 03:23:42 PM | engine.py:906 Engine run starting with max_epochs=1.
04/01/2026 03:24:07 PM | engine.py:1010 Epoch[1] Complete. Time taken: 00:00:25.418
[Validator] Epoch 9 - val_loss: 5.039555
[BEST CHECKPOINT] Guardado/actualizado en: checkpoints\Mis_modelos\logl2 checkpoints\4stems\best_checkpoint_9_val_loss=-5.0396.pt
04/01/2026 03:24:07 PM | engine.py:1037 Engine run finished. Time taken: 00:00:25.430
[Epoch 9] train_loss=4.516279 | val_loss=5.039555
04/01/2026 03:24:07 PM | engine.py:1010 Epoch[9] Complete. Time taken: 00:00:46.424
04/01/2026 03:24:29 PM | engine.py:906 Engine run starting with max_epochs=1.
04/01/2026 03:24:54 PM | engine.py:1010 Epoch[1] Complete. Time taken: 00:00:25.730
[Validator] Epoch 10 - val_loss: 4.800102
[BEST CHECKPOINT] Guardado/actualizado en: checkpoints\Mis_modelos\logl2 checkpoints\4stems\best_checkpoint_10_val_loss=-4.8001.pt
04/01/2026 03:24:54 PM | engine.py:1037 Engine run finished. Time taken: 00:00:25.740
[Epoch 10] train_loss=4.323686 | val_loss=4.800102
04/01/2026 03:24:54 PM | engine.py:1010 Epoch[10] Complete. Time taken: 00:00:47.323
04/01/2026 03:25:16 PM | engine.py:906 Engine run starting with max_epochs=1.
04/01/2026 03:25:41 PM | engine.py:1010 Epoch[1] Complete. Time taken: 00:00:25.178
[Validator] Epoch 11 - val_loss: 4.613436
[BEST CHECKPOINT] Guardado/actualizado en: checkpoints\Mis_modelos\logl2 checkpoints\4stems\best_checkpoint_11_val_loss=-4.6134.pt
04/01/2026 03:25:41 PM | engine.py:1037 Engine run finished. Time taken: 00:00:25.189
[Epoch 11] train_loss=3.644709 | val_loss=4.613436
04/01/2026 03:25:41 PM | engine.py:1010 Epoch[11] Complete. Time taken: 00:00:46.853
04/01/2026 03:26:03 PM | engine.py:906 Engine run starting with max_epochs=1.
04/01/2026 03:26:28 PM | engine.py:1010 Epoch[1] Complete. Time taken: 00:00:25.532
[Validator] Epoch 12 - val_loss: 4.465596
[BEST CHECKPOINT] Guardado/actualizado en: checkpoints\Mis_modelos\logl2 checkpoints\4stems\best_checkpoint_12_val_loss=-4.4656.pt
04/01/2026 03:26:28 PM | engine.py:1037 Engine run finished. Time taken: 00:00:25.542
[Epoch 12] train_loss=3.968518 | val_loss=4.465596
04/01/2026 03:26:28 PM | engine.py:1010 Epoch[12] Complete. Time taken: 00:00:47.008
04/01/2026 03:26:50 PM | engine.py:906 Engine run starting with max_epochs=1.
04/01/2026 03:27:15 PM | engine.py:1010 Epoch[1] Complete. Time taken: 00:00:25.654
[Validator] Epoch 13 - val_loss: 4.336634
[BEST CHECKPOINT] Guardado/actualizado en: checkpoints\Mis_modelos\logl2 checkpoints\4stems\best_checkpoint_13_val_loss=-4.3366.pt
04/01/2026 03:27:15 PM | engine.py:1037 Engine run finished. Time taken: 00:00:25.663
[Epoch 13] train_loss=3.639036 | val_loss=4.336634
04/01/2026 03:27:15 PM | engine.py:1010 Epoch[13] Complete. Time taken: 00:00:47.318
04/01/2026 03:27:38 PM | engine.py:906 Engine run starting with max_epochs=1.
04/01/2026 03:28:03 PM | engine.py:1010 Epoch[1] Complete. Time taken: 00:00:24.894
[Validator] Epoch 14 - val_loss: 4.234759
[BEST CHECKPOINT] Guardado/actualizado en: checkpoints\Mis_modelos\logl2 checkpoints\4stems\best_checkpoint_14_val_loss=-4.2348.pt
04/01/2026 03:28:03 PM | engine.py:1037 Engine run finished. Time taken: 00:00:24.904
[Epoch 14] train_loss=3.671107 | val_loss=4.234759
04/01/2026 03:28:03 PM | engine.py:1010 Epoch[14] Complete. Time taken: 00:00:47.134
04/01/2026 03:28:25 PM | engine.py:906 Engine run starting with max_epochs=1.
04/01/2026 03:28:50 PM | engine.py:1010 Epoch[1] Complete. Time taken: 00:00:25.367
[Validator] Epoch 15 - val_loss: 4.165560
[BEST CHECKPOINT] Guardado/actualizado en: checkpoints\Mis_modelos\logl2 checkpoints\4stems\best_checkpoint_15_val_loss=-4.1656.pt
04/01/2026 03:28:50 PM | engine.py:1037 Engine run finished. Time taken: 00:00:25.380
[Epoch 15] train_loss=3.484578 | val_loss=4.165560
04/01/2026 03:28:50 PM | engine.py:1010 Epoch[15] Complete. Time taken: 00:00:47.548
04/01/2026 03:29:12 PM | engine.py:906 Engine run starting with max_epochs=1.
04/01/2026 03:29:39 PM | engine.py:1010 Epoch[1] Complete. Time taken: 00:00:26.489
[Validator] Epoch 16 - val_loss: 4.116155
[BEST CHECKPOINT] Guardado/actualizado en: checkpoints\Mis_modelos\logl2 checkpoints\4stems\best_checkpoint_16_val_loss=-4.1162.pt
04/01/2026 03:29:39 PM | engine.py:1037 Engine run finished. Time taken: 00:00:26.502
[Epoch 16] train_loss=3.373394 | val_loss=4.116155
04/01/2026 03:29:39 PM | engine.py:1010 Epoch[16] Complete. Time taken: 00:00:48.794
04/01/2026 03:30:02 PM | engine.py:906 Engine run starting with max_epochs=1.
04/01/2026 03:30:29 PM | engine.py:1010 Epoch[1] Complete. Time taken: 00:00:26.899
[Validator] Epoch 17 - val_loss: 4.079698
[BEST CHECKPOINT] Guardado/actualizado en: checkpoints\Mis_modelos\logl2 checkpoints\4stems\best_checkpoint_17_val_loss=-4.0797.pt
04/01/2026 03:30:29 PM | engine.py:1037 Engine run finished. Time taken: 00:00:26.910
[Epoch 17] train_loss=3.266889 | val_loss=4.079698
04/01/2026 03:30:29 PM | engine.py:1010 Epoch[17] Complete. Time taken: 00:00:50.071
04/01/2026 03:30:51 PM | engine.py:906 Engine run starting with max_epochs=1.
04/01/2026 03:31:17 PM | engine.py:1010 Epoch[1] Complete. Time taken: 00:00:26.043
[Validator] Epoch 18 - val_loss: 4.053629
[BEST CHECKPOINT] Guardado/actualizado en: checkpoints\Mis_modelos\logl2 checkpoints\4stems\best_checkpoint_18_val_loss=-4.0536.pt
04/01/2026 03:31:17 PM | engine.py:1037 Engine run finished. Time taken: 00:00:26.052
[Epoch 18] train_loss=3.163813 | val_loss=4.053629
04/01/2026 03:31:17 PM | engine.py:1010 Epoch[18] Complete. Time taken: 00:00:48.119
04/01/2026 03:31:39 PM | engine.py:906 Engine run starting with max_epochs=1.
04/01/2026 03:32:05 PM | engine.py:1010 Epoch[1] Complete. Time taken: 00:00:25.885
[Validator] Epoch 19 - val_loss: 4.033705
[BEST CHECKPOINT] Guardado/actualizado en: checkpoints\Mis_modelos\logl2 checkpoints\4stems\best_checkpoint_19_val_loss=-4.0337.pt
04/01/2026 03:32:05 PM | engine.py:1037 Engine run finished. Time taken: 00:00:25.895
[Epoch 19] train_loss=3.221908 | val_loss=4.033705
04/01/2026 03:32:05 PM | engine.py:1010 Epoch[19] Complete. Time taken: 00:00:47.718
04/01/2026 03:32:27 PM | engine.py:906 Engine run starting with max_epochs=1.
04/01/2026 03:32:53 PM | engine.py:1010 Epoch[1] Complete. Time taken: 00:00:25.903
[Validator] Epoch 20 - val_loss: 4.013924
[BEST CHECKPOINT] Guardado/actualizado en: checkpoints\Mis_modelos\logl2 checkpoints\4stems\best_checkpoint_20_val_loss=-4.0139.pt
04/01/2026 03:32:53 PM | engine.py:1037 Engine run finished. Time taken: 00:00:25.914
[Epoch 20] train_loss=3.338531 | val_loss=4.013924
04/01/2026 03:32:53 PM | engine.py:1010 Epoch[20] Complete. Time taken: 00:00:48.056
04/01/2026 03:33:15 PM | engine.py:906 Engine run starting with max_epochs=1.
04/01/2026 03:33:41 PM | engine.py:1010 Epoch[1] Complete. Time taken: 00:00:25.767
[Validator] Epoch 21 - val_loss: 3.997470
[BEST CHECKPOINT] Guardado/actualizado en: checkpoints\Mis_modelos\logl2 checkpoints\4stems\best_checkpoint_21_val_loss=-3.9975.pt
04/01/2026 03:33:41 PM | engine.py:1037 Engine run finished. Time taken: 00:00:25.778
[Epoch 21] train_loss=3.347272 | val_loss=3.997470
04/01/2026 03:33:41 PM | engine.py:1010 Epoch[21] Complete. Time taken: 00:00:47.873
04/01/2026 03:34:03 PM | engine.py:906 Engine run starting with max_epochs=1.
04/01/2026 03:34:28 PM | engine.py:1010 Epoch[1] Complete. Time taken: 00:00:25.039
[Validator] Epoch 22 - val_loss: 3.983754
[BEST CHECKPOINT] Guardado/actualizado en: checkpoints\Mis_modelos\logl2 checkpoints\4stems\best_checkpoint_22_val_loss=-3.9838.pt
04/01/2026 03:34:28 PM | engine.py:1037 Engine run finished. Time taken: 00:00:25.049
[Epoch 22] train_loss=3.376582 | val_loss=3.983754
04/01/2026 03:34:28 PM | engine.py:1010 Epoch[22] Complete. Time taken: 00:00:47.037
04/01/2026 03:34:50 PM | engine.py:906 Engine run starting with max_epochs=1.
04/01/2026 03:35:15 PM | engine.py:1010 Epoch[1] Complete. Time taken: 00:00:25.391
[Validator] Epoch 23 - val_loss: 3.972067
[BEST CHECKPOINT] Guardado/actualizado en: checkpoints\Mis_modelos\logl2 checkpoints\4stems\best_checkpoint_23_val_loss=-3.9721.pt
04/01/2026 03:35:15 PM | engine.py:1037 Engine run finished. Time taken: 00:00:25.400
[Epoch 23] train_loss=3.736821 | val_loss=3.972067
04/01/2026 03:35:15 PM | engine.py:1010 Epoch[23] Complete. Time taken: 00:00:47.319
04/01/2026 03:35:37 PM | engine.py:906 Engine run starting with max_epochs=1.
04/01/2026 03:36:03 PM | engine.py:1010 Epoch[1] Complete. Time taken: 00:00:26.166
[Validator] Epoch 24 - val_loss: 3.960839
[BEST CHECKPOINT] Guardado/actualizado en: checkpoints\Mis_modelos\logl2 checkpoints\4stems\best_checkpoint_24_val_loss=-3.9608.pt
04/01/2026 03:36:03 PM | engine.py:1037 Engine run finished. Time taken: 00:00:26.176
[Epoch 24] train_loss=3.564525 | val_loss=3.960839
04/01/2026 03:36:03 PM | engine.py:1010 Epoch[24] Complete. Time taken: 00:00:48.361
04/01/2026 03:36:25 PM | engine.py:906 Engine run starting with max_epochs=1.
04/01/2026 03:36:50 PM | engine.py:1010 Epoch[1] Complete. Time taken: 00:00:25.107
[Validator] Epoch 25 - val_loss: 3.951713
[BEST CHECKPOINT] Guardado/actualizado en: checkpoints\Mis_modelos\logl2 checkpoints\4stems\best_checkpoint_25_val_loss=-3.9517.pt
04/01/2026 03:36:50 PM | engine.py:1037 Engine run finished. Time taken: 00:00:25.119
[Epoch 25] train_loss=3.307881 | val_loss=3.951713
04/01/2026 03:36:50 PM | engine.py:1010 Epoch[25] Complete. Time taken: 00:00:46.977
04/01/2026 03:37:12 PM | engine.py:906 Engine run starting with max_epochs=1.
04/01/2026 03:37:38 PM | engine.py:1010 Epoch[1] Complete. Time taken: 00:00:25.847
[Validator] Epoch 26 - val_loss: 3.945540
[BEST CHECKPOINT] Guardado/actualizado en: checkpoints\Mis_modelos\logl2 checkpoints\4stems\best_checkpoint_26_val_loss=-3.9455.pt
04/01/2026 03:37:38 PM | engine.py:1037 Engine run finished. Time taken: 00:00:25.859
[Epoch 26] train_loss=3.325716 | val_loss=3.945540
04/01/2026 03:37:38 PM | engine.py:1010 Epoch[26] Complete. Time taken: 00:00:47.157
04/01/2026 03:37:59 PM | engine.py:906 Engine run starting with max_epochs=1.
04/01/2026 03:38:25 PM | engine.py:1010 Epoch[1] Complete. Time taken: 00:00:25.483
[Validator] Epoch 27 - val_loss: 3.938400
[BEST CHECKPOINT] Guardado/actualizado en: checkpoints\Mis_modelos\logl2 checkpoints\4stems\best_checkpoint_27_val_loss=-3.9384.pt
04/01/2026 03:38:25 PM | engine.py:1037 Engine run finished. Time taken: 00:00:25.493
[Epoch 27] train_loss=3.260925 | val_loss=3.938400
04/01/2026 03:38:25 PM | engine.py:1010 Epoch[27] Complete. Time taken: 00:00:47.380
04/01/2026 03:38:46 PM | engine.py:906 Engine run starting with max_epochs=1.
04/01/2026 03:39:12 PM | engine.py:1010 Epoch[1] Complete. Time taken: 00:00:25.708
[Validator] Epoch 28 - val_loss: 3.936682
[BEST CHECKPOINT] Guardado/actualizado en: checkpoints\Mis_modelos\logl2 checkpoints\4stems\best_checkpoint_28_val_loss=-3.9367.pt
04/01/2026 03:39:12 PM | engine.py:1037 Engine run finished. Time taken: 00:00:25.720
[Epoch 28] train_loss=3.126657 | val_loss=3.936682
04/01/2026 03:39:12 PM | engine.py:1010 Epoch[28] Complete. Time taken: 00:00:46.960
04/01/2026 03:39:34 PM | engine.py:906 Engine run starting with max_epochs=1.
04/01/2026 03:39:59 PM | engine.py:1010 Epoch[1] Complete. Time taken: 00:00:24.942
[Validator] Epoch 29 - val_loss: 3.934972
[BEST CHECKPOINT] Guardado/actualizado en: checkpoints\Mis_modelos\logl2 checkpoints\4stems\best_checkpoint_29_val_loss=-3.9350.pt
04/01/2026 03:39:59 PM | engine.py:1037 Engine run finished. Time taken: 00:00:24.953
[Epoch 29] train_loss=3.035781 | val_loss=3.934972
04/01/2026 03:39:59 PM | engine.py:1010 Epoch[29] Complete. Time taken: 00:00:47.185
04/01/2026 03:40:21 PM | engine.py:906 Engine run starting with max_epochs=1.
04/01/2026 03:40:47 PM | engine.py:1010 Epoch[1] Complete. Time taken: 00:00:25.636
[Validator] Epoch 30 - val_loss: 3.929639
[BEST CHECKPOINT] Guardado/actualizado en: checkpoints\Mis_modelos\logl2 checkpoints\4stems\best_checkpoint_30_val_loss=-3.9296.pt
04/01/2026 03:40:47 PM | engine.py:1037 Engine run finished. Time taken: 00:00:25.645
[Epoch 30] train_loss=3.497671 | val_loss=3.929639
04/01/2026 03:40:47 PM | engine.py:1010 Epoch[30] Complete. Time taken: 00:00:47.604
04/01/2026 03:41:08 PM | engine.py:906 Engine run starting with max_epochs=1.
04/01/2026 03:41:34 PM | engine.py:1010 Epoch[1] Complete. Time taken: 00:00:25.408
[Validator] Epoch 31 - val_loss: 3.922758
[BEST CHECKPOINT] Guardado/actualizado en: checkpoints\Mis_modelos\logl2 checkpoints\4stems\best_checkpoint_31_val_loss=-3.9228.pt
04/01/2026 03:41:34 PM | engine.py:1037 Engine run finished. Time taken: 00:00:25.419
[Epoch 31] train_loss=3.488680 | val_loss=3.922758
04/01/2026 03:41:34 PM | engine.py:1010 Epoch[31] Complete. Time taken: 00:00:47.129
04/01/2026 03:41:55 PM | engine.py:906 Engine run starting with max_epochs=1.
04/01/2026 03:42:21 PM | engine.py:1010 Epoch[1] Complete. Time taken: 00:00:25.541
[Validator] Epoch 32 - val_loss: 3.916065
[BEST CHECKPOINT] Guardado/actualizado en: checkpoints\Mis_modelos\logl2 checkpoints\4stems\best_checkpoint_32_val_loss=-3.9161.pt
04/01/2026 03:42:21 PM | engine.py:1037 Engine run finished. Time taken: 00:00:25.553
[Epoch 32] train_loss=3.259718 | val_loss=3.916065
04/01/2026 03:42:21 PM | engine.py:1010 Epoch[32] Complete. Time taken: 00:00:47.128
04/01/2026 03:42:43 PM | engine.py:906 Engine run starting with max_epochs=1.
04/01/2026 03:43:09 PM | engine.py:1010 Epoch[1] Complete. Time taken: 00:00:25.568
[Validator] Epoch 33 - val_loss: 3.906260
[BEST CHECKPOINT] Guardado/actualizado en: checkpoints\Mis_modelos\logl2 checkpoints\4stems\best_checkpoint_33_val_loss=-3.9063.pt
04/01/2026 03:43:09 PM | engine.py:1037 Engine run finished. Time taken: 00:00:25.580
[Epoch 33] train_loss=3.412930 | val_loss=3.906260
04/01/2026 03:43:09 PM | engine.py:1010 Epoch[33] Complete. Time taken: 00:00:47.536
04/01/2026 03:43:30 PM | engine.py:906 Engine run starting with max_epochs=1.
04/01/2026 03:43:56 PM | engine.py:1010 Epoch[1] Complete. Time taken: 00:00:25.700
[Validator] Epoch 34 - val_loss: 3.895396
[BEST CHECKPOINT] Guardado/actualizado en: checkpoints\Mis_modelos\logl2 checkpoints\4stems\best_checkpoint_34_val_loss=-3.8954.pt
04/01/2026 03:43:56 PM | engine.py:1037 Engine run finished. Time taken: 00:00:25.712
[Epoch 34] train_loss=3.116510 | val_loss=3.895396
04/01/2026 03:43:56 PM | engine.py:1010 Epoch[34] Complete. Time taken: 00:00:47.164
04/01/2026 03:44:17 PM | engine.py:906 Engine run starting with max_epochs=1.
04/01/2026 03:44:43 PM | engine.py:1010 Epoch[1] Complete. Time taken: 00:00:25.372
[Validator] Epoch 35 - val_loss: 3.883904
[BEST CHECKPOINT] Guardado/actualizado en: checkpoints\Mis_modelos\logl2 checkpoints\4stems\best_checkpoint_35_val_loss=-3.8839.pt
04/01/2026 03:44:43 PM | engine.py:1037 Engine run finished. Time taken: 00:00:25.381
[Epoch 35] train_loss=3.330986 | val_loss=3.883904
04/01/2026 03:44:43 PM | engine.py:1010 Epoch[35] Complete. Time taken: 00:00:47.040
04/01/2026 03:45:04 PM | engine.py:906 Engine run starting with max_epochs=1.
04/01/2026 03:45:29 PM | engine.py:1010 Epoch[1] Complete. Time taken: 00:00:25.130
[Validator] Epoch 36 - val_loss: 3.875616
[BEST CHECKPOINT] Guardado/actualizado en: checkpoints\Mis_modelos\logl2 checkpoints\4stems\best_checkpoint_36_val_loss=-3.8756.pt
04/01/2026 03:45:29 PM | engine.py:1037 Engine run finished. Time taken: 00:00:25.142
[Epoch 36] train_loss=3.692003 | val_loss=3.875616
04/01/2026 03:45:29 PM | engine.py:1010 Epoch[36] Complete. Time taken: 00:00:46.507
04/01/2026 03:45:51 PM | engine.py:906 Engine run starting with max_epochs=1.
04/01/2026 03:46:16 PM | engine.py:1010 Epoch[1] Complete. Time taken: 00:00:25.468
[Validator] Epoch 37 - val_loss: 3.867326
[BEST CHECKPOINT] Guardado/actualizado en: checkpoints\Mis_modelos\logl2 checkpoints\4stems\best_checkpoint_37_val_loss=-3.8673.pt
04/01/2026 03:46:16 PM | engine.py:1037 Engine run finished. Time taken: 00:00:25.480
[Epoch 37] train_loss=3.281763 | val_loss=3.867326
04/01/2026 03:46:16 PM | engine.py:1010 Epoch[37] Complete. Time taken: 00:00:46.784
04/01/2026 03:46:37 PM | engine.py:906 Engine run starting with max_epochs=1.
04/01/2026 03:47:03 PM | engine.py:1010 Epoch[1] Complete. Time taken: 00:00:25.780
[Validator] Epoch 38 - val_loss: 3.863771
[BEST CHECKPOINT] Guardado/actualizado en: checkpoints\Mis_modelos\logl2 checkpoints\4stems\best_checkpoint_38_val_loss=-3.8638.pt
04/01/2026 03:47:03 PM | engine.py:1037 Engine run finished. Time taken: 00:00:25.792
[Epoch 38] train_loss=3.188810 | val_loss=3.863771
04/01/2026 03:47:03 PM | engine.py:1010 Epoch[38] Complete. Time taken: 00:00:47.270
04/01/2026 03:47:25 PM | engine.py:906 Engine run starting with max_epochs=1.
04/01/2026 03:47:50 PM | engine.py:1010 Epoch[1] Complete. Time taken: 00:00:25.555
[Validator] Epoch 39 - val_loss: 3.861650
[BEST CHECKPOINT] Guardado/actualizado en: checkpoints\Mis_modelos\logl2 checkpoints\4stems\best_checkpoint_39_val_loss=-3.8616.pt
04/01/2026 03:47:50 PM | engine.py:1037 Engine run finished. Time taken: 00:00:25.565
[Epoch 39] train_loss=3.414835 | val_loss=3.861650
04/01/2026 03:47:50 PM | engine.py:1010 Epoch[39] Complete. Time taken: 00:00:47.094
04/01/2026 03:48:12 PM | engine.py:906 Engine run starting with max_epochs=1.
04/01/2026 03:48:38 PM | engine.py:1010 Epoch[1] Complete. Time taken: 00:00:25.884
[Validator] Epoch 40 - val_loss: 3.860954
[BEST CHECKPOINT] Guardado/actualizado en: checkpoints\Mis_modelos\logl2 checkpoints\4stems\best_checkpoint_40_val_loss=-3.8610.pt
04/01/2026 03:48:38 PM | engine.py:1037 Engine run finished. Time taken: 00:00:25.894
[Epoch 40] train_loss=3.451392 | val_loss=3.860954
04/01/2026 03:48:38 PM | engine.py:1010 Epoch[40] Complete. Time taken: 00:00:47.288
04/01/2026 03:49:00 PM | engine.py:906 Engine run starting with max_epochs=1.
04/01/2026 03:49:24 PM | engine.py:1010 Epoch[1] Complete. Time taken: 00:00:24.533
[Validator] Epoch 41 - val_loss: 3.860455
[BEST CHECKPOINT] Guardado/actualizado en: checkpoints\Mis_modelos\logl2 checkpoints\4stems\best_checkpoint_41_val_loss=-3.8605.pt
04/01/2026 03:49:24 PM | engine.py:1037 Engine run finished. Time taken: 00:00:24.541
[Epoch 41] train_loss=3.109297 | val_loss=3.860455
04/01/2026 03:49:24 PM | engine.py:1010 Epoch[41] Complete. Time taken: 00:00:46.666
04/01/2026 03:49:46 PM | engine.py:906 Engine run starting with max_epochs=1.
04/01/2026 03:50:11 PM | engine.py:1010 Epoch[1] Complete. Time taken: 00:00:25.474
[Validator] Epoch 42 - val_loss: 3.866100
[BEST CHECKPOINT] Guardado/actualizado en: checkpoints\Mis_modelos\logl2 checkpoints\4stems\best_checkpoint_41_val_loss=-3.8605.pt
04/01/2026 03:50:11 PM | engine.py:1037 Engine run finished. Time taken: 00:00:25.475
[Epoch 42] train_loss=3.496872 | val_loss=3.866100
04/01/2026 03:50:11 PM | engine.py:1010 Epoch[42] Complete. Time taken: 00:00:47.003
04/01/2026 03:50:33 PM | engine.py:906 Engine run starting with max_epochs=1.
04/01/2026 03:50:59 PM | engine.py:1010 Epoch[1] Complete. Time taken: 00:00:25.410
[Validator] Epoch 43 - val_loss: 3.867767
[BEST CHECKPOINT] Guardado/actualizado en: checkpoints\Mis_modelos\logl2 checkpoints\4stems\best_checkpoint_41_val_loss=-3.8605.pt
04/01/2026 03:50:59 PM | engine.py:1037 Engine run finished. Time taken: 00:00:25.413
[Epoch 43] train_loss=3.262828 | val_loss=3.867767
04/01/2026 03:50:59 PM | engine.py:1010 Epoch[43] Complete. Time taken: 00:00:47.297
04/01/2026 03:51:20 PM | engine.py:906 Engine run starting with max_epochs=1.
04/01/2026 03:51:45 PM | engine.py:1010 Epoch[1] Complete. Time taken: 00:00:25.275
[Validator] Epoch 44 - val_loss: 3.864841
[BEST CHECKPOINT] Guardado/actualizado en: checkpoints\Mis_modelos\logl2 checkpoints\4stems\best_checkpoint_41_val_loss=-3.8605.pt
04/01/2026 03:51:45 PM | engine.py:1037 Engine run finished. Time taken: 00:00:25.276
[Epoch 44] train_loss=3.583196 | val_loss=3.864841
04/01/2026 03:51:45 PM | engine.py:1010 Epoch[44] Complete. Time taken: 00:00:46.675
04/01/2026 03:52:07 PM | engine.py:906 Engine run starting with max_epochs=1.
04/01/2026 03:52:33 PM | engine.py:1010 Epoch[1] Complete. Time taken: 00:00:25.231
[Validator] Epoch 45 - val_loss: 3.861615
[BEST CHECKPOINT] Guardado/actualizado en: checkpoints\Mis_modelos\logl2 checkpoints\4stems\best_checkpoint_41_val_loss=-3.8605.pt
04/01/2026 03:52:33 PM | engine.py:1037 Engine run finished. Time taken: 00:00:25.233
[Epoch 45] train_loss=3.117874 | val_loss=3.861615
04/01/2026 03:52:33 PM | engine.py:1010 Epoch[45] Complete. Time taken: 00:00:47.378
04/01/2026 03:52:54 PM | engine.py:906 Engine run starting with max_epochs=1.
04/01/2026 03:53:19 PM | engine.py:1010 Epoch[1] Complete. Time taken: 00:00:25.140
[Validator] Epoch 46 - val_loss: 3.857778
[BEST CHECKPOINT] Guardado/actualizado en: checkpoints\Mis_modelos\logl2 checkpoints\4stems\best_checkpoint_46_val_loss=-3.8578.pt
04/01/2026 03:53:19 PM | engine.py:1037 Engine run finished. Time taken: 00:00:25.150
[Epoch 46] train_loss=3.175762 | val_loss=3.857778
04/01/2026 03:53:19 PM | engine.py:1010 Epoch[46] Complete. Time taken: 00:00:46.472
04/01/2026 03:53:41 PM | engine.py:906 Engine run starting with max_epochs=1.
04/01/2026 03:54:06 PM | engine.py:1010 Epoch[1] Complete. Time taken: 00:00:25.481
[Validator] Epoch 47 - val_loss: 3.852026
[BEST CHECKPOINT] Guardado/actualizado en: checkpoints\Mis_modelos\logl2 checkpoints\4stems\best_checkpoint_47_val_loss=-3.8520.pt
04/01/2026 03:54:06 PM | engine.py:1037 Engine run finished. Time taken: 00:00:25.492
[Epoch 47] train_loss=2.997972 | val_loss=3.852026
04/01/2026 03:54:06 PM | engine.py:1010 Epoch[47] Complete. Time taken: 00:00:46.922
04/01/2026 03:54:28 PM | engine.py:906 Engine run starting with max_epochs=1.
04/01/2026 03:54:53 PM | engine.py:1010 Epoch[1] Complete. Time taken: 00:00:25.613
[Validator] Epoch 48 - val_loss: 3.844691
[BEST CHECKPOINT] Guardado/actualizado en: checkpoints\Mis_modelos\logl2 checkpoints\4stems\best_checkpoint_48_val_loss=-3.8447.pt
04/01/2026 03:54:53 PM | engine.py:1037 Engine run finished. Time taken: 00:00:25.625
[Epoch 48] train_loss=3.066700 | val_loss=3.844691
04/01/2026 03:54:53 PM | engine.py:1010 Epoch[48] Complete. Time taken: 00:00:47.072
04/01/2026 03:55:15 PM | engine.py:906 Engine run starting with max_epochs=1.
04/01/2026 03:55:40 PM | engine.py:1010 Epoch[1] Complete. Time taken: 00:00:25.031
[Validator] Epoch 49 - val_loss: 3.834490
[BEST CHECKPOINT] Guardado/actualizado en: checkpoints\Mis_modelos\logl2 checkpoints\4stems\best_checkpoint_49_val_loss=-3.8345.pt
04/01/2026 03:55:40 PM | engine.py:1037 Engine run finished. Time taken: 00:00:25.042
[Epoch 49] train_loss=3.201903 | val_loss=3.834490
04/01/2026 03:55:40 PM | engine.py:1010 Epoch[49] Complete. Time taken: 00:00:46.871
04/01/2026 03:56:02 PM | engine.py:906 Engine run starting with max_epochs=1.
04/01/2026 03:56:27 PM | engine.py:1010 Epoch[1] Complete. Time taken: 00:00:25.244
[Validator] Epoch 50 - val_loss: 3.823139
[BEST CHECKPOINT] Guardado/actualizado en: checkpoints\Mis_modelos\logl2 checkpoints\4stems\best_checkpoint_50_val_loss=-3.8231.pt
04/01/2026 03:56:27 PM | engine.py:1037 Engine run finished. Time taken: 00:00:25.252
[Epoch 50] train_loss=3.309835 | val_loss=3.823139
04/01/2026 03:56:27 PM | engine.py:1010 Epoch[50] Complete. Time taken: 00:00:47.007
04/01/2026 03:56:48 PM | engine.py:906 Engine run starting with max_epochs=1.
04/01/2026 03:57:14 PM | engine.py:1010 Epoch[1] Complete. Time taken: 00:00:25.596
[Validator] Epoch 51 - val_loss: 3.809778
[BEST CHECKPOINT] Guardado/actualizado en: checkpoints\Mis_modelos\logl2 checkpoints\4stems\best_checkpoint_51_val_loss=-3.8098.pt
04/01/2026 03:57:14 PM | engine.py:1037 Engine run finished. Time taken: 00:00:25.605
[Epoch 51] train_loss=3.294159 | val_loss=3.809778
04/01/2026 03:57:14 PM | engine.py:1010 Epoch[51] Complete. Time taken: 00:00:46.786
04/01/2026 03:57:35 PM | engine.py:906 Engine run starting with max_epochs=1.
04/01/2026 03:58:01 PM | engine.py:1010 Epoch[1] Complete. Time taken: 00:00:25.103
[Validator] Epoch 52 - val_loss: 3.800923
[BEST CHECKPOINT] Guardado/actualizado en: checkpoints\Mis_modelos\logl2 checkpoints\4stems\best_checkpoint_52_val_loss=-3.8009.pt
04/01/2026 03:58:01 PM | engine.py:1037 Engine run finished. Time taken: 00:00:25.111
[Epoch 52] train_loss=3.213100 | val_loss=3.800923
04/01/2026 03:58:01 PM | engine.py:1010 Epoch[52] Complete. Time taken: 00:00:46.707
04/01/2026 03:58:22 PM | engine.py:906 Engine run starting with max_epochs=1.
04/01/2026 03:58:47 PM | engine.py:1010 Epoch[1] Complete. Time taken: 00:00:25.392
[Validator] Epoch 53 - val_loss: 3.793413
[BEST CHECKPOINT] Guardado/actualizado en: checkpoints\Mis_modelos\logl2 checkpoints\4stems\best_checkpoint_53_val_loss=-3.7934.pt
04/01/2026 03:58:47 PM | engine.py:1037 Engine run finished. Time taken: 00:00:25.404
[Epoch 53] train_loss=2.928855 | val_loss=3.793413
04/01/2026 03:58:47 PM | engine.py:1010 Epoch[53] Complete. Time taken: 00:00:46.951
04/01/2026 03:59:09 PM | engine.py:906 Engine run starting with max_epochs=1.
04/01/2026 03:59:35 PM | engine.py:1010 Epoch[1] Complete. Time taken: 00:00:25.479
[Validator] Epoch 54 - val_loss: 3.781554
[BEST CHECKPOINT] Guardado/actualizado en: checkpoints\Mis_modelos\logl2 checkpoints\4stems\best_checkpoint_54_val_loss=-3.7816.pt
04/01/2026 03:59:35 PM | engine.py:1037 Engine run finished. Time taken: 00:00:25.489
[Epoch 54] train_loss=3.273722 | val_loss=3.781554
04/01/2026 03:59:35 PM | engine.py:1010 Epoch[54] Complete. Time taken: 00:00:47.229
04/01/2026 03:59:57 PM | engine.py:906 Engine run starting with max_epochs=1.
04/01/2026 04:00:23 PM | engine.py:1010 Epoch[1] Complete. Time taken: 00:00:26.257
[Validator] Epoch 55 - val_loss: 3.770525
[BEST CHECKPOINT] Guardado/actualizado en: checkpoints\Mis_modelos\logl2 checkpoints\4stems\best_checkpoint_55_val_loss=-3.7705.pt
04/01/2026 04:00:23 PM | engine.py:1037 Engine run finished. Time taken: 00:00:26.269
[Epoch 55] train_loss=3.242392 | val_loss=3.770525
04/01/2026 04:00:23 PM | engine.py:1010 Epoch[55] Complete. Time taken: 00:00:48.504
04/01/2026 04:00:44 PM | engine.py:906 Engine run starting with max_epochs=1.
04/01/2026 04:01:10 PM | engine.py:1010 Epoch[1] Complete. Time taken: 00:00:25.603
[Validator] Epoch 56 - val_loss: 3.758637
[BEST CHECKPOINT] Guardado/actualizado en: checkpoints\Mis_modelos\logl2 checkpoints\4stems\best_checkpoint_56_val_loss=-3.7586.pt
04/01/2026 04:01:10 PM | engine.py:1037 Engine run finished. Time taken: 00:00:25.612
[Epoch 56] train_loss=3.216796 | val_loss=3.758637
04/01/2026 04:01:10 PM | engine.py:1010 Epoch[56] Complete. Time taken: 00:00:46.852
04/01/2026 04:01:32 PM | engine.py:906 Engine run starting with max_epochs=1.
04/01/2026 04:01:58 PM | engine.py:1010 Epoch[1] Complete. Time taken: 00:00:25.596
[Validator] Epoch 57 - val_loss: 3.747036
[BEST CHECKPOINT] Guardado/actualizado en: checkpoints\Mis_modelos\logl2 checkpoints\4stems\best_checkpoint_57_val_loss=-3.7470.pt
04/01/2026 04:01:58 PM | engine.py:1037 Engine run finished. Time taken: 00:00:25.606
[Epoch 57] train_loss=3.063549 | val_loss=3.747036
04/01/2026 04:01:58 PM | engine.py:1010 Epoch[57] Complete. Time taken: 00:00:47.796
04/01/2026 04:02:21 PM | engine.py:906 Engine run starting with max_epochs=1.
04/01/2026 04:02:45 PM | engine.py:1010 Epoch[1] Complete. Time taken: 00:00:24.883
[Validator] Epoch 58 - val_loss: 3.737102
[BEST CHECKPOINT] Guardado/actualizado en: checkpoints\Mis_modelos\logl2 checkpoints\4stems\best_checkpoint_58_val_loss=-3.7371.pt
04/01/2026 04:02:45 PM | engine.py:1037 Engine run finished. Time taken: 00:00:24.892
[Epoch 58] train_loss=3.051664 | val_loss=3.737102
04/01/2026 04:02:45 PM | engine.py:1010 Epoch[58] Complete. Time taken: 00:00:47.607
04/01/2026 04:03:08 PM | engine.py:906 Engine run starting with max_epochs=1.
04/01/2026 04:03:33 PM | engine.py:1010 Epoch[1] Complete. Time taken: 00:00:25.186
[Validator] Epoch 59 - val_loss: 3.734132
[BEST CHECKPOINT] Guardado/actualizado en: checkpoints\Mis_modelos\logl2 checkpoints\4stems\best_checkpoint_59_val_loss=-3.7341.pt
04/01/2026 04:03:33 PM | engine.py:1037 Engine run finished. Time taken: 00:00:25.197
[Epoch 59] train_loss=3.108008 | val_loss=3.734132
04/01/2026 04:03:33 PM | engine.py:1010 Epoch[59] Complete. Time taken: 00:00:47.233
04/01/2026 04:03:54 PM | engine.py:906 Engine run starting with max_epochs=1.
04/01/2026 04:04:20 PM | engine.py:1010 Epoch[1] Complete. Time taken: 00:00:25.207
[Validator] Epoch 60 - val_loss: 3.732400
[BEST CHECKPOINT] Guardado/actualizado en: checkpoints\Mis_modelos\logl2 checkpoints\4stems\best_checkpoint_60_val_loss=-3.7324.pt
04/01/2026 04:04:20 PM | engine.py:1037 Engine run finished. Time taken: 00:00:25.219
[Epoch 60] train_loss=3.126334 | val_loss=3.732400
04/01/2026 04:04:20 PM | engine.py:1010 Epoch[60] Complete. Time taken: 00:00:46.889
04/01/2026 04:04:42 PM | engine.py:906 Engine run starting with max_epochs=1.
04/01/2026 04:05:07 PM | engine.py:1010 Epoch[1] Complete. Time taken: 00:00:25.272
[Validator] Epoch 61 - val_loss: 3.736150
[BEST CHECKPOINT] Guardado/actualizado en: checkpoints\Mis_modelos\logl2 checkpoints\4stems\best_checkpoint_60_val_loss=-3.7324.pt
04/01/2026 04:05:07 PM | engine.py:1037 Engine run finished. Time taken: 00:00:25.273
[Epoch 61] train_loss=2.994204 | val_loss=3.736150
04/01/2026 04:05:07 PM | engine.py:1010 Epoch[61] Complete. Time taken: 00:00:47.276
04/01/2026 04:05:28 PM | engine.py:906 Engine run starting with max_epochs=1.
04/01/2026 04:05:54 PM | engine.py:1010 Epoch[1] Complete. Time taken: 00:00:26.059
[Validator] Epoch 62 - val_loss: 3.721293
[BEST CHECKPOINT] Guardado/actualizado en: checkpoints\Mis_modelos\logl2 checkpoints\4stems\best_checkpoint_62_val_loss=-3.7213.pt
04/01/2026 04:05:54 PM | engine.py:1037 Engine run finished. Time taken: 00:00:26.069
[Epoch 62] train_loss=3.442535 | val_loss=3.721293
04/01/2026 04:05:54 PM | engine.py:1010 Epoch[62] Complete. Time taken: 00:00:47.340
04/01/2026 04:06:16 PM | engine.py:906 Engine run starting with max_epochs=1.
04/01/2026 04:06:42 PM | engine.py:1010 Epoch[1] Complete. Time taken: 00:00:25.580
[Validator] Epoch 63 - val_loss: 3.706973
[BEST CHECKPOINT] Guardado/actualizado en: checkpoints\Mis_modelos\logl2 checkpoints\4stems\best_checkpoint_63_val_loss=-3.7070.pt
04/01/2026 04:06:42 PM | engine.py:1037 Engine run finished. Time taken: 00:00:25.589
[Epoch 63] train_loss=3.033934 | val_loss=3.706973
04/01/2026 04:06:42 PM | engine.py:1010 Epoch[63] Complete. Time taken: 00:00:47.433
04/01/2026 04:07:04 PM | engine.py:906 Engine run starting with max_epochs=1.
04/01/2026 04:07:29 PM | engine.py:1010 Epoch[1] Complete. Time taken: 00:00:25.357
[Validator] Epoch 64 - val_loss: 3.685298
[BEST CHECKPOINT] Guardado/actualizado en: checkpoints\Mis_modelos\logl2 checkpoints\4stems\best_checkpoint_64_val_loss=-3.6853.pt
04/01/2026 04:07:29 PM | engine.py:1037 Engine run finished. Time taken: 00:00:25.368
[Epoch 64] train_loss=3.353996 | val_loss=3.685298
04/01/2026 04:07:29 PM | engine.py:1010 Epoch[64] Complete. Time taken: 00:00:47.482
04/01/2026 04:07:51 PM | engine.py:906 Engine run starting with max_epochs=1.
04/01/2026 04:08:16 PM | engine.py:1010 Epoch[1] Complete. Time taken: 00:00:25.532
[Validator] Epoch 65 - val_loss: 3.661979
[BEST CHECKPOINT] Guardado/actualizado en: checkpoints\Mis_modelos\logl2 checkpoints\4stems\best_checkpoint_65_val_loss=-3.6620.pt
04/01/2026 04:08:16 PM | engine.py:1037 Engine run finished. Time taken: 00:00:25.542
[Epoch 65] train_loss=2.844302 | val_loss=3.661979
04/01/2026 04:08:16 PM | engine.py:1010 Epoch[65] Complete. Time taken: 00:00:47.309
04/01/2026 04:08:38 PM | engine.py:906 Engine run starting with max_epochs=1.
04/01/2026 04:09:03 PM | engine.py:1010 Epoch[1] Complete. Time taken: 00:00:25.234
[Validator] Epoch 66 - val_loss: 3.638551
[BEST CHECKPOINT] Guardado/actualizado en: checkpoints\Mis_modelos\logl2 checkpoints\4stems\best_checkpoint_66_val_loss=-3.6386.pt
04/01/2026 04:09:03 PM | engine.py:1037 Engine run finished. Time taken: 00:00:25.247
[Epoch 66] train_loss=3.043791 | val_loss=3.638551
04/01/2026 04:09:03 PM | engine.py:1010 Epoch[66] Complete. Time taken: 00:00:46.662
04/01/2026 04:09:25 PM | engine.py:906 Engine run starting with max_epochs=1.
04/01/2026 04:09:50 PM | engine.py:1010 Epoch[1] Complete. Time taken: 00:00:24.963
[Validator] Epoch 67 - val_loss: 3.619239
[BEST CHECKPOINT] Guardado/actualizado en: checkpoints\Mis_modelos\logl2 checkpoints\4stems\best_checkpoint_67_val_loss=-3.6192.pt
04/01/2026 04:09:50 PM | engine.py:1037 Engine run finished. Time taken: 00:00:24.973
[Epoch 67] train_loss=2.923891 | val_loss=3.619239
04/01/2026 04:09:50 PM | engine.py:1010 Epoch[67] Complete. Time taken: 00:00:47.065
04/01/2026 04:10:12 PM | engine.py:906 Engine run starting with max_epochs=1.
04/01/2026 04:10:37 PM | engine.py:1010 Epoch[1] Complete. Time taken: 00:00:25.048
[Validator] Epoch 68 - val_loss: 3.603216
[BEST CHECKPOINT] Guardado/actualizado en: checkpoints\Mis_modelos\logl2 checkpoints\4stems\best_checkpoint_68_val_loss=-3.6032.pt
04/01/2026 04:10:37 PM | engine.py:1037 Engine run finished. Time taken: 00:00:25.060
[Epoch 68] train_loss=3.205003 | val_loss=3.603216
04/01/2026 04:10:37 PM | engine.py:1010 Epoch[68] Complete. Time taken: 00:00:46.553
04/01/2026 04:10:59 PM | engine.py:906 Engine run starting with max_epochs=1.
04/01/2026 04:11:23 PM | engine.py:1010 Epoch[1] Complete. Time taken: 00:00:24.832
[Validator] Epoch 69 - val_loss: 3.588505
[BEST CHECKPOINT] Guardado/actualizado en: checkpoints\Mis_modelos\logl2 checkpoints\4stems\best_checkpoint_69_val_loss=-3.5885.pt
04/01/2026 04:11:23 PM | engine.py:1037 Engine run finished. Time taken: 00:00:24.842
[Epoch 69] train_loss=2.805274 | val_loss=3.588505
04/01/2026 04:11:23 PM | engine.py:1010 Epoch[69] Complete. Time taken: 00:00:46.785
04/01/2026 04:11:45 PM | engine.py:906 Engine run starting with max_epochs=1.
04/01/2026 04:12:11 PM | engine.py:1010 Epoch[1] Complete. Time taken: 00:00:26.345
[Validator] Epoch 70 - val_loss: 3.569770
[BEST CHECKPOINT] Guardado/actualizado en: checkpoints\Mis_modelos\logl2 checkpoints\4stems\best_checkpoint_70_val_loss=-3.5698.pt
04/01/2026 04:12:11 PM | engine.py:1037 Engine run finished. Time taken: 00:00:26.354
[Epoch 70] train_loss=3.078439 | val_loss=3.569770
04/01/2026 04:12:11 PM | engine.py:1010 Epoch[70] Complete. Time taken: 00:00:47.518
04/01/2026 04:12:33 PM | engine.py:906 Engine run starting with max_epochs=1.
04/01/2026 04:12:58 PM | engine.py:1010 Epoch[1] Complete. Time taken: 00:00:25.138
[Validator] Epoch 71 - val_loss: 3.550940
[BEST CHECKPOINT] Guardado/actualizado en: checkpoints\Mis_modelos\logl2 checkpoints\4stems\best_checkpoint_71_val_loss=-3.5509.pt
04/01/2026 04:12:58 PM | engine.py:1037 Engine run finished. Time taken: 00:00:25.147
[Epoch 71] train_loss=2.626113 | val_loss=3.550940
04/01/2026 04:12:58 PM | engine.py:1010 Epoch[71] Complete. Time taken: 00:00:47.041
04/01/2026 04:13:20 PM | engine.py:906 Engine run starting with max_epochs=1.
04/01/2026 04:13:45 PM | engine.py:1010 Epoch[1] Complete. Time taken: 00:00:25.312
[Validator] Epoch 72 - val_loss: 3.540033
[BEST CHECKPOINT] Guardado/actualizado en: checkpoints\Mis_modelos\logl2 checkpoints\4stems\best_checkpoint_72_val_loss=-3.5400.pt
04/01/2026 04:13:45 PM | engine.py:1037 Engine run finished. Time taken: 00:00:25.324
[Epoch 72] train_loss=2.456909 | val_loss=3.540033
04/01/2026 04:13:45 PM | engine.py:1010 Epoch[72] Complete. Time taken: 00:00:47.036
04/01/2026 04:14:07 PM | engine.py:906 Engine run starting with max_epochs=1.
04/01/2026 04:14:33 PM | engine.py:1010 Epoch[1] Complete. Time taken: 00:00:25.322
[Validator] Epoch 73 - val_loss: 3.527907
[BEST CHECKPOINT] Guardado/actualizado en: checkpoints\Mis_modelos\logl2 checkpoints\4stems\best_checkpoint_73_val_loss=-3.5279.pt
04/01/2026 04:14:33 PM | engine.py:1037 Engine run finished. Time taken: 00:00:25.333
[Epoch 73] train_loss=2.797095 | val_loss=3.527907
04/01/2026 04:14:33 PM | engine.py:1010 Epoch[73] Complete. Time taken: 00:00:47.634
04/01/2026 04:14:55 PM | engine.py:906 Engine run starting with max_epochs=1.
04/01/2026 04:15:19 PM | engine.py:1010 Epoch[1] Complete. Time taken: 00:00:24.826
[Validator] Epoch 74 - val_loss: 3.510893
[BEST CHECKPOINT] Guardado/actualizado en: checkpoints\Mis_modelos\logl2 checkpoints\4stems\best_checkpoint_74_val_loss=-3.5109.pt
04/01/2026 04:15:19 PM | engine.py:1037 Engine run finished. Time taken: 00:00:24.838
[Epoch 74] train_loss=2.657200 | val_loss=3.510893
04/01/2026 04:15:19 PM | engine.py:1010 Epoch[74] Complete. Time taken: 00:00:46.676
04/01/2026 04:15:41 PM | engine.py:906 Engine run starting with max_epochs=1.
04/01/2026 04:16:07 PM | engine.py:1010 Epoch[1] Complete. Time taken: 00:00:25.535
[Validator] Epoch 75 - val_loss: 3.517065
[BEST CHECKPOINT] Guardado/actualizado en: checkpoints\Mis_modelos\logl2 checkpoints\4stems\best_checkpoint_74_val_loss=-3.5109.pt
04/01/2026 04:16:07 PM | engine.py:1037 Engine run finished. Time taken: 00:00:25.537
[Epoch 75] train_loss=3.175163 | val_loss=3.517065
04/01/2026 04:16:07 PM | engine.py:1010 Epoch[75] Complete. Time taken: 00:00:47.250
04/01/2026 04:16:29 PM | engine.py:906 Engine run starting with max_epochs=1.
04/01/2026 04:16:54 PM | engine.py:1010 Epoch[1] Complete. Time taken: 00:00:25.514
[Validator] Epoch 76 - val_loss: 3.521116
[BEST CHECKPOINT] Guardado/actualizado en: checkpoints\Mis_modelos\logl2 checkpoints\4stems\best_checkpoint_74_val_loss=-3.5109.pt
04/01/2026 04:16:54 PM | engine.py:1037 Engine run finished. Time taken: 00:00:25.515
[Epoch 76] train_loss=2.786621 | val_loss=3.521116
04/01/2026 04:16:54 PM | engine.py:1010 Epoch[76] Complete. Time taken: 00:00:47.388
04/01/2026 04:17:16 PM | engine.py:906 Engine run starting with max_epochs=1.
04/01/2026 04:17:41 PM | engine.py:1010 Epoch[1] Complete. Time taken: 00:00:25.320
[Validator] Epoch 77 - val_loss: 3.498734
[BEST CHECKPOINT] Guardado/actualizado en: checkpoints\Mis_modelos\logl2 checkpoints\4stems\best_checkpoint_77_val_loss=-3.4987.pt
04/01/2026 04:17:41 PM | engine.py:1037 Engine run finished. Time taken: 00:00:25.329
[Epoch 77] train_loss=3.101169 | val_loss=3.498734
04/01/2026 04:17:41 PM | engine.py:1010 Epoch[77] Complete. Time taken: 00:00:47.094
04/01/2026 04:18:03 PM | engine.py:906 Engine run starting with max_epochs=1.
04/01/2026 04:18:28 PM | engine.py:1010 Epoch[1] Complete. Time taken: 00:00:25.432
[Validator] Epoch 78 - val_loss: 3.476937
[BEST CHECKPOINT] Guardado/actualizado en: checkpoints\Mis_modelos\logl2 checkpoints\4stems\best_checkpoint_78_val_loss=-3.4769.pt
04/01/2026 04:18:28 PM | engine.py:1037 Engine run finished. Time taken: 00:00:25.443
[Epoch 78] train_loss=2.980210 | val_loss=3.476937
04/01/2026 04:18:28 PM | engine.py:1010 Epoch[78] Complete. Time taken: 00:00:46.957
04/01/2026 04:18:50 PM | engine.py:906 Engine run starting with max_epochs=1.
04/01/2026 04:19:15 PM | engine.py:1010 Epoch[1] Complete. Time taken: 00:00:25.608
[Validator] Epoch 79 - val_loss: 3.455347
[BEST CHECKPOINT] Guardado/actualizado en: checkpoints\Mis_modelos\logl2 checkpoints\4stems\best_checkpoint_79_val_loss=-3.4553.pt
04/01/2026 04:19:15 PM | engine.py:1037 Engine run finished. Time taken: 00:00:25.620
[Epoch 79] train_loss=3.029001 | val_loss=3.455347
04/01/2026 04:19:15 PM | engine.py:1010 Epoch[79] Complete. Time taken: 00:00:47.406
04/01/2026 04:19:37 PM | engine.py:906 Engine run starting with max_epochs=1.
04/01/2026 04:20:03 PM | engine.py:1010 Epoch[1] Complete. Time taken: 00:00:25.458
[Validator] Epoch 80 - val_loss: 3.411776
[BEST CHECKPOINT] Guardado/actualizado en: checkpoints\Mis_modelos\logl2 checkpoints\4stems\best_checkpoint_80_val_loss=-3.4118.pt
04/01/2026 04:20:03 PM | engine.py:1037 Engine run finished. Time taken: 00:00:25.469
[Epoch 80] train_loss=2.904015 | val_loss=3.411776
04/01/2026 04:20:03 PM | engine.py:1010 Epoch[80] Complete. Time taken: 00:00:47.466
04/01/2026 04:20:25 PM | engine.py:906 Engine run starting with max_epochs=1.
04/01/2026 04:20:50 PM | engine.py:1010 Epoch[1] Complete. Time taken: 00:00:25.244
[Validator] Epoch 81 - val_loss: 3.386821
[BEST CHECKPOINT] Guardado/actualizado en: checkpoints\Mis_modelos\logl2 checkpoints\4stems\best_checkpoint_81_val_loss=-3.3868.pt
04/01/2026 04:20:50 PM | engine.py:1037 Engine run finished. Time taken: 00:00:25.254
[Epoch 81] train_loss=2.890065 | val_loss=3.386821
04/01/2026 04:20:50 PM | engine.py:1010 Epoch[81] Complete. Time taken: 00:00:46.933
04/01/2026 04:21:12 PM | engine.py:906 Engine run starting with max_epochs=1.
04/01/2026 04:21:37 PM | engine.py:1010 Epoch[1] Complete. Time taken: 00:00:25.653
[Validator] Epoch 82 - val_loss: 3.366621
[BEST CHECKPOINT] Guardado/actualizado en: checkpoints\Mis_modelos\logl2 checkpoints\4stems\best_checkpoint_82_val_loss=-3.3666.pt
04/01/2026 04:21:37 PM | engine.py:1037 Engine run finished. Time taken: 00:00:25.666
[Epoch 82] train_loss=2.858495 | val_loss=3.366621
04/01/2026 04:21:37 PM | engine.py:1010 Epoch[82] Complete. Time taken: 00:00:47.275
04/01/2026 04:21:59 PM | engine.py:906 Engine run starting with max_epochs=1.
04/01/2026 04:22:24 PM | engine.py:1010 Epoch[1] Complete. Time taken: 00:00:25.142
[Validator] Epoch 83 - val_loss: 3.349605
[BEST CHECKPOINT] Guardado/actualizado en: checkpoints\Mis_modelos\logl2 checkpoints\4stems\best_checkpoint_83_val_loss=-3.3496.pt
04/01/2026 04:22:24 PM | engine.py:1037 Engine run finished. Time taken: 00:00:25.154
[Epoch 83] train_loss=2.707259 | val_loss=3.349605
04/01/2026 04:22:24 PM | engine.py:1010 Epoch[83] Complete. Time taken: 00:00:46.557
04/01/2026 04:22:45 PM | engine.py:906 Engine run starting with max_epochs=1.
04/01/2026 04:23:10 PM | engine.py:1010 Epoch[1] Complete. Time taken: 00:00:25.235
[Validator] Epoch 84 - val_loss: 3.322735
[BEST CHECKPOINT] Guardado/actualizado en: checkpoints\Mis_modelos\logl2 checkpoints\4stems\best_checkpoint_84_val_loss=-3.3227.pt
04/01/2026 04:23:10 PM | engine.py:1037 Engine run finished. Time taken: 00:00:25.245
[Epoch 84] train_loss=2.819291 | val_loss=3.322735
04/01/2026 04:23:10 PM | engine.py:1010 Epoch[84] Complete. Time taken: 00:00:46.747
04/01/2026 04:23:32 PM | engine.py:906 Engine run starting with max_epochs=1.
04/01/2026 04:23:58 PM | engine.py:1010 Epoch[1] Complete. Time taken: 00:00:25.550
[Validator] Epoch 85 - val_loss: 3.306918
[BEST CHECKPOINT] Guardado/actualizado en: checkpoints\Mis_modelos\logl2 checkpoints\4stems\best_checkpoint_85_val_loss=-3.3069.pt
04/01/2026 04:23:58 PM | engine.py:1037 Engine run finished. Time taken: 00:00:25.561
[Epoch 85] train_loss=2.852030 | val_loss=3.306918
04/01/2026 04:23:58 PM | engine.py:1010 Epoch[85] Complete. Time taken: 00:00:47.258
04/01/2026 04:24:20 PM | engine.py:906 Engine run starting with max_epochs=1.
04/01/2026 04:24:45 PM | engine.py:1010 Epoch[1] Complete. Time taken: 00:00:25.026
[Validator] Epoch 86 - val_loss: 3.293822
[BEST CHECKPOINT] Guardado/actualizado en: checkpoints\Mis_modelos\logl2 checkpoints\4stems\best_checkpoint_86_val_loss=-3.2938.pt
04/01/2026 04:24:45 PM | engine.py:1037 Engine run finished. Time taken: 00:00:25.037
[Epoch 86] train_loss=2.905413 | val_loss=3.293822
04/01/2026 04:24:45 PM | engine.py:1010 Epoch[86] Complete. Time taken: 00:00:47.188
04/01/2026 04:25:07 PM | engine.py:906 Engine run starting with max_epochs=1.
04/01/2026 04:25:32 PM | engine.py:1010 Epoch[1] Complete. Time taken: 00:00:25.505
[Validator] Epoch 87 - val_loss: 3.288103
[BEST CHECKPOINT] Guardado/actualizado en: checkpoints\Mis_modelos\logl2 checkpoints\4stems\best_checkpoint_87_val_loss=-3.2881.pt
04/01/2026 04:25:32 PM | engine.py:1037 Engine run finished. Time taken: 00:00:25.515
[Epoch 87] train_loss=2.600591 | val_loss=3.288103
04/01/2026 04:25:32 PM | engine.py:1010 Epoch[87] Complete. Time taken: 00:00:47.488
04/01/2026 04:25:54 PM | engine.py:906 Engine run starting with max_epochs=1.
04/01/2026 04:26:20 PM | engine.py:1010 Epoch[1] Complete. Time taken: 00:00:25.898
[Validator] Epoch 88 - val_loss: 3.273987
[BEST CHECKPOINT] Guardado/actualizado en: checkpoints\Mis_modelos\logl2 checkpoints\4stems\best_checkpoint_88_val_loss=-3.2740.pt
04/01/2026 04:26:20 PM | engine.py:1037 Engine run finished. Time taken: 00:00:25.907
[Epoch 88] train_loss=2.855945 | val_loss=3.273987
04/01/2026 04:26:20 PM | engine.py:1010 Epoch[88] Complete. Time taken: 00:00:47.337
04/01/2026 04:26:41 PM | engine.py:906 Engine run starting with max_epochs=1.
04/01/2026 04:27:06 PM | engine.py:1010 Epoch[1] Complete. Time taken: 00:00:24.745
[Validator] Epoch 89 - val_loss: 3.266786
[BEST CHECKPOINT] Guardado/actualizado en: checkpoints\Mis_modelos\logl2 checkpoints\4stems\best_checkpoint_89_val_loss=-3.2668.pt
04/01/2026 04:27:06 PM | engine.py:1037 Engine run finished. Time taken: 00:00:24.754
[Epoch 89] train_loss=2.487338 | val_loss=3.266786
04/01/2026 04:27:06 PM | engine.py:1010 Epoch[89] Complete. Time taken: 00:00:45.923
04/01/2026 04:27:27 PM | engine.py:906 Engine run starting with max_epochs=1.
04/01/2026 04:27:52 PM | engine.py:1010 Epoch[1] Complete. Time taken: 00:00:24.696
[Validator] Epoch 90 - val_loss: 3.268536
[BEST CHECKPOINT] Guardado/actualizado en: checkpoints\Mis_modelos\logl2 checkpoints\4stems\best_checkpoint_89_val_loss=-3.2668.pt
04/01/2026 04:27:52 PM | engine.py:1037 Engine run finished. Time taken: 00:00:24.697
[Epoch 90] train_loss=2.350077 | val_loss=3.268536
04/01/2026 04:27:52 PM | engine.py:1010 Epoch[90] Complete. Time taken: 00:00:46.249
04/01/2026 04:28:13 PM | engine.py:906 Engine run starting with max_epochs=1.
04/01/2026 04:28:39 PM | engine.py:1010 Epoch[1] Complete. Time taken: 00:00:25.844
[Validator] Epoch 91 - val_loss: 3.257939
[BEST CHECKPOINT] Guardado/actualizado en: checkpoints\Mis_modelos\logl2 checkpoints\4stems\best_checkpoint_91_val_loss=-3.2579.pt
04/01/2026 04:28:39 PM | engine.py:1037 Engine run finished. Time taken: 00:00:25.855
[Epoch 91] train_loss=2.595456 | val_loss=3.257939
04/01/2026 04:28:39 PM | engine.py:1010 Epoch[91] Complete. Time taken: 00:00:47.165
04/01/2026 04:29:01 PM | engine.py:906 Engine run starting with max_epochs=1.
04/01/2026 04:29:30 PM | engine.py:1010 Epoch[1] Complete. Time taken: 00:00:28.398
[Validator] Epoch 92 - val_loss: 3.220988
[BEST CHECKPOINT] Guardado/actualizado en: checkpoints\Mis_modelos\logl2 checkpoints\4stems\best_checkpoint_92_val_loss=-3.2210.pt
04/01/2026 04:29:30 PM | engine.py:1037 Engine run finished. Time taken: 00:00:28.410
[Epoch 92] train_loss=2.585185 | val_loss=3.220988
04/01/2026 04:29:30 PM | engine.py:1010 Epoch[92] Complete. Time taken: 00:00:50.527
04/01/2026 04:29:52 PM | engine.py:906 Engine run starting with max_epochs=1.
04/01/2026 04:30:18 PM | engine.py:1010 Epoch[1] Complete. Time taken: 00:00:25.746
[Validator] Epoch 93 - val_loss: 3.213150
[BEST CHECKPOINT] Guardado/actualizado en: checkpoints\Mis_modelos\logl2 checkpoints\4stems\best_checkpoint_93_val_loss=-3.2132.pt
04/01/2026 04:30:18 PM | engine.py:1037 Engine run finished. Time taken: 00:00:25.755
[Epoch 93] train_loss=2.635951 | val_loss=3.213150
04/01/2026 04:30:18 PM | engine.py:1010 Epoch[93] Complete. Time taken: 00:00:47.914
04/01/2026 04:30:40 PM | engine.py:906 Engine run starting with max_epochs=1.
04/01/2026 04:31:05 PM | engine.py:1010 Epoch[1] Complete. Time taken: 00:00:25.651
[Validator] Epoch 94 - val_loss: 3.182198
[BEST CHECKPOINT] Guardado/actualizado en: checkpoints\Mis_modelos\logl2 checkpoints\4stems\best_checkpoint_94_val_loss=-3.1822.pt
04/01/2026 04:31:05 PM | engine.py:1037 Engine run finished. Time taken: 00:00:25.663
[Epoch 94] train_loss=2.559602 | val_loss=3.182198
04/01/2026 04:31:05 PM | engine.py:1010 Epoch[94] Complete. Time taken: 00:00:47.657
04/01/2026 04:31:27 PM | engine.py:906 Engine run starting with max_epochs=1.
04/01/2026 04:31:52 PM | engine.py:1010 Epoch[1] Complete. Time taken: 00:00:25.420
[Validator] Epoch 95 - val_loss: 3.166350
[BEST CHECKPOINT] Guardado/actualizado en: checkpoints\Mis_modelos\logl2 checkpoints\4stems\best_checkpoint_95_val_loss=-3.1663.pt
04/01/2026 04:31:52 PM | engine.py:1037 Engine run finished. Time taken: 00:00:25.431
[Epoch 95] train_loss=2.529307 | val_loss=3.166350
04/01/2026 04:31:52 PM | engine.py:1010 Epoch[95] Complete. Time taken: 00:00:47.068
04/01/2026 04:32:14 PM | engine.py:906 Engine run starting with max_epochs=1.
04/01/2026 04:32:40 PM | engine.py:1010 Epoch[1] Complete. Time taken: 00:00:25.237
[Validator] Epoch 96 - val_loss: 3.146329
[BEST CHECKPOINT] Guardado/actualizado en: checkpoints\Mis_modelos\logl2 checkpoints\4stems\best_checkpoint_96_val_loss=-3.1463.pt
04/01/2026 04:32:40 PM | engine.py:1037 Engine run finished. Time taken: 00:00:25.247
[Epoch 96] train_loss=2.820316 | val_loss=3.146329
04/01/2026 04:32:40 PM | engine.py:1010 Epoch[96] Complete. Time taken: 00:00:47.398
04/01/2026 04:33:01 PM | engine.py:906 Engine run starting with max_epochs=1.
04/01/2026 04:33:27 PM | engine.py:1010 Epoch[1] Complete. Time taken: 00:00:25.629
[Validator] Epoch 97 - val_loss: 3.135221
[BEST CHECKPOINT] Guardado/actualizado en: checkpoints\Mis_modelos\logl2 checkpoints\4stems\best_checkpoint_97_val_loss=-3.1352.pt
04/01/2026 04:33:27 PM | engine.py:1037 Engine run finished. Time taken: 00:00:25.641
[Epoch 97] train_loss=2.564615 | val_loss=3.135221
04/01/2026 04:33:27 PM | engine.py:1010 Epoch[97] Complete. Time taken: 00:00:46.862
04/01/2026 04:33:48 PM | engine.py:906 Engine run starting with max_epochs=1.
04/01/2026 04:34:14 PM | engine.py:1010 Epoch[1] Complete. Time taken: 00:00:25.537
[Validator] Epoch 98 - val_loss: 3.118262
[BEST CHECKPOINT] Guardado/actualizado en: checkpoints\Mis_modelos\logl2 checkpoints\4stems\best_checkpoint_98_val_loss=-3.1183.pt
04/01/2026 04:34:14 PM | engine.py:1037 Engine run finished. Time taken: 00:00:25.547
[Epoch 98] train_loss=2.424084 | val_loss=3.118262
04/01/2026 04:34:14 PM | engine.py:1010 Epoch[98] Complete. Time taken: 00:00:47.056
04/01/2026 04:34:35 PM | engine.py:906 Engine run starting with max_epochs=1.
04/01/2026 04:35:01 PM | engine.py:1010 Epoch[1] Complete. Time taken: 00:00:25.606
[Validator] Epoch 99 - val_loss: 3.109740
[BEST CHECKPOINT] Guardado/actualizado en: checkpoints\Mis_modelos\logl2 checkpoints\4stems\best_checkpoint_99_val_loss=-3.1097.pt
04/01/2026 04:35:01 PM | engine.py:1037 Engine run finished. Time taken: 00:00:25.616
[Epoch 99] train_loss=2.284537 | val_loss=3.109740
04/01/2026 04:35:01 PM | engine.py:1010 Epoch[99] Complete. Time taken: 00:00:47.170
04/01/2026 04:35:22 PM | engine.py:906 Engine run starting with max_epochs=1.
04/01/2026 04:35:47 PM | engine.py:1010 Epoch[1] Complete. Time taken: 00:00:25.226
[Validator] Epoch 100 - val_loss: 3.112109
[BEST CHECKPOINT] Guardado/actualizado en: checkpoints\Mis_modelos\logl2 checkpoints\4stems\best_checkpoint_99_val_loss=-3.1097.pt
04/01/2026 04:35:47 PM | engine.py:1037 Engine run finished. Time taken: 00:00:25.227
[Epoch 100] train_loss=2.665924 | val_loss=3.112109
04/01/2026 04:35:47 PM | engine.py:1010 Epoch[100] Complete. Time taken: 00:00:46.497
04/01/2026 04:35:47 PM | engine.py:1037 Engine run finished. Time taken: 01:19:45.733
[LOADING BEST MODEL] Cargando mejor checkpoint desde: checkpoints\Mis_modelos\logl2 checkpoints\4stems\best_checkpoint_99_val_loss=-3.1097.pt
C:\Users\rdpuser\TFG_Identificaci-n-de-voces-e-instrumentos-en-una-obra-musical\pipeline\train.py:326: FutureWarning: You are using `torch.load` with `weights_only=False` (the current default value), which uses the default pickle module implicitly. It is possible to construct malicious pickle data which will execute arbitrary code during unpickling (See https://github.com/pytorch/pytorch/blob/main/SECURITY.md#untrusted-models for more details). In a future release, the default value for `weights_only` will be flipped to `True`. This limits the functions that could be executed during unpickling. Arbitrary objects will no longer be allowed to be loaded via this mode unless they are explicitly allowlisted by the user via `torch.serialization.add_safe_globals`. We recommend you start setting `weights_only=True` for any use case where you don't have full control of the loaded file. Please open an issue on GitHub for any issues related to this experimental feature.
  checkpoint = torch.load(best_checkpoint_path, map_location=device)
