C:\Users\rdpuser\miniconda3\envs\tfg_py310\lib\site-packages\ignite\handlers\checkpoint.py:16: DeprecationWarning: `TorchScript` support for functional optimizers is deprecated and will be removed in a future PyTorch release. Consider using the `torch.compile` optimizer instead.
  from torch.distributed.optim import ZeroRedundancyOptimizer
Usando dispositivo: cuda
Using device: cuda | nf=257 | channels=1 | hidden=50 | stems=4 | loss=lpsa_phase
GA: actual_batch=24 | accum_steps=5 | effective_batch_real=120
04/22/2026 10:23:34 AM | engine.py:906 Engine run starting with max_epochs=100.
C:\Users\rdpuser\miniconda3\envs\tfg_py310\lib\site-packages\ignite\handlers\checkpoint.py:16: DeprecationWarning: `TorchScript` support for functional optimizers is deprecated and will be removed in a future PyTorch release. Consider using the `torch.compile` optimizer instead.
  from torch.distributed.optim import ZeroRedundancyOptimizer
C:\Users\rdpuser\miniconda3\envs\tfg_py310\lib\site-packages\torch\nn\modules\module.py:1326: UserWarning: expandable_segments not supported on this platform (Triggered internally at C:\actions-runner\_work\pytorch\pytorch\builder\windows\pytorch\c10/cuda/CUDAAllocatorConfig.h:28.)
  return t.to(
C:\Users\rdpuser\miniconda3\envs\tfg_py310\lib\site-packages\ignite\handlers\checkpoint.py:16: DeprecationWarning: `TorchScript` support for functional optimizers is deprecated and will be removed in a future PyTorch release. Consider using the `torch.compile` optimizer instead.
  from torch.distributed.optim import ZeroRedundancyOptimizer
C:\Users\rdpuser\miniconda3\envs\tfg_py310\lib\site-packages\torch\nn\modules\module.py:1326: UserWarning: expandable_segments not supported on this platform (Triggered internally at C:\actions-runner\_work\pytorch\pytorch\builder\windows\pytorch\c10/cuda/CUDAAllocatorConfig.h:28.)
  return t.to(
C:\Users\rdpuser\miniconda3\envs\tfg_py310\lib\site-packages\ignite\handlers\checkpoint.py:16: DeprecationWarning: `TorchScript` support for functional optimizers is deprecated and will be removed in a future PyTorch release. Consider using the `torch.compile` optimizer instead.
  from torch.distributed.optim import ZeroRedundancyOptimizer
C:\Users\rdpuser\miniconda3\envs\tfg_py310\lib\site-packages\torch\nn\modules\module.py:1326: UserWarning: expandable_segments not supported on this platform (Triggered internally at C:\actions-runner\_work\pytorch\pytorch\builder\windows\pytorch\c10/cuda/CUDAAllocatorConfig.h:28.)
  return t.to(
C:\Users\rdpuser\miniconda3\envs\tfg_py310\lib\site-packages\ignite\handlers\checkpoint.py:16: DeprecationWarning: `TorchScript` support for functional optimizers is deprecated and will be removed in a future PyTorch release. Consider using the `torch.compile` optimizer instead.
  from torch.distributed.optim import ZeroRedundancyOptimizer
C:\Users\rdpuser\miniconda3\envs\tfg_py310\lib\site-packages\torch\nn\modules\module.py:1326: UserWarning: expandable_segments not supported on this platform (Triggered internally at C:\actions-runner\_work\pytorch\pytorch\builder\windows\pytorch\c10/cuda/CUDAAllocatorConfig.h:28.)
  return t.to(
04/22/2026 10:24:14 AM | engine.py:1149 Current run is terminating due to exception: Caught RuntimeError in DataLoader worker process 0.
Original Traceback (most recent call last):
  File "C:\Users\rdpuser\miniconda3\envs\tfg_py310\lib\site-packages\torch\utils\data\_utils\worker.py", line 351, in _worker_loop
    data = fetcher.fetch(index)  # type: ignore[possibly-undefined]
  File "C:\Users\rdpuser\miniconda3\envs\tfg_py310\lib\site-packages\torch\utils\data\_utils\fetch.py", line 52, in fetch
    data = [self.dataset[idx] for idx in possibly_batched_index]
  File "C:\Users\rdpuser\miniconda3\envs\tfg_py310\lib\site-packages\torch\utils\data\_utils\fetch.py", line 52, in <listcomp>
    data = [self.dataset[idx] for idx in possibly_batched_index]
  File "C:\Users\rdpuser\miniconda3\envs\tfg_py310\lib\site-packages\nussl\datasets\base_dataset.py", line 231, in __getitem__
    data = self.transform(data)
  File "C:\Users\rdpuser\miniconda3\envs\tfg_py310\lib\site-packages\nussl\datasets\transforms.py", line 795, in __call__
    data = t(data)
  File "C:\Users\rdpuser\TFG_Identificaci-n-de-voces-e-instrumentos-en-una-obra-musical\data\data_loader.py", line 53, in __call__
    source_tensor = torch.tensor(source_audio).mean(dim=0, keepdim=True)
RuntimeError: Could not infer dtype of AudioSignal

04/22/2026 10:24:14 AM | engine.py:1041 Engine run is terminating due to exception: Caught RuntimeError in DataLoader worker process 0.
Original Traceback (most recent call last):
  File "C:\Users\rdpuser\miniconda3\envs\tfg_py310\lib\site-packages\torch\utils\data\_utils\worker.py", line 351, in _worker_loop
    data = fetcher.fetch(index)  # type: ignore[possibly-undefined]
  File "C:\Users\rdpuser\miniconda3\envs\tfg_py310\lib\site-packages\torch\utils\data\_utils\fetch.py", line 52, in fetch
    data = [self.dataset[idx] for idx in possibly_batched_index]
  File "C:\Users\rdpuser\miniconda3\envs\tfg_py310\lib\site-packages\torch\utils\data\_utils\fetch.py", line 52, in <listcomp>
    data = [self.dataset[idx] for idx in possibly_batched_index]
  File "C:\Users\rdpuser\miniconda3\envs\tfg_py310\lib\site-packages\nussl\datasets\base_dataset.py", line 231, in __getitem__
    data = self.transform(data)
  File "C:\Users\rdpuser\miniconda3\envs\tfg_py310\lib\site-packages\nussl\datasets\transforms.py", line 795, in __call__
    data = t(data)
  File "C:\Users\rdpuser\TFG_Identificaci-n-de-voces-e-instrumentos-en-una-obra-musical\data\data_loader.py", line 53, in __call__
    source_tensor = torch.tensor(source_audio).mean(dim=0, keepdim=True)
RuntimeError: Could not infer dtype of AudioSignal

Training model with training mixes in: C:\Users\rdpuser\TFG_Identificaci-n-de-voces-e-instrumentos-en-una-obra-musical\datasets\mix_generation\foreground_train
Validating data with validation mixes in: C:\Users\rdpuser\TFG_Identificaci-n-de-voces-e-instrumentos-en-una-obra-musical\datasets\mix_generation\foreground_valid
[DEBUG] Num de sources: 4
[DEBUG] Pipeline de 4 fuentes
Traceback (most recent call last):
  File "C:\Users\rdpuser\TFG_Identificaci-n-de-voces-e-instrumentos-en-una-obra-musical\main.py", line 103, in <module>
    main()
  File "C:\Users\rdpuser\TFG_Identificaci-n-de-voces-e-instrumentos-en-una-obra-musical\main.py", line 42, in main
    training()
  File "C:\Users\rdpuser\TFG_Identificaci-n-de-voces-e-instrumentos-en-una-obra-musical\pipeline\train.py", line 336, in training
    trainer.run(
  File "C:\Users\rdpuser\miniconda3\envs\tfg_py310\lib\site-packages\ignite\engine\engine.py", line 924, in run
    return self._internal_run()
  File "C:\Users\rdpuser\miniconda3\envs\tfg_py310\lib\site-packages\ignite\engine\engine.py", line 967, in _internal_run
    return next(self._internal_run_generator)
  File "C:\Users\rdpuser\miniconda3\envs\tfg_py310\lib\site-packages\ignite\engine\engine.py", line 1042, in _internal_run_as_gen
    self._handle_exception(e)
  File "C:\Users\rdpuser\miniconda3\envs\tfg_py310\lib\site-packages\ignite\engine\engine.py", line 679, in _handle_exception
    raise e
  File "C:\Users\rdpuser\miniconda3\envs\tfg_py310\lib\site-packages\ignite\engine\engine.py", line 991, in _internal_run_as_gen
    epoch_time_taken += yield from self._run_once_on_dataset_as_gen()
  File "C:\Users\rdpuser\miniconda3\envs\tfg_py310\lib\site-packages\ignite\engine\engine.py", line 1150, in _run_once_on_dataset_as_gen
    self._handle_exception(e)
  File "C:\Users\rdpuser\miniconda3\envs\tfg_py310\lib\site-packages\ignite\engine\engine.py", line 679, in _handle_exception
    raise e
  File "C:\Users\rdpuser\miniconda3\envs\tfg_py310\lib\site-packages\ignite\engine\engine.py", line 1085, in _run_once_on_dataset_as_gen
    self.state.batch = next(self._dataloader_iter)
  File "C:\Users\rdpuser\miniconda3\envs\tfg_py310\lib\site-packages\torch\utils\data\dataloader.py", line 701, in __next__
    data = self._next_data()
  File "C:\Users\rdpuser\miniconda3\envs\tfg_py310\lib\site-packages\torch\utils\data\dataloader.py", line 1465, in _next_data
    return self._process_data(data)
  File "C:\Users\rdpuser\miniconda3\envs\tfg_py310\lib\site-packages\torch\utils\data\dataloader.py", line 1491, in _process_data
    data.reraise()
  File "C:\Users\rdpuser\miniconda3\envs\tfg_py310\lib\site-packages\torch\_utils.py", line 715, in reraise
    raise exception
RuntimeError: Caught RuntimeError in DataLoader worker process 0.
Original Traceback (most recent call last):
  File "C:\Users\rdpuser\miniconda3\envs\tfg_py310\lib\site-packages\torch\utils\data\_utils\worker.py", line 351, in _worker_loop
    data = fetcher.fetch(index)  # type: ignore[possibly-undefined]
  File "C:\Users\rdpuser\miniconda3\envs\tfg_py310\lib\site-packages\torch\utils\data\_utils\fetch.py", line 52, in fetch
    data = [self.dataset[idx] for idx in possibly_batched_index]
  File "C:\Users\rdpuser\miniconda3\envs\tfg_py310\lib\site-packages\torch\utils\data\_utils\fetch.py", line 52, in <listcomp>
    data = [self.dataset[idx] for idx in possibly_batched_index]
  File "C:\Users\rdpuser\miniconda3\envs\tfg_py310\lib\site-packages\nussl\datasets\base_dataset.py", line 231, in __getitem__
    data = self.transform(data)
  File "C:\Users\rdpuser\miniconda3\envs\tfg_py310\lib\site-packages\nussl\datasets\transforms.py", line 795, in __call__
    data = t(data)
  File "C:\Users\rdpuser\TFG_Identificaci-n-de-voces-e-instrumentos-en-una-obra-musical\data\data_loader.py", line 53, in __call__
    source_tensor = torch.tensor(source_audio).mean(dim=0, keepdim=True)
RuntimeError: Could not infer dtype of AudioSignal

