C:\Users\rdpuser\miniconda3\envs\tfg_py310\lib\site-packages\ignite\handlers\checkpoint.py:16: DeprecationWarning: `TorchScript` support for functional optimizers is deprecated and will be removed in a future PyTorch release. Consider using the `torch.compile` optimizer instead.
  from torch.distributed.optim import ZeroRedundancyOptimizer
Usando dispositivo: cuda
Using device: cuda | nf=257 | channels=1 | hidden=50 | stems=4 | loss=l1_freq
C:\Users\rdpuser\miniconda3\envs\tfg_py310\lib\site-packages\torch\nn\modules\module.py:1326: UserWarning: expandable_segments not supported on this platform (Triggered internally at C:\actions-runner\_work\pytorch\pytorch\builder\windows\pytorch\c10/cuda/CUDAAllocatorConfig.h:28.)
  return t.to(
GA: actual_batch=24 | accum_steps=5 | effective_batch_real=120
04/01/2026 07:35:27 AM | engine.py:906 Engine run starting with max_epochs=100.
C:\Users\rdpuser\miniconda3\envs\tfg_py310\lib\site-packages\ignite\handlers\checkpoint.py:16: DeprecationWarning: `TorchScript` support for functional optimizers is deprecated and will be removed in a future PyTorch release. Consider using the `torch.compile` optimizer instead.
  from torch.distributed.optim import ZeroRedundancyOptimizer
C:\Users\rdpuser\miniconda3\envs\tfg_py310\lib\site-packages\ignite\handlers\checkpoint.py:16: DeprecationWarning: `TorchScript` support for functional optimizers is deprecated and will be removed in a future PyTorch release. Consider using the `torch.compile` optimizer instead.
  from torch.distributed.optim import ZeroRedundancyOptimizer
C:\Users\rdpuser\miniconda3\envs\tfg_py310\lib\site-packages\ignite\handlers\checkpoint.py:16: DeprecationWarning: `TorchScript` support for functional optimizers is deprecated and will be removed in a future PyTorch release. Consider using the `torch.compile` optimizer instead.
  from torch.distributed.optim import ZeroRedundancyOptimizer
C:\Users\rdpuser\miniconda3\envs\tfg_py310\lib\site-packages\ignite\handlers\checkpoint.py:16: DeprecationWarning: `TorchScript` support for functional optimizers is deprecated and will be removed in a future PyTorch release. Consider using the `torch.compile` optimizer instead.
  from torch.distributed.optim import ZeroRedundancyOptimizer
04/01/2026 07:36:38 AM | engine.py:906 Engine run starting with max_epochs=1.
C:\Users\rdpuser\miniconda3\envs\tfg_py310\lib\site-packages\ignite\handlers\checkpoint.py:16: DeprecationWarning: `TorchScript` support for functional optimizers is deprecated and will be removed in a future PyTorch release. Consider using the `torch.compile` optimizer instead.
  from torch.distributed.optim import ZeroRedundancyOptimizer
C:\Users\rdpuser\miniconda3\envs\tfg_py310\lib\site-packages\ignite\handlers\checkpoint.py:16: DeprecationWarning: `TorchScript` support for functional optimizers is deprecated and will be removed in a future PyTorch release. Consider using the `torch.compile` optimizer instead.
  from torch.distributed.optim import ZeroRedundancyOptimizer
C:\Users\rdpuser\miniconda3\envs\tfg_py310\lib\site-packages\ignite\handlers\checkpoint.py:16: DeprecationWarning: `TorchScript` support for functional optimizers is deprecated and will be removed in a future PyTorch release. Consider using the `torch.compile` optimizer instead.
  from torch.distributed.optim import ZeroRedundancyOptimizer
C:\Users\rdpuser\miniconda3\envs\tfg_py310\lib\site-packages\ignite\handlers\checkpoint.py:16: DeprecationWarning: `TorchScript` support for functional optimizers is deprecated and will be removed in a future PyTorch release. Consider using the `torch.compile` optimizer instead.
  from torch.distributed.optim import ZeroRedundancyOptimizer
04/01/2026 07:37:16 AM | engine.py:1010 Epoch[1] Complete. Time taken: 00:00:37.918
Training model with training mixes in: C:\Users\rdpuser\TFG_Identificaci-n-de-voces-e-instrumentos-en-una-obra-musical\datasets\mix_generation\foreground_train
Validating data with validation mixes in: C:\Users\rdpuser\TFG_Identificaci-n-de-voces-e-instrumentos-en-una-obra-musical\datasets\mix_generation\foreground_valid
[DEBUG] Num de sources: 4
pipeline de 4 fuentes
[Validator] Epoch 1 - val_loss: 0.000895
[BEST CHECKPOINT] Guardado/actualizado en: checkpoints\Mis_modelos\l1_freq checkpoints\4stems\best_checkpoint_1_val_loss=-0.0009.pt
04/01/2026 07:37:16 AM | engine.py:1037 Engine run finished. Time taken: 00:00:38.372
[Epoch 1] train_loss=0.000802 | val_loss=0.000895
04/01/2026 07:37:16 AM | engine.py:1010 Epoch[1] Complete. Time taken: 00:01:11.884
04/01/2026 07:37:38 AM | engine.py:906 Engine run starting with max_epochs=1.
04/01/2026 07:38:04 AM | engine.py:1010 Epoch[1] Complete. Time taken: 00:00:26.213
[Validator] Epoch 2 - val_loss: 0.000890
[BEST CHECKPOINT] Guardado/actualizado en: checkpoints\Mis_modelos\l1_freq checkpoints\4stems\best_checkpoint_2_val_loss=-0.0009.pt
04/01/2026 07:38:04 AM | engine.py:1037 Engine run finished. Time taken: 00:00:26.228
[Epoch 2] train_loss=0.000829 | val_loss=0.000890
04/01/2026 07:38:04 AM | engine.py:1010 Epoch[2] Complete. Time taken: 00:00:47.877
04/01/2026 07:38:26 AM | engine.py:906 Engine run starting with max_epochs=1.
04/01/2026 07:38:51 AM | engine.py:1010 Epoch[1] Complete. Time taken: 00:00:24.933
[Validator] Epoch 3 - val_loss: 0.000885
[BEST CHECKPOINT] Guardado/actualizado en: checkpoints\Mis_modelos\l1_freq checkpoints\4stems\best_checkpoint_3_val_loss=-0.0009.pt
04/01/2026 07:38:51 AM | engine.py:1037 Engine run finished. Time taken: 00:00:24.943
[Epoch 3] train_loss=0.000754 | val_loss=0.000885
04/01/2026 07:38:51 AM | engine.py:1010 Epoch[3] Complete. Time taken: 00:00:46.843
04/01/2026 07:39:13 AM | engine.py:906 Engine run starting with max_epochs=1.
04/01/2026 07:39:39 AM | engine.py:1010 Epoch[1] Complete. Time taken: 00:00:25.949
[Validator] Epoch 4 - val_loss: 0.000871
[BEST CHECKPOINT] Guardado/actualizado en: checkpoints\Mis_modelos\l1_freq checkpoints\4stems\best_checkpoint_4_val_loss=-0.0009.pt
04/01/2026 07:39:39 AM | engine.py:1037 Engine run finished. Time taken: 00:00:25.960
[Epoch 4] train_loss=0.000761 | val_loss=0.000871
04/01/2026 07:39:39 AM | engine.py:1010 Epoch[4] Complete. Time taken: 00:00:47.567
04/01/2026 07:40:00 AM | engine.py:906 Engine run starting with max_epochs=1.
04/01/2026 07:40:25 AM | engine.py:1010 Epoch[1] Complete. Time taken: 00:00:25.007
[Validator] Epoch 5 - val_loss: 0.000845
[BEST CHECKPOINT] Guardado/actualizado en: checkpoints\Mis_modelos\l1_freq checkpoints\4stems\best_checkpoint_5_val_loss=-0.0008.pt
04/01/2026 07:40:25 AM | engine.py:1037 Engine run finished. Time taken: 00:00:25.020
[Epoch 5] train_loss=0.000759 | val_loss=0.000845
04/01/2026 07:40:25 AM | engine.py:1010 Epoch[5] Complete. Time taken: 00:00:46.826
04/01/2026 07:40:47 AM | engine.py:906 Engine run starting with max_epochs=1.
04/01/2026 07:41:13 AM | engine.py:1010 Epoch[1] Complete. Time taken: 00:00:25.787
[Validator] Epoch 6 - val_loss: 0.000810
[BEST CHECKPOINT] Guardado/actualizado en: checkpoints\Mis_modelos\l1_freq checkpoints\4stems\best_checkpoint_6_val_loss=-0.0008.pt
04/01/2026 07:41:13 AM | engine.py:1037 Engine run finished. Time taken: 00:00:25.797
[Epoch 6] train_loss=0.000754 | val_loss=0.000810
04/01/2026 07:41:13 AM | engine.py:1010 Epoch[6] Complete. Time taken: 00:00:47.409
04/01/2026 07:41:35 AM | engine.py:906 Engine run starting with max_epochs=1.
04/01/2026 07:42:00 AM | engine.py:1010 Epoch[1] Complete. Time taken: 00:00:24.957
[Validator] Epoch 7 - val_loss: 0.000771
[BEST CHECKPOINT] Guardado/actualizado en: checkpoints\Mis_modelos\l1_freq checkpoints\4stems\best_checkpoint_7_val_loss=-0.0008.pt
04/01/2026 07:42:00 AM | engine.py:1037 Engine run finished. Time taken: 00:00:24.968
[Epoch 7] train_loss=0.000726 | val_loss=0.000771
04/01/2026 07:42:00 AM | engine.py:1010 Epoch[7] Complete. Time taken: 00:00:46.678
04/01/2026 07:42:21 AM | engine.py:906 Engine run starting with max_epochs=1.
04/01/2026 07:42:46 AM | engine.py:1010 Epoch[1] Complete. Time taken: 00:00:25.238
[Validator] Epoch 8 - val_loss: 0.000738
[BEST CHECKPOINT] Guardado/actualizado en: checkpoints\Mis_modelos\l1_freq checkpoints\4stems\best_checkpoint_8_val_loss=-0.0007.pt
04/01/2026 07:42:46 AM | engine.py:1037 Engine run finished. Time taken: 00:00:25.249
[Epoch 8] train_loss=0.000680 | val_loss=0.000738
04/01/2026 07:42:46 AM | engine.py:1010 Epoch[8] Complete. Time taken: 00:00:46.676
04/01/2026 07:43:07 AM | engine.py:906 Engine run starting with max_epochs=1.
04/01/2026 07:43:33 AM | engine.py:1010 Epoch[1] Complete. Time taken: 00:00:25.037
[Validator] Epoch 9 - val_loss: 0.000713
[BEST CHECKPOINT] Guardado/actualizado en: checkpoints\Mis_modelos\l1_freq checkpoints\4stems\best_checkpoint_9_val_loss=-0.0007.pt
04/01/2026 07:43:33 AM | engine.py:1037 Engine run finished. Time taken: 00:00:25.049
[Epoch 9] train_loss=0.000681 | val_loss=0.000713
04/01/2026 07:43:33 AM | engine.py:1010 Epoch[9] Complete. Time taken: 00:00:46.306
04/01/2026 07:43:54 AM | engine.py:906 Engine run starting with max_epochs=1.
04/01/2026 07:44:20 AM | engine.py:1010 Epoch[1] Complete. Time taken: 00:00:25.247
[Validator] Epoch 10 - val_loss: 0.000686
[BEST CHECKPOINT] Guardado/actualizado en: checkpoints\Mis_modelos\l1_freq checkpoints\4stems\best_checkpoint_10_val_loss=-0.0007.pt
04/01/2026 07:44:20 AM | engine.py:1037 Engine run finished. Time taken: 00:00:25.256
[Epoch 10] train_loss=0.000648 | val_loss=0.000686
04/01/2026 07:44:20 AM | engine.py:1010 Epoch[10] Complete. Time taken: 00:00:47.138
04/01/2026 07:44:41 AM | engine.py:906 Engine run starting with max_epochs=1.
04/01/2026 07:45:08 AM | engine.py:1010 Epoch[1] Complete. Time taken: 00:00:26.557
[Validator] Epoch 11 - val_loss: 0.000662
[BEST CHECKPOINT] Guardado/actualizado en: checkpoints\Mis_modelos\l1_freq checkpoints\4stems\best_checkpoint_11_val_loss=-0.0007.pt
04/01/2026 07:45:08 AM | engine.py:1037 Engine run finished. Time taken: 00:00:26.565
[Epoch 11] train_loss=0.000602 | val_loss=0.000662
04/01/2026 07:45:08 AM | engine.py:1010 Epoch[11] Complete. Time taken: 00:00:48.337
04/01/2026 07:45:30 AM | engine.py:906 Engine run starting with max_epochs=1.
04/01/2026 07:45:55 AM | engine.py:1010 Epoch[1] Complete. Time taken: 00:00:25.301
[Validator] Epoch 12 - val_loss: 0.000644
[BEST CHECKPOINT] Guardado/actualizado en: checkpoints\Mis_modelos\l1_freq checkpoints\4stems\best_checkpoint_12_val_loss=-0.0006.pt
04/01/2026 07:45:55 AM | engine.py:1037 Engine run finished. Time taken: 00:00:25.311
[Epoch 12] train_loss=0.000630 | val_loss=0.000644
04/01/2026 07:45:55 AM | engine.py:1010 Epoch[12] Complete. Time taken: 00:00:47.085
04/01/2026 07:46:17 AM | engine.py:906 Engine run starting with max_epochs=1.
04/01/2026 07:46:42 AM | engine.py:1010 Epoch[1] Complete. Time taken: 00:00:25.632
[Validator] Epoch 13 - val_loss: 0.000623
[BEST CHECKPOINT] Guardado/actualizado en: checkpoints\Mis_modelos\l1_freq checkpoints\4stems\best_checkpoint_13_val_loss=-0.0006.pt
04/01/2026 07:46:42 AM | engine.py:1037 Engine run finished. Time taken: 00:00:25.642
[Epoch 13] train_loss=0.000592 | val_loss=0.000623
04/01/2026 07:46:42 AM | engine.py:1010 Epoch[13] Complete. Time taken: 00:00:47.296
04/01/2026 07:47:04 AM | engine.py:906 Engine run starting with max_epochs=1.
04/01/2026 07:47:29 AM | engine.py:1010 Epoch[1] Complete. Time taken: 00:00:25.076
[Validator] Epoch 14 - val_loss: 0.000606
[BEST CHECKPOINT] Guardado/actualizado en: checkpoints\Mis_modelos\l1_freq checkpoints\4stems\best_checkpoint_14_val_loss=-0.0006.pt
04/01/2026 07:47:29 AM | engine.py:1037 Engine run finished. Time taken: 00:00:25.086
[Epoch 14] train_loss=0.000603 | val_loss=0.000606
04/01/2026 07:47:29 AM | engine.py:1010 Epoch[14] Complete. Time taken: 00:00:47.061
04/01/2026 07:47:52 AM | engine.py:906 Engine run starting with max_epochs=1.
04/01/2026 07:48:17 AM | engine.py:1010 Epoch[1] Complete. Time taken: 00:00:25.262
[Validator] Epoch 15 - val_loss: 0.000592
[BEST CHECKPOINT] Guardado/actualizado en: checkpoints\Mis_modelos\l1_freq checkpoints\4stems\best_checkpoint_15_val_loss=-0.0006.pt
04/01/2026 07:48:17 AM | engine.py:1037 Engine run finished. Time taken: 00:00:25.274
[Epoch 15] train_loss=0.000573 | val_loss=0.000592
04/01/2026 07:48:17 AM | engine.py:1010 Epoch[15] Complete. Time taken: 00:00:47.438
04/01/2026 07:48:39 AM | engine.py:906 Engine run starting with max_epochs=1.
04/01/2026 07:49:04 AM | engine.py:1010 Epoch[1] Complete. Time taken: 00:00:25.393
[Validator] Epoch 16 - val_loss: 0.000577
[BEST CHECKPOINT] Guardado/actualizado en: checkpoints\Mis_modelos\l1_freq checkpoints\4stems\best_checkpoint_16_val_loss=-0.0006.pt
04/01/2026 07:49:04 AM | engine.py:1037 Engine run finished. Time taken: 00:00:25.401
[Epoch 16] train_loss=0.000538 | val_loss=0.000577
04/01/2026 07:49:04 AM | engine.py:1010 Epoch[16] Complete. Time taken: 00:00:47.024
04/01/2026 07:49:25 AM | engine.py:906 Engine run starting with max_epochs=1.
04/01/2026 07:49:51 AM | engine.py:1010 Epoch[1] Complete. Time taken: 00:00:25.706
[Validator] Epoch 17 - val_loss: 0.000566
[BEST CHECKPOINT] Guardado/actualizado en: checkpoints\Mis_modelos\l1_freq checkpoints\4stems\best_checkpoint_17_val_loss=-0.0006.pt
04/01/2026 07:49:51 AM | engine.py:1037 Engine run finished. Time taken: 00:00:25.717
[Epoch 17] train_loss=0.000534 | val_loss=0.000566
04/01/2026 07:49:51 AM | engine.py:1010 Epoch[17] Complete. Time taken: 00:00:46.938
04/01/2026 07:50:13 AM | engine.py:906 Engine run starting with max_epochs=1.
04/01/2026 07:50:39 AM | engine.py:1010 Epoch[1] Complete. Time taken: 00:00:25.785
[Validator] Epoch 18 - val_loss: 0.000558
[BEST CHECKPOINT] Guardado/actualizado en: checkpoints\Mis_modelos\l1_freq checkpoints\4stems\best_checkpoint_18_val_loss=-0.0006.pt
04/01/2026 07:50:39 AM | engine.py:1037 Engine run finished. Time taken: 00:00:25.796
[Epoch 18] train_loss=0.000534 | val_loss=0.000558
04/01/2026 07:50:39 AM | engine.py:1010 Epoch[18] Complete. Time taken: 00:00:47.820
04/01/2026 07:51:00 AM | engine.py:906 Engine run starting with max_epochs=1.
04/01/2026 07:51:26 AM | engine.py:1010 Epoch[1] Complete. Time taken: 00:00:25.639
[Validator] Epoch 19 - val_loss: 0.000550
[BEST CHECKPOINT] Guardado/actualizado en: checkpoints\Mis_modelos\l1_freq checkpoints\4stems\best_checkpoint_19_val_loss=-0.0006.pt
04/01/2026 07:51:26 AM | engine.py:1037 Engine run finished. Time taken: 00:00:25.649
[Epoch 19] train_loss=0.000521 | val_loss=0.000550
04/01/2026 07:51:26 AM | engine.py:1010 Epoch[19] Complete. Time taken: 00:00:47.360
04/01/2026 07:51:47 AM | engine.py:906 Engine run starting with max_epochs=1.
04/01/2026 07:52:13 AM | engine.py:1010 Epoch[1] Complete. Time taken: 00:00:25.399
[Validator] Epoch 20 - val_loss: 0.000543
[BEST CHECKPOINT] Guardado/actualizado en: checkpoints\Mis_modelos\l1_freq checkpoints\4stems\best_checkpoint_20_val_loss=-0.0005.pt
04/01/2026 07:52:13 AM | engine.py:1037 Engine run finished. Time taken: 00:00:25.408
[Epoch 20] train_loss=0.000511 | val_loss=0.000543
04/01/2026 07:52:13 AM | engine.py:1010 Epoch[20] Complete. Time taken: 00:00:46.798
04/01/2026 07:52:35 AM | engine.py:906 Engine run starting with max_epochs=1.
04/01/2026 07:53:01 AM | engine.py:1010 Epoch[1] Complete. Time taken: 00:00:25.613
[Validator] Epoch 21 - val_loss: 0.000538
[BEST CHECKPOINT] Guardado/actualizado en: checkpoints\Mis_modelos\l1_freq checkpoints\4stems\best_checkpoint_21_val_loss=-0.0005.pt
04/01/2026 07:53:01 AM | engine.py:1037 Engine run finished. Time taken: 00:00:25.623
[Epoch 21] train_loss=0.000517 | val_loss=0.000538
04/01/2026 07:53:01 AM | engine.py:1010 Epoch[21] Complete. Time taken: 00:00:47.742
04/01/2026 07:53:22 AM | engine.py:906 Engine run starting with max_epochs=1.
04/01/2026 07:53:48 AM | engine.py:1010 Epoch[1] Complete. Time taken: 00:00:26.058
[Validator] Epoch 22 - val_loss: 0.000533
[BEST CHECKPOINT] Guardado/actualizado en: checkpoints\Mis_modelos\l1_freq checkpoints\4stems\best_checkpoint_22_val_loss=-0.0005.pt
04/01/2026 07:53:48 AM | engine.py:1037 Engine run finished. Time taken: 00:00:26.068
[Epoch 22] train_loss=0.000517 | val_loss=0.000533
04/01/2026 07:53:48 AM | engine.py:1010 Epoch[22] Complete. Time taken: 00:00:47.271
04/01/2026 07:54:10 AM | engine.py:906 Engine run starting with max_epochs=1.
04/01/2026 07:54:36 AM | engine.py:1010 Epoch[1] Complete. Time taken: 00:00:25.535
[Validator] Epoch 23 - val_loss: 0.000530
[BEST CHECKPOINT] Guardado/actualizado en: checkpoints\Mis_modelos\l1_freq checkpoints\4stems\best_checkpoint_23_val_loss=-0.0005.pt
04/01/2026 07:54:36 AM | engine.py:1037 Engine run finished. Time taken: 00:00:25.546
[Epoch 23] train_loss=0.000532 | val_loss=0.000530
04/01/2026 07:54:36 AM | engine.py:1010 Epoch[23] Complete. Time taken: 00:00:47.756
04/01/2026 07:54:57 AM | engine.py:906 Engine run starting with max_epochs=1.
04/01/2026 07:55:23 AM | engine.py:1010 Epoch[1] Complete. Time taken: 00:00:25.289
[Validator] Epoch 24 - val_loss: 0.000526
[BEST CHECKPOINT] Guardado/actualizado en: checkpoints\Mis_modelos\l1_freq checkpoints\4stems\best_checkpoint_24_val_loss=-0.0005.pt
04/01/2026 07:55:23 AM | engine.py:1037 Engine run finished. Time taken: 00:00:25.300
[Epoch 24] train_loss=0.000520 | val_loss=0.000526
04/01/2026 07:55:23 AM | engine.py:1010 Epoch[24] Complete. Time taken: 00:00:47.021
04/01/2026 07:55:44 AM | engine.py:906 Engine run starting with max_epochs=1.
04/01/2026 07:56:09 AM | engine.py:1010 Epoch[1] Complete. Time taken: 00:00:25.131
[Validator] Epoch 25 - val_loss: 0.000523
[BEST CHECKPOINT] Guardado/actualizado en: checkpoints\Mis_modelos\l1_freq checkpoints\4stems\best_checkpoint_25_val_loss=-0.0005.pt
04/01/2026 07:56:09 AM | engine.py:1037 Engine run finished. Time taken: 00:00:25.141
[Epoch 25] train_loss=0.000500 | val_loss=0.000523
04/01/2026 07:56:09 AM | engine.py:1010 Epoch[25] Complete. Time taken: 00:00:46.258
04/01/2026 07:56:30 AM | engine.py:906 Engine run starting with max_epochs=1.
04/01/2026 07:56:55 AM | engine.py:1010 Epoch[1] Complete. Time taken: 00:00:24.998
[Validator] Epoch 26 - val_loss: 0.000520
[BEST CHECKPOINT] Guardado/actualizado en: checkpoints\Mis_modelos\l1_freq checkpoints\4stems\best_checkpoint_26_val_loss=-0.0005.pt
04/01/2026 07:56:55 AM | engine.py:1037 Engine run finished. Time taken: 00:00:25.009
[Epoch 26] train_loss=0.000504 | val_loss=0.000520
04/01/2026 07:56:55 AM | engine.py:1010 Epoch[26] Complete. Time taken: 00:00:46.626
04/01/2026 07:57:17 AM | engine.py:906 Engine run starting with max_epochs=1.
04/01/2026 07:57:43 AM | engine.py:1010 Epoch[1] Complete. Time taken: 00:00:25.326
[Validator] Epoch 27 - val_loss: 0.000518
[BEST CHECKPOINT] Guardado/actualizado en: checkpoints\Mis_modelos\l1_freq checkpoints\4stems\best_checkpoint_27_val_loss=-0.0005.pt
04/01/2026 07:57:43 AM | engine.py:1037 Engine run finished. Time taken: 00:00:25.335
[Epoch 27] train_loss=0.000499 | val_loss=0.000518
04/01/2026 07:57:43 AM | engine.py:1010 Epoch[27] Complete. Time taken: 00:00:47.039
04/01/2026 07:58:04 AM | engine.py:906 Engine run starting with max_epochs=1.
04/01/2026 07:58:30 AM | engine.py:1010 Epoch[1] Complete. Time taken: 00:00:25.429
[Validator] Epoch 28 - val_loss: 0.000516
[BEST CHECKPOINT] Guardado/actualizado en: checkpoints\Mis_modelos\l1_freq checkpoints\4stems\best_checkpoint_28_val_loss=-0.0005.pt
04/01/2026 07:58:30 AM | engine.py:1037 Engine run finished. Time taken: 00:00:25.440
[Epoch 28] train_loss=0.000489 | val_loss=0.000516
04/01/2026 07:58:30 AM | engine.py:1010 Epoch[28] Complete. Time taken: 00:00:47.130
04/01/2026 07:58:52 AM | engine.py:906 Engine run starting with max_epochs=1.
04/01/2026 07:59:19 AM | engine.py:1010 Epoch[1] Complete. Time taken: 00:00:26.904
[Validator] Epoch 29 - val_loss: 0.000514
[BEST CHECKPOINT] Guardado/actualizado en: checkpoints\Mis_modelos\l1_freq checkpoints\4stems\best_checkpoint_29_val_loss=-0.0005.pt
04/01/2026 07:59:19 AM | engine.py:1037 Engine run finished. Time taken: 00:00:26.917
[Epoch 29] train_loss=0.000477 | val_loss=0.000514
04/01/2026 07:59:19 AM | engine.py:1010 Epoch[29] Complete. Time taken: 00:00:49.161
04/01/2026 07:59:41 AM | engine.py:906 Engine run starting with max_epochs=1.
04/01/2026 08:00:06 AM | engine.py:1010 Epoch[1] Complete. Time taken: 00:00:25.399
[Validator] Epoch 30 - val_loss: 0.000512
[BEST CHECKPOINT] Guardado/actualizado en: checkpoints\Mis_modelos\l1_freq checkpoints\4stems\best_checkpoint_30_val_loss=-0.0005.pt
04/01/2026 08:00:06 AM | engine.py:1037 Engine run finished. Time taken: 00:00:25.408
[Epoch 30] train_loss=0.000489 | val_loss=0.000512
04/01/2026 08:00:06 AM | engine.py:1010 Epoch[30] Complete. Time taken: 00:00:47.578
04/01/2026 08:00:28 AM | engine.py:906 Engine run starting with max_epochs=1.
04/01/2026 08:00:53 AM | engine.py:1010 Epoch[1] Complete. Time taken: 00:00:25.334
[Validator] Epoch 31 - val_loss: 0.000511
[BEST CHECKPOINT] Guardado/actualizado en: checkpoints\Mis_modelos\l1_freq checkpoints\4stems\best_checkpoint_31_val_loss=-0.0005.pt
04/01/2026 08:00:53 AM | engine.py:1037 Engine run finished. Time taken: 00:00:25.344
[Epoch 31] train_loss=0.000512 | val_loss=0.000511
04/01/2026 08:00:53 AM | engine.py:1010 Epoch[31] Complete. Time taken: 00:00:46.629
04/01/2026 08:01:15 AM | engine.py:906 Engine run starting with max_epochs=1.
04/01/2026 08:01:41 AM | engine.py:1010 Epoch[1] Complete. Time taken: 00:00:25.671
[Validator] Epoch 32 - val_loss: 0.000510
[BEST CHECKPOINT] Guardado/actualizado en: checkpoints\Mis_modelos\l1_freq checkpoints\4stems\best_checkpoint_32_val_loss=-0.0005.pt
04/01/2026 08:01:41 AM | engine.py:1037 Engine run finished. Time taken: 00:00:25.682
[Epoch 32] train_loss=0.000492 | val_loss=0.000510
04/01/2026 08:01:41 AM | engine.py:1010 Epoch[32] Complete. Time taken: 00:00:48.134
04/01/2026 08:02:03 AM | engine.py:906 Engine run starting with max_epochs=1.
04/01/2026 08:02:29 AM | engine.py:1010 Epoch[1] Complete. Time taken: 00:00:25.895
[Validator] Epoch 33 - val_loss: 0.000509
[BEST CHECKPOINT] Guardado/actualizado en: checkpoints\Mis_modelos\l1_freq checkpoints\4stems\best_checkpoint_33_val_loss=-0.0005.pt
04/01/2026 08:02:29 AM | engine.py:1037 Engine run finished. Time taken: 00:00:25.904
[Epoch 33] train_loss=0.000491 | val_loss=0.000509
04/01/2026 08:02:29 AM | engine.py:1010 Epoch[33] Complete. Time taken: 00:00:47.656
04/01/2026 08:02:51 AM | engine.py:906 Engine run starting with max_epochs=1.
04/01/2026 08:03:17 AM | engine.py:1010 Epoch[1] Complete. Time taken: 00:00:26.008
[Validator] Epoch 34 - val_loss: 0.000508
[BEST CHECKPOINT] Guardado/actualizado en: checkpoints\Mis_modelos\l1_freq checkpoints\4stems\best_checkpoint_34_val_loss=-0.0005.pt
04/01/2026 08:03:17 AM | engine.py:1037 Engine run finished. Time taken: 00:00:26.021
[Epoch 34] train_loss=0.000483 | val_loss=0.000508
04/01/2026 08:03:17 AM | engine.py:1010 Epoch[34] Complete. Time taken: 00:00:47.856
04/01/2026 08:03:38 AM | engine.py:906 Engine run starting with max_epochs=1.
04/01/2026 08:04:04 AM | engine.py:1010 Epoch[1] Complete. Time taken: 00:00:25.528
[Validator] Epoch 35 - val_loss: 0.000507
[BEST CHECKPOINT] Guardado/actualizado en: checkpoints\Mis_modelos\l1_freq checkpoints\4stems\best_checkpoint_35_val_loss=-0.0005.pt
04/01/2026 08:04:04 AM | engine.py:1037 Engine run finished. Time taken: 00:00:25.539
[Epoch 35] train_loss=0.000485 | val_loss=0.000507
04/01/2026 08:04:04 AM | engine.py:1010 Epoch[35] Complete. Time taken: 00:00:47.325
04/01/2026 08:04:26 AM | engine.py:906 Engine run starting with max_epochs=1.
04/01/2026 08:04:52 AM | engine.py:1010 Epoch[1] Complete. Time taken: 00:00:26.041
[Validator] Epoch 36 - val_loss: 0.000506
[BEST CHECKPOINT] Guardado/actualizado en: checkpoints\Mis_modelos\l1_freq checkpoints\4stems\best_checkpoint_36_val_loss=-0.0005.pt
04/01/2026 08:04:52 AM | engine.py:1037 Engine run finished. Time taken: 00:00:26.052
[Epoch 36] train_loss=0.000503 | val_loss=0.000506
04/01/2026 08:04:52 AM | engine.py:1010 Epoch[36] Complete. Time taken: 00:00:47.750
04/01/2026 08:05:13 AM | engine.py:906 Engine run starting with max_epochs=1.
04/01/2026 08:05:39 AM | engine.py:1010 Epoch[1] Complete. Time taken: 00:00:25.878
[Validator] Epoch 37 - val_loss: 0.000505
[BEST CHECKPOINT] Guardado/actualizado en: checkpoints\Mis_modelos\l1_freq checkpoints\4stems\best_checkpoint_37_val_loss=-0.0005.pt
04/01/2026 08:05:39 AM | engine.py:1037 Engine run finished. Time taken: 00:00:25.889
[Epoch 37] train_loss=0.000481 | val_loss=0.000505
04/01/2026 08:05:39 AM | engine.py:1010 Epoch[37] Complete. Time taken: 00:00:47.214
04/01/2026 08:06:02 AM | engine.py:906 Engine run starting with max_epochs=1.
04/01/2026 08:06:28 AM | engine.py:1010 Epoch[1] Complete. Time taken: 00:00:25.934
[Validator] Epoch 38 - val_loss: 0.000505
[BEST CHECKPOINT] Guardado/actualizado en: checkpoints\Mis_modelos\l1_freq checkpoints\4stems\best_checkpoint_38_val_loss=-0.0005.pt
04/01/2026 08:06:28 AM | engine.py:1037 Engine run finished. Time taken: 00:00:25.946
[Epoch 38] train_loss=0.000492 | val_loss=0.000505
04/01/2026 08:06:28 AM | engine.py:1010 Epoch[38] Complete. Time taken: 00:00:48.760
04/01/2026 08:06:50 AM | engine.py:906 Engine run starting with max_epochs=1.
04/01/2026 08:07:15 AM | engine.py:1010 Epoch[1] Complete. Time taken: 00:00:25.701
[Validator] Epoch 39 - val_loss: 0.000504
[BEST CHECKPOINT] Guardado/actualizado en: checkpoints\Mis_modelos\l1_freq checkpoints\4stems\best_checkpoint_39_val_loss=-0.0005.pt
04/01/2026 08:07:15 AM | engine.py:1037 Engine run finished. Time taken: 00:00:25.712
[Epoch 39] train_loss=0.000492 | val_loss=0.000504
04/01/2026 08:07:15 AM | engine.py:1010 Epoch[39] Complete. Time taken: 00:00:47.756
04/01/2026 08:07:38 AM | engine.py:906 Engine run starting with max_epochs=1.
04/01/2026 08:08:03 AM | engine.py:1010 Epoch[1] Complete. Time taken: 00:00:25.388
[Validator] Epoch 40 - val_loss: 0.000504
[BEST CHECKPOINT] Guardado/actualizado en: checkpoints\Mis_modelos\l1_freq checkpoints\4stems\best_checkpoint_40_val_loss=-0.0005.pt
04/01/2026 08:08:03 AM | engine.py:1037 Engine run finished. Time taken: 00:00:25.398
[Epoch 40] train_loss=0.000490 | val_loss=0.000504
04/01/2026 08:08:03 AM | engine.py:1010 Epoch[40] Complete. Time taken: 00:00:47.478
04/01/2026 08:08:25 AM | engine.py:906 Engine run starting with max_epochs=1.
04/01/2026 08:08:50 AM | engine.py:1010 Epoch[1] Complete. Time taken: 00:00:25.238
[Validator] Epoch 41 - val_loss: 0.000503
[BEST CHECKPOINT] Guardado/actualizado en: checkpoints\Mis_modelos\l1_freq checkpoints\4stems\best_checkpoint_41_val_loss=-0.0005.pt
04/01/2026 08:08:50 AM | engine.py:1037 Engine run finished. Time taken: 00:00:25.251
[Epoch 41] train_loss=0.000470 | val_loss=0.000503
04/01/2026 08:08:50 AM | engine.py:1010 Epoch[41] Complete. Time taken: 00:00:47.495
04/01/2026 08:09:14 AM | engine.py:906 Engine run starting with max_epochs=1.
04/01/2026 08:09:40 AM | engine.py:1010 Epoch[1] Complete. Time taken: 00:00:26.759
[Validator] Epoch 42 - val_loss: 0.000503
[BEST CHECKPOINT] Guardado/actualizado en: checkpoints\Mis_modelos\l1_freq checkpoints\4stems\best_checkpoint_41_val_loss=-0.0005.pt
04/01/2026 08:09:40 AM | engine.py:1037 Engine run finished. Time taken: 00:00:26.761
[Epoch 42] train_loss=0.000495 | val_loss=0.000503
04/01/2026 08:09:40 AM | engine.py:1010 Epoch[42] Complete. Time taken: 00:00:49.886
04/01/2026 08:10:02 AM | engine.py:906 Engine run starting with max_epochs=1.
04/01/2026 08:10:28 AM | engine.py:1010 Epoch[1] Complete. Time taken: 00:00:25.863
[Validator] Epoch 43 - val_loss: 0.000503
[BEST CHECKPOINT] Guardado/actualizado en: checkpoints\Mis_modelos\l1_freq checkpoints\4stems\best_checkpoint_43_val_loss=-0.0005.pt
04/01/2026 08:10:28 AM | engine.py:1037 Engine run finished. Time taken: 00:00:25.883
[Epoch 43] train_loss=0.000480 | val_loss=0.000503
04/01/2026 08:10:28 AM | engine.py:1010 Epoch[43] Complete. Time taken: 00:00:47.888
04/01/2026 08:10:51 AM | engine.py:906 Engine run starting with max_epochs=1.
04/01/2026 08:11:17 AM | engine.py:1010 Epoch[1] Complete. Time taken: 00:00:25.989
[Validator] Epoch 44 - val_loss: 0.000502
[BEST CHECKPOINT] Guardado/actualizado en: checkpoints\Mis_modelos\l1_freq checkpoints\4stems\best_checkpoint_44_val_loss=-0.0005.pt
04/01/2026 08:11:17 AM | engine.py:1037 Engine run finished. Time taken: 00:00:26.001
[Epoch 44] train_loss=0.000494 | val_loss=0.000502
04/01/2026 08:11:17 AM | engine.py:1010 Epoch[44] Complete. Time taken: 00:00:48.315
04/01/2026 08:11:39 AM | engine.py:906 Engine run starting with max_epochs=1.
04/01/2026 08:12:04 AM | engine.py:1010 Epoch[1] Complete. Time taken: 00:00:25.595
[Validator] Epoch 45 - val_loss: 0.000502
[BEST CHECKPOINT] Guardado/actualizado en: checkpoints\Mis_modelos\l1_freq checkpoints\4stems\best_checkpoint_45_val_loss=-0.0005.pt
04/01/2026 08:12:04 AM | engine.py:1037 Engine run finished. Time taken: 00:00:25.610
[Epoch 45] train_loss=0.000480 | val_loss=0.000502
04/01/2026 08:12:04 AM | engine.py:1010 Epoch[45] Complete. Time taken: 00:00:47.668
04/01/2026 08:12:27 AM | engine.py:906 Engine run starting with max_epochs=1.
04/01/2026 08:12:52 AM | engine.py:1010 Epoch[1] Complete. Time taken: 00:00:24.998
[Validator] Epoch 46 - val_loss: 0.000501
[BEST CHECKPOINT] Guardado/actualizado en: checkpoints\Mis_modelos\l1_freq checkpoints\4stems\best_checkpoint_46_val_loss=-0.0005.pt
04/01/2026 08:12:52 AM | engine.py:1037 Engine run finished. Time taken: 00:00:25.010
[Epoch 46] train_loss=0.000480 | val_loss=0.000501
04/01/2026 08:12:52 AM | engine.py:1010 Epoch[46] Complete. Time taken: 00:00:47.426
04/01/2026 08:13:13 AM | engine.py:906 Engine run starting with max_epochs=1.
04/01/2026 08:13:39 AM | engine.py:1010 Epoch[1] Complete. Time taken: 00:00:26.202
[Validator] Epoch 47 - val_loss: 0.000501
[BEST CHECKPOINT] Guardado/actualizado en: checkpoints\Mis_modelos\l1_freq checkpoints\4stems\best_checkpoint_47_val_loss=-0.0005.pt
04/01/2026 08:13:39 AM | engine.py:1037 Engine run finished. Time taken: 00:00:26.213
[Epoch 47] train_loss=0.000472 | val_loss=0.000501
04/01/2026 08:13:39 AM | engine.py:1010 Epoch[47] Complete. Time taken: 00:00:47.607
04/01/2026 08:14:01 AM | engine.py:906 Engine run starting with max_epochs=1.
04/01/2026 08:14:27 AM | engine.py:1010 Epoch[1] Complete. Time taken: 00:00:25.929
[Validator] Epoch 48 - val_loss: 0.000501
[BEST CHECKPOINT] Guardado/actualizado en: checkpoints\Mis_modelos\l1_freq checkpoints\4stems\best_checkpoint_48_val_loss=-0.0005.pt
04/01/2026 08:14:27 AM | engine.py:1037 Engine run finished. Time taken: 00:00:25.942
[Epoch 48] train_loss=0.000477 | val_loss=0.000501
04/01/2026 08:14:27 AM | engine.py:1010 Epoch[48] Complete. Time taken: 00:00:47.529
04/01/2026 08:14:49 AM | engine.py:906 Engine run starting with max_epochs=1.
04/01/2026 08:15:15 AM | engine.py:1010 Epoch[1] Complete. Time taken: 00:00:25.711
[Validator] Epoch 49 - val_loss: 0.000500
[BEST CHECKPOINT] Guardado/actualizado en: checkpoints\Mis_modelos\l1_freq checkpoints\4stems\best_checkpoint_49_val_loss=-0.0005.pt
04/01/2026 08:15:15 AM | engine.py:1037 Engine run finished. Time taken: 00:00:25.722
[Epoch 49] train_loss=0.000491 | val_loss=0.000500
04/01/2026 08:15:15 AM | engine.py:1010 Epoch[49] Complete. Time taken: 00:00:47.869
04/01/2026 08:15:36 AM | engine.py:906 Engine run starting with max_epochs=1.
04/01/2026 08:16:02 AM | engine.py:1010 Epoch[1] Complete. Time taken: 00:00:25.864
[Validator] Epoch 50 - val_loss: 0.000500
[BEST CHECKPOINT] Guardado/actualizado en: checkpoints\Mis_modelos\l1_freq checkpoints\4stems\best_checkpoint_50_val_loss=-0.0005.pt
04/01/2026 08:16:02 AM | engine.py:1037 Engine run finished. Time taken: 00:00:25.875
[Epoch 50] train_loss=0.000473 | val_loss=0.000500
04/01/2026 08:16:02 AM | engine.py:1010 Epoch[50] Complete. Time taken: 00:00:47.614
04/01/2026 08:16:24 AM | engine.py:906 Engine run starting with max_epochs=1.
04/01/2026 08:16:50 AM | engine.py:1010 Epoch[1] Complete. Time taken: 00:00:25.594
[Validator] Epoch 51 - val_loss: 0.000499
[BEST CHECKPOINT] Guardado/actualizado en: checkpoints\Mis_modelos\l1_freq checkpoints\4stems\best_checkpoint_51_val_loss=-0.0005.pt
04/01/2026 08:16:50 AM | engine.py:1037 Engine run finished. Time taken: 00:00:25.604
[Epoch 51] train_loss=0.000481 | val_loss=0.000499
04/01/2026 08:16:50 AM | engine.py:1010 Epoch[51] Complete. Time taken: 00:00:47.417
04/01/2026 08:17:12 AM | engine.py:906 Engine run starting with max_epochs=1.
04/01/2026 08:17:37 AM | engine.py:1010 Epoch[1] Complete. Time taken: 00:00:25.474
[Validator] Epoch 52 - val_loss: 0.000499
[BEST CHECKPOINT] Guardado/actualizado en: checkpoints\Mis_modelos\l1_freq checkpoints\4stems\best_checkpoint_52_val_loss=-0.0005.pt
04/01/2026 08:17:37 AM | engine.py:1037 Engine run finished. Time taken: 00:00:25.485
[Epoch 52] train_loss=0.000477 | val_loss=0.000499
04/01/2026 08:17:37 AM | engine.py:1010 Epoch[52] Complete. Time taken: 00:00:47.583
04/01/2026 08:17:59 AM | engine.py:906 Engine run starting with max_epochs=1.
04/01/2026 08:18:24 AM | engine.py:1010 Epoch[1] Complete. Time taken: 00:00:25.418
[Validator] Epoch 53 - val_loss: 0.000498
[BEST CHECKPOINT] Guardado/actualizado en: checkpoints\Mis_modelos\l1_freq checkpoints\4stems\best_checkpoint_53_val_loss=-0.0005.pt
04/01/2026 08:18:24 AM | engine.py:1037 Engine run finished. Time taken: 00:00:25.428
[Epoch 53] train_loss=0.000467 | val_loss=0.000498
04/01/2026 08:18:24 AM | engine.py:1010 Epoch[53] Complete. Time taken: 00:00:47.123
04/01/2026 08:18:46 AM | engine.py:906 Engine run starting with max_epochs=1.
04/01/2026 08:19:12 AM | engine.py:1010 Epoch[1] Complete. Time taken: 00:00:25.924
[Validator] Epoch 54 - val_loss: 0.000498
[BEST CHECKPOINT] Guardado/actualizado en: checkpoints\Mis_modelos\l1_freq checkpoints\4stems\best_checkpoint_54_val_loss=-0.0005.pt
04/01/2026 08:19:12 AM | engine.py:1037 Engine run finished. Time taken: 00:00:25.937
[Epoch 54] train_loss=0.000489 | val_loss=0.000498
04/01/2026 08:19:12 AM | engine.py:1010 Epoch[54] Complete. Time taken: 00:00:47.867
04/01/2026 08:19:34 AM | engine.py:906 Engine run starting with max_epochs=1.
04/01/2026 08:20:00 AM | engine.py:1010 Epoch[1] Complete. Time taken: 00:00:25.706
[Validator] Epoch 55 - val_loss: 0.000498
[BEST CHECKPOINT] Guardado/actualizado en: checkpoints\Mis_modelos\l1_freq checkpoints\4stems\best_checkpoint_55_val_loss=-0.0005.pt
04/01/2026 08:20:00 AM | engine.py:1037 Engine run finished. Time taken: 00:00:25.717
[Epoch 55] train_loss=0.000485 | val_loss=0.000498
04/01/2026 08:20:00 AM | engine.py:1010 Epoch[55] Complete. Time taken: 00:00:47.636
04/01/2026 08:20:22 AM | engine.py:906 Engine run starting with max_epochs=1.
04/01/2026 08:20:47 AM | engine.py:1010 Epoch[1] Complete. Time taken: 00:00:25.255
[Validator] Epoch 56 - val_loss: 0.000497
[BEST CHECKPOINT] Guardado/actualizado en: checkpoints\Mis_modelos\l1_freq checkpoints\4stems\best_checkpoint_56_val_loss=-0.0005.pt
04/01/2026 08:20:47 AM | engine.py:1037 Engine run finished. Time taken: 00:00:25.267
[Epoch 56] train_loss=0.000482 | val_loss=0.000497
04/01/2026 08:20:47 AM | engine.py:1010 Epoch[56] Complete. Time taken: 00:00:47.096
04/01/2026 08:21:09 AM | engine.py:906 Engine run starting with max_epochs=1.
04/01/2026 08:21:34 AM | engine.py:1010 Epoch[1] Complete. Time taken: 00:00:24.978
[Validator] Epoch 57 - val_loss: 0.000497
[BEST CHECKPOINT] Guardado/actualizado en: checkpoints\Mis_modelos\l1_freq checkpoints\4stems\best_checkpoint_57_val_loss=-0.0005.pt
04/01/2026 08:21:34 AM | engine.py:1037 Engine run finished. Time taken: 00:00:24.989
[Epoch 57] train_loss=0.000473 | val_loss=0.000497
04/01/2026 08:21:34 AM | engine.py:1010 Epoch[57] Complete. Time taken: 00:00:46.738
04/01/2026 08:21:56 AM | engine.py:906 Engine run starting with max_epochs=1.
04/01/2026 08:22:22 AM | engine.py:1010 Epoch[1] Complete. Time taken: 00:00:25.589
[Validator] Epoch 58 - val_loss: 0.000497
[BEST CHECKPOINT] Guardado/actualizado en: checkpoints\Mis_modelos\l1_freq checkpoints\4stems\best_checkpoint_58_val_loss=-0.0005.pt
04/01/2026 08:22:22 AM | engine.py:1037 Engine run finished. Time taken: 00:00:25.599
[Epoch 58] train_loss=0.000478 | val_loss=0.000497
04/01/2026 08:22:22 AM | engine.py:1010 Epoch[58] Complete. Time taken: 00:00:47.910
04/01/2026 08:22:44 AM | engine.py:906 Engine run starting with max_epochs=1.
04/01/2026 08:23:10 AM | engine.py:1010 Epoch[1] Complete. Time taken: 00:00:26.264
[Validator] Epoch 59 - val_loss: 0.000497
[BEST CHECKPOINT] Guardado/actualizado en: checkpoints\Mis_modelos\l1_freq checkpoints\4stems\best_checkpoint_59_val_loss=-0.0005.pt
04/01/2026 08:23:10 AM | engine.py:1037 Engine run finished. Time taken: 00:00:26.276
[Epoch 59] train_loss=0.000477 | val_loss=0.000497
04/01/2026 08:23:10 AM | engine.py:1010 Epoch[59] Complete. Time taken: 00:00:48.539
04/01/2026 08:23:32 AM | engine.py:906 Engine run starting with max_epochs=1.
04/01/2026 08:23:57 AM | engine.py:1010 Epoch[1] Complete. Time taken: 00:00:25.450
[Validator] Epoch 60 - val_loss: 0.000497
[BEST CHECKPOINT] Guardado/actualizado en: checkpoints\Mis_modelos\l1_freq checkpoints\4stems\best_checkpoint_59_val_loss=-0.0005.pt
04/01/2026 08:23:57 AM | engine.py:1037 Engine run finished. Time taken: 00:00:25.451
[Epoch 60] train_loss=0.000473 | val_loss=0.000497
04/01/2026 08:23:57 AM | engine.py:1010 Epoch[60] Complete. Time taken: 00:00:46.946
04/01/2026 08:24:19 AM | engine.py:906 Engine run starting with max_epochs=1.
04/01/2026 08:24:45 AM | engine.py:1010 Epoch[1] Complete. Time taken: 00:00:25.763
[Validator] Epoch 61 - val_loss: 0.000497
[BEST CHECKPOINT] Guardado/actualizado en: checkpoints\Mis_modelos\l1_freq checkpoints\4stems\best_checkpoint_59_val_loss=-0.0005.pt
04/01/2026 08:24:45 AM | engine.py:1037 Engine run finished. Time taken: 00:00:25.764
[Epoch 61] train_loss=0.000477 | val_loss=0.000497
04/01/2026 08:24:45 AM | engine.py:1010 Epoch[61] Complete. Time taken: 00:00:48.020
04/01/2026 08:25:07 AM | engine.py:906 Engine run starting with max_epochs=1.
04/01/2026 08:25:32 AM | engine.py:1010 Epoch[1] Complete. Time taken: 00:00:25.213
[Validator] Epoch 62 - val_loss: 0.000497
[BEST CHECKPOINT] Guardado/actualizado en: checkpoints\Mis_modelos\l1_freq checkpoints\4stems\best_checkpoint_59_val_loss=-0.0005.pt
04/01/2026 08:25:32 AM | engine.py:1037 Engine run finished. Time taken: 00:00:25.216
[Epoch 62] train_loss=0.000500 | val_loss=0.000497
04/01/2026 08:25:32 AM | engine.py:1010 Epoch[62] Complete. Time taken: 00:00:47.017
04/01/2026 08:25:54 AM | engine.py:906 Engine run starting with max_epochs=1.
04/01/2026 08:26:20 AM | engine.py:1010 Epoch[1] Complete. Time taken: 00:00:25.951
[Validator] Epoch 63 - val_loss: 0.000497
[BEST CHECKPOINT] Guardado/actualizado en: checkpoints\Mis_modelos\l1_freq checkpoints\4stems\best_checkpoint_63_val_loss=-0.0005.pt
04/01/2026 08:26:20 AM | engine.py:1037 Engine run finished. Time taken: 00:00:25.963
[Epoch 63] train_loss=0.000478 | val_loss=0.000497
04/01/2026 08:26:20 AM | engine.py:1010 Epoch[63] Complete. Time taken: 00:00:47.671
04/01/2026 08:26:42 AM | engine.py:906 Engine run starting with max_epochs=1.
04/01/2026 08:27:07 AM | engine.py:1010 Epoch[1] Complete. Time taken: 00:00:25.363
[Validator] Epoch 64 - val_loss: 0.000496
[BEST CHECKPOINT] Guardado/actualizado en: checkpoints\Mis_modelos\l1_freq checkpoints\4stems\best_checkpoint_64_val_loss=-0.0005.pt
04/01/2026 08:27:07 AM | engine.py:1037 Engine run finished. Time taken: 00:00:25.375
[Epoch 64] train_loss=0.000488 | val_loss=0.000496
04/01/2026 08:27:07 AM | engine.py:1010 Epoch[64] Complete. Time taken: 00:00:47.481
04/01/2026 08:27:29 AM | engine.py:906 Engine run starting with max_epochs=1.
04/01/2026 08:27:54 AM | engine.py:1010 Epoch[1] Complete. Time taken: 00:00:24.864
[Validator] Epoch 65 - val_loss: 0.000496
[BEST CHECKPOINT] Guardado/actualizado en: checkpoints\Mis_modelos\l1_freq checkpoints\4stems\best_checkpoint_65_val_loss=-0.0005.pt
04/01/2026 08:27:54 AM | engine.py:1037 Engine run finished. Time taken: 00:00:24.873
[Epoch 65] train_loss=0.000461 | val_loss=0.000496
04/01/2026 08:27:54 AM | engine.py:1010 Epoch[65] Complete. Time taken: 00:00:46.515
04/01/2026 08:28:16 AM | engine.py:906 Engine run starting with max_epochs=1.
04/01/2026 08:28:41 AM | engine.py:1010 Epoch[1] Complete. Time taken: 00:00:25.451
[Validator] Epoch 66 - val_loss: 0.000496
[BEST CHECKPOINT] Guardado/actualizado en: checkpoints\Mis_modelos\l1_freq checkpoints\4stems\best_checkpoint_66_val_loss=-0.0005.pt
04/01/2026 08:28:41 AM | engine.py:1037 Engine run finished. Time taken: 00:00:25.465
[Epoch 66] train_loss=0.000481 | val_loss=0.000496
04/01/2026 08:28:41 AM | engine.py:1010 Epoch[66] Complete. Time taken: 00:00:47.335
04/01/2026 08:29:03 AM | engine.py:906 Engine run starting with max_epochs=1.
04/01/2026 08:29:29 AM | engine.py:1010 Epoch[1] Complete. Time taken: 00:00:25.629
[Validator] Epoch 67 - val_loss: 0.000496
[BEST CHECKPOINT] Guardado/actualizado en: checkpoints\Mis_modelos\l1_freq checkpoints\4stems\best_checkpoint_67_val_loss=-0.0005.pt
04/01/2026 08:29:29 AM | engine.py:1037 Engine run finished. Time taken: 00:00:25.642
[Epoch 67] train_loss=0.000470 | val_loss=0.000496
04/01/2026 08:29:29 AM | engine.py:1010 Epoch[67] Complete. Time taken: 00:00:47.948
04/01/2026 08:29:51 AM | engine.py:906 Engine run starting with max_epochs=1.
04/01/2026 08:30:16 AM | engine.py:1010 Epoch[1] Complete. Time taken: 00:00:25.375
[Validator] Epoch 68 - val_loss: 0.000495
[BEST CHECKPOINT] Guardado/actualizado en: checkpoints\Mis_modelos\l1_freq checkpoints\4stems\best_checkpoint_68_val_loss=-0.0005.pt
04/01/2026 08:30:16 AM | engine.py:1037 Engine run finished. Time taken: 00:00:25.385
[Epoch 68] train_loss=0.000500 | val_loss=0.000495
04/01/2026 08:30:16 AM | engine.py:1010 Epoch[68] Complete. Time taken: 00:00:47.320
04/01/2026 08:30:38 AM | engine.py:906 Engine run starting with max_epochs=1.
04/01/2026 08:31:04 AM | engine.py:1010 Epoch[1] Complete. Time taken: 00:00:25.542
[Validator] Epoch 69 - val_loss: 0.000495
[BEST CHECKPOINT] Guardado/actualizado en: checkpoints\Mis_modelos\l1_freq checkpoints\4stems\best_checkpoint_69_val_loss=-0.0005.pt
04/01/2026 08:31:04 AM | engine.py:1037 Engine run finished. Time taken: 00:00:25.554
[Epoch 69] train_loss=0.000462 | val_loss=0.000495
04/01/2026 08:31:04 AM | engine.py:1010 Epoch[69] Complete. Time taken: 00:00:47.218
04/01/2026 08:31:26 AM | engine.py:906 Engine run starting with max_epochs=1.
04/01/2026 08:31:52 AM | engine.py:1010 Epoch[1] Complete. Time taken: 00:00:25.610
[Validator] Epoch 70 - val_loss: 0.000494
[BEST CHECKPOINT] Guardado/actualizado en: checkpoints\Mis_modelos\l1_freq checkpoints\4stems\best_checkpoint_70_val_loss=-0.0005.pt
04/01/2026 08:31:52 AM | engine.py:1037 Engine run finished. Time taken: 00:00:25.621
[Epoch 70] train_loss=0.000480 | val_loss=0.000494
04/01/2026 08:31:52 AM | engine.py:1010 Epoch[70] Complete. Time taken: 00:00:47.927
04/01/2026 08:32:14 AM | engine.py:906 Engine run starting with max_epochs=1.
04/01/2026 08:32:39 AM | engine.py:1010 Epoch[1] Complete. Time taken: 00:00:25.591
[Validator] Epoch 71 - val_loss: 0.000494
[BEST CHECKPOINT] Guardado/actualizado en: checkpoints\Mis_modelos\l1_freq checkpoints\4stems\best_checkpoint_71_val_loss=-0.0005.pt
04/01/2026 08:32:39 AM | engine.py:1037 Engine run finished. Time taken: 00:00:25.600
[Epoch 71] train_loss=0.000455 | val_loss=0.000494
04/01/2026 08:32:39 AM | engine.py:1010 Epoch[71] Complete. Time taken: 00:00:47.708
04/01/2026 08:33:01 AM | engine.py:906 Engine run starting with max_epochs=1.
04/01/2026 08:33:26 AM | engine.py:1010 Epoch[1] Complete. Time taken: 00:00:25.065
[Validator] Epoch 72 - val_loss: 0.000493
[BEST CHECKPOINT] Guardado/actualizado en: checkpoints\Mis_modelos\l1_freq checkpoints\4stems\best_checkpoint_72_val_loss=-0.0005.pt
04/01/2026 08:33:26 AM | engine.py:1037 Engine run finished. Time taken: 00:00:25.085
[Epoch 72] train_loss=0.000446 | val_loss=0.000493
04/01/2026 08:33:26 AM | engine.py:1010 Epoch[72] Complete. Time taken: 00:00:46.838
04/01/2026 08:33:49 AM | engine.py:906 Engine run starting with max_epochs=1.
04/01/2026 08:34:14 AM | engine.py:1010 Epoch[1] Complete. Time taken: 00:00:25.345
[Validator] Epoch 73 - val_loss: 0.000493
[BEST CHECKPOINT] Guardado/actualizado en: checkpoints\Mis_modelos\l1_freq checkpoints\4stems\best_checkpoint_73_val_loss=-0.0005.pt
04/01/2026 08:34:14 AM | engine.py:1037 Engine run finished. Time taken: 00:00:25.357
[Epoch 73] train_loss=0.000466 | val_loss=0.000493
04/01/2026 08:34:14 AM | engine.py:1010 Epoch[73] Complete. Time taken: 00:00:47.957
04/01/2026 08:34:36 AM | engine.py:906 Engine run starting with max_epochs=1.
04/01/2026 08:35:01 AM | engine.py:1010 Epoch[1] Complete. Time taken: 00:00:25.382
[Validator] Epoch 74 - val_loss: 0.000493
[BEST CHECKPOINT] Guardado/actualizado en: checkpoints\Mis_modelos\l1_freq checkpoints\4stems\best_checkpoint_74_val_loss=-0.0005.pt
04/01/2026 08:35:01 AM | engine.py:1037 Engine run finished. Time taken: 00:00:25.395
[Epoch 74] train_loss=0.000463 | val_loss=0.000493
04/01/2026 08:35:01 AM | engine.py:1010 Epoch[74] Complete. Time taken: 00:00:46.866
04/01/2026 08:35:23 AM | engine.py:906 Engine run starting with max_epochs=1.
04/01/2026 08:35:48 AM | engine.py:1010 Epoch[1] Complete. Time taken: 00:00:25.180
[Validator] Epoch 75 - val_loss: 0.000493
[BEST CHECKPOINT] Guardado/actualizado en: checkpoints\Mis_modelos\l1_freq checkpoints\4stems\best_checkpoint_75_val_loss=-0.0005.pt
04/01/2026 08:35:48 AM | engine.py:1037 Engine run finished. Time taken: 00:00:25.191
[Epoch 75] train_loss=0.000491 | val_loss=0.000493
04/01/2026 08:35:48 AM | engine.py:1010 Epoch[75] Complete. Time taken: 00:00:47.251
04/01/2026 08:36:10 AM | engine.py:906 Engine run starting with max_epochs=1.
04/01/2026 08:36:35 AM | engine.py:1010 Epoch[1] Complete. Time taken: 00:00:25.578
[Validator] Epoch 76 - val_loss: 0.000493
[BEST CHECKPOINT] Guardado/actualizado en: checkpoints\Mis_modelos\l1_freq checkpoints\4stems\best_checkpoint_76_val_loss=-0.0005.pt
04/01/2026 08:36:35 AM | engine.py:1037 Engine run finished. Time taken: 00:00:25.589
[Epoch 76] train_loss=0.000459 | val_loss=0.000493
04/01/2026 08:36:35 AM | engine.py:1010 Epoch[76] Complete. Time taken: 00:00:47.189
04/01/2026 08:36:57 AM | engine.py:906 Engine run starting with max_epochs=1.
04/01/2026 08:37:23 AM | engine.py:1010 Epoch[1] Complete. Time taken: 00:00:26.158
[Validator] Epoch 77 - val_loss: 0.000493
[BEST CHECKPOINT] Guardado/actualizado en: checkpoints\Mis_modelos\l1_freq checkpoints\4stems\best_checkpoint_76_val_loss=-0.0005.pt
04/01/2026 08:37:23 AM | engine.py:1037 Engine run finished. Time taken: 00:00:26.159
[Epoch 77] train_loss=0.000492 | val_loss=0.000493
04/01/2026 08:37:23 AM | engine.py:1010 Epoch[77] Complete. Time taken: 00:00:47.410
04/01/2026 08:37:45 AM | engine.py:906 Engine run starting with max_epochs=1.
04/01/2026 08:38:11 AM | engine.py:1010 Epoch[1] Complete. Time taken: 00:00:26.015
[Validator] Epoch 78 - val_loss: 0.000493
[BEST CHECKPOINT] Guardado/actualizado en: checkpoints\Mis_modelos\l1_freq checkpoints\4stems\best_checkpoint_76_val_loss=-0.0005.pt
04/01/2026 08:38:11 AM | engine.py:1037 Engine run finished. Time taken: 00:00:26.016
[Epoch 78] train_loss=0.000480 | val_loss=0.000493
04/01/2026 08:38:11 AM | engine.py:1010 Epoch[78] Complete. Time taken: 00:00:47.816
04/01/2026 08:38:32 AM | engine.py:906 Engine run starting with max_epochs=1.
04/01/2026 08:38:58 AM | engine.py:1010 Epoch[1] Complete. Time taken: 00:00:25.842
[Validator] Epoch 79 - val_loss: 0.000493
[BEST CHECKPOINT] Guardado/actualizado en: checkpoints\Mis_modelos\l1_freq checkpoints\4stems\best_checkpoint_79_val_loss=-0.0005.pt
04/01/2026 08:38:58 AM | engine.py:1037 Engine run finished. Time taken: 00:00:25.854
[Epoch 79] train_loss=0.000482 | val_loss=0.000493
04/01/2026 08:38:58 AM | engine.py:1010 Epoch[79] Complete. Time taken: 00:00:47.728
04/01/2026 08:39:20 AM | engine.py:906 Engine run starting with max_epochs=1.
04/01/2026 08:39:45 AM | engine.py:1010 Epoch[1] Complete. Time taken: 00:00:25.421
[Validator] Epoch 80 - val_loss: 0.000492
[BEST CHECKPOINT] Guardado/actualizado en: checkpoints\Mis_modelos\l1_freq checkpoints\4stems\best_checkpoint_80_val_loss=-0.0005.pt
04/01/2026 08:39:45 AM | engine.py:1037 Engine run finished. Time taken: 00:00:25.433
[Epoch 80] train_loss=0.000479 | val_loss=0.000492
04/01/2026 08:39:45 AM | engine.py:1010 Epoch[80] Complete. Time taken: 00:00:46.854
04/01/2026 08:40:06 AM | engine.py:906 Engine run starting with max_epochs=1.
04/01/2026 08:40:32 AM | engine.py:1010 Epoch[1] Complete. Time taken: 00:00:25.211
[Validator] Epoch 81 - val_loss: 0.000493
[BEST CHECKPOINT] Guardado/actualizado en: checkpoints\Mis_modelos\l1_freq checkpoints\4stems\best_checkpoint_80_val_loss=-0.0005.pt
04/01/2026 08:40:32 AM | engine.py:1037 Engine run finished. Time taken: 00:00:25.211
[Epoch 81] train_loss=0.000483 | val_loss=0.000493
04/01/2026 08:40:32 AM | engine.py:1010 Epoch[81] Complete. Time taken: 00:00:46.310
04/01/2026 08:40:53 AM | engine.py:906 Engine run starting with max_epochs=1.
04/01/2026 08:41:19 AM | engine.py:1010 Epoch[1] Complete. Time taken: 00:00:25.311
[Validator] Epoch 82 - val_loss: 0.000492
[BEST CHECKPOINT] Guardado/actualizado en: checkpoints\Mis_modelos\l1_freq checkpoints\4stems\best_checkpoint_82_val_loss=-0.0005.pt
04/01/2026 08:41:19 AM | engine.py:1037 Engine run finished. Time taken: 00:00:25.320
[Epoch 82] train_loss=0.000480 | val_loss=0.000492
04/01/2026 08:41:19 AM | engine.py:1010 Epoch[82] Complete. Time taken: 00:00:47.134
04/01/2026 08:41:40 AM | engine.py:906 Engine run starting with max_epochs=1.
04/01/2026 08:42:06 AM | engine.py:1010 Epoch[1] Complete. Time taken: 00:00:25.944
[Validator] Epoch 83 - val_loss: 0.000492
[BEST CHECKPOINT] Guardado/actualizado en: checkpoints\Mis_modelos\l1_freq checkpoints\4stems\best_checkpoint_83_val_loss=-0.0005.pt
04/01/2026 08:42:06 AM | engine.py:1037 Engine run finished. Time taken: 00:00:25.955
[Epoch 83] train_loss=0.000469 | val_loss=0.000492
04/01/2026 08:42:06 AM | engine.py:1010 Epoch[83] Complete. Time taken: 00:00:47.401
04/01/2026 08:42:28 AM | engine.py:906 Engine run starting with max_epochs=1.
04/01/2026 08:42:53 AM | engine.py:1010 Epoch[1] Complete. Time taken: 00:00:25.061
[Validator] Epoch 84 - val_loss: 0.000491
[BEST CHECKPOINT] Guardado/actualizado en: checkpoints\Mis_modelos\l1_freq checkpoints\4stems\best_checkpoint_84_val_loss=-0.0005.pt
04/01/2026 08:42:53 AM | engine.py:1037 Engine run finished. Time taken: 00:00:25.073
[Epoch 84] train_loss=0.000461 | val_loss=0.000491
04/01/2026 08:42:53 AM | engine.py:1010 Epoch[84] Complete. Time taken: 00:00:46.764
04/01/2026 08:43:15 AM | engine.py:906 Engine run starting with max_epochs=1.
04/01/2026 08:43:41 AM | engine.py:1010 Epoch[1] Complete. Time taken: 00:00:25.731
[Validator] Epoch 85 - val_loss: 0.000490
[BEST CHECKPOINT] Guardado/actualizado en: checkpoints\Mis_modelos\l1_freq checkpoints\4stems\best_checkpoint_85_val_loss=-0.0005.pt
04/01/2026 08:43:41 AM | engine.py:1037 Engine run finished. Time taken: 00:00:25.745
[Epoch 85] train_loss=0.000484 | val_loss=0.000490
04/01/2026 08:43:41 AM | engine.py:1010 Epoch[85] Complete. Time taken: 00:00:47.812
04/01/2026 08:44:03 AM | engine.py:906 Engine run starting with max_epochs=1.
04/01/2026 08:44:28 AM | engine.py:1010 Epoch[1] Complete. Time taken: 00:00:24.626
[Validator] Epoch 86 - val_loss: 0.000490
[BEST CHECKPOINT] Guardado/actualizado en: checkpoints\Mis_modelos\l1_freq checkpoints\4stems\best_checkpoint_86_val_loss=-0.0005.pt
04/01/2026 08:44:28 AM | engine.py:1037 Engine run finished. Time taken: 00:00:24.640
[Epoch 86] train_loss=0.000481 | val_loss=0.000490
04/01/2026 08:44:28 AM | engine.py:1010 Epoch[86] Complete. Time taken: 00:00:47.474
04/01/2026 08:44:50 AM | engine.py:906 Engine run starting with max_epochs=1.
04/01/2026 08:45:16 AM | engine.py:1010 Epoch[1] Complete. Time taken: 00:00:26.075
[Validator] Epoch 87 - val_loss: 0.000489
[BEST CHECKPOINT] Guardado/actualizado en: checkpoints\Mis_modelos\l1_freq checkpoints\4stems\best_checkpoint_87_val_loss=-0.0005.pt
04/01/2026 08:45:16 AM | engine.py:1037 Engine run finished. Time taken: 00:00:26.084
[Epoch 87] train_loss=0.000467 | val_loss=0.000489
04/01/2026 08:45:16 AM | engine.py:1010 Epoch[87] Complete. Time taken: 00:00:48.287
04/01/2026 08:45:38 AM | engine.py:906 Engine run starting with max_epochs=1.
04/01/2026 08:46:04 AM | engine.py:1010 Epoch[1] Complete. Time taken: 00:00:25.870
[Validator] Epoch 88 - val_loss: 0.000489
[BEST CHECKPOINT] Guardado/actualizado en: checkpoints\Mis_modelos\l1_freq checkpoints\4stems\best_checkpoint_88_val_loss=-0.0005.pt
04/01/2026 08:46:04 AM | engine.py:1037 Engine run finished. Time taken: 00:00:25.879
[Epoch 88] train_loss=0.000481 | val_loss=0.000489
04/01/2026 08:46:04 AM | engine.py:1010 Epoch[88] Complete. Time taken: 00:00:47.200
04/01/2026 08:46:24 AM | engine.py:906 Engine run starting with max_epochs=1.
04/01/2026 08:46:50 AM | engine.py:1010 Epoch[1] Complete. Time taken: 00:00:25.360
[Validator] Epoch 89 - val_loss: 0.000489
[BEST CHECKPOINT] Guardado/actualizado en: checkpoints\Mis_modelos\l1_freq checkpoints\4stems\best_checkpoint_89_val_loss=-0.0005.pt
04/01/2026 08:46:50 AM | engine.py:1037 Engine run finished. Time taken: 00:00:25.369
[Epoch 89] train_loss=0.000468 | val_loss=0.000489
04/01/2026 08:46:50 AM | engine.py:1010 Epoch[89] Complete. Time taken: 00:00:46.281
04/01/2026 08:47:11 AM | engine.py:906 Engine run starting with max_epochs=1.
04/01/2026 08:47:38 AM | engine.py:1010 Epoch[1] Complete. Time taken: 00:00:26.190
[Validator] Epoch 90 - val_loss: 0.000489
[BEST CHECKPOINT] Guardado/actualizado en: checkpoints\Mis_modelos\l1_freq checkpoints\4stems\best_checkpoint_89_val_loss=-0.0005.pt
04/01/2026 08:47:38 AM | engine.py:1037 Engine run finished. Time taken: 00:00:26.191
[Epoch 90] train_loss=0.000464 | val_loss=0.000489
04/01/2026 08:47:38 AM | engine.py:1010 Epoch[90] Complete. Time taken: 00:00:47.694
04/01/2026 08:47:59 AM | engine.py:906 Engine run starting with max_epochs=1.
04/01/2026 08:48:25 AM | engine.py:1010 Epoch[1] Complete. Time taken: 00:00:25.863
[Validator] Epoch 91 - val_loss: 0.000490
[BEST CHECKPOINT] Guardado/actualizado en: checkpoints\Mis_modelos\l1_freq checkpoints\4stems\best_checkpoint_89_val_loss=-0.0005.pt
04/01/2026 08:48:25 AM | engine.py:1037 Engine run finished. Time taken: 00:00:25.864
[Epoch 91] train_loss=0.000472 | val_loss=0.000490
04/01/2026 08:48:25 AM | engine.py:1010 Epoch[91] Complete. Time taken: 00:00:47.698
04/01/2026 08:48:47 AM | engine.py:906 Engine run starting with max_epochs=1.
04/01/2026 08:49:12 AM | engine.py:1010 Epoch[1] Complete. Time taken: 00:00:25.484
[Validator] Epoch 92 - val_loss: 0.000490
[BEST CHECKPOINT] Guardado/actualizado en: checkpoints\Mis_modelos\l1_freq checkpoints\4stems\best_checkpoint_89_val_loss=-0.0005.pt
04/01/2026 08:49:12 AM | engine.py:1037 Engine run finished. Time taken: 00:00:25.485
[Epoch 92] train_loss=0.000472 | val_loss=0.000490
04/01/2026 08:49:12 AM | engine.py:1010 Epoch[92] Complete. Time taken: 00:00:47.148
04/01/2026 08:49:34 AM | engine.py:906 Engine run starting with max_epochs=1.
04/01/2026 08:50:00 AM | engine.py:1010 Epoch[1] Complete. Time taken: 00:00:25.596
[Validator] Epoch 93 - val_loss: 0.000490
[BEST CHECKPOINT] Guardado/actualizado en: checkpoints\Mis_modelos\l1_freq checkpoints\4stems\best_checkpoint_89_val_loss=-0.0005.pt
04/01/2026 08:50:00 AM | engine.py:1037 Engine run finished. Time taken: 00:00:25.598
[Epoch 93] train_loss=0.000477 | val_loss=0.000490
04/01/2026 08:50:00 AM | engine.py:1010 Epoch[93] Complete. Time taken: 00:00:47.535
04/01/2026 08:50:22 AM | engine.py:906 Engine run starting with max_epochs=1.
04/01/2026 08:50:47 AM | engine.py:1010 Epoch[1] Complete. Time taken: 00:00:25.690
[Validator] Epoch 94 - val_loss: 0.000490
[BEST CHECKPOINT] Guardado/actualizado en: checkpoints\Mis_modelos\l1_freq checkpoints\4stems\best_checkpoint_89_val_loss=-0.0005.pt
04/01/2026 08:50:47 AM | engine.py:1037 Engine run finished. Time taken: 00:00:25.691
[Epoch 94] train_loss=0.000470 | val_loss=0.000490
04/01/2026 08:50:47 AM | engine.py:1010 Epoch[94] Complete. Time taken: 00:00:47.559
04/01/2026 08:51:09 AM | engine.py:906 Engine run starting with max_epochs=1.
04/01/2026 08:51:35 AM | engine.py:1010 Epoch[1] Complete. Time taken: 00:00:25.397
[Validator] Epoch 95 - val_loss: 0.000489
[BEST CHECKPOINT] Guardado/actualizado en: checkpoints\Mis_modelos\l1_freq checkpoints\4stems\best_checkpoint_89_val_loss=-0.0005.pt
04/01/2026 08:51:35 AM | engine.py:1037 Engine run finished. Time taken: 00:00:25.398
[Epoch 95] train_loss=0.000472 | val_loss=0.000489
04/01/2026 08:51:35 AM | engine.py:1010 Epoch[95] Complete. Time taken: 00:00:47.096
04/01/2026 08:51:57 AM | engine.py:906 Engine run starting with max_epochs=1.
04/01/2026 08:52:22 AM | engine.py:1010 Epoch[1] Complete. Time taken: 00:00:25.496
[Validator] Epoch 96 - val_loss: 0.000489
[BEST CHECKPOINT] Guardado/actualizado en: checkpoints\Mis_modelos\l1_freq checkpoints\4stems\best_checkpoint_96_val_loss=-0.0005.pt
04/01/2026 08:52:22 AM | engine.py:1037 Engine run finished. Time taken: 00:00:25.505
[Epoch 96] train_loss=0.000477 | val_loss=0.000489
04/01/2026 08:52:22 AM | engine.py:1010 Epoch[96] Complete. Time taken: 00:00:47.589
04/01/2026 08:52:44 AM | engine.py:906 Engine run starting with max_epochs=1.
04/01/2026 08:53:09 AM | engine.py:1010 Epoch[1] Complete. Time taken: 00:00:25.547
[Validator] Epoch 97 - val_loss: 0.000489
[BEST CHECKPOINT] Guardado/actualizado en: checkpoints\Mis_modelos\l1_freq checkpoints\4stems\best_checkpoint_97_val_loss=-0.0005.pt
04/01/2026 08:53:09 AM | engine.py:1037 Engine run finished. Time taken: 00:00:25.557
[Epoch 97] train_loss=0.000482 | val_loss=0.000489
04/01/2026 08:53:09 AM | engine.py:1010 Epoch[97] Complete. Time taken: 00:00:47.145
04/01/2026 08:53:32 AM | engine.py:906 Engine run starting with max_epochs=1.
04/01/2026 08:53:56 AM | engine.py:1010 Epoch[1] Complete. Time taken: 00:00:24.421
[Validator] Epoch 98 - val_loss: 0.000488
[BEST CHECKPOINT] Guardado/actualizado en: checkpoints\Mis_modelos\l1_freq checkpoints\4stems\best_checkpoint_98_val_loss=-0.0005.pt
04/01/2026 08:53:56 AM | engine.py:1037 Engine run finished. Time taken: 00:00:24.430
[Epoch 98] train_loss=0.000463 | val_loss=0.000488
04/01/2026 08:53:56 AM | engine.py:1010 Epoch[98] Complete. Time taken: 00:00:46.975
04/01/2026 08:54:18 AM | engine.py:906 Engine run starting with max_epochs=1.
04/01/2026 08:54:43 AM | engine.py:1010 Epoch[1] Complete. Time taken: 00:00:25.196
[Validator] Epoch 99 - val_loss: 0.000488
[BEST CHECKPOINT] Guardado/actualizado en: checkpoints\Mis_modelos\l1_freq checkpoints\4stems\best_checkpoint_98_val_loss=-0.0005.pt
04/01/2026 08:54:43 AM | engine.py:1037 Engine run finished. Time taken: 00:00:25.197
[Epoch 99] train_loss=0.000459 | val_loss=0.000488
04/01/2026 08:54:43 AM | engine.py:1010 Epoch[99] Complete. Time taken: 00:00:47.120
04/01/2026 08:55:05 AM | engine.py:906 Engine run starting with max_epochs=1.
04/01/2026 08:55:31 AM | engine.py:1010 Epoch[1] Complete. Time taken: 00:00:26.321
[Validator] Epoch 100 - val_loss: 0.000488
[BEST CHECKPOINT] Guardado/actualizado en: checkpoints\Mis_modelos\l1_freq checkpoints\4stems\best_checkpoint_98_val_loss=-0.0005.pt
04/01/2026 08:55:31 AM | engine.py:1037 Engine run finished. Time taken: 00:00:26.330
[Epoch 100] train_loss=0.000478 | val_loss=0.000488
04/01/2026 08:55:31 AM | engine.py:1010 Epoch[100] Complete. Time taken: 00:00:47.571
04/01/2026 08:55:31 AM | engine.py:1037 Engine run finished. Time taken: 01:20:04.167
[LOADING BEST MODEL] Cargando mejor checkpoint desde: checkpoints\Mis_modelos\l1_freq checkpoints\4stems\best_checkpoint_98_val_loss=-0.0005.pt
C:\Users\rdpuser\TFG_Identificaci-n-de-voces-e-instrumentos-en-una-obra-musical\pipeline\train.py:326: FutureWarning: You are using `torch.load` with `weights_only=False` (the current default value), which uses the default pickle module implicitly. It is possible to construct malicious pickle data which will execute arbitrary code during unpickling (See https://github.com/pytorch/pytorch/blob/main/SECURITY.md#untrusted-models for more details). In a future release, the default value for `weights_only` will be flipped to `True`. This limits the functions that could be executed during unpickling. Arbitrary objects will no longer be allowed to be loaded via this mode unless they are explicitly allowlisted by the user via `torch.serialization.add_safe_globals`. We recommend you start setting `weights_only=True` for any use case where you don't have full control of the loaded file. Please open an issue on GitHub for any issues related to this experimental feature.
  checkpoint = torch.load(best_checkpoint_path, map_location=device)
