C:\Users\rdpuser\miniconda3\envs\tfg_py310\lib\site-packages\ignite\handlers\checkpoint.py:16: DeprecationWarning: `TorchScript` support for functional optimizers is deprecated and will be removed in a future PyTorch release. Consider using the `torch.compile` optimizer instead.
  from torch.distributed.optim import ZeroRedundancyOptimizer
Usando dispositivo: cuda
Using device: cuda | nf=257 | channels=1 | hidden=50 | stems=2 | loss=log_mag
C:\Users\rdpuser\miniconda3\envs\tfg_py310\lib\site-packages\torch\nn\modules\module.py:1326: UserWarning: expandable_segments not supported on this platform (Triggered internally at C:\actions-runner\_work\pytorch\pytorch\builder\windows\pytorch\c10/cuda/CUDAAllocatorConfig.h:28.)
  return t.to(
GA: actual_batch=100 | accum_steps=1 | effective_batch_real=100
03/31/2026 06:43:57 PM | engine.py:906 Engine run starting with max_epochs=100.
C:\Users\rdpuser\miniconda3\envs\tfg_py310\lib\site-packages\ignite\handlers\checkpoint.py:16: DeprecationWarning: `TorchScript` support for functional optimizers is deprecated and will be removed in a future PyTorch release. Consider using the `torch.compile` optimizer instead.
  from torch.distributed.optim import ZeroRedundancyOptimizer
C:\Users\rdpuser\miniconda3\envs\tfg_py310\lib\site-packages\ignite\handlers\checkpoint.py:16: DeprecationWarning: `TorchScript` support for functional optimizers is deprecated and will be removed in a future PyTorch release. Consider using the `torch.compile` optimizer instead.
  from torch.distributed.optim import ZeroRedundancyOptimizer
C:\Users\rdpuser\miniconda3\envs\tfg_py310\lib\site-packages\ignite\handlers\checkpoint.py:16: DeprecationWarning: `TorchScript` support for functional optimizers is deprecated and will be removed in a future PyTorch release. Consider using the `torch.compile` optimizer instead.
  from torch.distributed.optim import ZeroRedundancyOptimizer
C:\Users\rdpuser\miniconda3\envs\tfg_py310\lib\site-packages\ignite\handlers\checkpoint.py:16: DeprecationWarning: `TorchScript` support for functional optimizers is deprecated and will be removed in a future PyTorch release. Consider using the `torch.compile` optimizer instead.
  from torch.distributed.optim import ZeroRedundancyOptimizer
03/31/2026 06:46:46 PM | engine.py:906 Engine run starting with max_epochs=1.
C:\Users\rdpuser\miniconda3\envs\tfg_py310\lib\site-packages\ignite\handlers\checkpoint.py:16: DeprecationWarning: `TorchScript` support for functional optimizers is deprecated and will be removed in a future PyTorch release. Consider using the `torch.compile` optimizer instead.
  from torch.distributed.optim import ZeroRedundancyOptimizer
C:\Users\rdpuser\miniconda3\envs\tfg_py310\lib\site-packages\ignite\handlers\checkpoint.py:16: DeprecationWarning: `TorchScript` support for functional optimizers is deprecated and will be removed in a future PyTorch release. Consider using the `torch.compile` optimizer instead.
  from torch.distributed.optim import ZeroRedundancyOptimizer
C:\Users\rdpuser\miniconda3\envs\tfg_py310\lib\site-packages\ignite\handlers\checkpoint.py:16: DeprecationWarning: `TorchScript` support for functional optimizers is deprecated and will be removed in a future PyTorch release. Consider using the `torch.compile` optimizer instead.
  from torch.distributed.optim import ZeroRedundancyOptimizer
C:\Users\rdpuser\miniconda3\envs\tfg_py310\lib\site-packages\ignite\handlers\checkpoint.py:16: DeprecationWarning: `TorchScript` support for functional optimizers is deprecated and will be removed in a future PyTorch release. Consider using the `torch.compile` optimizer instead.
  from torch.distributed.optim import ZeroRedundancyOptimizer
03/31/2026 06:47:36 PM | engine.py:1010 Epoch[1] Complete. Time taken: 00:00:49.782
Training model with training mixes in: C:\Users\rdpuser\TFG_Identificaci-n-de-voces-e-instrumentos-en-una-obra-musical\datasets\mix_generation\foreground_train
Validating data with validation mixes in: C:\Users\rdpuser\TFG_Identificaci-n-de-voces-e-instrumentos-en-una-obra-musical\datasets\mix_generation\foreground_valid
[DEBUG] Num de sources: 2
pipeline de 2 fuentes
[Validator] Epoch 1 - val_loss: 0.433005
[BEST CHECKPOINT] Guardado/actualizado en: checkpoints\Mis_modelos\log_mag checkpoints\2stems\best_checkpoint_1_val_loss=-0.4330.pt
03/31/2026 06:47:36 PM | engine.py:1037 Engine run finished. Time taken: 00:00:50.250
[Epoch 1] train_loss=0.438692 | val_loss=0.433005
03/31/2026 06:47:36 PM | engine.py:1010 Epoch[1] Complete. Time taken: 00:03:00.167
03/31/2026 06:48:51 PM | engine.py:906 Engine run starting with max_epochs=1.
03/31/2026 06:49:30 PM | engine.py:1010 Epoch[1] Complete. Time taken: 00:00:38.897
[Validator] Epoch 2 - val_loss: 0.411125
[BEST CHECKPOINT] Guardado/actualizado en: checkpoints\Mis_modelos\log_mag checkpoints\2stems\best_checkpoint_2_val_loss=-0.4111.pt
03/31/2026 06:49:30 PM | engine.py:1037 Engine run finished. Time taken: 00:00:38.916
[Epoch 2] train_loss=0.407858 | val_loss=0.411125
03/31/2026 06:49:30 PM | engine.py:1010 Epoch[2] Complete. Time taken: 00:01:54.162
03/31/2026 06:50:45 PM | engine.py:906 Engine run starting with max_epochs=1.
03/31/2026 06:51:22 PM | engine.py:1010 Epoch[1] Complete. Time taken: 00:00:37.160
[Validator] Epoch 3 - val_loss: 0.381329
[BEST CHECKPOINT] Guardado/actualizado en: checkpoints\Mis_modelos\log_mag checkpoints\2stems\best_checkpoint_3_val_loss=-0.3813.pt
03/31/2026 06:51:22 PM | engine.py:1037 Engine run finished. Time taken: 00:00:37.172
[Epoch 3] train_loss=0.382672 | val_loss=0.381329
03/31/2026 06:51:22 PM | engine.py:1010 Epoch[3] Complete. Time taken: 00:01:52.290
03/31/2026 06:52:38 PM | engine.py:906 Engine run starting with max_epochs=1.
03/31/2026 06:53:16 PM | engine.py:1010 Epoch[1] Complete. Time taken: 00:00:37.561
[Validator] Epoch 4 - val_loss: 0.364486
[BEST CHECKPOINT] Guardado/actualizado en: checkpoints\Mis_modelos\log_mag checkpoints\2stems\best_checkpoint_4_val_loss=-0.3645.pt
03/31/2026 06:53:16 PM | engine.py:1037 Engine run finished. Time taken: 00:00:37.569
[Epoch 4] train_loss=0.368616 | val_loss=0.364486
03/31/2026 06:53:16 PM | engine.py:1010 Epoch[4] Complete. Time taken: 00:01:53.598
03/31/2026 06:54:33 PM | engine.py:906 Engine run starting with max_epochs=1.
03/31/2026 06:55:11 PM | engine.py:1010 Epoch[1] Complete. Time taken: 00:00:37.640
[Validator] Epoch 5 - val_loss: 0.357468
[BEST CHECKPOINT] Guardado/actualizado en: checkpoints\Mis_modelos\log_mag checkpoints\2stems\best_checkpoint_5_val_loss=-0.3575.pt
03/31/2026 06:55:11 PM | engine.py:1037 Engine run finished. Time taken: 00:00:37.650
[Epoch 5] train_loss=0.362731 | val_loss=0.357468
03/31/2026 06:55:11 PM | engine.py:1010 Epoch[5] Complete. Time taken: 00:01:54.774
03/31/2026 06:56:27 PM | engine.py:906 Engine run starting with max_epochs=1.
03/31/2026 06:57:04 PM | engine.py:1010 Epoch[1] Complete. Time taken: 00:00:37.440
[Validator] Epoch 6 - val_loss: 0.354192
[BEST CHECKPOINT] Guardado/actualizado en: checkpoints\Mis_modelos\log_mag checkpoints\2stems\best_checkpoint_6_val_loss=-0.3542.pt
03/31/2026 06:57:04 PM | engine.py:1037 Engine run finished. Time taken: 00:00:37.450
[Epoch 6] train_loss=0.361532 | val_loss=0.354192
03/31/2026 06:57:04 PM | engine.py:1010 Epoch[6] Complete. Time taken: 00:01:53.488
03/31/2026 06:58:20 PM | engine.py:906 Engine run starting with max_epochs=1.
03/31/2026 06:58:58 PM | engine.py:1010 Epoch[1] Complete. Time taken: 00:00:37.593
[Validator] Epoch 7 - val_loss: 0.352510
[BEST CHECKPOINT] Guardado/actualizado en: checkpoints\Mis_modelos\log_mag checkpoints\2stems\best_checkpoint_7_val_loss=-0.3525.pt
03/31/2026 06:58:58 PM | engine.py:1037 Engine run finished. Time taken: 00:00:37.602
[Epoch 7] train_loss=0.365971 | val_loss=0.352510
03/31/2026 06:58:58 PM | engine.py:1010 Epoch[7] Complete. Time taken: 00:01:53.508
03/31/2026 07:00:14 PM | engine.py:906 Engine run starting with max_epochs=1.
03/31/2026 07:00:53 PM | engine.py:1010 Epoch[1] Complete. Time taken: 00:00:38.824
[Validator] Epoch 8 - val_loss: 0.350461
[BEST CHECKPOINT] Guardado/actualizado en: checkpoints\Mis_modelos\log_mag checkpoints\2stems\best_checkpoint_8_val_loss=-0.3505.pt
03/31/2026 07:00:53 PM | engine.py:1037 Engine run finished. Time taken: 00:00:38.834
[Epoch 8] train_loss=0.360389 | val_loss=0.350461
03/31/2026 07:00:53 PM | engine.py:1010 Epoch[8] Complete. Time taken: 00:01:55.693
03/31/2026 07:02:09 PM | engine.py:906 Engine run starting with max_epochs=1.
03/31/2026 07:02:47 PM | engine.py:1010 Epoch[1] Complete. Time taken: 00:00:37.814
[Validator] Epoch 9 - val_loss: 0.349130
[BEST CHECKPOINT] Guardado/actualizado en: checkpoints\Mis_modelos\log_mag checkpoints\2stems\best_checkpoint_9_val_loss=-0.3491.pt
03/31/2026 07:02:47 PM | engine.py:1037 Engine run finished. Time taken: 00:00:37.827
[Epoch 9] train_loss=0.359554 | val_loss=0.349130
03/31/2026 07:02:47 PM | engine.py:1010 Epoch[9] Complete. Time taken: 00:01:53.946
03/31/2026 07:04:03 PM | engine.py:906 Engine run starting with max_epochs=1.
03/31/2026 07:04:42 PM | engine.py:1010 Epoch[1] Complete. Time taken: 00:00:38.271
[Validator] Epoch 10 - val_loss: 0.348063
[BEST CHECKPOINT] Guardado/actualizado en: checkpoints\Mis_modelos\log_mag checkpoints\2stems\best_checkpoint_10_val_loss=-0.3481.pt
03/31/2026 07:04:42 PM | engine.py:1037 Engine run finished. Time taken: 00:00:38.280
[Epoch 10] train_loss=0.359097 | val_loss=0.348063
03/31/2026 07:04:42 PM | engine.py:1010 Epoch[10] Complete. Time taken: 00:01:54.351
03/31/2026 07:05:58 PM | engine.py:906 Engine run starting with max_epochs=1.
03/31/2026 07:06:36 PM | engine.py:1010 Epoch[1] Complete. Time taken: 00:00:38.050
[Validator] Epoch 11 - val_loss: 0.347891
[BEST CHECKPOINT] Guardado/actualizado en: checkpoints\Mis_modelos\log_mag checkpoints\2stems\best_checkpoint_11_val_loss=-0.3479.pt
03/31/2026 07:06:36 PM | engine.py:1037 Engine run finished. Time taken: 00:00:38.062
[Epoch 11] train_loss=0.357669 | val_loss=0.347891
03/31/2026 07:06:36 PM | engine.py:1010 Epoch[11] Complete. Time taken: 00:01:53.972
03/31/2026 07:07:54 PM | engine.py:906 Engine run starting with max_epochs=1.
03/31/2026 07:08:32 PM | engine.py:1010 Epoch[1] Complete. Time taken: 00:00:37.937
[Validator] Epoch 12 - val_loss: 0.345752
[BEST CHECKPOINT] Guardado/actualizado en: checkpoints\Mis_modelos\log_mag checkpoints\2stems\best_checkpoint_12_val_loss=-0.3458.pt
03/31/2026 07:08:32 PM | engine.py:1037 Engine run finished. Time taken: 00:00:37.947
[Epoch 12] train_loss=0.350619 | val_loss=0.345752
03/31/2026 07:08:32 PM | engine.py:1010 Epoch[12] Complete. Time taken: 00:01:56.008
03/31/2026 07:09:49 PM | engine.py:906 Engine run starting with max_epochs=1.
03/31/2026 07:10:25 PM | engine.py:1010 Epoch[1] Complete. Time taken: 00:00:36.909
[Validator] Epoch 13 - val_loss: 0.345338
[BEST CHECKPOINT] Guardado/actualizado en: checkpoints\Mis_modelos\log_mag checkpoints\2stems\best_checkpoint_13_val_loss=-0.3453.pt
03/31/2026 07:10:25 PM | engine.py:1037 Engine run finished. Time taken: 00:00:36.918
[Epoch 13] train_loss=0.356455 | val_loss=0.345338
03/31/2026 07:10:25 PM | engine.py:1010 Epoch[13] Complete. Time taken: 00:01:53.910
03/31/2026 07:11:42 PM | engine.py:906 Engine run starting with max_epochs=1.
03/31/2026 07:12:20 PM | engine.py:1010 Epoch[1] Complete. Time taken: 00:00:38.115
[Validator] Epoch 14 - val_loss: 0.343939
[BEST CHECKPOINT] Guardado/actualizado en: checkpoints\Mis_modelos\log_mag checkpoints\2stems\best_checkpoint_14_val_loss=-0.3439.pt
03/31/2026 07:12:20 PM | engine.py:1037 Engine run finished. Time taken: 00:00:38.126
[Epoch 14] train_loss=0.350102 | val_loss=0.343939
03/31/2026 07:12:20 PM | engine.py:1010 Epoch[14] Complete. Time taken: 00:01:54.545
03/31/2026 07:13:37 PM | engine.py:906 Engine run starting with max_epochs=1.
03/31/2026 07:14:15 PM | engine.py:1010 Epoch[1] Complete. Time taken: 00:00:38.293
[Validator] Epoch 15 - val_loss: 0.343483
[BEST CHECKPOINT] Guardado/actualizado en: checkpoints\Mis_modelos\log_mag checkpoints\2stems\best_checkpoint_15_val_loss=-0.3435.pt
03/31/2026 07:14:15 PM | engine.py:1037 Engine run finished. Time taken: 00:00:38.303
[Epoch 15] train_loss=0.351362 | val_loss=0.343483
03/31/2026 07:14:15 PM | engine.py:1010 Epoch[15] Complete. Time taken: 00:01:54.786
03/31/2026 07:15:33 PM | engine.py:906 Engine run starting with max_epochs=1.
03/31/2026 07:16:10 PM | engine.py:1010 Epoch[1] Complete. Time taken: 00:00:37.363
[Validator] Epoch 16 - val_loss: 0.341435
[BEST CHECKPOINT] Guardado/actualizado en: checkpoints\Mis_modelos\log_mag checkpoints\2stems\best_checkpoint_16_val_loss=-0.3414.pt
03/31/2026 07:16:10 PM | engine.py:1037 Engine run finished. Time taken: 00:00:37.372
[Epoch 16] train_loss=0.349093 | val_loss=0.341435
03/31/2026 07:16:10 PM | engine.py:1010 Epoch[16] Complete. Time taken: 00:01:55.139
03/31/2026 07:17:26 PM | engine.py:906 Engine run starting with max_epochs=1.
03/31/2026 07:18:03 PM | engine.py:1010 Epoch[1] Complete. Time taken: 00:00:37.218
[Validator] Epoch 17 - val_loss: 0.340170
[BEST CHECKPOINT] Guardado/actualizado en: checkpoints\Mis_modelos\log_mag checkpoints\2stems\best_checkpoint_17_val_loss=-0.3402.pt
03/31/2026 07:18:03 PM | engine.py:1037 Engine run finished. Time taken: 00:00:37.228
[Epoch 17] train_loss=0.349233 | val_loss=0.340170
03/31/2026 07:18:03 PM | engine.py:1010 Epoch[17] Complete. Time taken: 00:01:53.369
03/31/2026 07:19:23 PM | engine.py:906 Engine run starting with max_epochs=1.
03/31/2026 07:20:00 PM | engine.py:1010 Epoch[1] Complete. Time taken: 00:00:37.662
[Validator] Epoch 18 - val_loss: 0.339270
[BEST CHECKPOINT] Guardado/actualizado en: checkpoints\Mis_modelos\log_mag checkpoints\2stems\best_checkpoint_18_val_loss=-0.3393.pt
03/31/2026 07:20:00 PM | engine.py:1037 Engine run finished. Time taken: 00:00:37.672
[Epoch 18] train_loss=0.345748 | val_loss=0.339270
03/31/2026 07:20:00 PM | engine.py:1010 Epoch[18] Complete. Time taken: 00:01:56.877
03/31/2026 07:21:14 PM | engine.py:906 Engine run starting with max_epochs=1.
03/31/2026 07:21:51 PM | engine.py:1010 Epoch[1] Complete. Time taken: 00:00:37.100
[Validator] Epoch 19 - val_loss: 0.340887
[BEST CHECKPOINT] Guardado/actualizado en: checkpoints\Mis_modelos\log_mag checkpoints\2stems\best_checkpoint_18_val_loss=-0.3393.pt
03/31/2026 07:21:51 PM | engine.py:1037 Engine run finished. Time taken: 00:00:37.102
[Epoch 19] train_loss=0.343405 | val_loss=0.340887
03/31/2026 07:21:51 PM | engine.py:1010 Epoch[19] Complete. Time taken: 00:01:51.266
03/31/2026 07:23:06 PM | engine.py:906 Engine run starting with max_epochs=1.
03/31/2026 07:23:43 PM | engine.py:1010 Epoch[1] Complete. Time taken: 00:00:37.037
[Validator] Epoch 20 - val_loss: 0.337738
[BEST CHECKPOINT] Guardado/actualizado en: checkpoints\Mis_modelos\log_mag checkpoints\2stems\best_checkpoint_20_val_loss=-0.3377.pt
03/31/2026 07:23:43 PM | engine.py:1037 Engine run finished. Time taken: 00:00:37.045
[Epoch 20] train_loss=0.343362 | val_loss=0.337738
03/31/2026 07:23:43 PM | engine.py:1010 Epoch[20] Complete. Time taken: 00:01:51.091
03/31/2026 07:24:58 PM | engine.py:906 Engine run starting with max_epochs=1.
03/31/2026 07:25:35 PM | engine.py:1010 Epoch[1] Complete. Time taken: 00:00:37.485
[Validator] Epoch 21 - val_loss: 0.336818
[BEST CHECKPOINT] Guardado/actualizado en: checkpoints\Mis_modelos\log_mag checkpoints\2stems\best_checkpoint_21_val_loss=-0.3368.pt
03/31/2026 07:25:35 PM | engine.py:1037 Engine run finished. Time taken: 00:00:37.492
[Epoch 21] train_loss=0.339863 | val_loss=0.336818
03/31/2026 07:25:35 PM | engine.py:1010 Epoch[21] Complete. Time taken: 00:01:52.466
03/31/2026 07:26:48 PM | engine.py:906 Engine run starting with max_epochs=1.
03/31/2026 07:27:25 PM | engine.py:1010 Epoch[1] Complete. Time taken: 00:00:36.614
[Validator] Epoch 22 - val_loss: 0.336844
[BEST CHECKPOINT] Guardado/actualizado en: checkpoints\Mis_modelos\log_mag checkpoints\2stems\best_checkpoint_21_val_loss=-0.3368.pt
03/31/2026 07:27:25 PM | engine.py:1037 Engine run finished. Time taken: 00:00:36.615
[Epoch 22] train_loss=0.341868 | val_loss=0.336844
03/31/2026 07:27:25 PM | engine.py:1010 Epoch[22] Complete. Time taken: 00:01:49.941
03/31/2026 07:28:39 PM | engine.py:906 Engine run starting with max_epochs=1.
03/31/2026 07:29:15 PM | engine.py:1010 Epoch[1] Complete. Time taken: 00:00:36.555
[Validator] Epoch 23 - val_loss: 0.335427
[BEST CHECKPOINT] Guardado/actualizado en: checkpoints\Mis_modelos\log_mag checkpoints\2stems\best_checkpoint_23_val_loss=-0.3354.pt
03/31/2026 07:29:15 PM | engine.py:1037 Engine run finished. Time taken: 00:00:36.564
[Epoch 23] train_loss=0.340331 | val_loss=0.335427
03/31/2026 07:29:15 PM | engine.py:1010 Epoch[23] Complete. Time taken: 00:01:50.421
03/31/2026 07:30:29 PM | engine.py:906 Engine run starting with max_epochs=1.
03/31/2026 07:31:06 PM | engine.py:1010 Epoch[1] Complete. Time taken: 00:00:37.028
[Validator] Epoch 24 - val_loss: 0.337266
[BEST CHECKPOINT] Guardado/actualizado en: checkpoints\Mis_modelos\log_mag checkpoints\2stems\best_checkpoint_23_val_loss=-0.3354.pt
03/31/2026 07:31:06 PM | engine.py:1037 Engine run finished. Time taken: 00:00:37.029
[Epoch 24] train_loss=0.336808 | val_loss=0.337266
03/31/2026 07:31:06 PM | engine.py:1010 Epoch[24] Complete. Time taken: 00:01:50.877
03/31/2026 07:32:20 PM | engine.py:906 Engine run starting with max_epochs=1.
03/31/2026 07:32:57 PM | engine.py:1010 Epoch[1] Complete. Time taken: 00:00:36.712
[Validator] Epoch 25 - val_loss: 0.336048
[BEST CHECKPOINT] Guardado/actualizado en: checkpoints\Mis_modelos\log_mag checkpoints\2stems\best_checkpoint_23_val_loss=-0.3354.pt
03/31/2026 07:32:57 PM | engine.py:1037 Engine run finished. Time taken: 00:00:36.714
[Epoch 25] train_loss=0.337677 | val_loss=0.336048
03/31/2026 07:32:57 PM | engine.py:1010 Epoch[25] Complete. Time taken: 00:01:50.321
03/31/2026 07:34:11 PM | engine.py:906 Engine run starting with max_epochs=1.
03/31/2026 07:34:47 PM | engine.py:1010 Epoch[1] Complete. Time taken: 00:00:36.415
[Validator] Epoch 26 - val_loss: 0.334918
[BEST CHECKPOINT] Guardado/actualizado en: checkpoints\Mis_modelos\log_mag checkpoints\2stems\best_checkpoint_26_val_loss=-0.3349.pt
03/31/2026 07:34:47 PM | engine.py:1037 Engine run finished. Time taken: 00:00:36.423
[Epoch 26] train_loss=0.335237 | val_loss=0.334918
03/31/2026 07:34:47 PM | engine.py:1010 Epoch[26] Complete. Time taken: 00:01:50.807
03/31/2026 07:36:01 PM | engine.py:906 Engine run starting with max_epochs=1.
03/31/2026 07:36:38 PM | engine.py:1010 Epoch[1] Complete. Time taken: 00:00:37.423
[Validator] Epoch 27 - val_loss: 0.336295
[BEST CHECKPOINT] Guardado/actualizado en: checkpoints\Mis_modelos\log_mag checkpoints\2stems\best_checkpoint_26_val_loss=-0.3349.pt
03/31/2026 07:36:38 PM | engine.py:1037 Engine run finished. Time taken: 00:00:37.425
[Epoch 27] train_loss=0.334756 | val_loss=0.336295
03/31/2026 07:36:38 PM | engine.py:1010 Epoch[27] Complete. Time taken: 00:01:50.735
03/31/2026 07:37:53 PM | engine.py:906 Engine run starting with max_epochs=1.
03/31/2026 07:38:29 PM | engine.py:1010 Epoch[1] Complete. Time taken: 00:00:36.575
[Validator] Epoch 28 - val_loss: 0.335214
[BEST CHECKPOINT] Guardado/actualizado en: checkpoints\Mis_modelos\log_mag checkpoints\2stems\best_checkpoint_26_val_loss=-0.3349.pt
03/31/2026 07:38:29 PM | engine.py:1037 Engine run finished. Time taken: 00:00:36.576
[Epoch 28] train_loss=0.335960 | val_loss=0.335214
03/31/2026 07:38:29 PM | engine.py:1010 Epoch[28] Complete. Time taken: 00:01:51.239
03/31/2026 07:39:43 PM | engine.py:906 Engine run starting with max_epochs=1.
03/31/2026 07:40:20 PM | engine.py:1010 Epoch[1] Complete. Time taken: 00:00:36.485
[Validator] Epoch 29 - val_loss: 0.333350
[BEST CHECKPOINT] Guardado/actualizado en: checkpoints\Mis_modelos\log_mag checkpoints\2stems\best_checkpoint_29_val_loss=-0.3334.pt
03/31/2026 07:40:20 PM | engine.py:1037 Engine run finished. Time taken: 00:00:36.493
[Epoch 29] train_loss=0.328003 | val_loss=0.333350
03/31/2026 07:40:20 PM | engine.py:1010 Epoch[29] Complete. Time taken: 00:01:50.358
03/31/2026 07:41:34 PM | engine.py:906 Engine run starting with max_epochs=1.
03/31/2026 07:42:10 PM | engine.py:1010 Epoch[1] Complete. Time taken: 00:00:35.894
[Validator] Epoch 30 - val_loss: 0.335209
[BEST CHECKPOINT] Guardado/actualizado en: checkpoints\Mis_modelos\log_mag checkpoints\2stems\best_checkpoint_29_val_loss=-0.3334.pt
03/31/2026 07:42:10 PM | engine.py:1037 Engine run finished. Time taken: 00:00:35.895
[Epoch 30] train_loss=0.334176 | val_loss=0.335209
03/31/2026 07:42:10 PM | engine.py:1010 Epoch[30] Complete. Time taken: 00:01:50.479
03/31/2026 07:43:24 PM | engine.py:906 Engine run starting with max_epochs=1.
03/31/2026 07:44:01 PM | engine.py:1010 Epoch[1] Complete. Time taken: 00:00:37.100
[Validator] Epoch 31 - val_loss: 0.333065
[BEST CHECKPOINT] Guardado/actualizado en: checkpoints\Mis_modelos\log_mag checkpoints\2stems\best_checkpoint_31_val_loss=-0.3331.pt
03/31/2026 07:44:01 PM | engine.py:1037 Engine run finished. Time taken: 00:00:37.109
[Epoch 31] train_loss=0.333108 | val_loss=0.333065
03/31/2026 07:44:01 PM | engine.py:1010 Epoch[31] Complete. Time taken: 00:01:51.042
03/31/2026 07:45:16 PM | engine.py:906 Engine run starting with max_epochs=1.
03/31/2026 07:45:52 PM | engine.py:1010 Epoch[1] Complete. Time taken: 00:00:36.103
[Validator] Epoch 32 - val_loss: 0.335088
[BEST CHECKPOINT] Guardado/actualizado en: checkpoints\Mis_modelos\log_mag checkpoints\2stems\best_checkpoint_31_val_loss=-0.3331.pt
03/31/2026 07:45:52 PM | engine.py:1037 Engine run finished. Time taken: 00:00:36.104
[Epoch 32] train_loss=0.335270 | val_loss=0.335088
03/31/2026 07:45:52 PM | engine.py:1010 Epoch[32] Complete. Time taken: 00:01:50.768
03/31/2026 07:47:06 PM | engine.py:906 Engine run starting with max_epochs=1.
03/31/2026 07:47:42 PM | engine.py:1010 Epoch[1] Complete. Time taken: 00:00:36.575
[Validator] Epoch 33 - val_loss: 0.336833
[BEST CHECKPOINT] Guardado/actualizado en: checkpoints\Mis_modelos\log_mag checkpoints\2stems\best_checkpoint_31_val_loss=-0.3331.pt
03/31/2026 07:47:42 PM | engine.py:1037 Engine run finished. Time taken: 00:00:36.576
[Epoch 33] train_loss=0.335541 | val_loss=0.336833
03/31/2026 07:47:42 PM | engine.py:1010 Epoch[33] Complete. Time taken: 00:01:50.070
03/31/2026 07:48:55 PM | engine.py:906 Engine run starting with max_epochs=1.
03/31/2026 07:49:31 PM | engine.py:1010 Epoch[1] Complete. Time taken: 00:00:36.300
[Validator] Epoch 34 - val_loss: 0.334787
[BEST CHECKPOINT] Guardado/actualizado en: checkpoints\Mis_modelos\log_mag checkpoints\2stems\best_checkpoint_31_val_loss=-0.3331.pt
03/31/2026 07:49:31 PM | engine.py:1037 Engine run finished. Time taken: 00:00:36.301
[Epoch 34] train_loss=0.333058 | val_loss=0.334787
03/31/2026 07:49:31 PM | engine.py:1010 Epoch[34] Complete. Time taken: 00:01:49.226
03/31/2026 07:50:46 PM | engine.py:906 Engine run starting with max_epochs=1.
03/31/2026 07:51:23 PM | engine.py:1010 Epoch[1] Complete. Time taken: 00:00:36.798
[Validator] Epoch 35 - val_loss: 0.335053
[BEST CHECKPOINT] Guardado/actualizado en: checkpoints\Mis_modelos\log_mag checkpoints\2stems\best_checkpoint_31_val_loss=-0.3331.pt
03/31/2026 07:51:23 PM | engine.py:1037 Engine run finished. Time taken: 00:00:36.800
[Epoch 35] train_loss=0.331270 | val_loss=0.335053
03/31/2026 07:51:23 PM | engine.py:1010 Epoch[35] Complete. Time taken: 00:01:51.204
03/31/2026 07:52:37 PM | engine.py:906 Engine run starting with max_epochs=1.
03/31/2026 07:53:14 PM | engine.py:1010 Epoch[1] Complete. Time taken: 00:00:37.077
[Validator] Epoch 36 - val_loss: 0.331634
[BEST CHECKPOINT] Guardado/actualizado en: checkpoints\Mis_modelos\log_mag checkpoints\2stems\best_checkpoint_36_val_loss=-0.3316.pt
03/31/2026 07:53:14 PM | engine.py:1037 Engine run finished. Time taken: 00:00:37.085
[Epoch 36] train_loss=0.329607 | val_loss=0.331634
03/31/2026 07:53:14 PM | engine.py:1010 Epoch[36] Complete. Time taken: 00:01:51.779
03/31/2026 07:54:29 PM | engine.py:906 Engine run starting with max_epochs=1.
03/31/2026 07:55:06 PM | engine.py:1010 Epoch[1] Complete. Time taken: 00:00:36.969
[Validator] Epoch 37 - val_loss: 0.331193
[BEST CHECKPOINT] Guardado/actualizado en: checkpoints\Mis_modelos\log_mag checkpoints\2stems\best_checkpoint_37_val_loss=-0.3312.pt
03/31/2026 07:55:06 PM | engine.py:1037 Engine run finished. Time taken: 00:00:36.979
[Epoch 37] train_loss=0.327064 | val_loss=0.331193
03/31/2026 07:55:06 PM | engine.py:1010 Epoch[37] Complete. Time taken: 00:01:51.343
03/31/2026 07:56:21 PM | engine.py:906 Engine run starting with max_epochs=1.
03/31/2026 07:56:58 PM | engine.py:1010 Epoch[1] Complete. Time taken: 00:00:37.238
[Validator] Epoch 38 - val_loss: 0.330602
[BEST CHECKPOINT] Guardado/actualizado en: checkpoints\Mis_modelos\log_mag checkpoints\2stems\best_checkpoint_38_val_loss=-0.3306.pt
03/31/2026 07:56:58 PM | engine.py:1037 Engine run finished. Time taken: 00:00:37.247
[Epoch 38] train_loss=0.328643 | val_loss=0.330602
03/31/2026 07:56:58 PM | engine.py:1010 Epoch[38] Complete. Time taken: 00:01:52.356
03/31/2026 07:58:13 PM | engine.py:906 Engine run starting with max_epochs=1.
03/31/2026 07:58:49 PM | engine.py:1010 Epoch[1] Complete. Time taken: 00:00:36.687
[Validator] Epoch 39 - val_loss: 0.332165
[BEST CHECKPOINT] Guardado/actualizado en: checkpoints\Mis_modelos\log_mag checkpoints\2stems\best_checkpoint_38_val_loss=-0.3306.pt
03/31/2026 07:58:49 PM | engine.py:1037 Engine run finished. Time taken: 00:00:36.688
[Epoch 39] train_loss=0.325990 | val_loss=0.332165
03/31/2026 07:58:49 PM | engine.py:1010 Epoch[39] Complete. Time taken: 00:01:51.346
03/31/2026 08:00:04 PM | engine.py:906 Engine run starting with max_epochs=1.
03/31/2026 08:00:41 PM | engine.py:1010 Epoch[1] Complete. Time taken: 00:00:36.837
[Validator] Epoch 40 - val_loss: 0.331271
[BEST CHECKPOINT] Guardado/actualizado en: checkpoints\Mis_modelos\log_mag checkpoints\2stems\best_checkpoint_38_val_loss=-0.3306.pt
03/31/2026 08:00:41 PM | engine.py:1037 Engine run finished. Time taken: 00:00:36.838
[Epoch 40] train_loss=0.330683 | val_loss=0.331271
03/31/2026 08:00:41 PM | engine.py:1010 Epoch[40] Complete. Time taken: 00:01:51.375
03/31/2026 08:01:56 PM | engine.py:906 Engine run starting with max_epochs=1.
03/31/2026 08:02:33 PM | engine.py:1010 Epoch[1] Complete. Time taken: 00:00:37.356
[Validator] Epoch 41 - val_loss: 0.330706
[BEST CHECKPOINT] Guardado/actualizado en: checkpoints\Mis_modelos\log_mag checkpoints\2stems\best_checkpoint_38_val_loss=-0.3306.pt
03/31/2026 08:02:33 PM | engine.py:1037 Engine run finished. Time taken: 00:00:37.358
[Epoch 41] train_loss=0.327314 | val_loss=0.330706
03/31/2026 08:02:33 PM | engine.py:1010 Epoch[41] Complete. Time taken: 00:01:52.164
03/31/2026 08:03:48 PM | engine.py:906 Engine run starting with max_epochs=1.
03/31/2026 08:04:25 PM | engine.py:1010 Epoch[1] Complete. Time taken: 00:00:37.099
[Validator] Epoch 42 - val_loss: 0.329430
[BEST CHECKPOINT] Guardado/actualizado en: checkpoints\Mis_modelos\log_mag checkpoints\2stems\best_checkpoint_42_val_loss=-0.3294.pt
03/31/2026 08:04:25 PM | engine.py:1037 Engine run finished. Time taken: 00:00:37.107
[Epoch 42] train_loss=0.326515 | val_loss=0.329430
03/31/2026 08:04:25 PM | engine.py:1010 Epoch[42] Complete. Time taken: 00:01:51.773
03/31/2026 08:05:40 PM | engine.py:906 Engine run starting with max_epochs=1.
03/31/2026 08:06:17 PM | engine.py:1010 Epoch[1] Complete. Time taken: 00:00:36.858
[Validator] Epoch 43 - val_loss: 0.331556
[BEST CHECKPOINT] Guardado/actualizado en: checkpoints\Mis_modelos\log_mag checkpoints\2stems\best_checkpoint_42_val_loss=-0.3294.pt
03/31/2026 08:06:17 PM | engine.py:1037 Engine run finished. Time taken: 00:00:36.860
[Epoch 43] train_loss=0.323674 | val_loss=0.331556
03/31/2026 08:06:17 PM | engine.py:1010 Epoch[43] Complete. Time taken: 00:01:52.523
03/31/2026 08:07:32 PM | engine.py:906 Engine run starting with max_epochs=1.
03/31/2026 08:08:09 PM | engine.py:1010 Epoch[1] Complete. Time taken: 00:00:36.895
[Validator] Epoch 44 - val_loss: 0.330875
[BEST CHECKPOINT] Guardado/actualizado en: checkpoints\Mis_modelos\log_mag checkpoints\2stems\best_checkpoint_42_val_loss=-0.3294.pt
03/31/2026 08:08:09 PM | engine.py:1037 Engine run finished. Time taken: 00:00:36.896
[Epoch 44] train_loss=0.326057 | val_loss=0.330875
03/31/2026 08:08:09 PM | engine.py:1010 Epoch[44] Complete. Time taken: 00:01:51.971
03/31/2026 08:09:25 PM | engine.py:906 Engine run starting with max_epochs=1.
03/31/2026 08:10:01 PM | engine.py:1010 Epoch[1] Complete. Time taken: 00:00:36.316
[Validator] Epoch 45 - val_loss: 0.330663
[BEST CHECKPOINT] Guardado/actualizado en: checkpoints\Mis_modelos\log_mag checkpoints\2stems\best_checkpoint_42_val_loss=-0.3294.pt
03/31/2026 08:10:01 PM | engine.py:1037 Engine run finished. Time taken: 00:00:36.317
[Epoch 45] train_loss=0.326675 | val_loss=0.330663
03/31/2026 08:10:01 PM | engine.py:1010 Epoch[45] Complete. Time taken: 00:01:51.813
03/31/2026 08:11:15 PM | engine.py:906 Engine run starting with max_epochs=1.
03/31/2026 08:11:52 PM | engine.py:1010 Epoch[1] Complete. Time taken: 00:00:36.719
[Validator] Epoch 46 - val_loss: 0.331025
[BEST CHECKPOINT] Guardado/actualizado en: checkpoints\Mis_modelos\log_mag checkpoints\2stems\best_checkpoint_42_val_loss=-0.3294.pt
03/31/2026 08:11:52 PM | engine.py:1037 Engine run finished. Time taken: 00:00:36.720
[Epoch 46] train_loss=0.325406 | val_loss=0.331025
03/31/2026 08:11:52 PM | engine.py:1010 Epoch[46] Complete. Time taken: 00:01:51.080
03/31/2026 08:13:07 PM | engine.py:906 Engine run starting with max_epochs=1.
03/31/2026 08:13:44 PM | engine.py:1010 Epoch[1] Complete. Time taken: 00:00:36.986
[Validator] Epoch 47 - val_loss: 0.330095
[BEST CHECKPOINT] Guardado/actualizado en: checkpoints\Mis_modelos\log_mag checkpoints\2stems\best_checkpoint_42_val_loss=-0.3294.pt
03/31/2026 08:13:44 PM | engine.py:1037 Engine run finished. Time taken: 00:00:36.987
[Epoch 47] train_loss=0.323396 | val_loss=0.330095
03/31/2026 08:13:44 PM | engine.py:1010 Epoch[47] Complete. Time taken: 00:01:51.718
03/31/2026 08:14:59 PM | engine.py:906 Engine run starting with max_epochs=1.
03/31/2026 08:15:36 PM | engine.py:1010 Epoch[1] Complete. Time taken: 00:00:37.145
[Validator] Epoch 48 - val_loss: 0.330472
[BEST CHECKPOINT] Guardado/actualizado en: checkpoints\Mis_modelos\log_mag checkpoints\2stems\best_checkpoint_42_val_loss=-0.3294.pt
03/31/2026 08:15:36 PM | engine.py:1037 Engine run finished. Time taken: 00:00:37.146
[Epoch 48] train_loss=0.325000 | val_loss=0.330472
03/31/2026 08:15:36 PM | engine.py:1010 Epoch[48] Complete. Time taken: 00:01:52.066
03/31/2026 08:16:50 PM | engine.py:906 Engine run starting with max_epochs=1.
03/31/2026 08:17:27 PM | engine.py:1010 Epoch[1] Complete. Time taken: 00:00:37.028
[Validator] Epoch 49 - val_loss: 0.327726
[BEST CHECKPOINT] Guardado/actualizado en: checkpoints\Mis_modelos\log_mag checkpoints\2stems\best_checkpoint_49_val_loss=-0.3277.pt
03/31/2026 08:17:27 PM | engine.py:1037 Engine run finished. Time taken: 00:00:37.039
[Epoch 49] train_loss=0.325939 | val_loss=0.327726
03/31/2026 08:17:27 PM | engine.py:1010 Epoch[49] Complete. Time taken: 00:01:51.172
03/31/2026 08:18:41 PM | engine.py:906 Engine run starting with max_epochs=1.
03/31/2026 08:19:18 PM | engine.py:1010 Epoch[1] Complete. Time taken: 00:00:36.665
[Validator] Epoch 50 - val_loss: 0.328626
[BEST CHECKPOINT] Guardado/actualizado en: checkpoints\Mis_modelos\log_mag checkpoints\2stems\best_checkpoint_49_val_loss=-0.3277.pt
03/31/2026 08:19:18 PM | engine.py:1037 Engine run finished. Time taken: 00:00:36.667
[Epoch 50] train_loss=0.322043 | val_loss=0.328626
03/31/2026 08:19:18 PM | engine.py:1010 Epoch[50] Complete. Time taken: 00:01:50.932
03/31/2026 08:20:31 PM | engine.py:906 Engine run starting with max_epochs=1.
03/31/2026 08:21:08 PM | engine.py:1010 Epoch[1] Complete. Time taken: 00:00:36.418
[Validator] Epoch 51 - val_loss: 0.326183
[BEST CHECKPOINT] Guardado/actualizado en: checkpoints\Mis_modelos\log_mag checkpoints\2stems\best_checkpoint_51_val_loss=-0.3262.pt
03/31/2026 08:21:08 PM | engine.py:1037 Engine run finished. Time taken: 00:00:36.429
[Epoch 51] train_loss=0.324141 | val_loss=0.326183
03/31/2026 08:21:08 PM | engine.py:1010 Epoch[51] Complete. Time taken: 00:01:49.837
03/31/2026 08:22:22 PM | engine.py:906 Engine run starting with max_epochs=1.
03/31/2026 08:22:59 PM | engine.py:1010 Epoch[1] Complete. Time taken: 00:00:36.516
[Validator] Epoch 52 - val_loss: 0.330390
[BEST CHECKPOINT] Guardado/actualizado en: checkpoints\Mis_modelos\log_mag checkpoints\2stems\best_checkpoint_51_val_loss=-0.3262.pt
03/31/2026 08:22:59 PM | engine.py:1037 Engine run finished. Time taken: 00:00:36.517
[Epoch 52] train_loss=0.322068 | val_loss=0.330390
03/31/2026 08:22:59 PM | engine.py:1010 Epoch[52] Complete. Time taken: 00:01:50.905
03/31/2026 08:24:13 PM | engine.py:906 Engine run starting with max_epochs=1.
03/31/2026 08:24:49 PM | engine.py:1010 Epoch[1] Complete. Time taken: 00:00:36.241
[Validator] Epoch 53 - val_loss: 0.325544
[BEST CHECKPOINT] Guardado/actualizado en: checkpoints\Mis_modelos\log_mag checkpoints\2stems\best_checkpoint_53_val_loss=-0.3255.pt
03/31/2026 08:24:49 PM | engine.py:1037 Engine run finished. Time taken: 00:00:36.249
[Epoch 53] train_loss=0.324305 | val_loss=0.325544
03/31/2026 08:24:49 PM | engine.py:1010 Epoch[53] Complete. Time taken: 00:01:50.770
03/31/2026 08:26:04 PM | engine.py:906 Engine run starting with max_epochs=1.
03/31/2026 08:26:41 PM | engine.py:1010 Epoch[1] Complete. Time taken: 00:00:37.176
[Validator] Epoch 54 - val_loss: 0.327617
[BEST CHECKPOINT] Guardado/actualizado en: checkpoints\Mis_modelos\log_mag checkpoints\2stems\best_checkpoint_53_val_loss=-0.3255.pt
03/31/2026 08:26:41 PM | engine.py:1037 Engine run finished. Time taken: 00:00:37.178
[Epoch 54] train_loss=0.323460 | val_loss=0.327617
03/31/2026 08:26:41 PM | engine.py:1010 Epoch[54] Complete. Time taken: 00:01:52.014
03/31/2026 08:27:55 PM | engine.py:906 Engine run starting with max_epochs=1.
03/31/2026 08:28:31 PM | engine.py:1010 Epoch[1] Complete. Time taken: 00:00:36.630
[Validator] Epoch 55 - val_loss: 0.327617
[BEST CHECKPOINT] Guardado/actualizado en: checkpoints\Mis_modelos\log_mag checkpoints\2stems\best_checkpoint_53_val_loss=-0.3255.pt
03/31/2026 08:28:31 PM | engine.py:1037 Engine run finished. Time taken: 00:00:36.632
[Epoch 55] train_loss=0.321387 | val_loss=0.327617
03/31/2026 08:28:31 PM | engine.py:1010 Epoch[55] Complete. Time taken: 00:01:49.953
03/31/2026 08:29:46 PM | engine.py:906 Engine run starting with max_epochs=1.
03/31/2026 08:30:23 PM | engine.py:1010 Epoch[1] Complete. Time taken: 00:00:36.433
[Validator] Epoch 56 - val_loss: 0.326810
[BEST CHECKPOINT] Guardado/actualizado en: checkpoints\Mis_modelos\log_mag checkpoints\2stems\best_checkpoint_53_val_loss=-0.3255.pt
03/31/2026 08:30:23 PM | engine.py:1037 Engine run finished. Time taken: 00:00:36.433
[Epoch 56] train_loss=0.320628 | val_loss=0.326810
03/31/2026 08:30:23 PM | engine.py:1010 Epoch[56] Complete. Time taken: 00:01:51.135
03/31/2026 08:31:37 PM | engine.py:906 Engine run starting with max_epochs=1.
03/31/2026 08:32:14 PM | engine.py:1010 Epoch[1] Complete. Time taken: 00:00:36.415
[Validator] Epoch 57 - val_loss: 0.329129
[BEST CHECKPOINT] Guardado/actualizado en: checkpoints\Mis_modelos\log_mag checkpoints\2stems\best_checkpoint_53_val_loss=-0.3255.pt
03/31/2026 08:32:14 PM | engine.py:1037 Engine run finished. Time taken: 00:00:36.416
[Epoch 57] train_loss=0.319748 | val_loss=0.329129
03/31/2026 08:32:14 PM | engine.py:1010 Epoch[57] Complete. Time taken: 00:01:51.077
03/31/2026 08:33:29 PM | engine.py:906 Engine run starting with max_epochs=1.
03/31/2026 08:34:04 PM | engine.py:1010 Epoch[1] Complete. Time taken: 00:00:35.843
[Validator] Epoch 58 - val_loss: 0.326567
[BEST CHECKPOINT] Guardado/actualizado en: checkpoints\Mis_modelos\log_mag checkpoints\2stems\best_checkpoint_53_val_loss=-0.3255.pt
03/31/2026 08:34:04 PM | engine.py:1037 Engine run finished. Time taken: 00:00:35.845
[Epoch 58] train_loss=0.323202 | val_loss=0.326567
03/31/2026 08:34:04 PM | engine.py:1010 Epoch[58] Complete. Time taken: 00:01:50.742
03/31/2026 08:35:18 PM | engine.py:906 Engine run starting with max_epochs=1.
03/31/2026 08:35:55 PM | engine.py:1010 Epoch[1] Complete. Time taken: 00:00:37.279
[Validator] Epoch 59 - val_loss: 0.326331
[BEST CHECKPOINT] Guardado/actualizado en: checkpoints\Mis_modelos\log_mag checkpoints\2stems\best_checkpoint_53_val_loss=-0.3255.pt
03/31/2026 08:35:55 PM | engine.py:1037 Engine run finished. Time taken: 00:00:37.280
[Epoch 59] train_loss=0.321716 | val_loss=0.326331
03/31/2026 08:35:55 PM | engine.py:1010 Epoch[59] Complete. Time taken: 00:01:51.098
03/31/2026 08:37:11 PM | engine.py:906 Engine run starting with max_epochs=1.
03/31/2026 08:37:48 PM | engine.py:1010 Epoch[1] Complete. Time taken: 00:00:36.875
[Validator] Epoch 60 - val_loss: 0.326750
[BEST CHECKPOINT] Guardado/actualizado en: checkpoints\Mis_modelos\log_mag checkpoints\2stems\best_checkpoint_53_val_loss=-0.3255.pt
03/31/2026 08:37:48 PM | engine.py:1037 Engine run finished. Time taken: 00:00:36.875
[Epoch 60] train_loss=0.319224 | val_loss=0.326750
03/31/2026 08:37:48 PM | engine.py:1010 Epoch[60] Complete. Time taken: 00:01:52.120
03/31/2026 08:39:01 PM | engine.py:906 Engine run starting with max_epochs=1.
03/31/2026 08:39:38 PM | engine.py:1010 Epoch[1] Complete. Time taken: 00:00:36.447
[Validator] Epoch 61 - val_loss: 0.326658
[BEST CHECKPOINT] Guardado/actualizado en: checkpoints\Mis_modelos\log_mag checkpoints\2stems\best_checkpoint_53_val_loss=-0.3255.pt
03/31/2026 08:39:38 PM | engine.py:1037 Engine run finished. Time taken: 00:00:36.448
[Epoch 61] train_loss=0.319940 | val_loss=0.326658
03/31/2026 08:39:38 PM | engine.py:1010 Epoch[61] Complete. Time taken: 00:01:50.015
03/31/2026 08:40:52 PM | engine.py:906 Engine run starting with max_epochs=1.
03/31/2026 08:41:29 PM | engine.py:1010 Epoch[1] Complete. Time taken: 00:00:37.471
[Validator] Epoch 62 - val_loss: 0.327811
[BEST CHECKPOINT] Guardado/actualizado en: checkpoints\Mis_modelos\log_mag checkpoints\2stems\best_checkpoint_53_val_loss=-0.3255.pt
03/31/2026 08:41:29 PM | engine.py:1037 Engine run finished. Time taken: 00:00:37.473
[Epoch 62] train_loss=0.320628 | val_loss=0.327811
03/31/2026 08:41:29 PM | engine.py:1010 Epoch[62] Complete. Time taken: 00:01:51.637
03/31/2026 08:42:43 PM | engine.py:906 Engine run starting with max_epochs=1.
03/31/2026 08:43:20 PM | engine.py:1010 Epoch[1] Complete. Time taken: 00:00:37.120
2026-03-31 20:43:20,966 ignite.handlers.early_stopping.EarlyStopping INFO: EarlyStopping: Stop training
03/31/2026 08:43:20 PM | engine.py:648 Terminate signaled. Engine will stop after current iteration is finished.
[Validator] Epoch 63 - val_loss: 0.326064
[BEST CHECKPOINT] Guardado/actualizado en: checkpoints\Mis_modelos\log_mag checkpoints\2stems\best_checkpoint_53_val_loss=-0.3255.pt
03/31/2026 08:43:20 PM | engine.py:1037 Engine run finished. Time taken: 00:00:37.123
[Epoch 63] train_loss=0.322686 | val_loss=0.326064
03/31/2026 08:43:20 PM | engine.py:1037 Engine run finished. Time taken: 01:59:23.114
[LOADING BEST MODEL] Cargando mejor checkpoint desde: checkpoints\Mis_modelos\log_mag checkpoints\2stems\best_checkpoint_53_val_loss=-0.3255.pt
C:\Users\rdpuser\TFG_Identificaci-n-de-voces-e-instrumentos-en-una-obra-musical\pipeline\train.py:326: FutureWarning: You are using `torch.load` with `weights_only=False` (the current default value), which uses the default pickle module implicitly. It is possible to construct malicious pickle data which will execute arbitrary code during unpickling (See https://github.com/pytorch/pytorch/blob/main/SECURITY.md#untrusted-models for more details). In a future release, the default value for `weights_only` will be flipped to `True`. This limits the functions that could be executed during unpickling. Arbitrary objects will no longer be allowed to be loaded via this mode unless they are explicitly allowlisted by the user via `torch.serialization.add_safe_globals`. We recommend you start setting `weights_only=True` for any use case where you don't have full control of the loaded file. Please open an issue on GitHub for any issues related to this experimental feature.
  checkpoint = torch.load(best_checkpoint_path, map_location=device)
