C:\Users\rdpuser\miniconda3\envs\tfg_py310\lib\site-packages\ignite\handlers\checkpoint.py:16: DeprecationWarning: `TorchScript` support for functional optimizers is deprecated and will be removed in a future PyTorch release. Consider using the `torch.compile` optimizer instead.
  from torch.distributed.optim import ZeroRedundancyOptimizer
Usando dispositivo: cuda
Using device: cuda | nf=257 | channels=1 | hidden=50 | stems=2 | loss=log_mag
C:\Users\rdpuser\miniconda3\envs\tfg_py310\lib\site-packages\torch\nn\modules\module.py:1326: UserWarning: expandable_segments not supported on this platform (Triggered internally at C:\actions-runner\_work\pytorch\pytorch\builder\windows\pytorch\c10/cuda/CUDAAllocatorConfig.h:28.)
  return t.to(
GA: actual_batch=50 | accum_steps=2 | effective_batch_real=100
04/04/2026 03:10:43 PM | engine.py:906 Engine run starting with max_epochs=100.
C:\Users\rdpuser\miniconda3\envs\tfg_py310\lib\site-packages\ignite\handlers\checkpoint.py:16: DeprecationWarning: `TorchScript` support for functional optimizers is deprecated and will be removed in a future PyTorch release. Consider using the `torch.compile` optimizer instead.
  from torch.distributed.optim import ZeroRedundancyOptimizer
C:\Users\rdpuser\miniconda3\envs\tfg_py310\lib\site-packages\ignite\handlers\checkpoint.py:16: DeprecationWarning: `TorchScript` support for functional optimizers is deprecated and will be removed in a future PyTorch release. Consider using the `torch.compile` optimizer instead.
  from torch.distributed.optim import ZeroRedundancyOptimizer
C:\Users\rdpuser\miniconda3\envs\tfg_py310\lib\site-packages\ignite\handlers\checkpoint.py:16: DeprecationWarning: `TorchScript` support for functional optimizers is deprecated and will be removed in a future PyTorch release. Consider using the `torch.compile` optimizer instead.
  from torch.distributed.optim import ZeroRedundancyOptimizer
C:\Users\rdpuser\miniconda3\envs\tfg_py310\lib\site-packages\ignite\handlers\checkpoint.py:16: DeprecationWarning: `TorchScript` support for functional optimizers is deprecated and will be removed in a future PyTorch release. Consider using the `torch.compile` optimizer instead.
  from torch.distributed.optim import ZeroRedundancyOptimizer
04/04/2026 03:12:13 PM | engine.py:906 Engine run starting with max_epochs=1.
C:\Users\rdpuser\miniconda3\envs\tfg_py310\lib\site-packages\ignite\handlers\checkpoint.py:16: DeprecationWarning: `TorchScript` support for functional optimizers is deprecated and will be removed in a future PyTorch release. Consider using the `torch.compile` optimizer instead.
  from torch.distributed.optim import ZeroRedundancyOptimizer
C:\Users\rdpuser\miniconda3\envs\tfg_py310\lib\site-packages\ignite\handlers\checkpoint.py:16: DeprecationWarning: `TorchScript` support for functional optimizers is deprecated and will be removed in a future PyTorch release. Consider using the `torch.compile` optimizer instead.
  from torch.distributed.optim import ZeroRedundancyOptimizer
C:\Users\rdpuser\miniconda3\envs\tfg_py310\lib\site-packages\ignite\handlers\checkpoint.py:16: DeprecationWarning: `TorchScript` support for functional optimizers is deprecated and will be removed in a future PyTorch release. Consider using the `torch.compile` optimizer instead.
  from torch.distributed.optim import ZeroRedundancyOptimizer
C:\Users\rdpuser\miniconda3\envs\tfg_py310\lib\site-packages\ignite\handlers\checkpoint.py:16: DeprecationWarning: `TorchScript` support for functional optimizers is deprecated and will be removed in a future PyTorch release. Consider using the `torch.compile` optimizer instead.
  from torch.distributed.optim import ZeroRedundancyOptimizer
04/04/2026 03:12:46 PM | engine.py:1010 Epoch[1] Complete. Time taken: 00:00:32.558
Training model with training mixes in: C:\Users\rdpuser\TFG_Identificaci-n-de-voces-e-instrumentos-en-una-obra-musical\datasets\mix_generation\foreground_train
Validating data with validation mixes in: C:\Users\rdpuser\TFG_Identificaci-n-de-voces-e-instrumentos-en-una-obra-musical\datasets\mix_generation\foreground_valid
[DEBUG] Num de sources: 2
pipeline de 2 fuentes
[Validator] Epoch 1 - val_loss: 0.441815
[BEST CHECKPOINT] Guardado/actualizado en: checkpoints\Mis_modelos\log_mag checkpoints\2stems\best_checkpoint_1_val_loss=-0.4418.pt
04/04/2026 03:12:46 PM | engine.py:1037 Engine run finished. Time taken: 00:00:32.901
[Epoch 1] train_loss=0.445683 | val_loss=0.441815
04/04/2026 03:12:46 PM | engine.py:1010 Epoch[1] Complete. Time taken: 00:01:26.562
04/04/2026 03:13:23 PM | engine.py:906 Engine run starting with max_epochs=1.
04/04/2026 03:13:47 PM | engine.py:1010 Epoch[1] Complete. Time taken: 00:00:24.189
[Validator] Epoch 2 - val_loss: 0.431843
[BEST CHECKPOINT] Guardado/actualizado en: checkpoints\Mis_modelos\log_mag checkpoints\2stems\best_checkpoint_2_val_loss=-0.4318.pt
04/04/2026 03:13:47 PM | engine.py:1037 Engine run finished. Time taken: 00:00:24.236
[Epoch 2] train_loss=0.434022 | val_loss=0.431843
04/04/2026 03:13:47 PM | engine.py:1010 Epoch[2] Complete. Time taken: 00:01:00.932
04/04/2026 03:14:25 PM | engine.py:906 Engine run starting with max_epochs=1.
04/04/2026 03:14:48 PM | engine.py:1010 Epoch[1] Complete. Time taken: 00:00:23.112
[Validator] Epoch 3 - val_loss: 0.418090
[BEST CHECKPOINT] Guardado/actualizado en: checkpoints\Mis_modelos\log_mag checkpoints\2stems\best_checkpoint_3_val_loss=-0.4181.pt
04/04/2026 03:14:48 PM | engine.py:1037 Engine run finished. Time taken: 00:00:23.130
[Epoch 3] train_loss=0.421191 | val_loss=0.418090
04/04/2026 03:14:48 PM | engine.py:1010 Epoch[3] Complete. Time taken: 00:01:00.728
04/04/2026 03:15:24 PM | engine.py:906 Engine run starting with max_epochs=1.
04/04/2026 03:15:46 PM | engine.py:1010 Epoch[1] Complete. Time taken: 00:00:22.346
[Validator] Epoch 4 - val_loss: 0.398492
[BEST CHECKPOINT] Guardado/actualizado en: checkpoints\Mis_modelos\log_mag checkpoints\2stems\best_checkpoint_4_val_loss=-0.3985.pt
04/04/2026 03:15:46 PM | engine.py:1037 Engine run finished. Time taken: 00:00:22.354
[Epoch 4] train_loss=0.401219 | val_loss=0.398492
04/04/2026 03:15:46 PM | engine.py:1010 Epoch[4] Complete. Time taken: 00:00:58.380
04/04/2026 03:16:23 PM | engine.py:906 Engine run starting with max_epochs=1.
04/04/2026 03:16:45 PM | engine.py:1010 Epoch[1] Complete. Time taken: 00:00:21.861
[Validator] Epoch 5 - val_loss: 0.378391
[BEST CHECKPOINT] Guardado/actualizado en: checkpoints\Mis_modelos\log_mag checkpoints\2stems\best_checkpoint_5_val_loss=-0.3784.pt
04/04/2026 03:16:45 PM | engine.py:1037 Engine run finished. Time taken: 00:00:21.886
[Epoch 5] train_loss=0.392108 | val_loss=0.378391
04/04/2026 03:16:45 PM | engine.py:1010 Epoch[5] Complete. Time taken: 00:00:58.353
04/04/2026 03:17:20 PM | engine.py:906 Engine run starting with max_epochs=1.
04/04/2026 03:17:42 PM | engine.py:1010 Epoch[1] Complete. Time taken: 00:00:22.124
[Validator] Epoch 6 - val_loss: 0.368042
[BEST CHECKPOINT] Guardado/actualizado en: checkpoints\Mis_modelos\log_mag checkpoints\2stems\best_checkpoint_6_val_loss=-0.3680.pt
04/04/2026 03:17:42 PM | engine.py:1037 Engine run finished. Time taken: 00:00:22.139
[Epoch 6] train_loss=0.377568 | val_loss=0.368042
04/04/2026 03:17:42 PM | engine.py:1010 Epoch[6] Complete. Time taken: 00:00:57.865
04/04/2026 03:18:18 PM | engine.py:906 Engine run starting with max_epochs=1.
04/04/2026 03:18:40 PM | engine.py:1010 Epoch[1] Complete. Time taken: 00:00:22.304
[Validator] Epoch 7 - val_loss: 0.362638
[BEST CHECKPOINT] Guardado/actualizado en: checkpoints\Mis_modelos\log_mag checkpoints\2stems\best_checkpoint_7_val_loss=-0.3626.pt
04/04/2026 03:18:40 PM | engine.py:1037 Engine run finished. Time taken: 00:00:22.304
[Epoch 7] train_loss=0.373157 | val_loss=0.362638
04/04/2026 03:18:40 PM | engine.py:1010 Epoch[7] Complete. Time taken: 00:00:57.726
04/04/2026 03:19:16 PM | engine.py:906 Engine run starting with max_epochs=1.
04/04/2026 03:19:38 PM | engine.py:1010 Epoch[1] Complete. Time taken: 00:00:22.339
[Validator] Epoch 8 - val_loss: 0.358919
[BEST CHECKPOINT] Guardado/actualizado en: checkpoints\Mis_modelos\log_mag checkpoints\2stems\best_checkpoint_8_val_loss=-0.3589.pt
04/04/2026 03:19:39 PM | engine.py:1037 Engine run finished. Time taken: 00:00:22.355
[Epoch 8] train_loss=0.366290 | val_loss=0.358919
04/04/2026 03:19:39 PM | engine.py:1010 Epoch[8] Complete. Time taken: 00:00:58.385
04/04/2026 03:20:14 PM | engine.py:906 Engine run starting with max_epochs=1.
04/04/2026 03:20:36 PM | engine.py:1010 Epoch[1] Complete. Time taken: 00:00:22.230
[Validator] Epoch 9 - val_loss: 0.356450
[BEST CHECKPOINT] Guardado/actualizado en: checkpoints\Mis_modelos\log_mag checkpoints\2stems\best_checkpoint_9_val_loss=-0.3564.pt
04/04/2026 03:20:36 PM | engine.py:1037 Engine run finished. Time taken: 00:00:22.230
[Epoch 9] train_loss=0.363933 | val_loss=0.356450
04/04/2026 03:20:36 PM | engine.py:1010 Epoch[9] Complete. Time taken: 00:00:57.306
04/04/2026 03:21:12 PM | engine.py:906 Engine run starting with max_epochs=1.
04/04/2026 03:21:34 PM | engine.py:1010 Epoch[1] Complete. Time taken: 00:00:22.164
[Validator] Epoch 10 - val_loss: 0.354767
[BEST CHECKPOINT] Guardado/actualizado en: checkpoints\Mis_modelos\log_mag checkpoints\2stems\best_checkpoint_10_val_loss=-0.3548.pt
04/04/2026 03:21:34 PM | engine.py:1037 Engine run finished. Time taken: 00:00:22.172
[Epoch 10] train_loss=0.362710 | val_loss=0.354767
04/04/2026 03:21:34 PM | engine.py:1010 Epoch[10] Complete. Time taken: 00:00:58.125
04/04/2026 03:22:11 PM | engine.py:906 Engine run starting with max_epochs=1.
04/04/2026 03:22:33 PM | engine.py:1010 Epoch[1] Complete. Time taken: 00:00:21.810
[Validator] Epoch 11 - val_loss: 0.353372
[BEST CHECKPOINT] Guardado/actualizado en: checkpoints\Mis_modelos\log_mag checkpoints\2stems\best_checkpoint_11_val_loss=-0.3534.pt
04/04/2026 03:22:33 PM | engine.py:1037 Engine run finished. Time taken: 00:00:21.816
[Epoch 11] train_loss=0.365682 | val_loss=0.353372
04/04/2026 03:22:33 PM | engine.py:1010 Epoch[11] Complete. Time taken: 00:00:59.350
04/04/2026 03:23:10 PM | engine.py:906 Engine run starting with max_epochs=1.
04/04/2026 03:23:32 PM | engine.py:1010 Epoch[1] Complete. Time taken: 00:00:21.686
[Validator] Epoch 12 - val_loss: 0.352463
[BEST CHECKPOINT] Guardado/actualizado en: checkpoints\Mis_modelos\log_mag checkpoints\2stems\best_checkpoint_12_val_loss=-0.3525.pt
04/04/2026 03:23:32 PM | engine.py:1037 Engine run finished. Time taken: 00:00:21.686
[Epoch 12] train_loss=0.358198 | val_loss=0.352463
04/04/2026 03:23:32 PM | engine.py:1010 Epoch[12] Complete. Time taken: 00:00:58.867
04/04/2026 03:24:08 PM | engine.py:906 Engine run starting with max_epochs=1.
04/04/2026 03:24:29 PM | engine.py:1010 Epoch[1] Complete. Time taken: 00:00:21.839
[Validator] Epoch 13 - val_loss: 0.351975
[BEST CHECKPOINT] Guardado/actualizado en: checkpoints\Mis_modelos\log_mag checkpoints\2stems\best_checkpoint_13_val_loss=-0.3520.pt
04/04/2026 03:24:29 PM | engine.py:1037 Engine run finished. Time taken: 00:00:21.847
[Epoch 13] train_loss=0.366425 | val_loss=0.351975
04/04/2026 03:24:29 PM | engine.py:1010 Epoch[13] Complete. Time taken: 00:00:57.286
04/04/2026 03:25:05 PM | engine.py:906 Engine run starting with max_epochs=1.
04/04/2026 03:25:27 PM | engine.py:1010 Epoch[1] Complete. Time taken: 00:00:21.912
[Validator] Epoch 14 - val_loss: 0.351437
[BEST CHECKPOINT] Guardado/actualizado en: checkpoints\Mis_modelos\log_mag checkpoints\2stems\best_checkpoint_14_val_loss=-0.3514.pt
04/04/2026 03:25:27 PM | engine.py:1037 Engine run finished. Time taken: 00:00:21.916
[Epoch 14] train_loss=0.365966 | val_loss=0.351437
04/04/2026 03:25:27 PM | engine.py:1010 Epoch[14] Complete. Time taken: 00:00:57.450
04/04/2026 03:26:02 PM | engine.py:906 Engine run starting with max_epochs=1.
04/04/2026 03:26:24 PM | engine.py:1010 Epoch[1] Complete. Time taken: 00:00:22.303
[Validator] Epoch 15 - val_loss: 0.350576
[BEST CHECKPOINT] Guardado/actualizado en: checkpoints\Mis_modelos\log_mag checkpoints\2stems\best_checkpoint_15_val_loss=-0.3506.pt
04/04/2026 03:26:24 PM | engine.py:1037 Engine run finished. Time taken: 00:00:22.311
[Epoch 15] train_loss=0.360746 | val_loss=0.350576
04/04/2026 03:26:24 PM | engine.py:1010 Epoch[15] Complete. Time taken: 00:00:57.467
04/04/2026 03:27:00 PM | engine.py:906 Engine run starting with max_epochs=1.
04/04/2026 03:27:22 PM | engine.py:1010 Epoch[1] Complete. Time taken: 00:00:22.096
[Validator] Epoch 16 - val_loss: 0.349996
[BEST CHECKPOINT] Guardado/actualizado en: checkpoints\Mis_modelos\log_mag checkpoints\2stems\best_checkpoint_16_val_loss=-0.3500.pt
04/04/2026 03:27:22 PM | engine.py:1037 Engine run finished. Time taken: 00:00:22.098
[Epoch 16] train_loss=0.360291 | val_loss=0.349996
04/04/2026 03:27:22 PM | engine.py:1010 Epoch[16] Complete. Time taken: 00:00:58.024
04/04/2026 03:27:58 PM | engine.py:906 Engine run starting with max_epochs=1.
04/04/2026 03:28:20 PM | engine.py:1010 Epoch[1] Complete. Time taken: 00:00:22.385
[Validator] Epoch 17 - val_loss: 0.349623
[BEST CHECKPOINT] Guardado/actualizado en: checkpoints\Mis_modelos\log_mag checkpoints\2stems\best_checkpoint_17_val_loss=-0.3496.pt
04/04/2026 03:28:20 PM | engine.py:1037 Engine run finished. Time taken: 00:00:22.385
[Epoch 17] train_loss=0.358662 | val_loss=0.349623
04/04/2026 03:28:20 PM | engine.py:1010 Epoch[17] Complete. Time taken: 00:00:57.946
04/04/2026 03:28:58 PM | engine.py:906 Engine run starting with max_epochs=1.
04/04/2026 03:29:21 PM | engine.py:1010 Epoch[1] Complete. Time taken: 00:00:22.575
[Validator] Epoch 18 - val_loss: 0.349143
[BEST CHECKPOINT] Guardado/actualizado en: checkpoints\Mis_modelos\log_mag checkpoints\2stems\best_checkpoint_18_val_loss=-0.3491.pt
04/04/2026 03:29:21 PM | engine.py:1037 Engine run finished. Time taken: 00:00:22.589
[Epoch 18] train_loss=0.360764 | val_loss=0.349143
04/04/2026 03:29:21 PM | engine.py:1010 Epoch[18] Complete. Time taken: 00:01:00.184
04/04/2026 03:29:56 PM | engine.py:906 Engine run starting with max_epochs=1.
04/04/2026 03:30:18 PM | engine.py:1010 Epoch[1] Complete. Time taken: 00:00:22.725
[Validator] Epoch 19 - val_loss: 0.348570
[BEST CHECKPOINT] Guardado/actualizado en: checkpoints\Mis_modelos\log_mag checkpoints\2stems\best_checkpoint_19_val_loss=-0.3486.pt
04/04/2026 03:30:18 PM | engine.py:1037 Engine run finished. Time taken: 00:00:22.731
[Epoch 19] train_loss=0.358899 | val_loss=0.348570
04/04/2026 03:30:18 PM | engine.py:1010 Epoch[19] Complete. Time taken: 00:00:57.816
04/04/2026 03:30:54 PM | engine.py:906 Engine run starting with max_epochs=1.
04/04/2026 03:31:16 PM | engine.py:1010 Epoch[1] Complete. Time taken: 00:00:21.198
[Validator] Epoch 20 - val_loss: 0.348014
[BEST CHECKPOINT] Guardado/actualizado en: checkpoints\Mis_modelos\log_mag checkpoints\2stems\best_checkpoint_20_val_loss=-0.3480.pt
04/04/2026 03:31:16 PM | engine.py:1037 Engine run finished. Time taken: 00:00:21.198
[Epoch 20] train_loss=0.359562 | val_loss=0.348014
04/04/2026 03:31:16 PM | engine.py:1010 Epoch[20] Complete. Time taken: 00:00:57.341
04/04/2026 03:31:51 PM | engine.py:906 Engine run starting with max_epochs=1.
04/04/2026 03:32:13 PM | engine.py:1010 Epoch[1] Complete. Time taken: 00:00:22.315
[Validator] Epoch 21 - val_loss: 0.347972
[BEST CHECKPOINT] Guardado/actualizado en: checkpoints\Mis_modelos\log_mag checkpoints\2stems\best_checkpoint_21_val_loss=-0.3480.pt
04/04/2026 03:32:13 PM | engine.py:1037 Engine run finished. Time taken: 00:00:22.329
[Epoch 21] train_loss=0.355206 | val_loss=0.347972
04/04/2026 03:32:13 PM | engine.py:1010 Epoch[21] Complete. Time taken: 00:00:57.444
04/04/2026 03:32:49 PM | engine.py:906 Engine run starting with max_epochs=1.
04/04/2026 03:33:12 PM | engine.py:1010 Epoch[1] Complete. Time taken: 00:00:22.416
[Validator] Epoch 22 - val_loss: 0.347912
[BEST CHECKPOINT] Guardado/actualizado en: checkpoints\Mis_modelos\log_mag checkpoints\2stems\best_checkpoint_22_val_loss=-0.3479.pt
04/04/2026 03:33:12 PM | engine.py:1037 Engine run finished. Time taken: 00:00:22.424
[Epoch 22] train_loss=0.360518 | val_loss=0.347912
04/04/2026 03:33:12 PM | engine.py:1010 Epoch[22] Complete. Time taken: 00:00:58.544
04/04/2026 03:33:47 PM | engine.py:906 Engine run starting with max_epochs=1.
04/04/2026 03:34:09 PM | engine.py:1010 Epoch[1] Complete. Time taken: 00:00:21.902
[Validator] Epoch 23 - val_loss: 0.347294
[BEST CHECKPOINT] Guardado/actualizado en: checkpoints\Mis_modelos\log_mag checkpoints\2stems\best_checkpoint_23_val_loss=-0.3473.pt
04/04/2026 03:34:09 PM | engine.py:1037 Engine run finished. Time taken: 00:00:21.908
[Epoch 23] train_loss=0.352992 | val_loss=0.347294
04/04/2026 03:34:09 PM | engine.py:1010 Epoch[23] Complete. Time taken: 00:00:57.637
04/04/2026 03:34:46 PM | engine.py:906 Engine run starting with max_epochs=1.
04/04/2026 03:35:08 PM | engine.py:1010 Epoch[1] Complete. Time taken: 00:00:21.965
[Validator] Epoch 24 - val_loss: 0.345759
[BEST CHECKPOINT] Guardado/actualizado en: checkpoints\Mis_modelos\log_mag checkpoints\2stems\best_checkpoint_24_val_loss=-0.3458.pt
04/04/2026 03:35:08 PM | engine.py:1037 Engine run finished. Time taken: 00:00:21.975
[Epoch 24] train_loss=0.348462 | val_loss=0.345759
04/04/2026 03:35:08 PM | engine.py:1010 Epoch[24] Complete. Time taken: 00:00:58.724
04/04/2026 03:35:44 PM | engine.py:906 Engine run starting with max_epochs=1.
04/04/2026 03:36:06 PM | engine.py:1010 Epoch[1] Complete. Time taken: 00:00:22.003
[Validator] Epoch 25 - val_loss: 0.344952
[BEST CHECKPOINT] Guardado/actualizado en: checkpoints\Mis_modelos\log_mag checkpoints\2stems\best_checkpoint_25_val_loss=-0.3450.pt
04/04/2026 03:36:06 PM | engine.py:1037 Engine run finished. Time taken: 00:00:22.011
[Epoch 25] train_loss=0.355158 | val_loss=0.344952
04/04/2026 03:36:06 PM | engine.py:1010 Epoch[25] Complete. Time taken: 00:00:57.978
04/04/2026 03:36:42 PM | engine.py:906 Engine run starting with max_epochs=1.
04/04/2026 03:37:04 PM | engine.py:1010 Epoch[1] Complete. Time taken: 00:00:22.371
[Validator] Epoch 26 - val_loss: 0.345730
[BEST CHECKPOINT] Guardado/actualizado en: checkpoints\Mis_modelos\log_mag checkpoints\2stems\best_checkpoint_25_val_loss=-0.3450.pt
04/04/2026 03:37:04 PM | engine.py:1037 Engine run finished. Time taken: 00:00:22.371
[Epoch 26] train_loss=0.357224 | val_loss=0.345730
04/04/2026 03:37:04 PM | engine.py:1010 Epoch[26] Complete. Time taken: 00:00:58.134
04/04/2026 03:37:40 PM | engine.py:906 Engine run starting with max_epochs=1.
04/04/2026 03:38:02 PM | engine.py:1010 Epoch[1] Complete. Time taken: 00:00:22.500
[Validator] Epoch 27 - val_loss: 0.344937
[BEST CHECKPOINT] Guardado/actualizado en: checkpoints\Mis_modelos\log_mag checkpoints\2stems\best_checkpoint_27_val_loss=-0.3449.pt
04/04/2026 03:38:02 PM | engine.py:1037 Engine run finished. Time taken: 00:00:22.516
[Epoch 27] train_loss=0.351577 | val_loss=0.344937
04/04/2026 03:38:02 PM | engine.py:1010 Epoch[27] Complete. Time taken: 00:00:58.224
04/04/2026 03:38:38 PM | engine.py:906 Engine run starting with max_epochs=1.
04/04/2026 03:39:00 PM | engine.py:1010 Epoch[1] Complete. Time taken: 00:00:22.300
[Validator] Epoch 28 - val_loss: 0.343917
[BEST CHECKPOINT] Guardado/actualizado en: checkpoints\Mis_modelos\log_mag checkpoints\2stems\best_checkpoint_28_val_loss=-0.3439.pt
04/04/2026 03:39:00 PM | engine.py:1037 Engine run finished. Time taken: 00:00:22.309
[Epoch 28] train_loss=0.348388 | val_loss=0.343917
04/04/2026 03:39:00 PM | engine.py:1010 Epoch[28] Complete. Time taken: 00:00:57.761
04/04/2026 03:39:36 PM | engine.py:906 Engine run starting with max_epochs=1.
04/04/2026 03:39:59 PM | engine.py:1010 Epoch[1] Complete. Time taken: 00:00:22.356
[Validator] Epoch 29 - val_loss: 0.343438
[BEST CHECKPOINT] Guardado/actualizado en: checkpoints\Mis_modelos\log_mag checkpoints\2stems\best_checkpoint_29_val_loss=-0.3434.pt
04/04/2026 03:39:59 PM | engine.py:1037 Engine run finished. Time taken: 00:00:22.367
[Epoch 29] train_loss=0.352275 | val_loss=0.343438
04/04/2026 03:39:59 PM | engine.py:1010 Epoch[29] Complete. Time taken: 00:00:58.476
04/04/2026 03:40:34 PM | engine.py:906 Engine run starting with max_epochs=1.
04/04/2026 03:40:57 PM | engine.py:1010 Epoch[1] Complete. Time taken: 00:00:22.103
[Validator] Epoch 30 - val_loss: 0.342464
[BEST CHECKPOINT] Guardado/actualizado en: checkpoints\Mis_modelos\log_mag checkpoints\2stems\best_checkpoint_30_val_loss=-0.3425.pt
04/04/2026 03:40:57 PM | engine.py:1037 Engine run finished. Time taken: 00:00:22.105
[Epoch 30] train_loss=0.349839 | val_loss=0.342464
04/04/2026 03:40:57 PM | engine.py:1010 Epoch[30] Complete. Time taken: 00:00:57.971
04/04/2026 03:41:32 PM | engine.py:906 Engine run starting with max_epochs=1.
04/04/2026 03:41:55 PM | engine.py:1010 Epoch[1] Complete. Time taken: 00:00:22.773
[Validator] Epoch 31 - val_loss: 0.341622
[BEST CHECKPOINT] Guardado/actualizado en: checkpoints\Mis_modelos\log_mag checkpoints\2stems\best_checkpoint_31_val_loss=-0.3416.pt
04/04/2026 03:41:55 PM | engine.py:1037 Engine run finished. Time taken: 00:00:22.773
[Epoch 31] train_loss=0.351880 | val_loss=0.341622
04/04/2026 03:41:55 PM | engine.py:1010 Epoch[31] Complete. Time taken: 00:00:58.281
04/04/2026 03:42:31 PM | engine.py:906 Engine run starting with max_epochs=1.
04/04/2026 03:42:52 PM | engine.py:1010 Epoch[1] Complete. Time taken: 00:00:21.875
[Validator] Epoch 32 - val_loss: 0.340419
[BEST CHECKPOINT] Guardado/actualizado en: checkpoints\Mis_modelos\log_mag checkpoints\2stems\best_checkpoint_32_val_loss=-0.3404.pt
04/04/2026 03:42:52 PM | engine.py:1037 Engine run finished. Time taken: 00:00:21.883
[Epoch 32] train_loss=0.346692 | val_loss=0.340419
04/04/2026 03:42:52 PM | engine.py:1010 Epoch[32] Complete. Time taken: 00:00:57.541
04/04/2026 03:43:28 PM | engine.py:906 Engine run starting with max_epochs=1.
04/04/2026 03:43:50 PM | engine.py:1010 Epoch[1] Complete. Time taken: 00:00:21.820
[Validator] Epoch 33 - val_loss: 0.341502
[BEST CHECKPOINT] Guardado/actualizado en: checkpoints\Mis_modelos\log_mag checkpoints\2stems\best_checkpoint_32_val_loss=-0.3404.pt
04/04/2026 03:43:50 PM | engine.py:1037 Engine run finished. Time taken: 00:00:21.820
[Epoch 33] train_loss=0.346592 | val_loss=0.341502
04/04/2026 03:43:50 PM | engine.py:1010 Epoch[33] Complete. Time taken: 00:00:57.256
04/04/2026 03:44:26 PM | engine.py:906 Engine run starting with max_epochs=1.
04/04/2026 03:44:48 PM | engine.py:1010 Epoch[1] Complete. Time taken: 00:00:22.129
[Validator] Epoch 34 - val_loss: 0.340448
[BEST CHECKPOINT] Guardado/actualizado en: checkpoints\Mis_modelos\log_mag checkpoints\2stems\best_checkpoint_32_val_loss=-0.3404.pt
04/04/2026 03:44:48 PM | engine.py:1037 Engine run finished. Time taken: 00:00:22.129
[Epoch 34] train_loss=0.352072 | val_loss=0.340448
04/04/2026 03:44:48 PM | engine.py:1010 Epoch[34] Complete. Time taken: 00:00:58.196
04/04/2026 03:45:24 PM | engine.py:906 Engine run starting with max_epochs=1.
04/04/2026 03:45:46 PM | engine.py:1010 Epoch[1] Complete. Time taken: 00:00:22.244
[Validator] Epoch 35 - val_loss: 0.341118
[BEST CHECKPOINT] Guardado/actualizado en: checkpoints\Mis_modelos\log_mag checkpoints\2stems\best_checkpoint_32_val_loss=-0.3404.pt
04/04/2026 03:45:46 PM | engine.py:1037 Engine run finished. Time taken: 00:00:22.246
[Epoch 35] train_loss=0.344321 | val_loss=0.341118
04/04/2026 03:45:46 PM | engine.py:1010 Epoch[35] Complete. Time taken: 00:00:58.592
04/04/2026 03:46:22 PM | engine.py:906 Engine run starting with max_epochs=1.
04/04/2026 03:46:45 PM | engine.py:1010 Epoch[1] Complete. Time taken: 00:00:22.330
[Validator] Epoch 36 - val_loss: 0.340077
[BEST CHECKPOINT] Guardado/actualizado en: checkpoints\Mis_modelos\log_mag checkpoints\2stems\best_checkpoint_36_val_loss=-0.3401.pt
04/04/2026 03:46:45 PM | engine.py:1037 Engine run finished. Time taken: 00:00:22.334
[Epoch 36] train_loss=0.347206 | val_loss=0.340077
04/04/2026 03:46:45 PM | engine.py:1010 Epoch[36] Complete. Time taken: 00:00:58.118
04/04/2026 03:47:22 PM | engine.py:906 Engine run starting with max_epochs=1.
04/04/2026 03:47:44 PM | engine.py:1010 Epoch[1] Complete. Time taken: 00:00:21.934
[Validator] Epoch 37 - val_loss: 0.339025
[BEST CHECKPOINT] Guardado/actualizado en: checkpoints\Mis_modelos\log_mag checkpoints\2stems\best_checkpoint_37_val_loss=-0.3390.pt
04/04/2026 03:47:44 PM | engine.py:1037 Engine run finished. Time taken: 00:00:21.934
[Epoch 37] train_loss=0.343925 | val_loss=0.339025
04/04/2026 03:47:44 PM | engine.py:1010 Epoch[37] Complete. Time taken: 00:00:58.963
04/04/2026 03:48:20 PM | engine.py:906 Engine run starting with max_epochs=1.
04/04/2026 03:48:42 PM | engine.py:1010 Epoch[1] Complete. Time taken: 00:00:22.329
[Validator] Epoch 38 - val_loss: 0.339696
[BEST CHECKPOINT] Guardado/actualizado en: checkpoints\Mis_modelos\log_mag checkpoints\2stems\best_checkpoint_37_val_loss=-0.3390.pt
04/04/2026 03:48:42 PM | engine.py:1037 Engine run finished. Time taken: 00:00:22.329
[Epoch 38] train_loss=0.344970 | val_loss=0.339696
04/04/2026 03:48:42 PM | engine.py:1010 Epoch[38] Complete. Time taken: 00:00:58.807
04/04/2026 03:49:18 PM | engine.py:906 Engine run starting with max_epochs=1.
04/04/2026 03:49:40 PM | engine.py:1010 Epoch[1] Complete. Time taken: 00:00:22.395
[Validator] Epoch 39 - val_loss: 0.339651
[BEST CHECKPOINT] Guardado/actualizado en: checkpoints\Mis_modelos\log_mag checkpoints\2stems\best_checkpoint_37_val_loss=-0.3390.pt
04/04/2026 03:49:40 PM | engine.py:1037 Engine run finished. Time taken: 00:00:22.397
[Epoch 39] train_loss=0.344403 | val_loss=0.339651
04/04/2026 03:49:40 PM | engine.py:1010 Epoch[39] Complete. Time taken: 00:00:57.908
04/04/2026 03:50:16 PM | engine.py:906 Engine run starting with max_epochs=1.
04/04/2026 03:50:39 PM | engine.py:1010 Epoch[1] Complete. Time taken: 00:00:22.179
[Validator] Epoch 40 - val_loss: 0.337234
[BEST CHECKPOINT] Guardado/actualizado en: checkpoints\Mis_modelos\log_mag checkpoints\2stems\best_checkpoint_40_val_loss=-0.3372.pt
04/04/2026 03:50:39 PM | engine.py:1037 Engine run finished. Time taken: 00:00:22.201
[Epoch 40] train_loss=0.343871 | val_loss=0.337234
04/04/2026 03:50:39 PM | engine.py:1010 Epoch[40] Complete. Time taken: 00:00:58.416
04/04/2026 03:51:14 PM | engine.py:906 Engine run starting with max_epochs=1.
04/04/2026 03:51:36 PM | engine.py:1010 Epoch[1] Complete. Time taken: 00:00:22.001
[Validator] Epoch 41 - val_loss: 0.337636
[BEST CHECKPOINT] Guardado/actualizado en: checkpoints\Mis_modelos\log_mag checkpoints\2stems\best_checkpoint_40_val_loss=-0.3372.pt
04/04/2026 03:51:36 PM | engine.py:1037 Engine run finished. Time taken: 00:00:22.001
[Epoch 41] train_loss=0.340955 | val_loss=0.337636
04/04/2026 03:51:36 PM | engine.py:1010 Epoch[41] Complete. Time taken: 00:00:57.300
04/04/2026 03:52:11 PM | engine.py:906 Engine run starting with max_epochs=1.
04/04/2026 03:52:34 PM | engine.py:1010 Epoch[1] Complete. Time taken: 00:00:22.169
[Validator] Epoch 42 - val_loss: 0.337271
[BEST CHECKPOINT] Guardado/actualizado en: checkpoints\Mis_modelos\log_mag checkpoints\2stems\best_checkpoint_40_val_loss=-0.3372.pt
04/04/2026 03:52:34 PM | engine.py:1037 Engine run finished. Time taken: 00:00:22.171
[Epoch 42] train_loss=0.341300 | val_loss=0.337271
04/04/2026 03:52:34 PM | engine.py:1010 Epoch[42] Complete. Time taken: 00:00:57.678
04/04/2026 03:53:10 PM | engine.py:906 Engine run starting with max_epochs=1.
04/04/2026 03:53:32 PM | engine.py:1010 Epoch[1] Complete. Time taken: 00:00:22.335
[Validator] Epoch 43 - val_loss: 0.337529
[BEST CHECKPOINT] Guardado/actualizado en: checkpoints\Mis_modelos\log_mag checkpoints\2stems\best_checkpoint_40_val_loss=-0.3372.pt
04/04/2026 03:53:32 PM | engine.py:1037 Engine run finished. Time taken: 00:00:22.351
[Epoch 43] train_loss=0.340154 | val_loss=0.337529
04/04/2026 03:53:32 PM | engine.py:1010 Epoch[43] Complete. Time taken: 00:00:58.562
04/04/2026 03:54:08 PM | engine.py:906 Engine run starting with max_epochs=1.
04/04/2026 03:54:30 PM | engine.py:1010 Epoch[1] Complete. Time taken: 00:00:22.218
[Validator] Epoch 44 - val_loss: 0.336387
[BEST CHECKPOINT] Guardado/actualizado en: checkpoints\Mis_modelos\log_mag checkpoints\2stems\best_checkpoint_44_val_loss=-0.3364.pt
04/04/2026 03:54:30 PM | engine.py:1037 Engine run finished. Time taken: 00:00:22.223
[Epoch 44] train_loss=0.345605 | val_loss=0.336387
04/04/2026 03:54:30 PM | engine.py:1010 Epoch[44] Complete. Time taken: 00:00:57.821
04/04/2026 03:55:06 PM | engine.py:906 Engine run starting with max_epochs=1.
04/04/2026 03:55:28 PM | engine.py:1010 Epoch[1] Complete. Time taken: 00:00:22.026
[Validator] Epoch 45 - val_loss: 0.336998
[BEST CHECKPOINT] Guardado/actualizado en: checkpoints\Mis_modelos\log_mag checkpoints\2stems\best_checkpoint_44_val_loss=-0.3364.pt
04/04/2026 03:55:28 PM | engine.py:1037 Engine run finished. Time taken: 00:00:22.027
[Epoch 45] train_loss=0.343799 | val_loss=0.336998
04/04/2026 03:55:28 PM | engine.py:1010 Epoch[45] Complete. Time taken: 00:00:58.085
04/04/2026 03:56:04 PM | engine.py:906 Engine run starting with max_epochs=1.
04/04/2026 03:56:26 PM | engine.py:1010 Epoch[1] Complete. Time taken: 00:00:22.199
[Validator] Epoch 46 - val_loss: 0.337266
[BEST CHECKPOINT] Guardado/actualizado en: checkpoints\Mis_modelos\log_mag checkpoints\2stems\best_checkpoint_44_val_loss=-0.3364.pt
04/04/2026 03:56:26 PM | engine.py:1037 Engine run finished. Time taken: 00:00:22.199
[Epoch 46] train_loss=0.340448 | val_loss=0.337266
04/04/2026 03:56:26 PM | engine.py:1010 Epoch[46] Complete. Time taken: 00:00:58.096
04/04/2026 03:57:03 PM | engine.py:906 Engine run starting with max_epochs=1.
04/04/2026 03:57:25 PM | engine.py:1010 Epoch[1] Complete. Time taken: 00:00:21.917
[Validator] Epoch 47 - val_loss: 0.337013
[BEST CHECKPOINT] Guardado/actualizado en: checkpoints\Mis_modelos\log_mag checkpoints\2stems\best_checkpoint_44_val_loss=-0.3364.pt
04/04/2026 03:57:25 PM | engine.py:1037 Engine run finished. Time taken: 00:00:21.917
[Epoch 47] train_loss=0.338192 | val_loss=0.337013
04/04/2026 03:57:25 PM | engine.py:1010 Epoch[47] Complete. Time taken: 00:00:58.302
04/04/2026 03:58:01 PM | engine.py:906 Engine run starting with max_epochs=1.
04/04/2026 03:58:23 PM | engine.py:1010 Epoch[1] Complete. Time taken: 00:00:21.813
[Validator] Epoch 48 - val_loss: 0.337048
[BEST CHECKPOINT] Guardado/actualizado en: checkpoints\Mis_modelos\log_mag checkpoints\2stems\best_checkpoint_44_val_loss=-0.3364.pt
04/04/2026 03:58:23 PM | engine.py:1037 Engine run finished. Time taken: 00:00:21.813
[Epoch 48] train_loss=0.338585 | val_loss=0.337048
04/04/2026 03:58:23 PM | engine.py:1010 Epoch[48] Complete. Time taken: 00:00:58.677
04/04/2026 03:58:59 PM | engine.py:906 Engine run starting with max_epochs=1.
04/04/2026 03:59:22 PM | engine.py:1010 Epoch[1] Complete. Time taken: 00:00:22.556
[Validator] Epoch 49 - val_loss: 0.336332
[BEST CHECKPOINT] Guardado/actualizado en: checkpoints\Mis_modelos\log_mag checkpoints\2stems\best_checkpoint_49_val_loss=-0.3363.pt
04/04/2026 03:59:22 PM | engine.py:1037 Engine run finished. Time taken: 00:00:22.570
[Epoch 49] train_loss=0.338135 | val_loss=0.336332
04/04/2026 03:59:22 PM | engine.py:1010 Epoch[49] Complete. Time taken: 00:00:58.392
04/04/2026 03:59:58 PM | engine.py:906 Engine run starting with max_epochs=1.
04/04/2026 04:00:20 PM | engine.py:1010 Epoch[1] Complete. Time taken: 00:00:22.287
[Validator] Epoch 50 - val_loss: 0.336110
[BEST CHECKPOINT] Guardado/actualizado en: checkpoints\Mis_modelos\log_mag checkpoints\2stems\best_checkpoint_50_val_loss=-0.3361.pt
04/04/2026 04:00:20 PM | engine.py:1037 Engine run finished. Time taken: 00:00:22.303
[Epoch 50] train_loss=0.340191 | val_loss=0.336110
04/04/2026 04:00:20 PM | engine.py:1010 Epoch[50] Complete. Time taken: 00:00:58.270
04/04/2026 04:00:56 PM | engine.py:906 Engine run starting with max_epochs=1.
04/04/2026 04:01:18 PM | engine.py:1010 Epoch[1] Complete. Time taken: 00:00:22.192
[Validator] Epoch 51 - val_loss: 0.334087
[BEST CHECKPOINT] Guardado/actualizado en: checkpoints\Mis_modelos\log_mag checkpoints\2stems\best_checkpoint_51_val_loss=-0.3341.pt
04/04/2026 04:01:18 PM | engine.py:1037 Engine run finished. Time taken: 00:00:22.204
[Epoch 51] train_loss=0.335491 | val_loss=0.334087
04/04/2026 04:01:18 PM | engine.py:1010 Epoch[51] Complete. Time taken: 00:00:57.953
04/04/2026 04:01:54 PM | engine.py:906 Engine run starting with max_epochs=1.
04/04/2026 04:02:17 PM | engine.py:1010 Epoch[1] Complete. Time taken: 00:00:22.339
[Validator] Epoch 52 - val_loss: 0.335468
[BEST CHECKPOINT] Guardado/actualizado en: checkpoints\Mis_modelos\log_mag checkpoints\2stems\best_checkpoint_51_val_loss=-0.3341.pt
04/04/2026 04:02:17 PM | engine.py:1037 Engine run finished. Time taken: 00:00:22.339
[Epoch 52] train_loss=0.337554 | val_loss=0.335468
04/04/2026 04:02:17 PM | engine.py:1010 Epoch[52] Complete. Time taken: 00:00:58.886
04/04/2026 04:02:53 PM | engine.py:906 Engine run starting with max_epochs=1.
04/04/2026 04:03:15 PM | engine.py:1010 Epoch[1] Complete. Time taken: 00:00:21.822
[Validator] Epoch 53 - val_loss: 0.335421
[BEST CHECKPOINT] Guardado/actualizado en: checkpoints\Mis_modelos\log_mag checkpoints\2stems\best_checkpoint_51_val_loss=-0.3341.pt
04/04/2026 04:03:15 PM | engine.py:1037 Engine run finished. Time taken: 00:00:21.822
[Epoch 53] train_loss=0.334962 | val_loss=0.335421
04/04/2026 04:03:15 PM | engine.py:1010 Epoch[53] Complete. Time taken: 00:00:58.009
04/04/2026 04:03:50 PM | engine.py:906 Engine run starting with max_epochs=1.
04/04/2026 04:04:12 PM | engine.py:1010 Epoch[1] Complete. Time taken: 00:00:22.242
[Validator] Epoch 54 - val_loss: 0.336474
[BEST CHECKPOINT] Guardado/actualizado en: checkpoints\Mis_modelos\log_mag checkpoints\2stems\best_checkpoint_51_val_loss=-0.3341.pt
04/04/2026 04:04:12 PM | engine.py:1037 Engine run finished. Time taken: 00:00:22.246
[Epoch 54] train_loss=0.336969 | val_loss=0.336474
04/04/2026 04:04:12 PM | engine.py:1010 Epoch[54] Complete. Time taken: 00:00:57.219
04/04/2026 04:04:48 PM | engine.py:906 Engine run starting with max_epochs=1.
04/04/2026 04:05:10 PM | engine.py:1010 Epoch[1] Complete. Time taken: 00:00:21.790
[Validator] Epoch 55 - val_loss: 0.335198
[BEST CHECKPOINT] Guardado/actualizado en: checkpoints\Mis_modelos\log_mag checkpoints\2stems\best_checkpoint_51_val_loss=-0.3341.pt
04/04/2026 04:05:10 PM | engine.py:1037 Engine run finished. Time taken: 00:00:21.790
[Epoch 55] train_loss=0.339118 | val_loss=0.335198
04/04/2026 04:05:10 PM | engine.py:1010 Epoch[55] Complete. Time taken: 00:00:57.916
04/04/2026 04:05:46 PM | engine.py:906 Engine run starting with max_epochs=1.
04/04/2026 04:06:08 PM | engine.py:1010 Epoch[1] Complete. Time taken: 00:00:22.290
[Validator] Epoch 56 - val_loss: 0.334690
[BEST CHECKPOINT] Guardado/actualizado en: checkpoints\Mis_modelos\log_mag checkpoints\2stems\best_checkpoint_51_val_loss=-0.3341.pt
04/04/2026 04:06:08 PM | engine.py:1037 Engine run finished. Time taken: 00:00:22.292
[Epoch 56] train_loss=0.336166 | val_loss=0.334690
04/04/2026 04:06:08 PM | engine.py:1010 Epoch[56] Complete. Time taken: 00:00:58.276
04/04/2026 04:06:45 PM | engine.py:906 Engine run starting with max_epochs=1.
04/04/2026 04:07:07 PM | engine.py:1010 Epoch[1] Complete. Time taken: 00:00:22.176
[Validator] Epoch 57 - val_loss: 0.334318
[BEST CHECKPOINT] Guardado/actualizado en: checkpoints\Mis_modelos\log_mag checkpoints\2stems\best_checkpoint_51_val_loss=-0.3341.pt
04/04/2026 04:07:07 PM | engine.py:1037 Engine run finished. Time taken: 00:00:22.176
[Epoch 57] train_loss=0.330194 | val_loss=0.334318
04/04/2026 04:07:07 PM | engine.py:1010 Epoch[57] Complete. Time taken: 00:00:58.662
04/04/2026 04:07:42 PM | engine.py:906 Engine run starting with max_epochs=1.
04/04/2026 04:08:05 PM | engine.py:1010 Epoch[1] Complete. Time taken: 00:00:22.418
[Validator] Epoch 58 - val_loss: 0.334449
[BEST CHECKPOINT] Guardado/actualizado en: checkpoints\Mis_modelos\log_mag checkpoints\2stems\best_checkpoint_51_val_loss=-0.3341.pt
04/04/2026 04:08:05 PM | engine.py:1037 Engine run finished. Time taken: 00:00:22.418
[Epoch 58] train_loss=0.328764 | val_loss=0.334449
04/04/2026 04:08:05 PM | engine.py:1010 Epoch[58] Complete. Time taken: 00:00:58.013
04/04/2026 04:08:40 PM | engine.py:906 Engine run starting with max_epochs=1.
04/04/2026 04:09:02 PM | engine.py:1010 Epoch[1] Complete. Time taken: 00:00:21.601
[Validator] Epoch 59 - val_loss: 0.334199
[BEST CHECKPOINT] Guardado/actualizado en: checkpoints\Mis_modelos\log_mag checkpoints\2stems\best_checkpoint_51_val_loss=-0.3341.pt
04/04/2026 04:09:02 PM | engine.py:1037 Engine run finished. Time taken: 00:00:21.601
[Epoch 59] train_loss=0.337306 | val_loss=0.334199
04/04/2026 04:09:02 PM | engine.py:1010 Epoch[59] Complete. Time taken: 00:00:57.280
04/04/2026 04:09:38 PM | engine.py:906 Engine run starting with max_epochs=1.
04/04/2026 04:10:00 PM | engine.py:1010 Epoch[1] Complete. Time taken: 00:00:21.849
[Validator] Epoch 60 - val_loss: 0.335575
[BEST CHECKPOINT] Guardado/actualizado en: checkpoints\Mis_modelos\log_mag checkpoints\2stems\best_checkpoint_51_val_loss=-0.3341.pt
04/04/2026 04:10:00 PM | engine.py:1037 Engine run finished. Time taken: 00:00:21.849
[Epoch 60] train_loss=0.333109 | val_loss=0.335575
04/04/2026 04:10:00 PM | engine.py:1010 Epoch[60] Complete. Time taken: 00:00:57.489
04/04/2026 04:10:36 PM | engine.py:906 Engine run starting with max_epochs=1.
04/04/2026 04:10:58 PM | engine.py:1010 Epoch[1] Complete. Time taken: 00:00:22.138
[Validator] Epoch 61 - val_loss: 0.333605
[BEST CHECKPOINT] Guardado/actualizado en: checkpoints\Mis_modelos\log_mag checkpoints\2stems\best_checkpoint_61_val_loss=-0.3336.pt
04/04/2026 04:10:58 PM | engine.py:1037 Engine run finished. Time taken: 00:00:22.140
[Epoch 61] train_loss=0.335801 | val_loss=0.333605
04/04/2026 04:10:58 PM | engine.py:1010 Epoch[61] Complete. Time taken: 00:00:58.727
04/04/2026 04:11:34 PM | engine.py:906 Engine run starting with max_epochs=1.
04/04/2026 04:11:56 PM | engine.py:1010 Epoch[1] Complete. Time taken: 00:00:22.056
[Validator] Epoch 62 - val_loss: 0.334009
[BEST CHECKPOINT] Guardado/actualizado en: checkpoints\Mis_modelos\log_mag checkpoints\2stems\best_checkpoint_61_val_loss=-0.3336.pt
04/04/2026 04:11:56 PM | engine.py:1037 Engine run finished. Time taken: 00:00:22.058
[Epoch 62] train_loss=0.333940 | val_loss=0.334009
04/04/2026 04:11:56 PM | engine.py:1010 Epoch[62] Complete. Time taken: 00:00:57.997
04/04/2026 04:12:32 PM | engine.py:906 Engine run starting with max_epochs=1.
04/04/2026 04:12:55 PM | engine.py:1010 Epoch[1] Complete. Time taken: 00:00:22.150
[Validator] Epoch 63 - val_loss: 0.334434
[BEST CHECKPOINT] Guardado/actualizado en: checkpoints\Mis_modelos\log_mag checkpoints\2stems\best_checkpoint_61_val_loss=-0.3336.pt
04/04/2026 04:12:55 PM | engine.py:1037 Engine run finished. Time taken: 00:00:22.150
[Epoch 63] train_loss=0.339757 | val_loss=0.334434
04/04/2026 04:12:55 PM | engine.py:1010 Epoch[63] Complete. Time taken: 00:00:58.211
04/04/2026 04:13:31 PM | engine.py:906 Engine run starting with max_epochs=1.
04/04/2026 04:13:53 PM | engine.py:1010 Epoch[1] Complete. Time taken: 00:00:21.866
[Validator] Epoch 64 - val_loss: 0.334873
[BEST CHECKPOINT] Guardado/actualizado en: checkpoints\Mis_modelos\log_mag checkpoints\2stems\best_checkpoint_61_val_loss=-0.3336.pt
04/04/2026 04:13:53 PM | engine.py:1037 Engine run finished. Time taken: 00:00:21.866
[Epoch 64] train_loss=0.333606 | val_loss=0.334873
04/04/2026 04:13:53 PM | engine.py:1010 Epoch[64] Complete. Time taken: 00:00:58.435
04/04/2026 04:14:29 PM | engine.py:906 Engine run starting with max_epochs=1.
04/04/2026 04:14:51 PM | engine.py:1010 Epoch[1] Complete. Time taken: 00:00:22.688
[Validator] Epoch 65 - val_loss: 0.334420
[BEST CHECKPOINT] Guardado/actualizado en: checkpoints\Mis_modelos\log_mag checkpoints\2stems\best_checkpoint_61_val_loss=-0.3336.pt
04/04/2026 04:14:51 PM | engine.py:1037 Engine run finished. Time taken: 00:00:22.690
[Epoch 65] train_loss=0.331983 | val_loss=0.334420
04/04/2026 04:14:51 PM | engine.py:1010 Epoch[65] Complete. Time taken: 00:00:58.552
04/04/2026 04:15:27 PM | engine.py:906 Engine run starting with max_epochs=1.
04/04/2026 04:15:50 PM | engine.py:1010 Epoch[1] Complete. Time taken: 00:00:22.707
[Validator] Epoch 66 - val_loss: 0.337630
[BEST CHECKPOINT] Guardado/actualizado en: checkpoints\Mis_modelos\log_mag checkpoints\2stems\best_checkpoint_61_val_loss=-0.3336.pt
04/04/2026 04:15:50 PM | engine.py:1037 Engine run finished. Time taken: 00:00:22.709
[Epoch 66] train_loss=0.339528 | val_loss=0.337630
04/04/2026 04:15:50 PM | engine.py:1010 Epoch[66] Complete. Time taken: 00:00:58.705
04/04/2026 04:16:30 PM | engine.py:906 Engine run starting with max_epochs=1.
04/04/2026 04:16:52 PM | engine.py:1010 Epoch[1] Complete. Time taken: 00:00:21.883
[Validator] Epoch 67 - val_loss: 0.334725
[BEST CHECKPOINT] Guardado/actualizado en: checkpoints\Mis_modelos\log_mag checkpoints\2stems\best_checkpoint_61_val_loss=-0.3336.pt
04/04/2026 04:16:52 PM | engine.py:1037 Engine run finished. Time taken: 00:00:21.887
[Epoch 67] train_loss=0.334653 | val_loss=0.334725
04/04/2026 04:16:52 PM | engine.py:1010 Epoch[67] Complete. Time taken: 00:01:02.175
04/04/2026 04:17:29 PM | engine.py:906 Engine run starting with max_epochs=1.
04/04/2026 04:17:52 PM | engine.py:1010 Epoch[1] Complete. Time taken: 00:00:22.970
[Validator] Epoch 68 - val_loss: 0.333199
[BEST CHECKPOINT] Guardado/actualizado en: checkpoints\Mis_modelos\log_mag checkpoints\2stems\best_checkpoint_68_val_loss=-0.3332.pt
04/04/2026 04:17:52 PM | engine.py:1037 Engine run finished. Time taken: 00:00:22.980
[Epoch 68] train_loss=0.333506 | val_loss=0.333199
04/04/2026 04:17:52 PM | engine.py:1010 Epoch[68] Complete. Time taken: 00:01:00.020
04/04/2026 04:18:30 PM | engine.py:906 Engine run starting with max_epochs=1.
04/04/2026 04:18:52 PM | engine.py:1010 Epoch[1] Complete. Time taken: 00:00:21.670
[Validator] Epoch 69 - val_loss: 0.332023
[BEST CHECKPOINT] Guardado/actualizado en: checkpoints\Mis_modelos\log_mag checkpoints\2stems\best_checkpoint_69_val_loss=-0.3320.pt
04/04/2026 04:18:52 PM | engine.py:1037 Engine run finished. Time taken: 00:00:21.681
[Epoch 69] train_loss=0.333312 | val_loss=0.332023
04/04/2026 04:18:52 PM | engine.py:1010 Epoch[69] Complete. Time taken: 00:00:59.239
04/04/2026 04:19:27 PM | engine.py:906 Engine run starting with max_epochs=1.
04/04/2026 04:19:49 PM | engine.py:1010 Epoch[1] Complete. Time taken: 00:00:22.214
[Validator] Epoch 70 - val_loss: 0.335080
[BEST CHECKPOINT] Guardado/actualizado en: checkpoints\Mis_modelos\log_mag checkpoints\2stems\best_checkpoint_69_val_loss=-0.3320.pt
04/04/2026 04:19:49 PM | engine.py:1037 Engine run finished. Time taken: 00:00:22.216
[Epoch 70] train_loss=0.332303 | val_loss=0.335080
04/04/2026 04:19:49 PM | engine.py:1010 Epoch[70] Complete. Time taken: 00:00:57.540
04/04/2026 04:20:26 PM | engine.py:906 Engine run starting with max_epochs=1.
04/04/2026 04:20:48 PM | engine.py:1010 Epoch[1] Complete. Time taken: 00:00:22.117
[Validator] Epoch 71 - val_loss: 0.333938
[BEST CHECKPOINT] Guardado/actualizado en: checkpoints\Mis_modelos\log_mag checkpoints\2stems\best_checkpoint_69_val_loss=-0.3320.pt
04/04/2026 04:20:48 PM | engine.py:1037 Engine run finished. Time taken: 00:00:22.118
[Epoch 71] train_loss=0.330235 | val_loss=0.333938
04/04/2026 04:20:48 PM | engine.py:1010 Epoch[71] Complete. Time taken: 00:00:58.668
04/04/2026 04:21:24 PM | engine.py:906 Engine run starting with max_epochs=1.
04/04/2026 04:21:47 PM | engine.py:1010 Epoch[1] Complete. Time taken: 00:00:22.863
[Validator] Epoch 72 - val_loss: 0.331920
[BEST CHECKPOINT] Guardado/actualizado en: checkpoints\Mis_modelos\log_mag checkpoints\2stems\best_checkpoint_72_val_loss=-0.3319.pt
04/04/2026 04:21:47 PM | engine.py:1037 Engine run finished. Time taken: 00:00:22.873
[Epoch 72] train_loss=0.330704 | val_loss=0.331920
04/04/2026 04:21:47 PM | engine.py:1010 Epoch[72] Complete. Time taken: 00:00:58.934
04/04/2026 04:22:25 PM | engine.py:906 Engine run starting with max_epochs=1.
04/04/2026 04:22:47 PM | engine.py:1010 Epoch[1] Complete. Time taken: 00:00:22.442
[Validator] Epoch 73 - val_loss: 0.334979
[BEST CHECKPOINT] Guardado/actualizado en: checkpoints\Mis_modelos\log_mag checkpoints\2stems\best_checkpoint_72_val_loss=-0.3319.pt
04/04/2026 04:22:47 PM | engine.py:1037 Engine run finished. Time taken: 00:00:22.444
[Epoch 73] train_loss=0.327362 | val_loss=0.334979
04/04/2026 04:22:47 PM | engine.py:1010 Epoch[73] Complete. Time taken: 00:01:00.592
04/04/2026 04:23:24 PM | engine.py:906 Engine run starting with max_epochs=1.
04/04/2026 04:23:46 PM | engine.py:1010 Epoch[1] Complete. Time taken: 00:00:21.911
[Validator] Epoch 74 - val_loss: 0.331491
[BEST CHECKPOINT] Guardado/actualizado en: checkpoints\Mis_modelos\log_mag checkpoints\2stems\best_checkpoint_74_val_loss=-0.3315.pt
04/04/2026 04:23:46 PM | engine.py:1037 Engine run finished. Time taken: 00:00:21.919
[Epoch 74] train_loss=0.329765 | val_loss=0.331491
04/04/2026 04:23:46 PM | engine.py:1010 Epoch[74] Complete. Time taken: 00:00:58.343
04/04/2026 04:24:21 PM | engine.py:906 Engine run starting with max_epochs=1.
04/04/2026 04:24:43 PM | engine.py:1010 Epoch[1] Complete. Time taken: 00:00:22.596
[Validator] Epoch 75 - val_loss: 0.334304
[BEST CHECKPOINT] Guardado/actualizado en: checkpoints\Mis_modelos\log_mag checkpoints\2stems\best_checkpoint_74_val_loss=-0.3315.pt
04/04/2026 04:24:43 PM | engine.py:1037 Engine run finished. Time taken: 00:00:22.597
[Epoch 75] train_loss=0.330931 | val_loss=0.334304
04/04/2026 04:24:43 PM | engine.py:1010 Epoch[75] Complete. Time taken: 00:00:57.685
04/04/2026 04:25:19 PM | engine.py:906 Engine run starting with max_epochs=1.
04/04/2026 04:25:41 PM | engine.py:1010 Epoch[1] Complete. Time taken: 00:00:22.143
[Validator] Epoch 76 - val_loss: 0.332584
[BEST CHECKPOINT] Guardado/actualizado en: checkpoints\Mis_modelos\log_mag checkpoints\2stems\best_checkpoint_74_val_loss=-0.3315.pt
04/04/2026 04:25:41 PM | engine.py:1037 Engine run finished. Time taken: 00:00:22.144
[Epoch 76] train_loss=0.329382 | val_loss=0.332584
04/04/2026 04:25:41 PM | engine.py:1010 Epoch[76] Complete. Time taken: 00:00:58.069
04/04/2026 04:26:18 PM | engine.py:906 Engine run starting with max_epochs=1.
04/04/2026 04:26:40 PM | engine.py:1010 Epoch[1] Complete. Time taken: 00:00:22.102
[Validator] Epoch 77 - val_loss: 0.331001
[BEST CHECKPOINT] Guardado/actualizado en: checkpoints\Mis_modelos\log_mag checkpoints\2stems\best_checkpoint_77_val_loss=-0.3310.pt
04/04/2026 04:26:40 PM | engine.py:1037 Engine run finished. Time taken: 00:00:22.119
[Epoch 77] train_loss=0.324291 | val_loss=0.331001
04/04/2026 04:26:40 PM | engine.py:1010 Epoch[77] Complete. Time taken: 00:00:58.487
04/04/2026 04:27:16 PM | engine.py:906 Engine run starting with max_epochs=1.
04/04/2026 04:27:39 PM | engine.py:1010 Epoch[1] Complete. Time taken: 00:00:23.004
[Validator] Epoch 78 - val_loss: 0.334709
[BEST CHECKPOINT] Guardado/actualizado en: checkpoints\Mis_modelos\log_mag checkpoints\2stems\best_checkpoint_77_val_loss=-0.3310.pt
04/04/2026 04:27:39 PM | engine.py:1037 Engine run finished. Time taken: 00:00:23.005
[Epoch 78] train_loss=0.330537 | val_loss=0.334709
04/04/2026 04:27:39 PM | engine.py:1010 Epoch[78] Complete. Time taken: 00:00:58.850
04/04/2026 04:28:15 PM | engine.py:906 Engine run starting with max_epochs=1.
04/04/2026 04:28:38 PM | engine.py:1010 Epoch[1] Complete. Time taken: 00:00:22.883
[Validator] Epoch 79 - val_loss: 0.330721
[BEST CHECKPOINT] Guardado/actualizado en: checkpoints\Mis_modelos\log_mag checkpoints\2stems\best_checkpoint_79_val_loss=-0.3307.pt
04/04/2026 04:28:38 PM | engine.py:1037 Engine run finished. Time taken: 00:00:22.893
[Epoch 79] train_loss=0.333838 | val_loss=0.330721
04/04/2026 04:28:38 PM | engine.py:1010 Epoch[79] Complete. Time taken: 00:00:58.892
04/04/2026 04:29:14 PM | engine.py:906 Engine run starting with max_epochs=1.
04/04/2026 04:29:37 PM | engine.py:1010 Epoch[1] Complete. Time taken: 00:00:22.356
[Validator] Epoch 80 - val_loss: 0.333666
[BEST CHECKPOINT] Guardado/actualizado en: checkpoints\Mis_modelos\log_mag checkpoints\2stems\best_checkpoint_79_val_loss=-0.3307.pt
04/04/2026 04:29:37 PM | engine.py:1037 Engine run finished. Time taken: 00:00:22.357
[Epoch 80] train_loss=0.331503 | val_loss=0.333666
04/04/2026 04:29:37 PM | engine.py:1010 Epoch[80] Complete. Time taken: 00:00:59.068
04/04/2026 04:30:13 PM | engine.py:906 Engine run starting with max_epochs=1.
04/04/2026 04:30:36 PM | engine.py:1010 Epoch[1] Complete. Time taken: 00:00:23.084
[Validator] Epoch 81 - val_loss: 0.330842
[BEST CHECKPOINT] Guardado/actualizado en: checkpoints\Mis_modelos\log_mag checkpoints\2stems\best_checkpoint_79_val_loss=-0.3307.pt
04/04/2026 04:30:36 PM | engine.py:1037 Engine run finished. Time taken: 00:00:23.085
[Epoch 81] train_loss=0.329220 | val_loss=0.330842
04/04/2026 04:30:36 PM | engine.py:1010 Epoch[81] Complete. Time taken: 00:00:59.222
04/04/2026 04:31:13 PM | engine.py:906 Engine run starting with max_epochs=1.
04/04/2026 04:31:36 PM | engine.py:1010 Epoch[1] Complete. Time taken: 00:00:22.911
[Validator] Epoch 82 - val_loss: 0.334719
[BEST CHECKPOINT] Guardado/actualizado en: checkpoints\Mis_modelos\log_mag checkpoints\2stems\best_checkpoint_79_val_loss=-0.3307.pt
04/04/2026 04:31:36 PM | engine.py:1037 Engine run finished. Time taken: 00:00:22.912
[Epoch 82] train_loss=0.328152 | val_loss=0.334719
04/04/2026 04:31:36 PM | engine.py:1010 Epoch[82] Complete. Time taken: 00:00:59.767
04/04/2026 04:32:12 PM | engine.py:906 Engine run starting with max_epochs=1.
04/04/2026 04:32:34 PM | engine.py:1010 Epoch[1] Complete. Time taken: 00:00:22.067
[Validator] Epoch 83 - val_loss: 0.329995
[BEST CHECKPOINT] Guardado/actualizado en: checkpoints\Mis_modelos\log_mag checkpoints\2stems\best_checkpoint_83_val_loss=-0.3300.pt
04/04/2026 04:32:34 PM | engine.py:1037 Engine run finished. Time taken: 00:00:22.078
[Epoch 83] train_loss=0.329950 | val_loss=0.329995
04/04/2026 04:32:34 PM | engine.py:1010 Epoch[83] Complete. Time taken: 00:00:58.159
04/04/2026 04:33:10 PM | engine.py:906 Engine run starting with max_epochs=1.
04/04/2026 04:33:32 PM | engine.py:1010 Epoch[1] Complete. Time taken: 00:00:21.790
[Validator] Epoch 84 - val_loss: 0.332291
[BEST CHECKPOINT] Guardado/actualizado en: checkpoints\Mis_modelos\log_mag checkpoints\2stems\best_checkpoint_83_val_loss=-0.3300.pt
04/04/2026 04:33:32 PM | engine.py:1037 Engine run finished. Time taken: 00:00:21.790
[Epoch 84] train_loss=0.326855 | val_loss=0.332291
04/04/2026 04:33:32 PM | engine.py:1010 Epoch[84] Complete. Time taken: 00:00:58.185
04/04/2026 04:34:08 PM | engine.py:906 Engine run starting with max_epochs=1.
04/04/2026 04:34:31 PM | engine.py:1010 Epoch[1] Complete. Time taken: 00:00:22.595
[Validator] Epoch 85 - val_loss: 0.329855
[BEST CHECKPOINT] Guardado/actualizado en: checkpoints\Mis_modelos\log_mag checkpoints\2stems\best_checkpoint_85_val_loss=-0.3299.pt
04/04/2026 04:34:31 PM | engine.py:1037 Engine run finished. Time taken: 00:00:22.597
[Epoch 85] train_loss=0.326200 | val_loss=0.329855
04/04/2026 04:34:31 PM | engine.py:1010 Epoch[85] Complete. Time taken: 00:00:58.798
04/04/2026 04:35:08 PM | engine.py:906 Engine run starting with max_epochs=1.
04/04/2026 04:35:30 PM | engine.py:1010 Epoch[1] Complete. Time taken: 00:00:22.147
[Validator] Epoch 86 - val_loss: 0.332604
[BEST CHECKPOINT] Guardado/actualizado en: checkpoints\Mis_modelos\log_mag checkpoints\2stems\best_checkpoint_85_val_loss=-0.3299.pt
04/04/2026 04:35:30 PM | engine.py:1037 Engine run finished. Time taken: 00:00:22.147
[Epoch 86] train_loss=0.324481 | val_loss=0.332604
04/04/2026 04:35:30 PM | engine.py:1010 Epoch[86] Complete. Time taken: 00:00:59.142
04/04/2026 04:36:07 PM | engine.py:906 Engine run starting with max_epochs=1.
04/04/2026 04:36:29 PM | engine.py:1010 Epoch[1] Complete. Time taken: 00:00:21.879
[Validator] Epoch 87 - val_loss: 0.328425
[BEST CHECKPOINT] Guardado/actualizado en: checkpoints\Mis_modelos\log_mag checkpoints\2stems\best_checkpoint_87_val_loss=-0.3284.pt
04/04/2026 04:36:29 PM | engine.py:1037 Engine run finished. Time taken: 00:00:21.891
[Epoch 87] train_loss=0.327238 | val_loss=0.328425
04/04/2026 04:36:29 PM | engine.py:1010 Epoch[87] Complete. Time taken: 00:00:58.580
04/04/2026 04:37:05 PM | engine.py:906 Engine run starting with max_epochs=1.
