C:\Users\rdpuser\miniconda3\envs\tfg_py310\lib\site-packages\ignite\handlers\checkpoint.py:16: DeprecationWarning: `TorchScript` support for functional optimizers is deprecated and will be removed in a future PyTorch release. Consider using the `torch.compile` optimizer instead.
  from torch.distributed.optim import ZeroRedundancyOptimizer
Usando dispositivo: cuda
Using device: cuda | nf=257 | channels=1 | hidden=50 | stems=2 | loss=logl2
C:\Users\rdpuser\miniconda3\envs\tfg_py310\lib\site-packages\torch\nn\modules\module.py:1326: UserWarning: expandable_segments not supported on this platform (Triggered internally at C:\actions-runner\_work\pytorch\pytorch\builder\windows\pytorch\c10/cuda/CUDAAllocatorConfig.h:28.)
  return t.to(
GA: actual_batch=100 | accum_steps=1 | effective_batch_real=100
04/01/2026 12:37:26 AM | engine.py:906 Engine run starting with max_epochs=100.
C:\Users\rdpuser\miniconda3\envs\tfg_py310\lib\site-packages\ignite\handlers\checkpoint.py:16: DeprecationWarning: `TorchScript` support for functional optimizers is deprecated and will be removed in a future PyTorch release. Consider using the `torch.compile` optimizer instead.
  from torch.distributed.optim import ZeroRedundancyOptimizer
C:\Users\rdpuser\miniconda3\envs\tfg_py310\lib\site-packages\ignite\handlers\checkpoint.py:16: DeprecationWarning: `TorchScript` support for functional optimizers is deprecated and will be removed in a future PyTorch release. Consider using the `torch.compile` optimizer instead.
  from torch.distributed.optim import ZeroRedundancyOptimizer
C:\Users\rdpuser\miniconda3\envs\tfg_py310\lib\site-packages\ignite\handlers\checkpoint.py:16: DeprecationWarning: `TorchScript` support for functional optimizers is deprecated and will be removed in a future PyTorch release. Consider using the `torch.compile` optimizer instead.
  from torch.distributed.optim import ZeroRedundancyOptimizer
C:\Users\rdpuser\miniconda3\envs\tfg_py310\lib\site-packages\ignite\handlers\checkpoint.py:16: DeprecationWarning: `TorchScript` support for functional optimizers is deprecated and will be removed in a future PyTorch release. Consider using the `torch.compile` optimizer instead.
  from torch.distributed.optim import ZeroRedundancyOptimizer
04/01/2026 12:40:09 AM | engine.py:906 Engine run starting with max_epochs=1.
C:\Users\rdpuser\miniconda3\envs\tfg_py310\lib\site-packages\ignite\handlers\checkpoint.py:16: DeprecationWarning: `TorchScript` support for functional optimizers is deprecated and will be removed in a future PyTorch release. Consider using the `torch.compile` optimizer instead.
  from torch.distributed.optim import ZeroRedundancyOptimizer
C:\Users\rdpuser\miniconda3\envs\tfg_py310\lib\site-packages\ignite\handlers\checkpoint.py:16: DeprecationWarning: `TorchScript` support for functional optimizers is deprecated and will be removed in a future PyTorch release. Consider using the `torch.compile` optimizer instead.
  from torch.distributed.optim import ZeroRedundancyOptimizer
C:\Users\rdpuser\miniconda3\envs\tfg_py310\lib\site-packages\ignite\handlers\checkpoint.py:16: DeprecationWarning: `TorchScript` support for functional optimizers is deprecated and will be removed in a future PyTorch release. Consider using the `torch.compile` optimizer instead.
  from torch.distributed.optim import ZeroRedundancyOptimizer
C:\Users\rdpuser\miniconda3\envs\tfg_py310\lib\site-packages\ignite\handlers\checkpoint.py:16: DeprecationWarning: `TorchScript` support for functional optimizers is deprecated and will be removed in a future PyTorch release. Consider using the `torch.compile` optimizer instead.
  from torch.distributed.optim import ZeroRedundancyOptimizer
04/01/2026 12:40:59 AM | engine.py:1010 Epoch[1] Complete. Time taken: 00:00:49.539
Training model with training mixes in: C:\Users\rdpuser\TFG_Identificaci-n-de-voces-e-instrumentos-en-una-obra-musical\datasets\mix_generation\foreground_train
Validating data with validation mixes in: C:\Users\rdpuser\TFG_Identificaci-n-de-voces-e-instrumentos-en-una-obra-musical\datasets\mix_generation\foreground_valid
[DEBUG] Num de sources: 2
pipeline de 2 fuentes
[Validator] Epoch 1 - val_loss: 6.377304
[BEST CHECKPOINT] Guardado/actualizado en: checkpoints\Mis_modelos\logl2 checkpoints\2stems\best_checkpoint_1_val_loss=-6.3773.pt
04/01/2026 12:40:59 AM | engine.py:1037 Engine run finished. Time taken: 00:00:50.001
[Epoch 1] train_loss=6.094314 | val_loss=6.377304
04/01/2026 12:40:59 AM | engine.py:1010 Epoch[1] Complete. Time taken: 00:02:55.425
04/01/2026 12:42:12 AM | engine.py:906 Engine run starting with max_epochs=1.
04/01/2026 12:42:49 AM | engine.py:1010 Epoch[1] Complete. Time taken: 00:00:36.271
[Validator] Epoch 2 - val_loss: 3.731238
[BEST CHECKPOINT] Guardado/actualizado en: checkpoints\Mis_modelos\logl2 checkpoints\2stems\best_checkpoint_2_val_loss=-3.7312.pt
04/01/2026 12:42:49 AM | engine.py:1037 Engine run finished. Time taken: 00:00:36.284
[Epoch 2] train_loss=4.123457 | val_loss=3.731238
04/01/2026 12:42:49 AM | engine.py:1010 Epoch[2] Complete. Time taken: 00:01:49.363
04/01/2026 12:44:03 AM | engine.py:906 Engine run starting with max_epochs=1.
04/01/2026 12:44:39 AM | engine.py:1010 Epoch[1] Complete. Time taken: 00:00:36.170
[Validator] Epoch 3 - val_loss: 2.209578
[BEST CHECKPOINT] Guardado/actualizado en: checkpoints\Mis_modelos\logl2 checkpoints\2stems\best_checkpoint_3_val_loss=-2.2096.pt
04/01/2026 12:44:39 AM | engine.py:1037 Engine run finished. Time taken: 00:00:36.180
[Epoch 3] train_loss=2.353038 | val_loss=2.209578
04/01/2026 12:44:39 AM | engine.py:1010 Epoch[3] Complete. Time taken: 00:01:50.266
04/01/2026 12:45:52 AM | engine.py:906 Engine run starting with max_epochs=1.
04/01/2026 12:46:28 AM | engine.py:1010 Epoch[1] Complete. Time taken: 00:00:36.643
[Validator] Epoch 4 - val_loss: 2.025218
[BEST CHECKPOINT] Guardado/actualizado en: checkpoints\Mis_modelos\logl2 checkpoints\2stems\best_checkpoint_4_val_loss=-2.0252.pt
04/01/2026 12:46:28 AM | engine.py:1037 Engine run finished. Time taken: 00:00:36.652
[Epoch 4] train_loss=1.599143 | val_loss=2.025218
04/01/2026 12:46:28 AM | engine.py:1010 Epoch[4] Complete. Time taken: 00:01:49.321
04/01/2026 12:47:43 AM | engine.py:906 Engine run starting with max_epochs=1.
04/01/2026 12:48:19 AM | engine.py:1010 Epoch[1] Complete. Time taken: 00:00:36.775
[Validator] Epoch 5 - val_loss: 2.004299
[BEST CHECKPOINT] Guardado/actualizado en: checkpoints\Mis_modelos\logl2 checkpoints\2stems\best_checkpoint_5_val_loss=-2.0043.pt
04/01/2026 12:48:19 AM | engine.py:1037 Engine run finished. Time taken: 00:00:36.784
[Epoch 5] train_loss=1.214892 | val_loss=2.004299
04/01/2026 12:48:19 AM | engine.py:1010 Epoch[5] Complete. Time taken: 00:01:51.073
04/01/2026 12:49:32 AM | engine.py:906 Engine run starting with max_epochs=1.
04/01/2026 12:50:09 AM | engine.py:1010 Epoch[1] Complete. Time taken: 00:00:36.819
[Validator] Epoch 6 - val_loss: 1.946477
[BEST CHECKPOINT] Guardado/actualizado en: checkpoints\Mis_modelos\logl2 checkpoints\2stems\best_checkpoint_6_val_loss=-1.9465.pt
04/01/2026 12:50:09 AM | engine.py:1037 Engine run finished. Time taken: 00:00:36.828
[Epoch 6] train_loss=1.565460 | val_loss=1.946477
04/01/2026 12:50:09 AM | engine.py:1010 Epoch[6] Complete. Time taken: 00:01:49.988
04/01/2026 12:51:25 AM | engine.py:906 Engine run starting with max_epochs=1.
04/01/2026 12:52:01 AM | engine.py:1010 Epoch[1] Complete. Time taken: 00:00:36.420
[Validator] Epoch 7 - val_loss: 1.969731
[BEST CHECKPOINT] Guardado/actualizado en: checkpoints\Mis_modelos\logl2 checkpoints\2stems\best_checkpoint_6_val_loss=-1.9465.pt
04/01/2026 12:52:01 AM | engine.py:1037 Engine run finished. Time taken: 00:00:36.423
[Epoch 7] train_loss=1.175164 | val_loss=1.969731
04/01/2026 12:52:01 AM | engine.py:1010 Epoch[7] Complete. Time taken: 00:01:51.732
04/01/2026 12:53:15 AM | engine.py:906 Engine run starting with max_epochs=1.
04/01/2026 12:53:51 AM | engine.py:1010 Epoch[1] Complete. Time taken: 00:00:36.258
[Validator] Epoch 8 - val_loss: 1.871021
[BEST CHECKPOINT] Guardado/actualizado en: checkpoints\Mis_modelos\logl2 checkpoints\2stems\best_checkpoint_8_val_loss=-1.8710.pt
04/01/2026 12:53:51 AM | engine.py:1037 Engine run finished. Time taken: 00:00:36.267
[Epoch 8] train_loss=1.347111 | val_loss=1.871021
04/01/2026 12:53:51 AM | engine.py:1010 Epoch[8] Complete. Time taken: 00:01:50.254
04/01/2026 12:55:05 AM | engine.py:906 Engine run starting with max_epochs=1.
04/01/2026 12:55:41 AM | engine.py:1010 Epoch[1] Complete. Time taken: 00:00:35.974
[Validator] Epoch 9 - val_loss: 1.809186
[BEST CHECKPOINT] Guardado/actualizado en: checkpoints\Mis_modelos\logl2 checkpoints\2stems\best_checkpoint_9_val_loss=-1.8092.pt
04/01/2026 12:55:41 AM | engine.py:1037 Engine run finished. Time taken: 00:00:35.983
[Epoch 9] train_loss=1.316031 | val_loss=1.809186
04/01/2026 12:55:41 AM | engine.py:1010 Epoch[9] Complete. Time taken: 00:01:49.867
04/01/2026 12:56:54 AM | engine.py:906 Engine run starting with max_epochs=1.
04/01/2026 12:57:30 AM | engine.py:1010 Epoch[1] Complete. Time taken: 00:00:35.833
[Validator] Epoch 10 - val_loss: 1.823035
[BEST CHECKPOINT] Guardado/actualizado en: checkpoints\Mis_modelos\logl2 checkpoints\2stems\best_checkpoint_9_val_loss=-1.8092.pt
04/01/2026 12:57:30 AM | engine.py:1037 Engine run finished. Time taken: 00:00:35.834
[Epoch 10] train_loss=1.160026 | val_loss=1.823035
04/01/2026 12:57:30 AM | engine.py:1010 Epoch[10] Complete. Time taken: 00:01:48.987
04/01/2026 12:58:44 AM | engine.py:906 Engine run starting with max_epochs=1.
04/01/2026 12:59:20 AM | engine.py:1010 Epoch[1] Complete. Time taken: 00:00:36.526
[Validator] Epoch 11 - val_loss: 1.733870
[BEST CHECKPOINT] Guardado/actualizado en: checkpoints\Mis_modelos\logl2 checkpoints\2stems\best_checkpoint_11_val_loss=-1.7339.pt
04/01/2026 12:59:20 AM | engine.py:1037 Engine run finished. Time taken: 00:00:36.535
[Epoch 11] train_loss=1.336157 | val_loss=1.733870
04/01/2026 12:59:20 AM | engine.py:1010 Epoch[11] Complete. Time taken: 00:01:50.155
04/01/2026 01:00:34 AM | engine.py:906 Engine run starting with max_epochs=1.
04/01/2026 01:01:10 AM | engine.py:1010 Epoch[1] Complete. Time taken: 00:00:36.105
[Validator] Epoch 12 - val_loss: 1.697622
[BEST CHECKPOINT] Guardado/actualizado en: checkpoints\Mis_modelos\logl2 checkpoints\2stems\best_checkpoint_12_val_loss=-1.6976.pt
04/01/2026 01:01:10 AM | engine.py:1037 Engine run finished. Time taken: 00:00:36.115
[Epoch 12] train_loss=0.985722 | val_loss=1.697622
04/01/2026 01:01:10 AM | engine.py:1010 Epoch[12] Complete. Time taken: 00:01:50.008
04/01/2026 01:02:24 AM | engine.py:906 Engine run starting with max_epochs=1.
04/01/2026 01:03:00 AM | engine.py:1010 Epoch[1] Complete. Time taken: 00:00:36.697
[Validator] Epoch 13 - val_loss: 1.641842
[BEST CHECKPOINT] Guardado/actualizado en: checkpoints\Mis_modelos\logl2 checkpoints\2stems\best_checkpoint_13_val_loss=-1.6418.pt
04/01/2026 01:03:00 AM | engine.py:1037 Engine run finished. Time taken: 00:00:36.709
[Epoch 13] train_loss=1.031681 | val_loss=1.641842
04/01/2026 01:03:00 AM | engine.py:1010 Epoch[13] Complete. Time taken: 00:01:50.042
04/01/2026 01:04:13 AM | engine.py:906 Engine run starting with max_epochs=1.
04/01/2026 01:04:50 AM | engine.py:1010 Epoch[1] Complete. Time taken: 00:00:36.887
[Validator] Epoch 14 - val_loss: 1.608756
[BEST CHECKPOINT] Guardado/actualizado en: checkpoints\Mis_modelos\logl2 checkpoints\2stems\best_checkpoint_14_val_loss=-1.6088.pt
04/01/2026 01:04:50 AM | engine.py:1037 Engine run finished. Time taken: 00:00:36.896
[Epoch 14] train_loss=1.032284 | val_loss=1.608756
04/01/2026 01:04:50 AM | engine.py:1010 Epoch[14] Complete. Time taken: 00:01:49.826
04/01/2026 01:06:04 AM | engine.py:906 Engine run starting with max_epochs=1.
04/01/2026 01:06:40 AM | engine.py:1010 Epoch[1] Complete. Time taken: 00:00:36.148
[Validator] Epoch 15 - val_loss: 1.579663
[BEST CHECKPOINT] Guardado/actualizado en: checkpoints\Mis_modelos\logl2 checkpoints\2stems\best_checkpoint_15_val_loss=-1.5797.pt
04/01/2026 01:06:40 AM | engine.py:1037 Engine run finished. Time taken: 00:00:36.156
[Epoch 15] train_loss=0.920791 | val_loss=1.579663
04/01/2026 01:06:40 AM | engine.py:1010 Epoch[15] Complete. Time taken: 00:01:49.575
04/01/2026 01:07:55 AM | engine.py:906 Engine run starting with max_epochs=1.
04/01/2026 01:08:31 AM | engine.py:1010 Epoch[1] Complete. Time taken: 00:00:35.925
[Validator] Epoch 16 - val_loss: 1.489620
[BEST CHECKPOINT] Guardado/actualizado en: checkpoints\Mis_modelos\logl2 checkpoints\2stems\best_checkpoint_16_val_loss=-1.4896.pt
04/01/2026 01:08:31 AM | engine.py:1037 Engine run finished. Time taken: 00:00:35.935
[Epoch 16] train_loss=0.893397 | val_loss=1.489620
04/01/2026 01:08:31 AM | engine.py:1010 Epoch[16] Complete. Time taken: 00:01:50.772
04/01/2026 01:09:44 AM | engine.py:906 Engine run starting with max_epochs=1.
04/01/2026 01:10:19 AM | engine.py:1010 Epoch[1] Complete. Time taken: 00:00:35.655
[Validator] Epoch 17 - val_loss: 1.471529
[BEST CHECKPOINT] Guardado/actualizado en: checkpoints\Mis_modelos\logl2 checkpoints\2stems\best_checkpoint_17_val_loss=-1.4715.pt
04/01/2026 01:10:19 AM | engine.py:1037 Engine run finished. Time taken: 00:00:35.667
[Epoch 17] train_loss=0.811194 | val_loss=1.471529
04/01/2026 01:10:19 AM | engine.py:1010 Epoch[17] Complete. Time taken: 00:01:48.789
04/01/2026 01:11:32 AM | engine.py:906 Engine run starting with max_epochs=1.
04/01/2026 01:12:08 AM | engine.py:1010 Epoch[1] Complete. Time taken: 00:00:35.920
[Validator] Epoch 18 - val_loss: 1.439681
[BEST CHECKPOINT] Guardado/actualizado en: checkpoints\Mis_modelos\logl2 checkpoints\2stems\best_checkpoint_18_val_loss=-1.4397.pt
04/01/2026 01:12:08 AM | engine.py:1037 Engine run finished. Time taken: 00:00:35.929
[Epoch 18] train_loss=0.590302 | val_loss=1.439681
04/01/2026 01:12:08 AM | engine.py:1010 Epoch[18] Complete. Time taken: 00:01:48.943
04/01/2026 01:13:22 AM | engine.py:906 Engine run starting with max_epochs=1.
04/01/2026 01:13:59 AM | engine.py:1010 Epoch[1] Complete. Time taken: 00:00:36.677
[Validator] Epoch 19 - val_loss: 1.344718
[BEST CHECKPOINT] Guardado/actualizado en: checkpoints\Mis_modelos\logl2 checkpoints\2stems\best_checkpoint_19_val_loss=-1.3447.pt
04/01/2026 01:13:59 AM | engine.py:1037 Engine run finished. Time taken: 00:00:36.686
[Epoch 19] train_loss=0.780865 | val_loss=1.344718
04/01/2026 01:13:59 AM | engine.py:1010 Epoch[19] Complete. Time taken: 00:01:50.398
04/01/2026 01:15:13 AM | engine.py:906 Engine run starting with max_epochs=1.
04/01/2026 01:15:49 AM | engine.py:1010 Epoch[1] Complete. Time taken: 00:00:36.303
[Validator] Epoch 20 - val_loss: 1.310185
[BEST CHECKPOINT] Guardado/actualizado en: checkpoints\Mis_modelos\logl2 checkpoints\2stems\best_checkpoint_20_val_loss=-1.3102.pt
04/01/2026 01:15:49 AM | engine.py:1037 Engine run finished. Time taken: 00:00:36.311
[Epoch 20] train_loss=0.787516 | val_loss=1.310185
04/01/2026 01:15:49 AM | engine.py:1010 Epoch[20] Complete. Time taken: 00:01:50.361
04/01/2026 01:17:03 AM | engine.py:906 Engine run starting with max_epochs=1.
04/01/2026 01:17:40 AM | engine.py:1010 Epoch[1] Complete. Time taken: 00:00:37.066
[Validator] Epoch 21 - val_loss: 1.320266
[BEST CHECKPOINT] Guardado/actualizado en: checkpoints\Mis_modelos\logl2 checkpoints\2stems\best_checkpoint_20_val_loss=-1.3102.pt
04/01/2026 01:17:40 AM | engine.py:1037 Engine run finished. Time taken: 00:00:37.069
[Epoch 21] train_loss=0.609457 | val_loss=1.320266
04/01/2026 01:17:40 AM | engine.py:1010 Epoch[21] Complete. Time taken: 00:01:50.904
04/01/2026 01:18:54 AM | engine.py:906 Engine run starting with max_epochs=1.
04/01/2026 01:19:29 AM | engine.py:1010 Epoch[1] Complete. Time taken: 00:00:35.683
[Validator] Epoch 22 - val_loss: 1.256192
[BEST CHECKPOINT] Guardado/actualizado en: checkpoints\Mis_modelos\logl2 checkpoints\2stems\best_checkpoint_22_val_loss=-1.2562.pt
04/01/2026 01:19:29 AM | engine.py:1037 Engine run finished. Time taken: 00:00:35.693
[Epoch 22] train_loss=0.424248 | val_loss=1.256192
04/01/2026 01:19:29 AM | engine.py:1010 Epoch[22] Complete. Time taken: 00:01:49.411
04/01/2026 01:20:44 AM | engine.py:906 Engine run starting with max_epochs=1.
04/01/2026 01:21:20 AM | engine.py:1010 Epoch[1] Complete. Time taken: 00:00:36.034
[Validator] Epoch 23 - val_loss: 1.255068
[BEST CHECKPOINT] Guardado/actualizado en: checkpoints\Mis_modelos\logl2 checkpoints\2stems\best_checkpoint_23_val_loss=-1.2551.pt
04/01/2026 01:21:20 AM | engine.py:1037 Engine run finished. Time taken: 00:00:36.045
[Epoch 23] train_loss=0.527967 | val_loss=1.255068
04/01/2026 01:21:20 AM | engine.py:1010 Epoch[23] Complete. Time taken: 00:01:50.978
04/01/2026 01:22:33 AM | engine.py:906 Engine run starting with max_epochs=1.
04/01/2026 01:23:10 AM | engine.py:1010 Epoch[1] Complete. Time taken: 00:00:36.672
[Validator] Epoch 24 - val_loss: 1.225533
[BEST CHECKPOINT] Guardado/actualizado en: checkpoints\Mis_modelos\logl2 checkpoints\2stems\best_checkpoint_24_val_loss=-1.2255.pt
04/01/2026 01:23:10 AM | engine.py:1037 Engine run finished. Time taken: 00:00:36.682
[Epoch 24] train_loss=0.503255 | val_loss=1.225533
04/01/2026 01:23:10 AM | engine.py:1010 Epoch[24] Complete. Time taken: 00:01:49.749
04/01/2026 01:24:24 AM | engine.py:906 Engine run starting with max_epochs=1.
04/01/2026 01:25:01 AM | engine.py:1010 Epoch[1] Complete. Time taken: 00:00:36.826
[Validator] Epoch 25 - val_loss: 1.181998
[BEST CHECKPOINT] Guardado/actualizado en: checkpoints\Mis_modelos\logl2 checkpoints\2stems\best_checkpoint_25_val_loss=-1.1820.pt
04/01/2026 01:25:01 AM | engine.py:1037 Engine run finished. Time taken: 00:00:36.837
[Epoch 25] train_loss=0.256698 | val_loss=1.181998
04/01/2026 01:25:01 AM | engine.py:1010 Epoch[25] Complete. Time taken: 00:01:51.114
04/01/2026 01:26:15 AM | engine.py:906 Engine run starting with max_epochs=1.
04/01/2026 01:26:51 AM | engine.py:1010 Epoch[1] Complete. Time taken: 00:00:36.249
[Validator] Epoch 26 - val_loss: 1.186815
[BEST CHECKPOINT] Guardado/actualizado en: checkpoints\Mis_modelos\logl2 checkpoints\2stems\best_checkpoint_25_val_loss=-1.1820.pt
04/01/2026 01:26:51 AM | engine.py:1037 Engine run finished. Time taken: 00:00:36.251
[Epoch 26] train_loss=0.259940 | val_loss=1.186815
04/01/2026 01:26:51 AM | engine.py:1010 Epoch[26] Complete. Time taken: 00:01:49.803
04/01/2026 01:28:05 AM | engine.py:906 Engine run starting with max_epochs=1.
04/01/2026 01:28:41 AM | engine.py:1010 Epoch[1] Complete. Time taken: 00:00:35.882
[Validator] Epoch 27 - val_loss: 1.158340
[BEST CHECKPOINT] Guardado/actualizado en: checkpoints\Mis_modelos\logl2 checkpoints\2stems\best_checkpoint_27_val_loss=-1.1583.pt
04/01/2026 01:28:41 AM | engine.py:1037 Engine run finished. Time taken: 00:00:35.891
[Epoch 27] train_loss=0.310128 | val_loss=1.158340
04/01/2026 01:28:41 AM | engine.py:1010 Epoch[27] Complete. Time taken: 00:01:49.651
04/01/2026 01:29:55 AM | engine.py:906 Engine run starting with max_epochs=1.
04/01/2026 01:30:31 AM | engine.py:1010 Epoch[1] Complete. Time taken: 00:00:36.242
[Validator] Epoch 28 - val_loss: 1.209656
[BEST CHECKPOINT] Guardado/actualizado en: checkpoints\Mis_modelos\logl2 checkpoints\2stems\best_checkpoint_27_val_loss=-1.1583.pt
04/01/2026 01:30:31 AM | engine.py:1037 Engine run finished. Time taken: 00:00:36.243
[Epoch 28] train_loss=0.362734 | val_loss=1.209656
04/01/2026 01:30:31 AM | engine.py:1010 Epoch[28] Complete. Time taken: 00:01:50.279
04/01/2026 01:31:43 AM | engine.py:906 Engine run starting with max_epochs=1.
04/01/2026 01:32:20 AM | engine.py:1010 Epoch[1] Complete. Time taken: 00:00:36.427
[Validator] Epoch 29 - val_loss: 1.105178
[BEST CHECKPOINT] Guardado/actualizado en: checkpoints\Mis_modelos\logl2 checkpoints\2stems\best_checkpoint_29_val_loss=-1.1052.pt
04/01/2026 01:32:20 AM | engine.py:1037 Engine run finished. Time taken: 00:00:36.436
[Epoch 29] train_loss=0.207644 | val_loss=1.105178
04/01/2026 01:32:20 AM | engine.py:1010 Epoch[29] Complete. Time taken: 00:01:48.891
04/01/2026 01:33:34 AM | engine.py:906 Engine run starting with max_epochs=1.
04/01/2026 01:34:10 AM | engine.py:1010 Epoch[1] Complete. Time taken: 00:00:36.037
[Validator] Epoch 30 - val_loss: 1.101209
[BEST CHECKPOINT] Guardado/actualizado en: checkpoints\Mis_modelos\logl2 checkpoints\2stems\best_checkpoint_30_val_loss=-1.1012.pt
04/01/2026 01:34:10 AM | engine.py:1037 Engine run finished. Time taken: 00:00:36.045
[Epoch 30] train_loss=0.399363 | val_loss=1.101209
04/01/2026 01:34:10 AM | engine.py:1010 Epoch[30] Complete. Time taken: 00:01:50.602
04/01/2026 01:35:25 AM | engine.py:906 Engine run starting with max_epochs=1.
04/01/2026 01:36:01 AM | engine.py:1010 Epoch[1] Complete. Time taken: 00:00:35.824
[Validator] Epoch 31 - val_loss: 1.111013
[BEST CHECKPOINT] Guardado/actualizado en: checkpoints\Mis_modelos\logl2 checkpoints\2stems\best_checkpoint_30_val_loss=-1.1012.pt
04/01/2026 01:36:01 AM | engine.py:1037 Engine run finished. Time taken: 00:00:35.825
[Epoch 31] train_loss=-0.054084 | val_loss=1.111013
04/01/2026 01:36:01 AM | engine.py:1010 Epoch[31] Complete. Time taken: 00:01:50.153
04/01/2026 01:37:14 AM | engine.py:906 Engine run starting with max_epochs=1.
04/01/2026 01:37:50 AM | engine.py:1010 Epoch[1] Complete. Time taken: 00:00:36.058
[Validator] Epoch 32 - val_loss: 1.072512
[BEST CHECKPOINT] Guardado/actualizado en: checkpoints\Mis_modelos\logl2 checkpoints\2stems\best_checkpoint_32_val_loss=-1.0725.pt
04/01/2026 01:37:50 AM | engine.py:1037 Engine run finished. Time taken: 00:00:36.067
[Epoch 32] train_loss=0.133918 | val_loss=1.072512
04/01/2026 01:37:50 AM | engine.py:1010 Epoch[32] Complete. Time taken: 00:01:49.841
04/01/2026 01:39:04 AM | engine.py:906 Engine run starting with max_epochs=1.
04/01/2026 01:39:40 AM | engine.py:1010 Epoch[1] Complete. Time taken: 00:00:36.493
[Validator] Epoch 33 - val_loss: 1.096394
[BEST CHECKPOINT] Guardado/actualizado en: checkpoints\Mis_modelos\logl2 checkpoints\2stems\best_checkpoint_32_val_loss=-1.0725.pt
04/01/2026 01:39:40 AM | engine.py:1037 Engine run finished. Time taken: 00:00:36.494
[Epoch 33] train_loss=0.076124 | val_loss=1.096394
04/01/2026 01:39:40 AM | engine.py:1010 Epoch[33] Complete. Time taken: 00:01:49.867
04/01/2026 01:40:52 AM | engine.py:906 Engine run starting with max_epochs=1.
04/01/2026 01:41:29 AM | engine.py:1010 Epoch[1] Complete. Time taken: 00:00:36.757
[Validator] Epoch 34 - val_loss: 1.043241
[BEST CHECKPOINT] Guardado/actualizado en: checkpoints\Mis_modelos\logl2 checkpoints\2stems\best_checkpoint_34_val_loss=-1.0432.pt
04/01/2026 01:41:29 AM | engine.py:1037 Engine run finished. Time taken: 00:00:36.765
[Epoch 34] train_loss=0.249261 | val_loss=1.043241
04/01/2026 01:41:29 AM | engine.py:1010 Epoch[34] Complete. Time taken: 00:01:48.855
04/01/2026 01:42:43 AM | engine.py:906 Engine run starting with max_epochs=1.
04/01/2026 01:43:20 AM | engine.py:1010 Epoch[1] Complete. Time taken: 00:00:36.252
[Validator] Epoch 35 - val_loss: 1.071283
[BEST CHECKPOINT] Guardado/actualizado en: checkpoints\Mis_modelos\logl2 checkpoints\2stems\best_checkpoint_34_val_loss=-1.0432.pt
04/01/2026 01:43:20 AM | engine.py:1037 Engine run finished. Time taken: 00:00:36.253
[Epoch 35] train_loss=0.154890 | val_loss=1.071283
04/01/2026 01:43:20 AM | engine.py:1010 Epoch[35] Complete. Time taken: 00:01:50.548
04/01/2026 01:44:34 AM | engine.py:906 Engine run starting with max_epochs=1.
04/01/2026 01:45:10 AM | engine.py:1010 Epoch[1] Complete. Time taken: 00:00:35.859
[Validator] Epoch 36 - val_loss: 1.033872
[BEST CHECKPOINT] Guardado/actualizado en: checkpoints\Mis_modelos\logl2 checkpoints\2stems\best_checkpoint_36_val_loss=-1.0339.pt
04/01/2026 01:45:10 AM | engine.py:1037 Engine run finished. Time taken: 00:00:35.868
[Epoch 36] train_loss=0.027802 | val_loss=1.033872
04/01/2026 01:45:10 AM | engine.py:1010 Epoch[36] Complete. Time taken: 00:01:50.595
04/01/2026 01:46:24 AM | engine.py:906 Engine run starting with max_epochs=1.
04/01/2026 01:47:01 AM | engine.py:1010 Epoch[1] Complete. Time taken: 00:00:36.542
[Validator] Epoch 37 - val_loss: 0.996380
[BEST CHECKPOINT] Guardado/actualizado en: checkpoints\Mis_modelos\logl2 checkpoints\2stems\best_checkpoint_37_val_loss=-0.9964.pt
04/01/2026 01:47:01 AM | engine.py:1037 Engine run finished. Time taken: 00:00:36.550
[Epoch 37] train_loss=0.099143 | val_loss=0.996380
04/01/2026 01:47:01 AM | engine.py:1010 Epoch[37] Complete. Time taken: 00:01:50.575
04/01/2026 01:48:15 AM | engine.py:906 Engine run starting with max_epochs=1.
04/01/2026 01:48:51 AM | engine.py:1010 Epoch[1] Complete. Time taken: 00:00:36.302
[Validator] Epoch 38 - val_loss: 1.066544
[BEST CHECKPOINT] Guardado/actualizado en: checkpoints\Mis_modelos\logl2 checkpoints\2stems\best_checkpoint_37_val_loss=-0.9964.pt
04/01/2026 01:48:51 AM | engine.py:1037 Engine run finished. Time taken: 00:00:36.303
[Epoch 38] train_loss=0.059893 | val_loss=1.066544
04/01/2026 01:48:51 AM | engine.py:1010 Epoch[38] Complete. Time taken: 00:01:50.114
04/01/2026 01:50:04 AM | engine.py:906 Engine run starting with max_epochs=1.
04/01/2026 01:50:41 AM | engine.py:1010 Epoch[1] Complete. Time taken: 00:00:36.446
[Validator] Epoch 39 - val_loss: 1.058417
[BEST CHECKPOINT] Guardado/actualizado en: checkpoints\Mis_modelos\logl2 checkpoints\2stems\best_checkpoint_37_val_loss=-0.9964.pt
04/01/2026 01:50:41 AM | engine.py:1037 Engine run finished. Time taken: 00:00:36.447
[Epoch 39] train_loss=0.106367 | val_loss=1.058417
04/01/2026 01:50:41 AM | engine.py:1010 Epoch[39] Complete. Time taken: 00:01:49.953
04/01/2026 01:51:55 AM | engine.py:906 Engine run starting with max_epochs=1.
04/01/2026 01:52:30 AM | engine.py:1010 Epoch[1] Complete. Time taken: 00:00:35.909
[Validator] Epoch 40 - val_loss: 1.006339
[BEST CHECKPOINT] Guardado/actualizado en: checkpoints\Mis_modelos\logl2 checkpoints\2stems\best_checkpoint_37_val_loss=-0.9964.pt
04/01/2026 01:52:30 AM | engine.py:1037 Engine run finished. Time taken: 00:00:35.910
[Epoch 40] train_loss=0.004743 | val_loss=1.006339
04/01/2026 01:52:30 AM | engine.py:1010 Epoch[40] Complete. Time taken: 00:01:49.584
04/01/2026 01:53:44 AM | engine.py:906 Engine run starting with max_epochs=1.
04/01/2026 01:54:21 AM | engine.py:1010 Epoch[1] Complete. Time taken: 00:00:36.164
[Validator] Epoch 41 - val_loss: 1.001688
[BEST CHECKPOINT] Guardado/actualizado en: checkpoints\Mis_modelos\logl2 checkpoints\2stems\best_checkpoint_37_val_loss=-0.9964.pt
04/01/2026 01:54:21 AM | engine.py:1037 Engine run finished. Time taken: 00:00:36.166
[Epoch 41] train_loss=-0.003480 | val_loss=1.001688
04/01/2026 01:54:21 AM | engine.py:1010 Epoch[41] Complete. Time taken: 00:01:50.162
04/01/2026 01:55:34 AM | engine.py:906 Engine run starting with max_epochs=1.
04/01/2026 01:56:11 AM | engine.py:1010 Epoch[1] Complete. Time taken: 00:00:36.248
[Validator] Epoch 42 - val_loss: 1.034805
[BEST CHECKPOINT] Guardado/actualizado en: checkpoints\Mis_modelos\logl2 checkpoints\2stems\best_checkpoint_37_val_loss=-0.9964.pt
04/01/2026 01:56:11 AM | engine.py:1037 Engine run finished. Time taken: 00:00:36.249
[Epoch 42] train_loss=-0.165867 | val_loss=1.034805
04/01/2026 01:56:11 AM | engine.py:1010 Epoch[42] Complete. Time taken: 00:01:49.953
04/01/2026 01:57:24 AM | engine.py:906 Engine run starting with max_epochs=1.
04/01/2026 01:58:01 AM | engine.py:1010 Epoch[1] Complete. Time taken: 00:00:36.369
[Validator] Epoch 43 - val_loss: 1.003725
[BEST CHECKPOINT] Guardado/actualizado en: checkpoints\Mis_modelos\logl2 checkpoints\2stems\best_checkpoint_37_val_loss=-0.9964.pt
04/01/2026 01:58:01 AM | engine.py:1037 Engine run finished. Time taken: 00:00:36.370
[Epoch 43] train_loss=-0.196457 | val_loss=1.003725
04/01/2026 01:58:01 AM | engine.py:1010 Epoch[43] Complete. Time taken: 00:01:49.988
04/01/2026 01:59:14 AM | engine.py:906 Engine run starting with max_epochs=1.
04/01/2026 01:59:51 AM | engine.py:1010 Epoch[1] Complete. Time taken: 00:00:36.491
[Validator] Epoch 44 - val_loss: 0.992200
[BEST CHECKPOINT] Guardado/actualizado en: checkpoints\Mis_modelos\logl2 checkpoints\2stems\best_checkpoint_44_val_loss=-0.9922.pt
04/01/2026 01:59:51 AM | engine.py:1037 Engine run finished. Time taken: 00:00:36.499
[Epoch 44] train_loss=-0.216911 | val_loss=0.992200
04/01/2026 01:59:51 AM | engine.py:1010 Epoch[44] Complete. Time taken: 00:01:50.174
04/01/2026 02:01:04 AM | engine.py:906 Engine run starting with max_epochs=1.
04/01/2026 02:01:41 AM | engine.py:1010 Epoch[1] Complete. Time taken: 00:00:36.485
[Validator] Epoch 45 - val_loss: 0.955398
[BEST CHECKPOINT] Guardado/actualizado en: checkpoints\Mis_modelos\logl2 checkpoints\2stems\best_checkpoint_45_val_loss=-0.9554.pt
04/01/2026 02:01:41 AM | engine.py:1037 Engine run finished. Time taken: 00:00:36.494
[Epoch 45] train_loss=-0.181591 | val_loss=0.955398
04/01/2026 02:01:41 AM | engine.py:1010 Epoch[45] Complete. Time taken: 00:01:49.781
04/01/2026 02:02:55 AM | engine.py:906 Engine run starting with max_epochs=1.
04/01/2026 02:03:31 AM | engine.py:1010 Epoch[1] Complete. Time taken: 00:00:36.028
[Validator] Epoch 46 - val_loss: 0.964891
[BEST CHECKPOINT] Guardado/actualizado en: checkpoints\Mis_modelos\logl2 checkpoints\2stems\best_checkpoint_45_val_loss=-0.9554.pt
04/01/2026 02:03:31 AM | engine.py:1037 Engine run finished. Time taken: 00:00:36.029
[Epoch 46] train_loss=-0.279497 | val_loss=0.964891
04/01/2026 02:03:31 AM | engine.py:1010 Epoch[46] Complete. Time taken: 00:01:50.477
04/01/2026 02:04:43 AM | engine.py:906 Engine run starting with max_epochs=1.
04/01/2026 02:05:19 AM | engine.py:1010 Epoch[1] Complete. Time taken: 00:00:36.185
[Validator] Epoch 47 - val_loss: 0.985760
[BEST CHECKPOINT] Guardado/actualizado en: checkpoints\Mis_modelos\logl2 checkpoints\2stems\best_checkpoint_45_val_loss=-0.9554.pt
04/01/2026 02:05:19 AM | engine.py:1037 Engine run finished. Time taken: 00:00:36.186
[Epoch 47] train_loss=-0.315758 | val_loss=0.985760
04/01/2026 02:05:19 AM | engine.py:1010 Epoch[47] Complete. Time taken: 00:01:48.113
04/01/2026 02:06:32 AM | engine.py:906 Engine run starting with max_epochs=1.
04/01/2026 02:07:09 AM | engine.py:1010 Epoch[1] Complete. Time taken: 00:00:36.521
[Validator] Epoch 48 - val_loss: 0.948294
[BEST CHECKPOINT] Guardado/actualizado en: checkpoints\Mis_modelos\logl2 checkpoints\2stems\best_checkpoint_48_val_loss=-0.9483.pt
04/01/2026 02:07:09 AM | engine.py:1037 Engine run finished. Time taken: 00:00:36.529
[Epoch 48] train_loss=-0.282460 | val_loss=0.948294
04/01/2026 02:07:09 AM | engine.py:1010 Epoch[48] Complete. Time taken: 00:01:49.496
04/01/2026 02:08:22 AM | engine.py:906 Engine run starting with max_epochs=1.
04/01/2026 02:08:59 AM | engine.py:1010 Epoch[1] Complete. Time taken: 00:00:37.179
[Validator] Epoch 49 - val_loss: 0.947656
[BEST CHECKPOINT] Guardado/actualizado en: checkpoints\Mis_modelos\logl2 checkpoints\2stems\best_checkpoint_49_val_loss=-0.9477.pt
04/01/2026 02:08:59 AM | engine.py:1037 Engine run finished. Time taken: 00:00:37.191
[Epoch 49] train_loss=-0.219356 | val_loss=0.947656
04/01/2026 02:08:59 AM | engine.py:1010 Epoch[49] Complete. Time taken: 00:01:50.556
04/01/2026 02:10:14 AM | engine.py:906 Engine run starting with max_epochs=1.
04/01/2026 02:10:50 AM | engine.py:1010 Epoch[1] Complete. Time taken: 00:00:36.399
[Validator] Epoch 50 - val_loss: 0.952322
[BEST CHECKPOINT] Guardado/actualizado en: checkpoints\Mis_modelos\logl2 checkpoints\2stems\best_checkpoint_49_val_loss=-0.9477.pt
04/01/2026 02:10:50 AM | engine.py:1037 Engine run finished. Time taken: 00:00:36.400
[Epoch 50] train_loss=-0.309817 | val_loss=0.952322
04/01/2026 02:10:50 AM | engine.py:1010 Epoch[50] Complete. Time taken: 00:01:50.753
04/01/2026 02:12:04 AM | engine.py:906 Engine run starting with max_epochs=1.
04/01/2026 02:12:40 AM | engine.py:1010 Epoch[1] Complete. Time taken: 00:00:35.950
[Validator] Epoch 51 - val_loss: 0.938255
[BEST CHECKPOINT] Guardado/actualizado en: checkpoints\Mis_modelos\logl2 checkpoints\2stems\best_checkpoint_51_val_loss=-0.9383.pt
04/01/2026 02:12:40 AM | engine.py:1037 Engine run finished. Time taken: 00:00:35.960
[Epoch 51] train_loss=-0.092922 | val_loss=0.938255
04/01/2026 02:12:40 AM | engine.py:1010 Epoch[51] Complete. Time taken: 00:01:49.827
04/01/2026 02:13:53 AM | engine.py:906 Engine run starting with max_epochs=1.
04/01/2026 02:14:29 AM | engine.py:1010 Epoch[1] Complete. Time taken: 00:00:36.424
[Validator] Epoch 52 - val_loss: 0.919123
[BEST CHECKPOINT] Guardado/actualizado en: checkpoints\Mis_modelos\logl2 checkpoints\2stems\best_checkpoint_52_val_loss=-0.9191.pt
04/01/2026 02:14:29 AM | engine.py:1037 Engine run finished. Time taken: 00:00:36.435
[Epoch 52] train_loss=-0.288366 | val_loss=0.919123
04/01/2026 02:14:29 AM | engine.py:1010 Epoch[52] Complete. Time taken: 00:01:49.660
04/01/2026 02:15:43 AM | engine.py:906 Engine run starting with max_epochs=1.
04/01/2026 02:16:20 AM | engine.py:1010 Epoch[1] Complete. Time taken: 00:00:36.392
[Validator] Epoch 53 - val_loss: 0.947392
[BEST CHECKPOINT] Guardado/actualizado en: checkpoints\Mis_modelos\logl2 checkpoints\2stems\best_checkpoint_52_val_loss=-0.9191.pt
04/01/2026 02:16:20 AM | engine.py:1037 Engine run finished. Time taken: 00:00:36.394
[Epoch 53] train_loss=-0.254504 | val_loss=0.947392
04/01/2026 02:16:20 AM | engine.py:1010 Epoch[53] Complete. Time taken: 00:01:50.375
04/01/2026 02:17:32 AM | engine.py:906 Engine run starting with max_epochs=1.
04/01/2026 02:18:09 AM | engine.py:1010 Epoch[1] Complete. Time taken: 00:00:36.833
[Validator] Epoch 54 - val_loss: 0.923512
[BEST CHECKPOINT] Guardado/actualizado en: checkpoints\Mis_modelos\logl2 checkpoints\2stems\best_checkpoint_52_val_loss=-0.9191.pt
04/01/2026 02:18:09 AM | engine.py:1037 Engine run finished. Time taken: 00:00:36.835
[Epoch 54] train_loss=-0.340219 | val_loss=0.923512
04/01/2026 02:18:09 AM | engine.py:1010 Epoch[54] Complete. Time taken: 00:01:49.275
04/01/2026 02:19:22 AM | engine.py:906 Engine run starting with max_epochs=1.
04/01/2026 02:19:59 AM | engine.py:1010 Epoch[1] Complete. Time taken: 00:00:36.602
[Validator] Epoch 55 - val_loss: 0.957214
[BEST CHECKPOINT] Guardado/actualizado en: checkpoints\Mis_modelos\logl2 checkpoints\2stems\best_checkpoint_52_val_loss=-0.9191.pt
04/01/2026 02:19:59 AM | engine.py:1037 Engine run finished. Time taken: 00:00:36.603
[Epoch 55] train_loss=-0.424598 | val_loss=0.957214
04/01/2026 02:19:59 AM | engine.py:1010 Epoch[55] Complete. Time taken: 00:01:49.712
04/01/2026 02:21:12 AM | engine.py:906 Engine run starting with max_epochs=1.
04/01/2026 02:21:49 AM | engine.py:1010 Epoch[1] Complete. Time taken: 00:00:36.499
[Validator] Epoch 56 - val_loss: 0.972474
[BEST CHECKPOINT] Guardado/actualizado en: checkpoints\Mis_modelos\logl2 checkpoints\2stems\best_checkpoint_52_val_loss=-0.9191.pt
04/01/2026 02:21:49 AM | engine.py:1037 Engine run finished. Time taken: 00:00:36.501
[Epoch 56] train_loss=-0.255779 | val_loss=0.972474
04/01/2026 02:21:49 AM | engine.py:1010 Epoch[56] Complete. Time taken: 00:01:49.819
04/01/2026 02:23:03 AM | engine.py:906 Engine run starting with max_epochs=1.
04/01/2026 02:23:39 AM | engine.py:1010 Epoch[1] Complete. Time taken: 00:00:36.399
[Validator] Epoch 57 - val_loss: 0.972701
[BEST CHECKPOINT] Guardado/actualizado en: checkpoints\Mis_modelos\logl2 checkpoints\2stems\best_checkpoint_52_val_loss=-0.9191.pt
04/01/2026 02:23:39 AM | engine.py:1037 Engine run finished. Time taken: 00:00:36.401
[Epoch 57] train_loss=-0.414923 | val_loss=0.972701
04/01/2026 02:23:39 AM | engine.py:1010 Epoch[57] Complete. Time taken: 00:01:50.481
04/01/2026 02:24:54 AM | engine.py:906 Engine run starting with max_epochs=1.
04/01/2026 02:25:31 AM | engine.py:1010 Epoch[1] Complete. Time taken: 00:00:36.471
[Validator] Epoch 58 - val_loss: 0.977731
[BEST CHECKPOINT] Guardado/actualizado en: checkpoints\Mis_modelos\logl2 checkpoints\2stems\best_checkpoint_52_val_loss=-0.9191.pt
04/01/2026 02:25:31 AM | engine.py:1037 Engine run finished. Time taken: 00:00:36.472
[Epoch 58] train_loss=-0.337767 | val_loss=0.977731
04/01/2026 02:25:31 AM | engine.py:1010 Epoch[58] Complete. Time taken: 00:01:51.549
04/01/2026 02:26:45 AM | engine.py:906 Engine run starting with max_epochs=1.
04/01/2026 02:27:21 AM | engine.py:1010 Epoch[1] Complete. Time taken: 00:00:36.167
[Validator] Epoch 59 - val_loss: 0.911444
[BEST CHECKPOINT] Guardado/actualizado en: checkpoints\Mis_modelos\logl2 checkpoints\2stems\best_checkpoint_59_val_loss=-0.9114.pt
04/01/2026 02:27:21 AM | engine.py:1037 Engine run finished. Time taken: 00:00:36.175
[Epoch 59] train_loss=-0.384364 | val_loss=0.911444
04/01/2026 02:27:21 AM | engine.py:1010 Epoch[59] Complete. Time taken: 00:01:50.076
04/01/2026 02:28:35 AM | engine.py:906 Engine run starting with max_epochs=1.
04/01/2026 02:29:11 AM | engine.py:1010 Epoch[1] Complete. Time taken: 00:00:36.111
[Validator] Epoch 60 - val_loss: 0.915649
[BEST CHECKPOINT] Guardado/actualizado en: checkpoints\Mis_modelos\logl2 checkpoints\2stems\best_checkpoint_59_val_loss=-0.9114.pt
04/01/2026 02:29:11 AM | engine.py:1037 Engine run finished. Time taken: 00:00:36.112
[Epoch 60] train_loss=-0.423396 | val_loss=0.915649
04/01/2026 02:29:11 AM | engine.py:1010 Epoch[60] Complete. Time taken: 00:01:50.083
04/01/2026 02:30:25 AM | engine.py:906 Engine run starting with max_epochs=1.
04/01/2026 02:31:01 AM | engine.py:1010 Epoch[1] Complete. Time taken: 00:00:36.642
[Validator] Epoch 61 - val_loss: 0.909026
[BEST CHECKPOINT] Guardado/actualizado en: checkpoints\Mis_modelos\logl2 checkpoints\2stems\best_checkpoint_61_val_loss=-0.9090.pt
04/01/2026 02:31:01 AM | engine.py:1037 Engine run finished. Time taken: 00:00:36.650
[Epoch 61] train_loss=-0.466348 | val_loss=0.909026
04/01/2026 02:31:01 AM | engine.py:1010 Epoch[61] Complete. Time taken: 00:01:50.365
04/01/2026 02:32:14 AM | engine.py:906 Engine run starting with max_epochs=1.
04/01/2026 02:32:50 AM | engine.py:1010 Epoch[1] Complete. Time taken: 00:00:35.582
[Validator] Epoch 62 - val_loss: 0.918440
[BEST CHECKPOINT] Guardado/actualizado en: checkpoints\Mis_modelos\logl2 checkpoints\2stems\best_checkpoint_61_val_loss=-0.9090.pt
04/01/2026 02:32:50 AM | engine.py:1037 Engine run finished. Time taken: 00:00:35.583
[Epoch 62] train_loss=-0.296452 | val_loss=0.918440
04/01/2026 02:32:50 AM | engine.py:1010 Epoch[62] Complete. Time taken: 00:01:48.782
04/01/2026 02:34:04 AM | engine.py:906 Engine run starting with max_epochs=1.
04/01/2026 02:34:40 AM | engine.py:1010 Epoch[1] Complete. Time taken: 00:00:35.739
[Validator] Epoch 63 - val_loss: 0.901597
[BEST CHECKPOINT] Guardado/actualizado en: checkpoints\Mis_modelos\logl2 checkpoints\2stems\best_checkpoint_63_val_loss=-0.9016.pt
04/01/2026 02:34:40 AM | engine.py:1037 Engine run finished. Time taken: 00:00:35.748
[Epoch 63] train_loss=-0.277385 | val_loss=0.901597
04/01/2026 02:34:40 AM | engine.py:1010 Epoch[63] Complete. Time taken: 00:01:49.921
04/01/2026 02:35:55 AM | engine.py:906 Engine run starting with max_epochs=1.
04/01/2026 02:36:31 AM | engine.py:1010 Epoch[1] Complete. Time taken: 00:00:36.717
[Validator] Epoch 64 - val_loss: 0.872901
[BEST CHECKPOINT] Guardado/actualizado en: checkpoints\Mis_modelos\logl2 checkpoints\2stems\best_checkpoint_64_val_loss=-0.8729.pt
04/01/2026 02:36:31 AM | engine.py:1037 Engine run finished. Time taken: 00:00:36.727
[Epoch 64] train_loss=-0.488162 | val_loss=0.872901
04/01/2026 02:36:31 AM | engine.py:1010 Epoch[64] Complete. Time taken: 00:01:51.417
04/01/2026 02:37:44 AM | engine.py:906 Engine run starting with max_epochs=1.
04/01/2026 02:38:21 AM | engine.py:1010 Epoch[1] Complete. Time taken: 00:00:36.739
[Validator] Epoch 65 - val_loss: 0.918968
[BEST CHECKPOINT] Guardado/actualizado en: checkpoints\Mis_modelos\logl2 checkpoints\2stems\best_checkpoint_64_val_loss=-0.8729.pt
04/01/2026 02:38:21 AM | engine.py:1037 Engine run finished. Time taken: 00:00:36.740
[Epoch 65] train_loss=-0.669270 | val_loss=0.918968
04/01/2026 02:38:21 AM | engine.py:1010 Epoch[65] Complete. Time taken: 00:01:49.845
04/01/2026 02:39:34 AM | engine.py:906 Engine run starting with max_epochs=1.
04/01/2026 02:40:10 AM | engine.py:1010 Epoch[1] Complete. Time taken: 00:00:36.097
[Validator] Epoch 66 - val_loss: 0.870933
[BEST CHECKPOINT] Guardado/actualizado en: checkpoints\Mis_modelos\logl2 checkpoints\2stems\best_checkpoint_66_val_loss=-0.8709.pt
04/01/2026 02:40:10 AM | engine.py:1037 Engine run finished. Time taken: 00:00:36.107
[Epoch 66] train_loss=-0.364695 | val_loss=0.870933
04/01/2026 02:40:10 AM | engine.py:1010 Epoch[66] Complete. Time taken: 00:01:49.250
04/01/2026 02:41:24 AM | engine.py:906 Engine run starting with max_epochs=1.
04/01/2026 02:42:01 AM | engine.py:1010 Epoch[1] Complete. Time taken: 00:00:36.643
[Validator] Epoch 67 - val_loss: 0.864071
[BEST CHECKPOINT] Guardado/actualizado en: checkpoints\Mis_modelos\logl2 checkpoints\2stems\best_checkpoint_67_val_loss=-0.8641.pt
04/01/2026 02:42:01 AM | engine.py:1037 Engine run finished. Time taken: 00:00:36.652
[Epoch 67] train_loss=-0.764302 | val_loss=0.864071
04/01/2026 02:42:01 AM | engine.py:1010 Epoch[67] Complete. Time taken: 00:01:50.328
04/01/2026 02:43:14 AM | engine.py:906 Engine run starting with max_epochs=1.
04/01/2026 02:43:50 AM | engine.py:1010 Epoch[1] Complete. Time taken: 00:00:35.985
[Validator] Epoch 68 - val_loss: 0.837876
[BEST CHECKPOINT] Guardado/actualizado en: checkpoints\Mis_modelos\logl2 checkpoints\2stems\best_checkpoint_68_val_loss=-0.8379.pt
04/01/2026 02:43:50 AM | engine.py:1037 Engine run finished. Time taken: 00:00:35.994
[Epoch 68] train_loss=-0.442220 | val_loss=0.837876
04/01/2026 02:43:50 AM | engine.py:1010 Epoch[68] Complete. Time taken: 00:01:49.247
04/01/2026 02:45:04 AM | engine.py:906 Engine run starting with max_epochs=1.
04/01/2026 02:45:40 AM | engine.py:1010 Epoch[1] Complete. Time taken: 00:00:36.443
[Validator] Epoch 69 - val_loss: 0.928729
[BEST CHECKPOINT] Guardado/actualizado en: checkpoints\Mis_modelos\logl2 checkpoints\2stems\best_checkpoint_68_val_loss=-0.8379.pt
04/01/2026 02:45:40 AM | engine.py:1037 Engine run finished. Time taken: 00:00:36.444
[Epoch 69] train_loss=-0.400749 | val_loss=0.928729
04/01/2026 02:45:40 AM | engine.py:1010 Epoch[69] Complete. Time taken: 00:01:50.170
04/01/2026 02:46:55 AM | engine.py:906 Engine run starting with max_epochs=1.
04/01/2026 02:47:31 AM | engine.py:1010 Epoch[1] Complete. Time taken: 00:00:36.278
[Validator] Epoch 70 - val_loss: 0.805290
[BEST CHECKPOINT] Guardado/actualizado en: checkpoints\Mis_modelos\logl2 checkpoints\2stems\best_checkpoint_70_val_loss=-0.8053.pt
04/01/2026 02:47:31 AM | engine.py:1037 Engine run finished. Time taken: 00:00:36.286
[Epoch 70] train_loss=-0.365523 | val_loss=0.805290
04/01/2026 02:47:31 AM | engine.py:1010 Epoch[70] Complete. Time taken: 00:01:51.142
04/01/2026 02:48:43 AM | engine.py:906 Engine run starting with max_epochs=1.
04/01/2026 02:49:20 AM | engine.py:1010 Epoch[1] Complete. Time taken: 00:00:37.112
[Validator] Epoch 71 - val_loss: 0.905660
[BEST CHECKPOINT] Guardado/actualizado en: checkpoints\Mis_modelos\logl2 checkpoints\2stems\best_checkpoint_70_val_loss=-0.8053.pt
04/01/2026 02:49:20 AM | engine.py:1037 Engine run finished. Time taken: 00:00:37.113
[Epoch 71] train_loss=-0.388781 | val_loss=0.905660
04/01/2026 02:49:20 AM | engine.py:1010 Epoch[71] Complete. Time taken: 00:01:49.204
04/01/2026 02:50:34 AM | engine.py:906 Engine run starting with max_epochs=1.
04/01/2026 02:51:10 AM | engine.py:1010 Epoch[1] Complete. Time taken: 00:00:36.254
[Validator] Epoch 72 - val_loss: 0.851902
[BEST CHECKPOINT] Guardado/actualizado en: checkpoints\Mis_modelos\logl2 checkpoints\2stems\best_checkpoint_70_val_loss=-0.8053.pt
04/01/2026 02:51:10 AM | engine.py:1037 Engine run finished. Time taken: 00:00:36.255
[Epoch 72] train_loss=-0.519179 | val_loss=0.851902
04/01/2026 02:51:10 AM | engine.py:1010 Epoch[72] Complete. Time taken: 00:01:49.841
04/01/2026 02:52:25 AM | engine.py:906 Engine run starting with max_epochs=1.
04/01/2026 02:53:01 AM | engine.py:1010 Epoch[1] Complete. Time taken: 00:00:36.237
[Validator] Epoch 73 - val_loss: 0.854915
[BEST CHECKPOINT] Guardado/actualizado en: checkpoints\Mis_modelos\logl2 checkpoints\2stems\best_checkpoint_70_val_loss=-0.8053.pt
04/01/2026 02:53:01 AM | engine.py:1037 Engine run finished. Time taken: 00:00:36.238
[Epoch 73] train_loss=-0.694665 | val_loss=0.854915
04/01/2026 02:53:01 AM | engine.py:1010 Epoch[73] Complete. Time taken: 00:01:51.164
04/01/2026 02:54:15 AM | engine.py:906 Engine run starting with max_epochs=1.
04/01/2026 02:54:52 AM | engine.py:1010 Epoch[1] Complete. Time taken: 00:00:36.421
[Validator] Epoch 74 - val_loss: 0.859860
[BEST CHECKPOINT] Guardado/actualizado en: checkpoints\Mis_modelos\logl2 checkpoints\2stems\best_checkpoint_70_val_loss=-0.8053.pt
04/01/2026 02:54:52 AM | engine.py:1037 Engine run finished. Time taken: 00:00:36.422
[Epoch 74] train_loss=-0.568207 | val_loss=0.859860
04/01/2026 02:54:52 AM | engine.py:1010 Epoch[74] Complete. Time taken: 00:01:50.440
04/01/2026 02:56:05 AM | engine.py:906 Engine run starting with max_epochs=1.
04/01/2026 02:56:41 AM | engine.py:1010 Epoch[1] Complete. Time taken: 00:00:36.370
[Validator] Epoch 75 - val_loss: 0.860118
[BEST CHECKPOINT] Guardado/actualizado en: checkpoints\Mis_modelos\logl2 checkpoints\2stems\best_checkpoint_70_val_loss=-0.8053.pt
04/01/2026 02:56:41 AM | engine.py:1037 Engine run finished. Time taken: 00:00:36.372
[Epoch 75] train_loss=-0.502163 | val_loss=0.860118
04/01/2026 02:56:41 AM | engine.py:1010 Epoch[75] Complete. Time taken: 00:01:49.527
04/01/2026 02:57:55 AM | engine.py:906 Engine run starting with max_epochs=1.
04/01/2026 02:58:32 AM | engine.py:1010 Epoch[1] Complete. Time taken: 00:00:36.811
[Validator] Epoch 76 - val_loss: 0.808625
[BEST CHECKPOINT] Guardado/actualizado en: checkpoints\Mis_modelos\logl2 checkpoints\2stems\best_checkpoint_70_val_loss=-0.8053.pt
04/01/2026 02:58:32 AM | engine.py:1037 Engine run finished. Time taken: 00:00:36.811
[Epoch 76] train_loss=-0.667469 | val_loss=0.808625
04/01/2026 02:58:32 AM | engine.py:1010 Epoch[76] Complete. Time taken: 00:01:50.333
04/01/2026 02:59:45 AM | engine.py:906 Engine run starting with max_epochs=1.
04/01/2026 03:00:22 AM | engine.py:1010 Epoch[1] Complete. Time taken: 00:00:37.034
[Validator] Epoch 77 - val_loss: 0.846179
[BEST CHECKPOINT] Guardado/actualizado en: checkpoints\Mis_modelos\logl2 checkpoints\2stems\best_checkpoint_70_val_loss=-0.8053.pt
04/01/2026 03:00:22 AM | engine.py:1037 Engine run finished. Time taken: 00:00:37.035
[Epoch 77] train_loss=-0.456401 | val_loss=0.846179
04/01/2026 03:00:22 AM | engine.py:1010 Epoch[77] Complete. Time taken: 00:01:50.243
04/01/2026 03:01:36 AM | engine.py:906 Engine run starting with max_epochs=1.
04/01/2026 03:02:13 AM | engine.py:1010 Epoch[1] Complete. Time taken: 00:00:37.079
[Validator] Epoch 78 - val_loss: 0.856511
[BEST CHECKPOINT] Guardado/actualizado en: checkpoints\Mis_modelos\logl2 checkpoints\2stems\best_checkpoint_70_val_loss=-0.8053.pt
04/01/2026 03:02:13 AM | engine.py:1037 Engine run finished. Time taken: 00:00:37.080
[Epoch 78] train_loss=-0.612613 | val_loss=0.856511
04/01/2026 03:02:13 AM | engine.py:1010 Epoch[78] Complete. Time taken: 00:01:50.883
04/01/2026 03:03:26 AM | engine.py:906 Engine run starting with max_epochs=1.
04/01/2026 03:04:02 AM | engine.py:1010 Epoch[1] Complete. Time taken: 00:00:36.424
[Validator] Epoch 79 - val_loss: 0.831294
[BEST CHECKPOINT] Guardado/actualizado en: checkpoints\Mis_modelos\logl2 checkpoints\2stems\best_checkpoint_70_val_loss=-0.8053.pt
04/01/2026 03:04:02 AM | engine.py:1037 Engine run finished. Time taken: 00:00:36.425
[Epoch 79] train_loss=-0.624254 | val_loss=0.831294
04/01/2026 03:04:02 AM | engine.py:1010 Epoch[79] Complete. Time taken: 00:01:49.599
04/01/2026 03:05:17 AM | engine.py:906 Engine run starting with max_epochs=1.
04/01/2026 03:05:53 AM | engine.py:1010 Epoch[1] Complete. Time taken: 00:00:35.812
2026-04-01 03:05:53,021 ignite.handlers.early_stopping.EarlyStopping INFO: EarlyStopping: Stop training
04/01/2026 03:05:53 AM | engine.py:648 Terminate signaled. Engine will stop after current iteration is finished.
[Validator] Epoch 80 - val_loss: 0.841748
[BEST CHECKPOINT] Guardado/actualizado en: checkpoints\Mis_modelos\logl2 checkpoints\2stems\best_checkpoint_70_val_loss=-0.8053.pt
04/01/2026 03:05:53 AM | engine.py:1037 Engine run finished. Time taken: 00:00:35.816
[Epoch 80] train_loss=-0.678394 | val_loss=0.841748
04/01/2026 03:05:53 AM | engine.py:1037 Engine run finished. Time taken: 02:28:26.716
[LOADING BEST MODEL] Cargando mejor checkpoint desde: checkpoints\Mis_modelos\logl2 checkpoints\2stems\best_checkpoint_70_val_loss=-0.8053.pt
C:\Users\rdpuser\TFG_Identificaci-n-de-voces-e-instrumentos-en-una-obra-musical\pipeline\train.py:326: FutureWarning: You are using `torch.load` with `weights_only=False` (the current default value), which uses the default pickle module implicitly. It is possible to construct malicious pickle data which will execute arbitrary code during unpickling (See https://github.com/pytorch/pytorch/blob/main/SECURITY.md#untrusted-models for more details). In a future release, the default value for `weights_only` will be flipped to `True`. This limits the functions that could be executed during unpickling. Arbitrary objects will no longer be allowed to be loaded via this mode unless they are explicitly allowlisted by the user via `torch.serialization.add_safe_globals`. We recommend you start setting `weights_only=True` for any use case where you don't have full control of the loaded file. Please open an issue on GitHub for any issues related to this experimental feature.
  checkpoint = torch.load(best_checkpoint_path, map_location=device)
