C:\Users\rdpuser\miniconda3\envs\tfg_py310\lib\site-packages\ignite\handlers\checkpoint.py:16: DeprecationWarning: `TorchScript` support for functional optimizers is deprecated and will be removed in a future PyTorch release. Consider using the `torch.compile` optimizer instead.
  from torch.distributed.optim import ZeroRedundancyOptimizer
Usando dispositivo: cuda
Using device: cuda | nf=257 | channels=1 | hidden=50 | stems=2 | loss=lpsa_phase
GA: actual_batch=100 | accum_steps=1 | effective_batch_real=100
04/22/2026 10:44:26 AM | engine.py:906 Engine run starting with max_epochs=100.
C:\Users\rdpuser\miniconda3\envs\tfg_py310\lib\site-packages\ignite\handlers\checkpoint.py:16: DeprecationWarning: `TorchScript` support for functional optimizers is deprecated and will be removed in a future PyTorch release. Consider using the `torch.compile` optimizer instead.
  from torch.distributed.optim import ZeroRedundancyOptimizer
C:\Users\rdpuser\miniconda3\envs\tfg_py310\lib\site-packages\torch\nn\modules\module.py:1326: UserWarning: expandable_segments not supported on this platform (Triggered internally at C:\actions-runner\_work\pytorch\pytorch\builder\windows\pytorch\c10/cuda/CUDAAllocatorConfig.h:28.)
  return t.to(
C:\Users\rdpuser\miniconda3\envs\tfg_py310\lib\site-packages\ignite\handlers\checkpoint.py:16: DeprecationWarning: `TorchScript` support for functional optimizers is deprecated and will be removed in a future PyTorch release. Consider using the `torch.compile` optimizer instead.
  from torch.distributed.optim import ZeroRedundancyOptimizer
C:\Users\rdpuser\miniconda3\envs\tfg_py310\lib\site-packages\torch\nn\modules\module.py:1326: UserWarning: expandable_segments not supported on this platform (Triggered internally at C:\actions-runner\_work\pytorch\pytorch\builder\windows\pytorch\c10/cuda/CUDAAllocatorConfig.h:28.)
  return t.to(
C:\Users\rdpuser\miniconda3\envs\tfg_py310\lib\site-packages\ignite\handlers\checkpoint.py:16: DeprecationWarning: `TorchScript` support for functional optimizers is deprecated and will be removed in a future PyTorch release. Consider using the `torch.compile` optimizer instead.
  from torch.distributed.optim import ZeroRedundancyOptimizer
C:\Users\rdpuser\miniconda3\envs\tfg_py310\lib\site-packages\torch\nn\modules\module.py:1326: UserWarning: expandable_segments not supported on this platform (Triggered internally at C:\actions-runner\_work\pytorch\pytorch\builder\windows\pytorch\c10/cuda/CUDAAllocatorConfig.h:28.)
  return t.to(
C:\Users\rdpuser\miniconda3\envs\tfg_py310\lib\site-packages\ignite\handlers\checkpoint.py:16: DeprecationWarning: `TorchScript` support for functional optimizers is deprecated and will be removed in a future PyTorch release. Consider using the `torch.compile` optimizer instead.
  from torch.distributed.optim import ZeroRedundancyOptimizer
C:\Users\rdpuser\miniconda3\envs\tfg_py310\lib\site-packages\torch\nn\modules\module.py:1326: UserWarning: expandable_segments not supported on this platform (Triggered internally at C:\actions-runner\_work\pytorch\pytorch\builder\windows\pytorch\c10/cuda/CUDAAllocatorConfig.h:28.)
  return t.to(
Training model with training mixes in: C:\Users\rdpuser\TFG_Identificaci-n-de-voces-e-instrumentos-en-una-obra-musical\datasets\mix_generation\foreground_train
Validating data with validation mixes in: C:\Users\rdpuser\TFG_Identificaci-n-de-voces-e-instrumentos-en-una-obra-musical\datasets\mix_generation\foreground_valid
[DEBUG] Num de sources: 2
[DEBUG]Pipeline de 2 fuentes
0.4759097099304199 GB allocated
0.48828125 GB reserved
dict_keys(['index', 'mixture_magnitude', 'mixture_phase', 'source_phase', 'mix_magnitude', 'ideal_binary_mask', 'source_magnitudes'])
Batch keys: dict_keys(['index', 'mixture_magnitude', 'mixture_phase', 'source_phase', 'mix_magnitude', 'ideal_binary_mask', 'source_magnitudes'])
mixture_phase shape: torch.Size([32, 257, 1723])
source_phase shape: torch.Size([32, 257, 2, 1723])
source_magnitudes shape: torch.Size([32, 1724, 257, 1, 2])
est shape: torch.Size([32, 1724, 257, 1, 2])
tgt shape: torch.Size([32, 1724, 257, 1, 2])
04/22/2026 10:45:22 AM | engine.py:1149 Current run is terminating due to exception: LPSALoss() missing 1 required positional argument: 'source_phase'
04/22/2026 10:45:22 AM | engine.py:1041 Engine run is terminating due to exception: LPSALoss() missing 1 required positional argument: 'source_phase'
Traceback (most recent call last):
  File "C:\Users\rdpuser\TFG_Identificaci-n-de-voces-e-instrumentos-en-una-obra-musical\main.py", line 103, in <module>
    main()
  File "C:\Users\rdpuser\TFG_Identificaci-n-de-voces-e-instrumentos-en-una-obra-musical\main.py", line 42, in main
    training()
  File "C:\Users\rdpuser\TFG_Identificaci-n-de-voces-e-instrumentos-en-una-obra-musical\pipeline\train.py", line 337, in training
    trainer.run(
  File "C:\Users\rdpuser\miniconda3\envs\tfg_py310\lib\site-packages\ignite\engine\engine.py", line 924, in run
    return self._internal_run()
  File "C:\Users\rdpuser\miniconda3\envs\tfg_py310\lib\site-packages\ignite\engine\engine.py", line 967, in _internal_run
    return next(self._internal_run_generator)
  File "C:\Users\rdpuser\miniconda3\envs\tfg_py310\lib\site-packages\ignite\engine\engine.py", line 1042, in _internal_run_as_gen
    self._handle_exception(e)
  File "C:\Users\rdpuser\miniconda3\envs\tfg_py310\lib\site-packages\ignite\engine\engine.py", line 679, in _handle_exception
    raise e
  File "C:\Users\rdpuser\miniconda3\envs\tfg_py310\lib\site-packages\ignite\engine\engine.py", line 991, in _internal_run_as_gen
    epoch_time_taken += yield from self._run_once_on_dataset_as_gen()
  File "C:\Users\rdpuser\miniconda3\envs\tfg_py310\lib\site-packages\ignite\engine\engine.py", line 1150, in _run_once_on_dataset_as_gen
    self._handle_exception(e)
  File "C:\Users\rdpuser\miniconda3\envs\tfg_py310\lib\site-packages\ignite\engine\engine.py", line 679, in _handle_exception
    raise e
  File "C:\Users\rdpuser\miniconda3\envs\tfg_py310\lib\site-packages\ignite\engine\engine.py", line 1132, in _run_once_on_dataset_as_gen
    self.state.output = self._process_function(self, self.state.batch)
  File "C:\Users\rdpuser\TFG_Identificaci-n-de-voces-e-instrumentos-en-una-obra-musical\pipeline\train.py", line 191, in train_step
    loss = loss_fn(estimates, targets) / accumulation_steps
  File "C:\Users\rdpuser\TFG_Identificaci-n-de-voces-e-instrumentos-en-una-obra-musical\commons\metrics.py", line 140, in <lambda>
    return lambda est, tgt: LPSALoss(est, tgt, mixture_phase)
TypeError: LPSALoss() missing 1 required positional argument: 'source_phase'
