C:\Users\rdpuser\miniconda3\envs\tfg_py310\lib\site-packages\ignite\handlers\checkpoint.py:16: DeprecationWarning: `TorchScript` support for functional optimizers is deprecated and will be removed in a future PyTorch release. Consider using the `torch.compile` optimizer instead.
  from torch.distributed.optim import ZeroRedundancyOptimizer
Usando dispositivo: cuda
Using device: cuda | nf=257 | channels=1 | hidden=50 | stems=2 | loss=l2_freq
C:\Users\rdpuser\miniconda3\envs\tfg_py310\lib\site-packages\torch\nn\modules\module.py:1326: UserWarning: expandable_segments not supported on this platform (Triggered internally at C:\actions-runner\_work\pytorch\pytorch\builder\windows\pytorch\c10/cuda/CUDAAllocatorConfig.h:28.)
  return t.to(
GA: actual_batch=100 | accum_steps=1 | effective_batch_real=100
04/02/2026 04:23:24 PM | engine.py:906 Engine run starting with max_epochs=100.
C:\Users\rdpuser\miniconda3\envs\tfg_py310\lib\site-packages\ignite\handlers\checkpoint.py:16: DeprecationWarning: `TorchScript` support for functional optimizers is deprecated and will be removed in a future PyTorch release. Consider using the `torch.compile` optimizer instead.
  from torch.distributed.optim import ZeroRedundancyOptimizer
C:\Users\rdpuser\miniconda3\envs\tfg_py310\lib\site-packages\ignite\handlers\checkpoint.py:16: DeprecationWarning: `TorchScript` support for functional optimizers is deprecated and will be removed in a future PyTorch release. Consider using the `torch.compile` optimizer instead.
  from torch.distributed.optim import ZeroRedundancyOptimizer
C:\Users\rdpuser\miniconda3\envs\tfg_py310\lib\site-packages\ignite\handlers\checkpoint.py:16: DeprecationWarning: `TorchScript` support for functional optimizers is deprecated and will be removed in a future PyTorch release. Consider using the `torch.compile` optimizer instead.
  from torch.distributed.optim import ZeroRedundancyOptimizer
C:\Users\rdpuser\miniconda3\envs\tfg_py310\lib\site-packages\ignite\handlers\checkpoint.py:16: DeprecationWarning: `TorchScript` support for functional optimizers is deprecated and will be removed in a future PyTorch release. Consider using the `torch.compile` optimizer instead.
  from torch.distributed.optim import ZeroRedundancyOptimizer
04/02/2026 04:26:07 PM | engine.py:906 Engine run starting with max_epochs=1.
C:\Users\rdpuser\miniconda3\envs\tfg_py310\lib\site-packages\ignite\handlers\checkpoint.py:16: DeprecationWarning: `TorchScript` support for functional optimizers is deprecated and will be removed in a future PyTorch release. Consider using the `torch.compile` optimizer instead.
  from torch.distributed.optim import ZeroRedundancyOptimizer
C:\Users\rdpuser\miniconda3\envs\tfg_py310\lib\site-packages\ignite\handlers\checkpoint.py:16: DeprecationWarning: `TorchScript` support for functional optimizers is deprecated and will be removed in a future PyTorch release. Consider using the `torch.compile` optimizer instead.
  from torch.distributed.optim import ZeroRedundancyOptimizer
C:\Users\rdpuser\miniconda3\envs\tfg_py310\lib\site-packages\ignite\handlers\checkpoint.py:16: DeprecationWarning: `TorchScript` support for functional optimizers is deprecated and will be removed in a future PyTorch release. Consider using the `torch.compile` optimizer instead.
  from torch.distributed.optim import ZeroRedundancyOptimizer
C:\Users\rdpuser\miniconda3\envs\tfg_py310\lib\site-packages\ignite\handlers\checkpoint.py:16: DeprecationWarning: `TorchScript` support for functional optimizers is deprecated and will be removed in a future PyTorch release. Consider using the `torch.compile` optimizer instead.
  from torch.distributed.optim import ZeroRedundancyOptimizer
04/02/2026 04:26:56 PM | engine.py:1010 Epoch[1] Complete. Time taken: 00:00:48.098
Training model with training mixes in: C:\Users\rdpuser\TFG_Identificaci-n-de-voces-e-instrumentos-en-una-obra-musical\datasets\mix_generation\foreground_train
Validating data with validation mixes in: C:\Users\rdpuser\TFG_Identificaci-n-de-voces-e-instrumentos-en-una-obra-musical\datasets\mix_generation\foreground_valid
[DEBUG] Num de sources: 2
pipeline de 2 fuentes
[Validator] Epoch 1 - val_loss: 0.000016
[BEST CHECKPOINT] Guardado/actualizado en: checkpoints\Mis_modelos\l2_freq checkpoints\2stems\best_checkpoint_1_val_loss=-0.0000.pt
04/02/2026 04:26:56 PM | engine.py:1037 Engine run finished. Time taken: 00:00:48.649
[Epoch 1] train_loss=0.000012 | val_loss=0.000016
04/02/2026 04:26:56 PM | engine.py:1010 Epoch[1] Complete. Time taken: 00:02:54.460
04/02/2026 04:28:09 PM | engine.py:906 Engine run starting with max_epochs=1.
04/02/2026 04:28:47 PM | engine.py:1010 Epoch[1] Complete. Time taken: 00:00:38.050
[Validator] Epoch 2 - val_loss: 0.000013
[BEST CHECKPOINT] Guardado/actualizado en: checkpoints\Mis_modelos\l2_freq checkpoints\2stems\best_checkpoint_2_val_loss=-0.0000.pt
04/02/2026 04:28:47 PM | engine.py:1037 Engine run finished. Time taken: 00:00:38.068
[Epoch 2] train_loss=0.000008 | val_loss=0.000013
04/02/2026 04:28:47 PM | engine.py:1010 Epoch[2] Complete. Time taken: 00:01:50.678
04/02/2026 04:30:02 PM | engine.py:906 Engine run starting with max_epochs=1.
04/02/2026 04:30:37 PM | engine.py:1010 Epoch[1] Complete. Time taken: 00:00:35.699
[Validator] Epoch 3 - val_loss: 0.000011
[BEST CHECKPOINT] Guardado/actualizado en: checkpoints\Mis_modelos\l2_freq checkpoints\2stems\best_checkpoint_3_val_loss=-0.0000.pt
04/02/2026 04:30:37 PM | engine.py:1037 Engine run finished. Time taken: 00:00:35.711
[Epoch 3] train_loss=0.000006 | val_loss=0.000011
04/02/2026 04:30:37 PM | engine.py:1010 Epoch[3] Complete. Time taken: 00:01:50.647
04/02/2026 04:31:50 PM | engine.py:906 Engine run starting with max_epochs=1.
04/02/2026 04:32:26 PM | engine.py:1010 Epoch[1] Complete. Time taken: 00:00:36.088
[Validator] Epoch 4 - val_loss: 0.000009
[BEST CHECKPOINT] Guardado/actualizado en: checkpoints\Mis_modelos\l2_freq checkpoints\2stems\best_checkpoint_4_val_loss=-0.0000.pt
04/02/2026 04:32:26 PM | engine.py:1037 Engine run finished. Time taken: 00:00:36.097
[Epoch 4] train_loss=0.000005 | val_loss=0.000009
04/02/2026 04:32:26 PM | engine.py:1010 Epoch[4] Complete. Time taken: 00:01:48.730
04/02/2026 04:33:39 PM | engine.py:906 Engine run starting with max_epochs=1.
04/02/2026 04:34:15 PM | engine.py:1010 Epoch[1] Complete. Time taken: 00:00:36.020
[Validator] Epoch 5 - val_loss: 0.000007
[BEST CHECKPOINT] Guardado/actualizado en: checkpoints\Mis_modelos\l2_freq checkpoints\2stems\best_checkpoint_5_val_loss=-0.0000.pt
04/02/2026 04:34:15 PM | engine.py:1037 Engine run finished. Time taken: 00:00:36.035
[Epoch 5] train_loss=0.000004 | val_loss=0.000007
04/02/2026 04:34:15 PM | engine.py:1010 Epoch[5] Complete. Time taken: 00:01:48.538
04/02/2026 04:35:28 PM | engine.py:906 Engine run starting with max_epochs=1.
04/02/2026 04:36:04 PM | engine.py:1010 Epoch[1] Complete. Time taken: 00:00:35.457
[Validator] Epoch 6 - val_loss: 0.000006
[BEST CHECKPOINT] Guardado/actualizado en: checkpoints\Mis_modelos\l2_freq checkpoints\2stems\best_checkpoint_6_val_loss=-0.0000.pt
04/02/2026 04:36:04 PM | engine.py:1037 Engine run finished. Time taken: 00:00:35.468
[Epoch 6] train_loss=0.000005 | val_loss=0.000006
04/02/2026 04:36:04 PM | engine.py:1010 Epoch[6] Complete. Time taken: 00:01:49.022
04/02/2026 04:37:17 PM | engine.py:906 Engine run starting with max_epochs=1.
04/02/2026 04:37:54 PM | engine.py:1010 Epoch[1] Complete. Time taken: 00:00:36.605
[Validator] Epoch 7 - val_loss: 0.000005
[BEST CHECKPOINT] Guardado/actualizado en: checkpoints\Mis_modelos\l2_freq checkpoints\2stems\best_checkpoint_7_val_loss=-0.0000.pt
04/02/2026 04:37:54 PM | engine.py:1037 Engine run finished. Time taken: 00:00:36.615
[Epoch 7] train_loss=0.000004 | val_loss=0.000005
04/02/2026 04:37:54 PM | engine.py:1010 Epoch[7] Complete. Time taken: 00:01:50.153
04/02/2026 04:39:06 PM | engine.py:906 Engine run starting with max_epochs=1.
04/02/2026 04:39:43 PM | engine.py:1010 Epoch[1] Complete. Time taken: 00:00:36.343
[Validator] Epoch 8 - val_loss: 0.000005
[BEST CHECKPOINT] Guardado/actualizado en: checkpoints\Mis_modelos\l2_freq checkpoints\2stems\best_checkpoint_8_val_loss=-0.0000.pt
04/02/2026 04:39:43 PM | engine.py:1037 Engine run finished. Time taken: 00:00:36.355
[Epoch 8] train_loss=0.000004 | val_loss=0.000005
04/02/2026 04:39:43 PM | engine.py:1010 Epoch[8] Complete. Time taken: 00:01:48.830
04/02/2026 04:40:56 PM | engine.py:906 Engine run starting with max_epochs=1.
04/02/2026 04:41:31 PM | engine.py:1010 Epoch[1] Complete. Time taken: 00:00:35.763
[Validator] Epoch 9 - val_loss: 0.000005
[BEST CHECKPOINT] Guardado/actualizado en: checkpoints\Mis_modelos\l2_freq checkpoints\2stems\best_checkpoint_9_val_loss=-0.0000.pt
04/02/2026 04:41:31 PM | engine.py:1037 Engine run finished. Time taken: 00:00:35.772
[Epoch 9] train_loss=0.000004 | val_loss=0.000005
04/02/2026 04:41:31 PM | engine.py:1010 Epoch[9] Complete. Time taken: 00:01:48.664
04/02/2026 04:42:44 PM | engine.py:906 Engine run starting with max_epochs=1.
04/02/2026 04:43:20 PM | engine.py:1010 Epoch[1] Complete. Time taken: 00:00:36.010
[Validator] Epoch 10 - val_loss: 0.000005
[BEST CHECKPOINT] Guardado/actualizado en: checkpoints\Mis_modelos\l2_freq checkpoints\2stems\best_checkpoint_10_val_loss=-0.0000.pt
04/02/2026 04:43:20 PM | engine.py:1037 Engine run finished. Time taken: 00:00:36.021
[Epoch 10] train_loss=0.000004 | val_loss=0.000005
04/02/2026 04:43:20 PM | engine.py:1010 Epoch[10] Complete. Time taken: 00:01:49.040
04/02/2026 04:44:33 PM | engine.py:906 Engine run starting with max_epochs=1.
04/02/2026 04:45:10 PM | engine.py:1010 Epoch[1] Complete. Time taken: 00:00:36.765
[Validator] Epoch 11 - val_loss: 0.000005
[BEST CHECKPOINT] Guardado/actualizado en: checkpoints\Mis_modelos\l2_freq checkpoints\2stems\best_checkpoint_11_val_loss=-0.0000.pt
04/02/2026 04:45:10 PM | engine.py:1037 Engine run finished. Time taken: 00:00:36.774
[Epoch 11] train_loss=0.000004 | val_loss=0.000005
04/02/2026 04:45:10 PM | engine.py:1010 Epoch[11] Complete. Time taken: 00:01:49.156
04/02/2026 04:46:23 PM | engine.py:906 Engine run starting with max_epochs=1.
04/02/2026 04:46:59 PM | engine.py:1010 Epoch[1] Complete. Time taken: 00:00:35.946
[Validator] Epoch 12 - val_loss: 0.000005
[BEST CHECKPOINT] Guardado/actualizado en: checkpoints\Mis_modelos\l2_freq checkpoints\2stems\best_checkpoint_12_val_loss=-0.0000.pt
04/02/2026 04:46:59 PM | engine.py:1037 Engine run finished. Time taken: 00:00:35.955
[Epoch 12] train_loss=0.000004 | val_loss=0.000005
04/02/2026 04:46:59 PM | engine.py:1010 Epoch[12] Complete. Time taken: 00:01:49.847
04/02/2026 04:48:12 PM | engine.py:906 Engine run starting with max_epochs=1.
04/02/2026 04:48:48 PM | engine.py:1010 Epoch[1] Complete. Time taken: 00:00:35.612
[Validator] Epoch 13 - val_loss: 0.000005
[BEST CHECKPOINT] Guardado/actualizado en: checkpoints\Mis_modelos\l2_freq checkpoints\2stems\best_checkpoint_13_val_loss=-0.0000.pt
04/02/2026 04:48:48 PM | engine.py:1037 Engine run finished. Time taken: 00:00:35.623
[Epoch 13] train_loss=0.000004 | val_loss=0.000005
04/02/2026 04:48:48 PM | engine.py:1010 Epoch[13] Complete. Time taken: 00:01:48.655
04/02/2026 04:50:02 PM | engine.py:906 Engine run starting with max_epochs=1.
04/02/2026 04:50:38 PM | engine.py:1010 Epoch[1] Complete. Time taken: 00:00:35.462
[Validator] Epoch 14 - val_loss: 0.000005
[BEST CHECKPOINT] Guardado/actualizado en: checkpoints\Mis_modelos\l2_freq checkpoints\2stems\best_checkpoint_14_val_loss=-0.0000.pt
04/02/2026 04:50:38 PM | engine.py:1037 Engine run finished. Time taken: 00:00:35.472
[Epoch 14] train_loss=0.000004 | val_loss=0.000005
04/02/2026 04:50:38 PM | engine.py:1010 Epoch[14] Complete. Time taken: 00:01:49.555
04/02/2026 04:51:50 PM | engine.py:906 Engine run starting with max_epochs=1.
04/02/2026 04:52:27 PM | engine.py:1010 Epoch[1] Complete. Time taken: 00:00:36.055
[Validator] Epoch 15 - val_loss: 0.000005
[BEST CHECKPOINT] Guardado/actualizado en: checkpoints\Mis_modelos\l2_freq checkpoints\2stems\best_checkpoint_14_val_loss=-0.0000.pt
04/02/2026 04:52:27 PM | engine.py:1037 Engine run finished. Time taken: 00:00:36.057
[Epoch 15] train_loss=0.000004 | val_loss=0.000005
04/02/2026 04:52:27 PM | engine.py:1010 Epoch[15] Complete. Time taken: 00:01:48.931
04/02/2026 04:53:40 PM | engine.py:906 Engine run starting with max_epochs=1.
04/02/2026 04:54:16 PM | engine.py:1010 Epoch[1] Complete. Time taken: 00:00:36.017
[Validator] Epoch 16 - val_loss: 0.000005
[BEST CHECKPOINT] Guardado/actualizado en: checkpoints\Mis_modelos\l2_freq checkpoints\2stems\best_checkpoint_16_val_loss=-0.0000.pt
04/02/2026 04:54:16 PM | engine.py:1037 Engine run finished. Time taken: 00:00:36.026
[Epoch 16] train_loss=0.000004 | val_loss=0.000005
04/02/2026 04:54:16 PM | engine.py:1010 Epoch[16] Complete. Time taken: 00:01:49.801
04/02/2026 04:55:29 PM | engine.py:906 Engine run starting with max_epochs=1.
04/02/2026 04:56:05 PM | engine.py:1010 Epoch[1] Complete. Time taken: 00:00:36.258
[Validator] Epoch 17 - val_loss: 0.000005
[BEST CHECKPOINT] Guardado/actualizado en: checkpoints\Mis_modelos\l2_freq checkpoints\2stems\best_checkpoint_17_val_loss=-0.0000.pt
04/02/2026 04:56:05 PM | engine.py:1037 Engine run finished. Time taken: 00:00:36.266
[Epoch 17] train_loss=0.000004 | val_loss=0.000005
04/02/2026 04:56:05 PM | engine.py:1010 Epoch[17] Complete. Time taken: 00:01:48.785
04/02/2026 04:57:18 PM | engine.py:906 Engine run starting with max_epochs=1.
04/02/2026 04:57:54 PM | engine.py:1010 Epoch[1] Complete. Time taken: 00:00:36.011
[Validator] Epoch 18 - val_loss: 0.000005
[BEST CHECKPOINT] Guardado/actualizado en: checkpoints\Mis_modelos\l2_freq checkpoints\2stems\best_checkpoint_18_val_loss=-0.0000.pt
04/02/2026 04:57:54 PM | engine.py:1037 Engine run finished. Time taken: 00:00:36.019
[Epoch 18] train_loss=0.000004 | val_loss=0.000005
04/02/2026 04:57:54 PM | engine.py:1010 Epoch[18] Complete. Time taken: 00:01:49.176
04/02/2026 04:59:08 PM | engine.py:906 Engine run starting with max_epochs=1.
04/02/2026 04:59:45 PM | engine.py:1010 Epoch[1] Complete. Time taken: 00:00:36.647
[Validator] Epoch 19 - val_loss: 0.000005
[BEST CHECKPOINT] Guardado/actualizado en: checkpoints\Mis_modelos\l2_freq checkpoints\2stems\best_checkpoint_19_val_loss=-0.0000.pt
04/02/2026 04:59:45 PM | engine.py:1037 Engine run finished. Time taken: 00:00:36.657
[Epoch 19] train_loss=0.000004 | val_loss=0.000005
04/02/2026 04:59:45 PM | engine.py:1010 Epoch[19] Complete. Time taken: 00:01:50.300
04/02/2026 05:00:58 PM | engine.py:906 Engine run starting with max_epochs=1.
04/02/2026 05:01:35 PM | engine.py:1010 Epoch[1] Complete. Time taken: 00:00:36.643
[Validator] Epoch 20 - val_loss: 0.000005
[BEST CHECKPOINT] Guardado/actualizado en: checkpoints\Mis_modelos\l2_freq checkpoints\2stems\best_checkpoint_20_val_loss=-0.0000.pt
04/02/2026 05:01:35 PM | engine.py:1037 Engine run finished. Time taken: 00:00:36.652
[Epoch 20] train_loss=0.000004 | val_loss=0.000005
04/02/2026 05:01:35 PM | engine.py:1010 Epoch[20] Complete. Time taken: 00:01:49.983
04/02/2026 05:02:48 PM | engine.py:906 Engine run starting with max_epochs=1.
04/02/2026 05:03:24 PM | engine.py:1010 Epoch[1] Complete. Time taken: 00:00:35.948
[Validator] Epoch 21 - val_loss: 0.000005
[BEST CHECKPOINT] Guardado/actualizado en: checkpoints\Mis_modelos\l2_freq checkpoints\2stems\best_checkpoint_21_val_loss=-0.0000.pt
04/02/2026 05:03:24 PM | engine.py:1037 Engine run finished. Time taken: 00:00:35.957
[Epoch 21] train_loss=0.000004 | val_loss=0.000005
04/02/2026 05:03:24 PM | engine.py:1010 Epoch[21] Complete. Time taken: 00:01:49.235
04/02/2026 05:04:36 PM | engine.py:906 Engine run starting with max_epochs=1.
04/02/2026 05:05:13 PM | engine.py:1010 Epoch[1] Complete. Time taken: 00:00:36.612
[Validator] Epoch 22 - val_loss: 0.000005
[BEST CHECKPOINT] Guardado/actualizado en: checkpoints\Mis_modelos\l2_freq checkpoints\2stems\best_checkpoint_22_val_loss=-0.0000.pt
04/02/2026 05:05:13 PM | engine.py:1037 Engine run finished. Time taken: 00:00:36.622
[Epoch 22] train_loss=0.000004 | val_loss=0.000005
04/02/2026 05:05:13 PM | engine.py:1010 Epoch[22] Complete. Time taken: 00:01:49.307
04/02/2026 05:06:27 PM | engine.py:906 Engine run starting with max_epochs=1.
04/02/2026 05:07:02 PM | engine.py:1010 Epoch[1] Complete. Time taken: 00:00:35.719
[Validator] Epoch 23 - val_loss: 0.000005
[BEST CHECKPOINT] Guardado/actualizado en: checkpoints\Mis_modelos\l2_freq checkpoints\2stems\best_checkpoint_22_val_loss=-0.0000.pt
04/02/2026 05:07:02 PM | engine.py:1037 Engine run finished. Time taken: 00:00:35.720
[Epoch 23] train_loss=0.000004 | val_loss=0.000005
04/02/2026 05:07:02 PM | engine.py:1010 Epoch[23] Complete. Time taken: 00:01:49.151
04/02/2026 05:08:14 PM | engine.py:906 Engine run starting with max_epochs=1.
04/02/2026 05:08:50 PM | engine.py:1010 Epoch[1] Complete. Time taken: 00:00:35.257
[Validator] Epoch 24 - val_loss: 0.000005
[BEST CHECKPOINT] Guardado/actualizado en: checkpoints\Mis_modelos\l2_freq checkpoints\2stems\best_checkpoint_22_val_loss=-0.0000.pt
04/02/2026 05:08:50 PM | engine.py:1037 Engine run finished. Time taken: 00:00:35.258
[Epoch 24] train_loss=0.000004 | val_loss=0.000005
04/02/2026 05:08:50 PM | engine.py:1010 Epoch[24] Complete. Time taken: 00:01:47.514
04/02/2026 05:10:04 PM | engine.py:906 Engine run starting with max_epochs=1.
04/02/2026 05:10:39 PM | engine.py:1010 Epoch[1] Complete. Time taken: 00:00:35.416
[Validator] Epoch 25 - val_loss: 0.000005
[BEST CHECKPOINT] Guardado/actualizado en: checkpoints\Mis_modelos\l2_freq checkpoints\2stems\best_checkpoint_22_val_loss=-0.0000.pt
04/02/2026 05:10:39 PM | engine.py:1037 Engine run finished. Time taken: 00:00:35.418
[Epoch 25] train_loss=0.000004 | val_loss=0.000005
04/02/2026 05:10:39 PM | engine.py:1010 Epoch[25] Complete. Time taken: 00:01:49.244
04/02/2026 05:11:52 PM | engine.py:906 Engine run starting with max_epochs=1.
04/02/2026 05:12:29 PM | engine.py:1010 Epoch[1] Complete. Time taken: 00:00:36.279
[Validator] Epoch 26 - val_loss: 0.000005
[BEST CHECKPOINT] Guardado/actualizado en: checkpoints\Mis_modelos\l2_freq checkpoints\2stems\best_checkpoint_26_val_loss=-0.0000.pt
04/02/2026 05:12:29 PM | engine.py:1037 Engine run finished. Time taken: 00:00:36.289
[Epoch 26] train_loss=0.000004 | val_loss=0.000005
04/02/2026 05:12:29 PM | engine.py:1010 Epoch[26] Complete. Time taken: 00:01:49.735
04/02/2026 05:13:41 PM | engine.py:906 Engine run starting with max_epochs=1.
04/02/2026 05:14:18 PM | engine.py:1010 Epoch[1] Complete. Time taken: 00:00:36.417
[Validator] Epoch 27 - val_loss: 0.000005
[BEST CHECKPOINT] Guardado/actualizado en: checkpoints\Mis_modelos\l2_freq checkpoints\2stems\best_checkpoint_27_val_loss=-0.0000.pt
04/02/2026 05:14:18 PM | engine.py:1037 Engine run finished. Time taken: 00:00:36.426
[Epoch 27] train_loss=0.000004 | val_loss=0.000005
04/02/2026 05:14:18 PM | engine.py:1010 Epoch[27] Complete. Time taken: 00:01:49.009
04/02/2026 05:15:31 PM | engine.py:906 Engine run starting with max_epochs=1.
04/02/2026 05:16:07 PM | engine.py:1010 Epoch[1] Complete. Time taken: 00:00:35.415
[Validator] Epoch 28 - val_loss: 0.000005
[BEST CHECKPOINT] Guardado/actualizado en: checkpoints\Mis_modelos\l2_freq checkpoints\2stems\best_checkpoint_27_val_loss=-0.0000.pt
04/02/2026 05:16:07 PM | engine.py:1037 Engine run finished. Time taken: 00:00:35.417
[Epoch 28] train_loss=0.000004 | val_loss=0.000005
04/02/2026 05:16:07 PM | engine.py:1010 Epoch[28] Complete. Time taken: 00:01:49.060
04/02/2026 05:17:19 PM | engine.py:906 Engine run starting with max_epochs=1.
04/02/2026 05:17:55 PM | engine.py:1010 Epoch[1] Complete. Time taken: 00:00:36.260
[Validator] Epoch 29 - val_loss: 0.000005
[BEST CHECKPOINT] Guardado/actualizado en: checkpoints\Mis_modelos\l2_freq checkpoints\2stems\best_checkpoint_27_val_loss=-0.0000.pt
04/02/2026 05:17:55 PM | engine.py:1037 Engine run finished. Time taken: 00:00:36.261
[Epoch 29] train_loss=0.000004 | val_loss=0.000005
04/02/2026 05:17:55 PM | engine.py:1010 Epoch[29] Complete. Time taken: 00:01:48.056
04/02/2026 05:19:09 PM | engine.py:906 Engine run starting with max_epochs=1.
04/02/2026 05:19:45 PM | engine.py:1010 Epoch[1] Complete. Time taken: 00:00:36.213
[Validator] Epoch 30 - val_loss: 0.000005
[BEST CHECKPOINT] Guardado/actualizado en: checkpoints\Mis_modelos\l2_freq checkpoints\2stems\best_checkpoint_30_val_loss=-0.0000.pt
04/02/2026 05:19:45 PM | engine.py:1037 Engine run finished. Time taken: 00:00:36.223
[Epoch 30] train_loss=0.000004 | val_loss=0.000005
04/02/2026 05:19:45 PM | engine.py:1010 Epoch[30] Complete. Time taken: 00:01:49.948
04/02/2026 05:20:58 PM | engine.py:906 Engine run starting with max_epochs=1.
04/02/2026 05:21:34 PM | engine.py:1010 Epoch[1] Complete. Time taken: 00:00:36.265
[Validator] Epoch 31 - val_loss: 0.000005
[BEST CHECKPOINT] Guardado/actualizado en: checkpoints\Mis_modelos\l2_freq checkpoints\2stems\best_checkpoint_31_val_loss=-0.0000.pt
04/02/2026 05:21:34 PM | engine.py:1037 Engine run finished. Time taken: 00:00:36.276
[Epoch 31] train_loss=0.000004 | val_loss=0.000005
04/02/2026 05:21:34 PM | engine.py:1010 Epoch[31] Complete. Time taken: 00:01:49.181
04/02/2026 05:22:49 PM | engine.py:906 Engine run starting with max_epochs=1.
04/02/2026 05:23:24 PM | engine.py:1010 Epoch[1] Complete. Time taken: 00:00:35.976
[Validator] Epoch 32 - val_loss: 0.000005
[BEST CHECKPOINT] Guardado/actualizado en: checkpoints\Mis_modelos\l2_freq checkpoints\2stems\best_checkpoint_32_val_loss=-0.0000.pt
04/02/2026 05:23:25 PM | engine.py:1037 Engine run finished. Time taken: 00:00:35.988
[Epoch 32] train_loss=0.000004 | val_loss=0.000005
04/02/2026 05:23:25 PM | engine.py:1010 Epoch[32] Complete. Time taken: 00:01:50.514
04/02/2026 05:24:38 PM | engine.py:906 Engine run starting with max_epochs=1.
04/02/2026 05:25:13 PM | engine.py:1010 Epoch[1] Complete. Time taken: 00:00:35.949
[Validator] Epoch 33 - val_loss: 0.000005
[BEST CHECKPOINT] Guardado/actualizado en: checkpoints\Mis_modelos\l2_freq checkpoints\2stems\best_checkpoint_33_val_loss=-0.0000.pt
04/02/2026 05:25:14 PM | engine.py:1037 Engine run finished. Time taken: 00:00:35.959
[Epoch 33] train_loss=0.000004 | val_loss=0.000005
04/02/2026 05:25:14 PM | engine.py:1010 Epoch[33] Complete. Time taken: 00:01:48.999
04/02/2026 05:26:26 PM | engine.py:906 Engine run starting with max_epochs=1.
04/02/2026 05:27:01 PM | engine.py:1010 Epoch[1] Complete. Time taken: 00:00:35.683
[Validator] Epoch 34 - val_loss: 0.000005
[BEST CHECKPOINT] Guardado/actualizado en: checkpoints\Mis_modelos\l2_freq checkpoints\2stems\best_checkpoint_34_val_loss=-0.0000.pt
04/02/2026 05:27:01 PM | engine.py:1037 Engine run finished. Time taken: 00:00:35.694
[Epoch 34] train_loss=0.000004 | val_loss=0.000005
04/02/2026 05:27:01 PM | engine.py:1010 Epoch[34] Complete. Time taken: 00:01:47.751
04/02/2026 05:28:14 PM | engine.py:906 Engine run starting with max_epochs=1.
04/02/2026 05:28:50 PM | engine.py:1010 Epoch[1] Complete. Time taken: 00:00:35.833
[Validator] Epoch 35 - val_loss: 0.000005
[BEST CHECKPOINT] Guardado/actualizado en: checkpoints\Mis_modelos\l2_freq checkpoints\2stems\best_checkpoint_35_val_loss=-0.0000.pt
04/02/2026 05:28:50 PM | engine.py:1037 Engine run finished. Time taken: 00:00:35.843
[Epoch 35] train_loss=0.000004 | val_loss=0.000005
04/02/2026 05:28:50 PM | engine.py:1010 Epoch[35] Complete. Time taken: 00:01:48.597
04/02/2026 05:30:03 PM | engine.py:906 Engine run starting with max_epochs=1.
04/02/2026 05:30:38 PM | engine.py:1010 Epoch[1] Complete. Time taken: 00:00:35.360
[Validator] Epoch 36 - val_loss: 0.000005
[BEST CHECKPOINT] Guardado/actualizado en: checkpoints\Mis_modelos\l2_freq checkpoints\2stems\best_checkpoint_36_val_loss=-0.0000.pt
04/02/2026 05:30:38 PM | engine.py:1037 Engine run finished. Time taken: 00:00:35.369
[Epoch 36] train_loss=0.000004 | val_loss=0.000005
04/02/2026 05:30:38 PM | engine.py:1010 Epoch[36] Complete. Time taken: 00:01:48.069
04/02/2026 05:31:51 PM | engine.py:906 Engine run starting with max_epochs=1.
04/02/2026 05:32:27 PM | engine.py:1010 Epoch[1] Complete. Time taken: 00:00:36.291
[Validator] Epoch 37 - val_loss: 0.000005
[BEST CHECKPOINT] Guardado/actualizado en: checkpoints\Mis_modelos\l2_freq checkpoints\2stems\best_checkpoint_37_val_loss=-0.0000.pt
04/02/2026 05:32:27 PM | engine.py:1037 Engine run finished. Time taken: 00:00:36.301
[Epoch 37] train_loss=0.000004 | val_loss=0.000005
04/02/2026 05:32:27 PM | engine.py:1010 Epoch[37] Complete. Time taken: 00:01:49.053
04/02/2026 05:33:40 PM | engine.py:906 Engine run starting with max_epochs=1.
04/02/2026 05:34:16 PM | engine.py:1010 Epoch[1] Complete. Time taken: 00:00:36.140
[Validator] Epoch 38 - val_loss: 0.000005
[BEST CHECKPOINT] Guardado/actualizado en: checkpoints\Mis_modelos\l2_freq checkpoints\2stems\best_checkpoint_37_val_loss=-0.0000.pt
04/02/2026 05:34:16 PM | engine.py:1037 Engine run finished. Time taken: 00:00:36.143
[Epoch 38] train_loss=0.000004 | val_loss=0.000005
04/02/2026 05:34:16 PM | engine.py:1010 Epoch[38] Complete. Time taken: 00:01:49.517
04/02/2026 05:35:30 PM | engine.py:906 Engine run starting with max_epochs=1.
04/02/2026 05:36:06 PM | engine.py:1010 Epoch[1] Complete. Time taken: 00:00:36.616
[Validator] Epoch 39 - val_loss: 0.000005
[BEST CHECKPOINT] Guardado/actualizado en: checkpoints\Mis_modelos\l2_freq checkpoints\2stems\best_checkpoint_37_val_loss=-0.0000.pt
04/02/2026 05:36:06 PM | engine.py:1037 Engine run finished. Time taken: 00:00:36.617
[Epoch 39] train_loss=0.000004 | val_loss=0.000005
04/02/2026 05:36:06 PM | engine.py:1010 Epoch[39] Complete. Time taken: 00:01:49.632
04/02/2026 05:37:18 PM | engine.py:906 Engine run starting with max_epochs=1.
04/02/2026 05:37:54 PM | engine.py:1010 Epoch[1] Complete. Time taken: 00:00:35.243
[Validator] Epoch 40 - val_loss: 0.000005
[BEST CHECKPOINT] Guardado/actualizado en: checkpoints\Mis_modelos\l2_freq checkpoints\2stems\best_checkpoint_40_val_loss=-0.0000.pt
04/02/2026 05:37:54 PM | engine.py:1037 Engine run finished. Time taken: 00:00:35.253
[Epoch 40] train_loss=0.000004 | val_loss=0.000005
04/02/2026 05:37:54 PM | engine.py:1010 Epoch[40] Complete. Time taken: 00:01:47.527
04/02/2026 05:39:08 PM | engine.py:906 Engine run starting with max_epochs=1.
04/02/2026 05:39:44 PM | engine.py:1010 Epoch[1] Complete. Time taken: 00:00:36.032
[Validator] Epoch 41 - val_loss: 0.000005
[BEST CHECKPOINT] Guardado/actualizado en: checkpoints\Mis_modelos\l2_freq checkpoints\2stems\best_checkpoint_41_val_loss=-0.0000.pt
04/02/2026 05:39:44 PM | engine.py:1037 Engine run finished. Time taken: 00:00:36.044
[Epoch 41] train_loss=0.000004 | val_loss=0.000005
04/02/2026 05:39:44 PM | engine.py:1010 Epoch[41] Complete. Time taken: 00:01:50.143
04/02/2026 05:40:56 PM | engine.py:906 Engine run starting with max_epochs=1.
04/02/2026 05:41:33 PM | engine.py:1010 Epoch[1] Complete. Time taken: 00:00:36.331
[Validator] Epoch 42 - val_loss: 0.000005
[BEST CHECKPOINT] Guardado/actualizado en: checkpoints\Mis_modelos\l2_freq checkpoints\2stems\best_checkpoint_42_val_loss=-0.0000.pt
04/02/2026 05:41:33 PM | engine.py:1037 Engine run finished. Time taken: 00:00:36.341
[Epoch 42] train_loss=0.000004 | val_loss=0.000005
04/02/2026 05:41:33 PM | engine.py:1010 Epoch[42] Complete. Time taken: 00:01:48.741
04/02/2026 05:42:46 PM | engine.py:906 Engine run starting with max_epochs=1.
04/02/2026 05:43:22 PM | engine.py:1010 Epoch[1] Complete. Time taken: 00:00:35.688
[Validator] Epoch 43 - val_loss: 0.000005
[BEST CHECKPOINT] Guardado/actualizado en: checkpoints\Mis_modelos\l2_freq checkpoints\2stems\best_checkpoint_42_val_loss=-0.0000.pt
04/02/2026 05:43:22 PM | engine.py:1037 Engine run finished. Time taken: 00:00:35.690
[Epoch 43] train_loss=0.000004 | val_loss=0.000005
04/02/2026 05:43:22 PM | engine.py:1010 Epoch[43] Complete. Time taken: 00:01:49.265
04/02/2026 05:44:35 PM | engine.py:906 Engine run starting with max_epochs=1.
04/02/2026 05:45:12 PM | engine.py:1010 Epoch[1] Complete. Time taken: 00:00:36.765
[Validator] Epoch 44 - val_loss: 0.000005
[BEST CHECKPOINT] Guardado/actualizado en: checkpoints\Mis_modelos\l2_freq checkpoints\2stems\best_checkpoint_44_val_loss=-0.0000.pt
04/02/2026 05:45:12 PM | engine.py:1037 Engine run finished. Time taken: 00:00:36.774
[Epoch 44] train_loss=0.000004 | val_loss=0.000005
04/02/2026 05:45:12 PM | engine.py:1010 Epoch[44] Complete. Time taken: 00:01:50.117
04/02/2026 05:46:27 PM | engine.py:906 Engine run starting with max_epochs=1.
04/02/2026 05:47:03 PM | engine.py:1010 Epoch[1] Complete. Time taken: 00:00:36.059
[Validator] Epoch 45 - val_loss: 0.000005
[BEST CHECKPOINT] Guardado/actualizado en: checkpoints\Mis_modelos\l2_freq checkpoints\2stems\best_checkpoint_45_val_loss=-0.0000.pt
04/02/2026 05:47:03 PM | engine.py:1037 Engine run finished. Time taken: 00:00:36.069
[Epoch 45] train_loss=0.000004 | val_loss=0.000005
04/02/2026 05:47:03 PM | engine.py:1010 Epoch[45] Complete. Time taken: 00:01:51.392
04/02/2026 05:48:17 PM | engine.py:906 Engine run starting with max_epochs=1.
04/02/2026 05:48:53 PM | engine.py:1010 Epoch[1] Complete. Time taken: 00:00:35.667
[Validator] Epoch 46 - val_loss: 0.000005
[BEST CHECKPOINT] Guardado/actualizado en: checkpoints\Mis_modelos\l2_freq checkpoints\2stems\best_checkpoint_46_val_loss=-0.0000.pt
04/02/2026 05:48:53 PM | engine.py:1037 Engine run finished. Time taken: 00:00:35.676
[Epoch 46] train_loss=0.000004 | val_loss=0.000005
04/02/2026 05:48:53 PM | engine.py:1010 Epoch[46] Complete. Time taken: 00:01:49.479
04/02/2026 05:50:06 PM | engine.py:906 Engine run starting with max_epochs=1.
04/02/2026 05:50:43 PM | engine.py:1010 Epoch[1] Complete. Time taken: 00:00:36.299
[Validator] Epoch 47 - val_loss: 0.000005
[BEST CHECKPOINT] Guardado/actualizado en: checkpoints\Mis_modelos\l2_freq checkpoints\2stems\best_checkpoint_46_val_loss=-0.0000.pt
04/02/2026 05:50:43 PM | engine.py:1037 Engine run finished. Time taken: 00:00:36.301
[Epoch 47] train_loss=0.000004 | val_loss=0.000005
04/02/2026 05:50:43 PM | engine.py:1010 Epoch[47] Complete. Time taken: 00:01:49.811
04/02/2026 05:51:55 PM | engine.py:906 Engine run starting with max_epochs=1.
04/02/2026 05:52:32 PM | engine.py:1010 Epoch[1] Complete. Time taken: 00:00:36.571
[Validator] Epoch 48 - val_loss: 0.000005
[BEST CHECKPOINT] Guardado/actualizado en: checkpoints\Mis_modelos\l2_freq checkpoints\2stems\best_checkpoint_48_val_loss=-0.0000.pt
04/02/2026 05:52:32 PM | engine.py:1037 Engine run finished. Time taken: 00:00:36.582
[Epoch 48] train_loss=0.000004 | val_loss=0.000005
04/02/2026 05:52:32 PM | engine.py:1010 Epoch[48] Complete. Time taken: 00:01:49.079
04/02/2026 05:53:45 PM | engine.py:906 Engine run starting with max_epochs=1.
04/02/2026 05:54:21 PM | engine.py:1010 Epoch[1] Complete. Time taken: 00:00:36.107
[Validator] Epoch 49 - val_loss: 0.000005
[BEST CHECKPOINT] Guardado/actualizado en: checkpoints\Mis_modelos\l2_freq checkpoints\2stems\best_checkpoint_49_val_loss=-0.0000.pt
04/02/2026 05:54:21 PM | engine.py:1037 Engine run finished. Time taken: 00:00:36.118
[Epoch 49] train_loss=0.000004 | val_loss=0.000005
04/02/2026 05:54:21 PM | engine.py:1010 Epoch[49] Complete. Time taken: 00:01:49.477
04/02/2026 05:55:35 PM | engine.py:906 Engine run starting with max_epochs=1.
04/02/2026 05:56:11 PM | engine.py:1010 Epoch[1] Complete. Time taken: 00:00:35.968
[Validator] Epoch 50 - val_loss: 0.000005
[BEST CHECKPOINT] Guardado/actualizado en: checkpoints\Mis_modelos\l2_freq checkpoints\2stems\best_checkpoint_49_val_loss=-0.0000.pt
04/02/2026 05:56:11 PM | engine.py:1037 Engine run finished. Time taken: 00:00:35.969
[Epoch 50] train_loss=0.000004 | val_loss=0.000005
04/02/2026 05:56:11 PM | engine.py:1010 Epoch[50] Complete. Time taken: 00:01:49.745
04/02/2026 05:57:24 PM | engine.py:906 Engine run starting with max_epochs=1.
04/02/2026 05:58:01 PM | engine.py:1010 Epoch[1] Complete. Time taken: 00:00:36.217
[Validator] Epoch 51 - val_loss: 0.000005
[BEST CHECKPOINT] Guardado/actualizado en: checkpoints\Mis_modelos\l2_freq checkpoints\2stems\best_checkpoint_49_val_loss=-0.0000.pt
04/02/2026 05:58:01 PM | engine.py:1037 Engine run finished. Time taken: 00:00:36.219
[Epoch 51] train_loss=0.000004 | val_loss=0.000005
04/02/2026 05:58:01 PM | engine.py:1010 Epoch[51] Complete. Time taken: 00:01:49.770
04/02/2026 05:59:14 PM | engine.py:906 Engine run starting with max_epochs=1.
04/02/2026 05:59:51 PM | engine.py:1010 Epoch[1] Complete. Time taken: 00:00:36.621
[Validator] Epoch 52 - val_loss: 0.000005
[BEST CHECKPOINT] Guardado/actualizado en: checkpoints\Mis_modelos\l2_freq checkpoints\2stems\best_checkpoint_49_val_loss=-0.0000.pt
04/02/2026 05:59:51 PM | engine.py:1037 Engine run finished. Time taken: 00:00:36.623
[Epoch 52] train_loss=0.000004 | val_loss=0.000005
04/02/2026 05:59:51 PM | engine.py:1010 Epoch[52] Complete. Time taken: 00:01:50.161
04/02/2026 06:01:04 PM | engine.py:906 Engine run starting with max_epochs=1.
04/02/2026 06:01:40 PM | engine.py:1010 Epoch[1] Complete. Time taken: 00:00:35.625
[Validator] Epoch 53 - val_loss: 0.000005
[BEST CHECKPOINT] Guardado/actualizado en: checkpoints\Mis_modelos\l2_freq checkpoints\2stems\best_checkpoint_53_val_loss=-0.0000.pt
04/02/2026 06:01:40 PM | engine.py:1037 Engine run finished. Time taken: 00:00:35.638
[Epoch 53] train_loss=0.000004 | val_loss=0.000005
04/02/2026 06:01:40 PM | engine.py:1010 Epoch[53] Complete. Time taken: 00:01:48.942
04/02/2026 06:02:53 PM | engine.py:906 Engine run starting with max_epochs=1.
04/02/2026 06:03:29 PM | engine.py:1010 Epoch[1] Complete. Time taken: 00:00:36.162
[Validator] Epoch 54 - val_loss: 0.000005
[BEST CHECKPOINT] Guardado/actualizado en: checkpoints\Mis_modelos\l2_freq checkpoints\2stems\best_checkpoint_54_val_loss=-0.0000.pt
04/02/2026 06:03:29 PM | engine.py:1037 Engine run finished. Time taken: 00:00:36.174
[Epoch 54] train_loss=0.000004 | val_loss=0.000005
04/02/2026 06:03:29 PM | engine.py:1010 Epoch[54] Complete. Time taken: 00:01:49.396
04/02/2026 06:04:42 PM | engine.py:906 Engine run starting with max_epochs=1.
04/02/2026 06:05:18 PM | engine.py:1010 Epoch[1] Complete. Time taken: 00:00:35.777
[Validator] Epoch 55 - val_loss: 0.000005
[BEST CHECKPOINT] Guardado/actualizado en: checkpoints\Mis_modelos\l2_freq checkpoints\2stems\best_checkpoint_54_val_loss=-0.0000.pt
04/02/2026 06:05:18 PM | engine.py:1037 Engine run finished. Time taken: 00:00:35.779
[Epoch 55] train_loss=0.000004 | val_loss=0.000005
04/02/2026 06:05:18 PM | engine.py:1010 Epoch[55] Complete. Time taken: 00:01:48.369
04/02/2026 06:06:31 PM | engine.py:906 Engine run starting with max_epochs=1.
04/02/2026 06:07:07 PM | engine.py:1010 Epoch[1] Complete. Time taken: 00:00:35.227
[Validator] Epoch 56 - val_loss: 0.000005
[BEST CHECKPOINT] Guardado/actualizado en: checkpoints\Mis_modelos\l2_freq checkpoints\2stems\best_checkpoint_54_val_loss=-0.0000.pt
04/02/2026 06:07:07 PM | engine.py:1037 Engine run finished. Time taken: 00:00:35.229
[Epoch 56] train_loss=0.000004 | val_loss=0.000005
04/02/2026 06:07:07 PM | engine.py:1010 Epoch[56] Complete. Time taken: 00:01:49.124
04/02/2026 06:08:20 PM | engine.py:906 Engine run starting with max_epochs=1.
04/02/2026 06:08:56 PM | engine.py:1010 Epoch[1] Complete. Time taken: 00:00:36.081
[Validator] Epoch 57 - val_loss: 0.000005
[BEST CHECKPOINT] Guardado/actualizado en: checkpoints\Mis_modelos\l2_freq checkpoints\2stems\best_checkpoint_57_val_loss=-0.0000.pt
04/02/2026 06:08:56 PM | engine.py:1037 Engine run finished. Time taken: 00:00:36.090
[Epoch 57] train_loss=0.000004 | val_loss=0.000005
04/02/2026 06:08:56 PM | engine.py:1010 Epoch[57] Complete. Time taken: 00:01:49.224
04/02/2026 06:10:10 PM | engine.py:906 Engine run starting with max_epochs=1.
04/02/2026 06:10:45 PM | engine.py:1010 Epoch[1] Complete. Time taken: 00:00:35.397
[Validator] Epoch 58 - val_loss: 0.000005
[BEST CHECKPOINT] Guardado/actualizado en: checkpoints\Mis_modelos\l2_freq checkpoints\2stems\best_checkpoint_58_val_loss=-0.0000.pt
04/02/2026 06:10:45 PM | engine.py:1037 Engine run finished. Time taken: 00:00:35.408
[Epoch 58] train_loss=0.000004 | val_loss=0.000005
04/02/2026 06:10:45 PM | engine.py:1010 Epoch[58] Complete. Time taken: 00:01:49.238
04/02/2026 06:11:57 PM | engine.py:906 Engine run starting with max_epochs=1.
04/02/2026 06:12:34 PM | engine.py:1010 Epoch[1] Complete. Time taken: 00:00:36.381
[Validator] Epoch 59 - val_loss: 0.000005
[BEST CHECKPOINT] Guardado/actualizado en: checkpoints\Mis_modelos\l2_freq checkpoints\2stems\best_checkpoint_59_val_loss=-0.0000.pt
04/02/2026 06:12:34 PM | engine.py:1037 Engine run finished. Time taken: 00:00:36.392
[Epoch 59] train_loss=0.000004 | val_loss=0.000005
04/02/2026 06:12:34 PM | engine.py:1010 Epoch[59] Complete. Time taken: 00:01:48.669
04/02/2026 06:13:47 PM | engine.py:906 Engine run starting with max_epochs=1.
04/02/2026 06:14:23 PM | engine.py:1010 Epoch[1] Complete. Time taken: 00:00:35.571
[Validator] Epoch 60 - val_loss: 0.000005
[BEST CHECKPOINT] Guardado/actualizado en: checkpoints\Mis_modelos\l2_freq checkpoints\2stems\best_checkpoint_60_val_loss=-0.0000.pt
04/02/2026 06:14:23 PM | engine.py:1037 Engine run finished. Time taken: 00:00:35.586
[Epoch 60] train_loss=0.000004 | val_loss=0.000005
04/02/2026 06:14:23 PM | engine.py:1010 Epoch[60] Complete. Time taken: 00:01:49.196
04/02/2026 06:15:36 PM | engine.py:906 Engine run starting with max_epochs=1.
04/02/2026 06:16:12 PM | engine.py:1010 Epoch[1] Complete. Time taken: 00:00:35.799
[Validator] Epoch 61 - val_loss: 0.000005
[BEST CHECKPOINT] Guardado/actualizado en: checkpoints\Mis_modelos\l2_freq checkpoints\2stems\best_checkpoint_61_val_loss=-0.0000.pt
04/02/2026 06:16:12 PM | engine.py:1037 Engine run finished. Time taken: 00:00:35.809
[Epoch 61] train_loss=0.000004 | val_loss=0.000005
04/02/2026 06:16:12 PM | engine.py:1010 Epoch[61] Complete. Time taken: 00:01:48.728
04/02/2026 06:17:26 PM | engine.py:906 Engine run starting with max_epochs=1.
04/02/2026 06:18:01 PM | engine.py:1010 Epoch[1] Complete. Time taken: 00:00:35.409
[Validator] Epoch 62 - val_loss: 0.000005
[BEST CHECKPOINT] Guardado/actualizado en: checkpoints\Mis_modelos\l2_freq checkpoints\2stems\best_checkpoint_62_val_loss=-0.0000.pt
04/02/2026 06:18:01 PM | engine.py:1037 Engine run finished. Time taken: 00:00:35.418
[Epoch 62] train_loss=0.000004 | val_loss=0.000005
04/02/2026 06:18:01 PM | engine.py:1010 Epoch[62] Complete. Time taken: 00:01:49.449
04/02/2026 06:19:14 PM | engine.py:906 Engine run starting with max_epochs=1.
04/02/2026 06:19:50 PM | engine.py:1010 Epoch[1] Complete. Time taken: 00:00:36.142
[Validator] Epoch 63 - val_loss: 0.000004
[BEST CHECKPOINT] Guardado/actualizado en: checkpoints\Mis_modelos\l2_freq checkpoints\2stems\best_checkpoint_63_val_loss=-0.0000.pt
04/02/2026 06:19:50 PM | engine.py:1037 Engine run finished. Time taken: 00:00:36.152
[Epoch 63] train_loss=0.000004 | val_loss=0.000004
04/02/2026 06:19:50 PM | engine.py:1010 Epoch[63] Complete. Time taken: 00:01:48.891
04/02/2026 06:21:03 PM | engine.py:906 Engine run starting with max_epochs=1.
04/02/2026 06:21:39 PM | engine.py:1010 Epoch[1] Complete. Time taken: 00:00:36.683
[Validator] Epoch 64 - val_loss: 0.000004
[BEST CHECKPOINT] Guardado/actualizado en: checkpoints\Mis_modelos\l2_freq checkpoints\2stems\best_checkpoint_64_val_loss=-0.0000.pt
04/02/2026 06:21:39 PM | engine.py:1037 Engine run finished. Time taken: 00:00:36.692
[Epoch 64] train_loss=0.000004 | val_loss=0.000004
04/02/2026 06:21:39 PM | engine.py:1010 Epoch[64] Complete. Time taken: 00:01:49.157
04/02/2026 06:22:53 PM | engine.py:906 Engine run starting with max_epochs=1.
04/02/2026 06:23:29 PM | engine.py:1010 Epoch[1] Complete. Time taken: 00:00:36.657
[Validator] Epoch 65 - val_loss: 0.000004
[BEST CHECKPOINT] Guardado/actualizado en: checkpoints\Mis_modelos\l2_freq checkpoints\2stems\best_checkpoint_64_val_loss=-0.0000.pt
04/02/2026 06:23:29 PM | engine.py:1037 Engine run finished. Time taken: 00:00:36.658
[Epoch 65] train_loss=0.000004 | val_loss=0.000004
04/02/2026 06:23:29 PM | engine.py:1010 Epoch[65] Complete. Time taken: 00:01:49.950
04/02/2026 06:24:42 PM | engine.py:906 Engine run starting with max_epochs=1.
04/02/2026 06:25:19 PM | engine.py:1010 Epoch[1] Complete. Time taken: 00:00:37.025
[Validator] Epoch 66 - val_loss: 0.000004
[BEST CHECKPOINT] Guardado/actualizado en: checkpoints\Mis_modelos\l2_freq checkpoints\2stems\best_checkpoint_66_val_loss=-0.0000.pt
04/02/2026 06:25:19 PM | engine.py:1037 Engine run finished. Time taken: 00:00:37.036
[Epoch 66] train_loss=0.000004 | val_loss=0.000004
04/02/2026 06:25:19 PM | engine.py:1010 Epoch[66] Complete. Time taken: 00:01:50.158
04/02/2026 06:26:32 PM | engine.py:906 Engine run starting with max_epochs=1.
04/02/2026 06:27:08 PM | engine.py:1010 Epoch[1] Complete. Time taken: 00:00:35.973
[Validator] Epoch 67 - val_loss: 0.000004
[BEST CHECKPOINT] Guardado/actualizado en: checkpoints\Mis_modelos\l2_freq checkpoints\2stems\best_checkpoint_67_val_loss=-0.0000.pt
04/02/2026 06:27:08 PM | engine.py:1037 Engine run finished. Time taken: 00:00:35.985
[Epoch 67] train_loss=0.000004 | val_loss=0.000004
04/02/2026 06:27:08 PM | engine.py:1010 Epoch[67] Complete. Time taken: 00:01:48.698
04/02/2026 06:28:21 PM | engine.py:906 Engine run starting with max_epochs=1.
04/02/2026 06:28:57 PM | engine.py:1010 Epoch[1] Complete. Time taken: 00:00:35.711
[Validator] Epoch 68 - val_loss: 0.000004
[BEST CHECKPOINT] Guardado/actualizado en: checkpoints\Mis_modelos\l2_freq checkpoints\2stems\best_checkpoint_67_val_loss=-0.0000.pt
04/02/2026 06:28:57 PM | engine.py:1037 Engine run finished. Time taken: 00:00:35.713
[Epoch 68] train_loss=0.000004 | val_loss=0.000004
04/02/2026 06:28:57 PM | engine.py:1010 Epoch[68] Complete. Time taken: 00:01:49.091
04/02/2026 06:30:09 PM | engine.py:906 Engine run starting with max_epochs=1.
04/02/2026 06:30:44 PM | engine.py:1010 Epoch[1] Complete. Time taken: 00:00:35.589
[Validator] Epoch 69 - val_loss: 0.000004
[BEST CHECKPOINT] Guardado/actualizado en: checkpoints\Mis_modelos\l2_freq checkpoints\2stems\best_checkpoint_69_val_loss=-0.0000.pt
04/02/2026 06:30:44 PM | engine.py:1037 Engine run finished. Time taken: 00:00:35.597
[Epoch 69] train_loss=0.000004 | val_loss=0.000004
04/02/2026 06:30:44 PM | engine.py:1010 Epoch[69] Complete. Time taken: 00:01:47.335
04/02/2026 06:31:59 PM | engine.py:906 Engine run starting with max_epochs=1.
04/02/2026 06:32:35 PM | engine.py:1010 Epoch[1] Complete. Time taken: 00:00:36.038
[Validator] Epoch 70 - val_loss: 0.000004
[BEST CHECKPOINT] Guardado/actualizado en: checkpoints\Mis_modelos\l2_freq checkpoints\2stems\best_checkpoint_69_val_loss=-0.0000.pt
04/02/2026 06:32:35 PM | engine.py:1037 Engine run finished. Time taken: 00:00:36.040
[Epoch 70] train_loss=0.000004 | val_loss=0.000004
04/02/2026 06:32:35 PM | engine.py:1010 Epoch[70] Complete. Time taken: 00:01:50.364
04/02/2026 06:33:48 PM | engine.py:906 Engine run starting with max_epochs=1.
04/02/2026 06:34:24 PM | engine.py:1010 Epoch[1] Complete. Time taken: 00:00:36.080
[Validator] Epoch 71 - val_loss: 0.000004
[BEST CHECKPOINT] Guardado/actualizado en: checkpoints\Mis_modelos\l2_freq checkpoints\2stems\best_checkpoint_71_val_loss=-0.0000.pt
04/02/2026 06:34:24 PM | engine.py:1037 Engine run finished. Time taken: 00:00:36.089
[Epoch 71] train_loss=0.000004 | val_loss=0.000004
04/02/2026 06:34:24 PM | engine.py:1010 Epoch[71] Complete. Time taken: 00:01:48.783
04/02/2026 06:35:37 PM | engine.py:906 Engine run starting with max_epochs=1.
04/02/2026 06:36:13 PM | engine.py:1010 Epoch[1] Complete. Time taken: 00:00:35.960
[Validator] Epoch 72 - val_loss: 0.000004
[BEST CHECKPOINT] Guardado/actualizado en: checkpoints\Mis_modelos\l2_freq checkpoints\2stems\best_checkpoint_72_val_loss=-0.0000.pt
04/02/2026 06:36:13 PM | engine.py:1037 Engine run finished. Time taken: 00:00:35.972
[Epoch 72] train_loss=0.000004 | val_loss=0.000004
04/02/2026 06:36:13 PM | engine.py:1010 Epoch[72] Complete. Time taken: 00:01:49.569
04/02/2026 06:37:27 PM | engine.py:906 Engine run starting with max_epochs=1.
04/02/2026 06:38:04 PM | engine.py:1010 Epoch[1] Complete. Time taken: 00:00:36.515
[Validator] Epoch 73 - val_loss: 0.000004
[BEST CHECKPOINT] Guardado/actualizado en: checkpoints\Mis_modelos\l2_freq checkpoints\2stems\best_checkpoint_72_val_loss=-0.0000.pt
04/02/2026 06:38:04 PM | engine.py:1037 Engine run finished. Time taken: 00:00:36.517
[Epoch 73] train_loss=0.000004 | val_loss=0.000004
04/02/2026 06:38:04 PM | engine.py:1010 Epoch[73] Complete. Time taken: 00:01:50.535
04/02/2026 06:39:17 PM | engine.py:906 Engine run starting with max_epochs=1.
04/02/2026 06:39:53 PM | engine.py:1010 Epoch[1] Complete. Time taken: 00:00:35.862
[Validator] Epoch 74 - val_loss: 0.000004
[BEST CHECKPOINT] Guardado/actualizado en: checkpoints\Mis_modelos\l2_freq checkpoints\2stems\best_checkpoint_74_val_loss=-0.0000.pt
04/02/2026 06:39:53 PM | engine.py:1037 Engine run finished. Time taken: 00:00:35.872
[Epoch 74] train_loss=0.000004 | val_loss=0.000004
04/02/2026 06:39:53 PM | engine.py:1010 Epoch[74] Complete. Time taken: 00:01:48.969
04/02/2026 06:41:06 PM | engine.py:906 Engine run starting with max_epochs=1.
04/02/2026 06:41:42 PM | engine.py:1010 Epoch[1] Complete. Time taken: 00:00:36.062
[Validator] Epoch 75 - val_loss: 0.000004
[BEST CHECKPOINT] Guardado/actualizado en: checkpoints\Mis_modelos\l2_freq checkpoints\2stems\best_checkpoint_74_val_loss=-0.0000.pt
04/02/2026 06:41:42 PM | engine.py:1037 Engine run finished. Time taken: 00:00:36.063
[Epoch 75] train_loss=0.000004 | val_loss=0.000004
04/02/2026 06:41:42 PM | engine.py:1010 Epoch[75] Complete. Time taken: 00:01:49.302
04/02/2026 06:42:55 PM | engine.py:906 Engine run starting with max_epochs=1.
04/02/2026 06:43:31 PM | engine.py:1010 Epoch[1] Complete. Time taken: 00:00:36.401
[Validator] Epoch 76 - val_loss: 0.000004
[BEST CHECKPOINT] Guardado/actualizado en: checkpoints\Mis_modelos\l2_freq checkpoints\2stems\best_checkpoint_76_val_loss=-0.0000.pt
04/02/2026 06:43:31 PM | engine.py:1037 Engine run finished. Time taken: 00:00:36.409
[Epoch 76] train_loss=0.000004 | val_loss=0.000004
04/02/2026 06:43:31 PM | engine.py:1010 Epoch[76] Complete. Time taken: 00:01:49.411
04/02/2026 06:44:45 PM | engine.py:906 Engine run starting with max_epochs=1.
04/02/2026 06:45:21 PM | engine.py:1010 Epoch[1] Complete. Time taken: 00:00:36.090
[Validator] Epoch 77 - val_loss: 0.000004
[BEST CHECKPOINT] Guardado/actualizado en: checkpoints\Mis_modelos\l2_freq checkpoints\2stems\best_checkpoint_77_val_loss=-0.0000.pt
04/02/2026 06:45:21 PM | engine.py:1037 Engine run finished. Time taken: 00:00:36.099
[Epoch 77] train_loss=0.000004 | val_loss=0.000004
04/02/2026 06:45:21 PM | engine.py:1010 Epoch[77] Complete. Time taken: 00:01:49.224
04/02/2026 06:46:34 PM | engine.py:906 Engine run starting with max_epochs=1.
04/02/2026 06:47:09 PM | engine.py:1010 Epoch[1] Complete. Time taken: 00:00:35.811
[Validator] Epoch 78 - val_loss: 0.000004
[BEST CHECKPOINT] Guardado/actualizado en: checkpoints\Mis_modelos\l2_freq checkpoints\2stems\best_checkpoint_78_val_loss=-0.0000.pt
04/02/2026 06:47:09 PM | engine.py:1037 Engine run finished. Time taken: 00:00:35.819
[Epoch 78] train_loss=0.000004 | val_loss=0.000004
04/02/2026 06:47:09 PM | engine.py:1010 Epoch[78] Complete. Time taken: 00:01:48.727
04/02/2026 06:48:22 PM | engine.py:906 Engine run starting with max_epochs=1.
04/02/2026 06:48:58 PM | engine.py:1010 Epoch[1] Complete. Time taken: 00:00:35.098
[Validator] Epoch 79 - val_loss: 0.000004
[BEST CHECKPOINT] Guardado/actualizado en: checkpoints\Mis_modelos\l2_freq checkpoints\2stems\best_checkpoint_78_val_loss=-0.0000.pt
04/02/2026 06:48:58 PM | engine.py:1037 Engine run finished. Time taken: 00:00:35.099
[Epoch 79] train_loss=0.000004 | val_loss=0.000004
04/02/2026 06:48:58 PM | engine.py:1010 Epoch[79] Complete. Time taken: 00:01:48.177
04/02/2026 06:50:09 PM | engine.py:906 Engine run starting with max_epochs=1.
04/02/2026 06:50:45 PM | engine.py:1010 Epoch[1] Complete. Time taken: 00:00:35.664
[Validator] Epoch 80 - val_loss: 0.000004
[BEST CHECKPOINT] Guardado/actualizado en: checkpoints\Mis_modelos\l2_freq checkpoints\2stems\best_checkpoint_80_val_loss=-0.0000.pt
04/02/2026 06:50:45 PM | engine.py:1037 Engine run finished. Time taken: 00:00:35.673
[Epoch 80] train_loss=0.000004 | val_loss=0.000004
04/02/2026 06:50:45 PM | engine.py:1010 Epoch[80] Complete. Time taken: 00:01:47.621
04/02/2026 06:51:59 PM | engine.py:906 Engine run starting with max_epochs=1.
04/02/2026 06:52:35 PM | engine.py:1010 Epoch[1] Complete. Time taken: 00:00:36.502
[Validator] Epoch 81 - val_loss: 0.000004
[BEST CHECKPOINT] Guardado/actualizado en: checkpoints\Mis_modelos\l2_freq checkpoints\2stems\best_checkpoint_80_val_loss=-0.0000.pt
04/02/2026 06:52:35 PM | engine.py:1037 Engine run finished. Time taken: 00:00:36.503
[Epoch 81] train_loss=0.000003 | val_loss=0.000004
04/02/2026 06:52:35 PM | engine.py:1010 Epoch[81] Complete. Time taken: 00:01:50.061
04/02/2026 06:53:49 PM | engine.py:906 Engine run starting with max_epochs=1.
04/02/2026 06:54:25 PM | engine.py:1010 Epoch[1] Complete. Time taken: 00:00:36.483
[Validator] Epoch 82 - val_loss: 0.000004
[BEST CHECKPOINT] Guardado/actualizado en: checkpoints\Mis_modelos\l2_freq checkpoints\2stems\best_checkpoint_82_val_loss=-0.0000.pt
04/02/2026 06:54:25 PM | engine.py:1037 Engine run finished. Time taken: 00:00:36.493
[Epoch 82] train_loss=0.000004 | val_loss=0.000004
04/02/2026 06:54:25 PM | engine.py:1010 Epoch[82] Complete. Time taken: 00:01:49.816
04/02/2026 06:55:39 PM | engine.py:906 Engine run starting with max_epochs=1.
04/02/2026 06:56:15 PM | engine.py:1010 Epoch[1] Complete. Time taken: 00:00:36.204
[Validator] Epoch 83 - val_loss: 0.000004
[BEST CHECKPOINT] Guardado/actualizado en: checkpoints\Mis_modelos\l2_freq checkpoints\2stems\best_checkpoint_82_val_loss=-0.0000.pt
04/02/2026 06:56:15 PM | engine.py:1037 Engine run finished. Time taken: 00:00:36.205
[Epoch 83] train_loss=0.000004 | val_loss=0.000004
04/02/2026 06:56:15 PM | engine.py:1010 Epoch[83] Complete. Time taken: 00:01:50.360
04/02/2026 06:57:29 PM | engine.py:906 Engine run starting with max_epochs=1.
04/02/2026 06:58:04 PM | engine.py:1010 Epoch[1] Complete. Time taken: 00:00:35.223
[Validator] Epoch 84 - val_loss: 0.000004
[BEST CHECKPOINT] Guardado/actualizado en: checkpoints\Mis_modelos\l2_freq checkpoints\2stems\best_checkpoint_84_val_loss=-0.0000.pt
04/02/2026 06:58:04 PM | engine.py:1037 Engine run finished. Time taken: 00:00:35.234
[Epoch 84] train_loss=0.000004 | val_loss=0.000004
04/02/2026 06:58:04 PM | engine.py:1010 Epoch[84] Complete. Time taken: 00:01:48.753
04/02/2026 06:59:17 PM | engine.py:906 Engine run starting with max_epochs=1.
04/02/2026 06:59:53 PM | engine.py:1010 Epoch[1] Complete. Time taken: 00:00:36.409
[Validator] Epoch 85 - val_loss: 0.000004
[BEST CHECKPOINT] Guardado/actualizado en: checkpoints\Mis_modelos\l2_freq checkpoints\2stems\best_checkpoint_85_val_loss=-0.0000.pt
04/02/2026 06:59:53 PM | engine.py:1037 Engine run finished. Time taken: 00:00:36.419
[Epoch 85] train_loss=0.000004 | val_loss=0.000004
04/02/2026 06:59:53 PM | engine.py:1010 Epoch[85] Complete. Time taken: 00:01:49.117
04/02/2026 07:01:06 PM | engine.py:906 Engine run starting with max_epochs=1.
04/02/2026 07:01:42 PM | engine.py:1010 Epoch[1] Complete. Time taken: 00:00:36.086
[Validator] Epoch 86 - val_loss: 0.000004
[BEST CHECKPOINT] Guardado/actualizado en: checkpoints\Mis_modelos\l2_freq checkpoints\2stems\best_checkpoint_85_val_loss=-0.0000.pt
04/02/2026 07:01:42 PM | engine.py:1037 Engine run finished. Time taken: 00:00:36.087
[Epoch 86] train_loss=0.000004 | val_loss=0.000004
04/02/2026 07:01:42 PM | engine.py:1010 Epoch[86] Complete. Time taken: 00:01:48.613
04/02/2026 07:02:55 PM | engine.py:906 Engine run starting with max_epochs=1.
04/02/2026 07:03:31 PM | engine.py:1010 Epoch[1] Complete. Time taken: 00:00:36.027
[Validator] Epoch 87 - val_loss: 0.000004
[BEST CHECKPOINT] Guardado/actualizado en: checkpoints\Mis_modelos\l2_freq checkpoints\2stems\best_checkpoint_87_val_loss=-0.0000.pt
04/02/2026 07:03:31 PM | engine.py:1037 Engine run finished. Time taken: 00:00:36.037
[Epoch 87] train_loss=0.000004 | val_loss=0.000004
04/02/2026 07:03:31 PM | engine.py:1010 Epoch[87] Complete. Time taken: 00:01:48.744
04/02/2026 07:04:44 PM | engine.py:906 Engine run starting with max_epochs=1.
04/02/2026 07:05:21 PM | engine.py:1010 Epoch[1] Complete. Time taken: 00:00:36.580
[Validator] Epoch 88 - val_loss: 0.000004
[BEST CHECKPOINT] Guardado/actualizado en: checkpoints\Mis_modelos\l2_freq checkpoints\2stems\best_checkpoint_87_val_loss=-0.0000.pt
04/02/2026 07:05:21 PM | engine.py:1037 Engine run finished. Time taken: 00:00:36.581
[Epoch 88] train_loss=0.000004 | val_loss=0.000004
04/02/2026 07:05:21 PM | engine.py:1010 Epoch[88] Complete. Time taken: 00:01:50.264
04/02/2026 07:06:35 PM | engine.py:906 Engine run starting with max_epochs=1.
04/02/2026 07:07:10 PM | engine.py:1010 Epoch[1] Complete. Time taken: 00:00:35.867
[Validator] Epoch 89 - val_loss: 0.000004
[BEST CHECKPOINT] Guardado/actualizado en: checkpoints\Mis_modelos\l2_freq checkpoints\2stems\best_checkpoint_89_val_loss=-0.0000.pt
04/02/2026 07:07:11 PM | engine.py:1037 Engine run finished. Time taken: 00:00:35.876
[Epoch 89] train_loss=0.000003 | val_loss=0.000004
04/02/2026 07:07:11 PM | engine.py:1010 Epoch[89] Complete. Time taken: 00:01:49.645
04/02/2026 07:08:24 PM | engine.py:906 Engine run starting with max_epochs=1.
04/02/2026 07:09:00 PM | engine.py:1010 Epoch[1] Complete. Time taken: 00:00:36.303
[Validator] Epoch 90 - val_loss: 0.000004
[BEST CHECKPOINT] Guardado/actualizado en: checkpoints\Mis_modelos\l2_freq checkpoints\2stems\best_checkpoint_89_val_loss=-0.0000.pt
04/02/2026 07:09:00 PM | engine.py:1037 Engine run finished. Time taken: 00:00:36.303
[Epoch 90] train_loss=0.000004 | val_loss=0.000004
04/02/2026 07:09:00 PM | engine.py:1010 Epoch[90] Complete. Time taken: 00:01:49.389
04/02/2026 07:10:11 PM | engine.py:906 Engine run starting with max_epochs=1.
04/02/2026 07:10:47 PM | engine.py:1010 Epoch[1] Complete. Time taken: 00:00:35.797
[Validator] Epoch 91 - val_loss: 0.000004
[BEST CHECKPOINT] Guardado/actualizado en: checkpoints\Mis_modelos\l2_freq checkpoints\2stems\best_checkpoint_91_val_loss=-0.0000.pt
04/02/2026 07:10:47 PM | engine.py:1037 Engine run finished. Time taken: 00:00:35.805
[Epoch 91] train_loss=0.000004 | val_loss=0.000004
04/02/2026 07:10:47 PM | engine.py:1010 Epoch[91] Complete. Time taken: 00:01:46.975
04/02/2026 07:12:00 PM | engine.py:906 Engine run starting with max_epochs=1.
04/02/2026 07:12:36 PM | engine.py:1010 Epoch[1] Complete. Time taken: 00:00:36.115
[Validator] Epoch 92 - val_loss: 0.000004
[BEST CHECKPOINT] Guardado/actualizado en: checkpoints\Mis_modelos\l2_freq checkpoints\2stems\best_checkpoint_91_val_loss=-0.0000.pt
04/02/2026 07:12:36 PM | engine.py:1037 Engine run finished. Time taken: 00:00:36.116
[Epoch 92] train_loss=0.000004 | val_loss=0.000004
04/02/2026 07:12:36 PM | engine.py:1010 Epoch[92] Complete. Time taken: 00:01:48.932
04/02/2026 07:13:49 PM | engine.py:906 Engine run starting with max_epochs=1.
04/02/2026 07:14:25 PM | engine.py:1010 Epoch[1] Complete. Time taken: 00:00:35.987
[Validator] Epoch 93 - val_loss: 0.000004
[BEST CHECKPOINT] Guardado/actualizado en: checkpoints\Mis_modelos\l2_freq checkpoints\2stems\best_checkpoint_91_val_loss=-0.0000.pt
04/02/2026 07:14:25 PM | engine.py:1037 Engine run finished. Time taken: 00:00:35.989
[Epoch 93] train_loss=0.000004 | val_loss=0.000004
04/02/2026 07:14:25 PM | engine.py:1010 Epoch[93] Complete. Time taken: 00:01:48.991
04/02/2026 07:15:38 PM | engine.py:906 Engine run starting with max_epochs=1.
04/02/2026 07:16:13 PM | engine.py:1010 Epoch[1] Complete. Time taken: 00:00:35.416
[Validator] Epoch 94 - val_loss: 0.000004
[BEST CHECKPOINT] Guardado/actualizado en: checkpoints\Mis_modelos\l2_freq checkpoints\2stems\best_checkpoint_91_val_loss=-0.0000.pt
04/02/2026 07:16:13 PM | engine.py:1037 Engine run finished. Time taken: 00:00:35.418
[Epoch 94] train_loss=0.000003 | val_loss=0.000004
04/02/2026 07:16:13 PM | engine.py:1010 Epoch[94] Complete. Time taken: 00:01:48.337
04/02/2026 07:17:27 PM | engine.py:906 Engine run starting with max_epochs=1.
04/02/2026 07:18:03 PM | engine.py:1010 Epoch[1] Complete. Time taken: 00:00:36.125
[Validator] Epoch 95 - val_loss: 0.000004
[BEST CHECKPOINT] Guardado/actualizado en: checkpoints\Mis_modelos\l2_freq checkpoints\2stems\best_checkpoint_95_val_loss=-0.0000.pt
04/02/2026 07:18:03 PM | engine.py:1037 Engine run finished. Time taken: 00:00:36.134
[Epoch 95] train_loss=0.000003 | val_loss=0.000004
04/02/2026 07:18:03 PM | engine.py:1010 Epoch[95] Complete. Time taken: 00:01:49.574
04/02/2026 07:19:17 PM | engine.py:906 Engine run starting with max_epochs=1.
04/02/2026 07:19:52 PM | engine.py:1010 Epoch[1] Complete. Time taken: 00:00:35.364
[Validator] Epoch 96 - val_loss: 0.000004
[BEST CHECKPOINT] Guardado/actualizado en: checkpoints\Mis_modelos\l2_freq checkpoints\2stems\best_checkpoint_96_val_loss=-0.0000.pt
04/02/2026 07:19:52 PM | engine.py:1037 Engine run finished. Time taken: 00:00:35.372
[Epoch 96] train_loss=0.000003 | val_loss=0.000004
04/02/2026 07:19:52 PM | engine.py:1010 Epoch[96] Complete. Time taken: 00:01:49.716
04/02/2026 07:21:06 PM | engine.py:906 Engine run starting with max_epochs=1.
04/02/2026 07:21:42 PM | engine.py:1010 Epoch[1] Complete. Time taken: 00:00:35.706
[Validator] Epoch 97 - val_loss: 0.000004
[BEST CHECKPOINT] Guardado/actualizado en: checkpoints\Mis_modelos\l2_freq checkpoints\2stems\best_checkpoint_96_val_loss=-0.0000.pt
04/02/2026 07:21:42 PM | engine.py:1037 Engine run finished. Time taken: 00:00:35.708
[Epoch 97] train_loss=0.000004 | val_loss=0.000004
04/02/2026 07:21:42 PM | engine.py:1010 Epoch[97] Complete. Time taken: 00:01:49.406
04/02/2026 07:22:55 PM | engine.py:906 Engine run starting with max_epochs=1.
04/02/2026 07:23:31 PM | engine.py:1010 Epoch[1] Complete. Time taken: 00:00:35.954
[Validator] Epoch 98 - val_loss: 0.000004
[BEST CHECKPOINT] Guardado/actualizado en: checkpoints\Mis_modelos\l2_freq checkpoints\2stems\best_checkpoint_98_val_loss=-0.0000.pt
04/02/2026 07:23:31 PM | engine.py:1037 Engine run finished. Time taken: 00:00:35.966
[Epoch 98] train_loss=0.000004 | val_loss=0.000004
04/02/2026 07:23:31 PM | engine.py:1010 Epoch[98] Complete. Time taken: 00:01:49.286
04/02/2026 07:24:44 PM | engine.py:906 Engine run starting with max_epochs=1.
04/02/2026 07:25:20 PM | engine.py:1010 Epoch[1] Complete. Time taken: 00:00:36.046
[Validator] Epoch 99 - val_loss: 0.000004
[BEST CHECKPOINT] Guardado/actualizado en: checkpoints\Mis_modelos\l2_freq checkpoints\2stems\best_checkpoint_98_val_loss=-0.0000.pt
04/02/2026 07:25:20 PM | engine.py:1037 Engine run finished. Time taken: 00:00:36.048
[Epoch 99] train_loss=0.000004 | val_loss=0.000004
04/02/2026 07:25:20 PM | engine.py:1010 Epoch[99] Complete. Time taken: 00:01:49.065
04/02/2026 07:26:33 PM | engine.py:906 Engine run starting with max_epochs=1.
04/02/2026 07:27:10 PM | engine.py:1010 Epoch[1] Complete. Time taken: 00:00:36.335
[Validator] Epoch 100 - val_loss: 0.000004
[BEST CHECKPOINT] Guardado/actualizado en: checkpoints\Mis_modelos\l2_freq checkpoints\2stems\best_checkpoint_98_val_loss=-0.0000.pt
04/02/2026 07:27:10 PM | engine.py:1037 Engine run finished. Time taken: 00:00:36.337
[Epoch 100] train_loss=0.000004 | val_loss=0.000004
04/02/2026 07:27:10 PM | engine.py:1010 Epoch[100] Complete. Time taken: 00:01:49.403
04/02/2026 07:27:10 PM | engine.py:1037 Engine run finished. Time taken: 03:03:45.278
[LOADING BEST MODEL] Cargando mejor checkpoint desde: checkpoints\Mis_modelos\l2_freq checkpoints\2stems\best_checkpoint_98_val_loss=-0.0000.pt
C:\Users\rdpuser\TFG_Identificaci-n-de-voces-e-instrumentos-en-una-obra-musical\pipeline\train.py:326: FutureWarning: You are using `torch.load` with `weights_only=False` (the current default value), which uses the default pickle module implicitly. It is possible to construct malicious pickle data which will execute arbitrary code during unpickling (See https://github.com/pytorch/pytorch/blob/main/SECURITY.md#untrusted-models for more details). In a future release, the default value for `weights_only` will be flipped to `True`. This limits the functions that could be executed during unpickling. Arbitrary objects will no longer be allowed to be loaded via this mode unless they are explicitly allowlisted by the user via `torch.serialization.add_safe_globals`. We recommend you start setting `weights_only=True` for any use case where you don't have full control of the loaded file. Please open an issue on GitHub for any issues related to this experimental feature.
  checkpoint = torch.load(best_checkpoint_path, map_location=device)
