C:\Users\rdpuser\miniconda3\envs\tfg_py310\lib\site-packages\ignite\handlers\checkpoint.py:16: DeprecationWarning: `TorchScript` support for functional optimizers is deprecated and will be removed in a future PyTorch release. Consider using the `torch.compile` optimizer instead.
  from torch.distributed.optim import ZeroRedundancyOptimizer
Usando dispositivo: cuda
Using device: cuda | nf=257 | channels=1 | hidden=50 | stems=4 | loss=lpsa_phase
GA: actual_batch=24 | accum_steps=5 | effective_batch_real=120
04/22/2026 01:15:40 PM | engine.py:906 Engine run starting with max_epochs=100.
C:\Users\rdpuser\miniconda3\envs\tfg_py310\lib\site-packages\ignite\handlers\checkpoint.py:16: DeprecationWarning: `TorchScript` support for functional optimizers is deprecated and will be removed in a future PyTorch release. Consider using the `torch.compile` optimizer instead.
  from torch.distributed.optim import ZeroRedundancyOptimizer
C:\Users\rdpuser\miniconda3\envs\tfg_py310\lib\site-packages\torch\nn\modules\module.py:1326: UserWarning: expandable_segments not supported on this platform (Triggered internally at C:\actions-runner\_work\pytorch\pytorch\builder\windows\pytorch\c10/cuda/CUDAAllocatorConfig.h:28.)
  return t.to(
C:\Users\rdpuser\miniconda3\envs\tfg_py310\lib\site-packages\ignite\handlers\checkpoint.py:16: DeprecationWarning: `TorchScript` support for functional optimizers is deprecated and will be removed in a future PyTorch release. Consider using the `torch.compile` optimizer instead.
  from torch.distributed.optim import ZeroRedundancyOptimizer
C:\Users\rdpuser\miniconda3\envs\tfg_py310\lib\site-packages\torch\nn\modules\module.py:1326: UserWarning: expandable_segments not supported on this platform (Triggered internally at C:\actions-runner\_work\pytorch\pytorch\builder\windows\pytorch\c10/cuda/CUDAAllocatorConfig.h:28.)
  return t.to(
C:\Users\rdpuser\miniconda3\envs\tfg_py310\lib\site-packages\ignite\handlers\checkpoint.py:16: DeprecationWarning: `TorchScript` support for functional optimizers is deprecated and will be removed in a future PyTorch release. Consider using the `torch.compile` optimizer instead.
  from torch.distributed.optim import ZeroRedundancyOptimizer
C:\Users\rdpuser\miniconda3\envs\tfg_py310\lib\site-packages\torch\nn\modules\module.py:1326: UserWarning: expandable_segments not supported on this platform (Triggered internally at C:\actions-runner\_work\pytorch\pytorch\builder\windows\pytorch\c10/cuda/CUDAAllocatorConfig.h:28.)
  return t.to(
C:\Users\rdpuser\miniconda3\envs\tfg_py310\lib\site-packages\ignite\handlers\checkpoint.py:16: DeprecationWarning: `TorchScript` support for functional optimizers is deprecated and will be removed in a future PyTorch release. Consider using the `torch.compile` optimizer instead.
  from torch.distributed.optim import ZeroRedundancyOptimizer
C:\Users\rdpuser\miniconda3\envs\tfg_py310\lib\site-packages\torch\nn\modules\module.py:1326: UserWarning: expandable_segments not supported on this platform (Triggered internally at C:\actions-runner\_work\pytorch\pytorch\builder\windows\pytorch\c10/cuda/CUDAAllocatorConfig.h:28.)
  return t.to(
C:\Users\rdpuser\miniconda3\envs\tfg_py310\lib\site-packages\ignite\handlers\checkpoint.py:16: DeprecationWarning: `TorchScript` support for functional optimizers is deprecated and will be removed in a future PyTorch release. Consider using the `torch.compile` optimizer instead.
  from torch.distributed.optim import ZeroRedundancyOptimizer
C:\Users\rdpuser\miniconda3\envs\tfg_py310\lib\site-packages\torch\nn\modules\module.py:1326: UserWarning: expandable_segments not supported on this platform (Triggered internally at C:\actions-runner\_work\pytorch\pytorch\builder\windows\pytorch\c10/cuda/CUDAAllocatorConfig.h:28.)
  return t.to(
C:\Users\rdpuser\miniconda3\envs\tfg_py310\lib\site-packages\ignite\handlers\checkpoint.py:16: DeprecationWarning: `TorchScript` support for functional optimizers is deprecated and will be removed in a future PyTorch release. Consider using the `torch.compile` optimizer instead.
  from torch.distributed.optim import ZeroRedundancyOptimizer
C:\Users\rdpuser\miniconda3\envs\tfg_py310\lib\site-packages\torch\nn\modules\module.py:1326: UserWarning: expandable_segments not supported on this platform (Triggered internally at C:\actions-runner\_work\pytorch\pytorch\builder\windows\pytorch\c10/cuda/CUDAAllocatorConfig.h:28.)
  return t.to(
C:\Users\rdpuser\miniconda3\envs\tfg_py310\lib\site-packages\ignite\handlers\checkpoint.py:16: DeprecationWarning: `TorchScript` support for functional optimizers is deprecated and will be removed in a future PyTorch release. Consider using the `torch.compile` optimizer instead.
  from torch.distributed.optim import ZeroRedundancyOptimizer
C:\Users\rdpuser\miniconda3\envs\tfg_py310\lib\site-packages\torch\nn\modules\module.py:1326: UserWarning: expandable_segments not supported on this platform (Triggered internally at C:\actions-runner\_work\pytorch\pytorch\builder\windows\pytorch\c10/cuda/CUDAAllocatorConfig.h:28.)
  return t.to(
C:\Users\rdpuser\miniconda3\envs\tfg_py310\lib\site-packages\ignite\handlers\checkpoint.py:16: DeprecationWarning: `TorchScript` support for functional optimizers is deprecated and will be removed in a future PyTorch release. Consider using the `torch.compile` optimizer instead.
  from torch.distributed.optim import ZeroRedundancyOptimizer
C:\Users\rdpuser\miniconda3\envs\tfg_py310\lib\site-packages\torch\nn\modules\module.py:1326: UserWarning: expandable_segments not supported on this platform (Triggered internally at C:\actions-runner\_work\pytorch\pytorch\builder\windows\pytorch\c10/cuda/CUDAAllocatorConfig.h:28.)
  return t.to(
C:\Users\rdpuser\miniconda3\envs\tfg_py310\lib\site-packages\ignite\handlers\checkpoint.py:16: DeprecationWarning: `TorchScript` support for functional optimizers is deprecated and will be removed in a future PyTorch release. Consider using the `torch.compile` optimizer instead.
  from torch.distributed.optim import ZeroRedundancyOptimizer
C:\Users\rdpuser\miniconda3\envs\tfg_py310\lib\site-packages\torch\nn\modules\module.py:1326: UserWarning: expandable_segments not supported on this platform (Triggered internally at C:\actions-runner\_work\pytorch\pytorch\builder\windows\pytorch\c10/cuda/CUDAAllocatorConfig.h:28.)
  return t.to(
C:\Users\rdpuser\miniconda3\envs\tfg_py310\lib\site-packages\ignite\handlers\checkpoint.py:16: DeprecationWarning: `TorchScript` support for functional optimizers is deprecated and will be removed in a future PyTorch release. Consider using the `torch.compile` optimizer instead.
  from torch.distributed.optim import ZeroRedundancyOptimizer
C:\Users\rdpuser\miniconda3\envs\tfg_py310\lib\site-packages\torch\nn\modules\module.py:1326: UserWarning: expandable_segments not supported on this platform (Triggered internally at C:\actions-runner\_work\pytorch\pytorch\builder\windows\pytorch\c10/cuda/CUDAAllocatorConfig.h:28.)
  return t.to(
C:\Users\rdpuser\miniconda3\envs\tfg_py310\lib\site-packages\ignite\handlers\checkpoint.py:16: DeprecationWarning: `TorchScript` support for functional optimizers is deprecated and will be removed in a future PyTorch release. Consider using the `torch.compile` optimizer instead.
  from torch.distributed.optim import ZeroRedundancyOptimizer
C:\Users\rdpuser\miniconda3\envs\tfg_py310\lib\site-packages\torch\nn\modules\module.py:1326: UserWarning: expandable_segments not supported on this platform (Triggered internally at C:\actions-runner\_work\pytorch\pytorch\builder\windows\pytorch\c10/cuda/CUDAAllocatorConfig.h:28.)
  return t.to(
Training model with training mixes in: C:\Users\rdpuser\TFG_Identificaci-n-de-voces-e-instrumentos-en-una-obra-musical\datasets\mix_generation\foreground_train
Validating data with validation mixes in: C:\Users\rdpuser\TFG_Identificaci-n-de-voces-e-instrumentos-en-una-obra-musical\datasets\mix_generation\foreground_valid
[DEBUG] Num de sources: 4
[DEBUG] Pipeline de 4 fuentes
0.7929487228393555 GB allocated
0.8046875 GB reserved
dict_keys(['index', 'mixture_magnitude', 'mixture_phase', 'source_phase', 'mix_magnitude', 'ideal_binary_mask', 'source_magnitudes'])
Batch keys: dict_keys(['index', 'mixture_magnitude', 'mixture_phase', 'source_phase', 'mix_magnitude', 'ideal_binary_mask', 'source_magnitudes'])
mixture_phase shape: torch.Size([32, 257, 1723])
source_phase shape: torch.Size([32, 4, 257, 1723])
source_magnitudes shape: torch.Size([32, 1724, 257, 1, 4])
est shape: torch.Size([32, 1724, 257, 1, 4])
tgt shape: torch.Size([32, 1724, 257, 1, 4])
target_mag shape: torch.Size([32, 1723, 257, 1, 4])
mix_phase shape: torch.Size([32, 1723, 257, 1, 1])
src_phase shape: torch.Size([32, 1723, 257, 1, 4])
phase_diff shape: torch.Size([32, 1723, 257, 1, 4])
04/22/2026 01:21:53 PM | engine.py:1149 Current run is terminating due to exception: Caught RuntimeError in DataLoader worker process 1.
Original Traceback (most recent call last):
  File "C:\Users\rdpuser\miniconda3\envs\tfg_py310\lib\site-packages\torch\utils\data\_utils\worker.py", line 351, in _worker_loop
    data = fetcher.fetch(index)  # type: ignore[possibly-undefined]
  File "C:\Users\rdpuser\miniconda3\envs\tfg_py310\lib\site-packages\torch\utils\data\_utils\fetch.py", line 55, in fetch
    return self.collate_fn(data)
  File "C:\Users\rdpuser\miniconda3\envs\tfg_py310\lib\site-packages\torch\utils\data\_utils\collate.py", line 398, in default_collate
    return collate(batch, collate_fn_map=default_collate_fn_map)
  File "C:\Users\rdpuser\miniconda3\envs\tfg_py310\lib\site-packages\torch\utils\data\_utils\collate.py", line 171, in collate
    {
  File "C:\Users\rdpuser\miniconda3\envs\tfg_py310\lib\site-packages\torch\utils\data\_utils\collate.py", line 172, in <dictcomp>
    key: collate(
  File "C:\Users\rdpuser\miniconda3\envs\tfg_py310\lib\site-packages\torch\utils\data\_utils\collate.py", line 155, in collate
    return collate_fn_map[elem_type](batch, collate_fn_map=collate_fn_map)
  File "C:\Users\rdpuser\miniconda3\envs\tfg_py310\lib\site-packages\torch\utils\data\_utils\collate.py", line 270, in collate_tensor_fn
    storage = elem._typed_storage()._new_shared(numel, device=elem.device)
  File "C:\Users\rdpuser\miniconda3\envs\tfg_py310\lib\site-packages\torch\storage.py", line 1180, in _new_shared
    untyped_storage = torch.UntypedStorage._new_shared(
  File "C:\Users\rdpuser\miniconda3\envs\tfg_py310\lib\site-packages\torch\storage.py", line 400, in _new_shared
    return cls._new_using_filename_cpu(size)
RuntimeError: Couldn't open shared file mapping: <torch_21328_993936519_2>, error code: <1455>

04/22/2026 01:21:53 PM | engine.py:1041 Engine run is terminating due to exception: Caught RuntimeError in DataLoader worker process 1.
Original Traceback (most recent call last):
  File "C:\Users\rdpuser\miniconda3\envs\tfg_py310\lib\site-packages\torch\utils\data\_utils\worker.py", line 351, in _worker_loop
    data = fetcher.fetch(index)  # type: ignore[possibly-undefined]
  File "C:\Users\rdpuser\miniconda3\envs\tfg_py310\lib\site-packages\torch\utils\data\_utils\fetch.py", line 55, in fetch
    return self.collate_fn(data)
  File "C:\Users\rdpuser\miniconda3\envs\tfg_py310\lib\site-packages\torch\utils\data\_utils\collate.py", line 398, in default_collate
    return collate(batch, collate_fn_map=default_collate_fn_map)
  File "C:\Users\rdpuser\miniconda3\envs\tfg_py310\lib\site-packages\torch\utils\data\_utils\collate.py", line 171, in collate
    {
  File "C:\Users\rdpuser\miniconda3\envs\tfg_py310\lib\site-packages\torch\utils\data\_utils\collate.py", line 172, in <dictcomp>
    key: collate(
  File "C:\Users\rdpuser\miniconda3\envs\tfg_py310\lib\site-packages\torch\utils\data\_utils\collate.py", line 155, in collate
    return collate_fn_map[elem_type](batch, collate_fn_map=collate_fn_map)
  File "C:\Users\rdpuser\miniconda3\envs\tfg_py310\lib\site-packages\torch\utils\data\_utils\collate.py", line 270, in collate_tensor_fn
    storage = elem._typed_storage()._new_shared(numel, device=elem.device)
  File "C:\Users\rdpuser\miniconda3\envs\tfg_py310\lib\site-packages\torch\storage.py", line 1180, in _new_shared
    untyped_storage = torch.UntypedStorage._new_shared(
  File "C:\Users\rdpuser\miniconda3\envs\tfg_py310\lib\site-packages\torch\storage.py", line 400, in _new_shared
    return cls._new_using_filename_cpu(size)
RuntimeError: Couldn't open shared file mapping: <torch_21328_993936519_2>, error code: <1455>

Traceback (most recent call last):
  File "C:\Users\rdpuser\TFG_Identificaci-n-de-voces-e-instrumentos-en-una-obra-musical\main.py", line 103, in <module>
    main()
  File "C:\Users\rdpuser\TFG_Identificaci-n-de-voces-e-instrumentos-en-una-obra-musical\main.py", line 42, in main
    training()
  File "C:\Users\rdpuser\TFG_Identificaci-n-de-voces-e-instrumentos-en-una-obra-musical\pipeline\train.py", line 340, in training
    trainer.run(
  File "C:\Users\rdpuser\miniconda3\envs\tfg_py310\lib\site-packages\ignite\engine\engine.py", line 924, in run
    return self._internal_run()
  File "C:\Users\rdpuser\miniconda3\envs\tfg_py310\lib\site-packages\ignite\engine\engine.py", line 967, in _internal_run
    return next(self._internal_run_generator)
  File "C:\Users\rdpuser\miniconda3\envs\tfg_py310\lib\site-packages\ignite\engine\engine.py", line 1042, in _internal_run_as_gen
    self._handle_exception(e)
  File "C:\Users\rdpuser\miniconda3\envs\tfg_py310\lib\site-packages\ignite\engine\engine.py", line 679, in _handle_exception
    raise e
  File "C:\Users\rdpuser\miniconda3\envs\tfg_py310\lib\site-packages\ignite\engine\engine.py", line 991, in _internal_run_as_gen
    epoch_time_taken += yield from self._run_once_on_dataset_as_gen()
  File "C:\Users\rdpuser\miniconda3\envs\tfg_py310\lib\site-packages\ignite\engine\engine.py", line 1150, in _run_once_on_dataset_as_gen
    self._handle_exception(e)
  File "C:\Users\rdpuser\miniconda3\envs\tfg_py310\lib\site-packages\ignite\engine\engine.py", line 679, in _handle_exception
    raise e
  File "C:\Users\rdpuser\miniconda3\envs\tfg_py310\lib\site-packages\ignite\engine\engine.py", line 1085, in _run_once_on_dataset_as_gen
    self.state.batch = next(self._dataloader_iter)
  File "C:\Users\rdpuser\miniconda3\envs\tfg_py310\lib\site-packages\torch\utils\data\dataloader.py", line 701, in __next__
    data = self._next_data()
  File "C:\Users\rdpuser\miniconda3\envs\tfg_py310\lib\site-packages\torch\utils\data\dataloader.py", line 1445, in _next_data
    return self._process_data(data)
  File "C:\Users\rdpuser\miniconda3\envs\tfg_py310\lib\site-packages\torch\utils\data\dataloader.py", line 1491, in _process_data
    data.reraise()
  File "C:\Users\rdpuser\miniconda3\envs\tfg_py310\lib\site-packages\torch\_utils.py", line 715, in reraise
    raise exception
RuntimeError: Caught RuntimeError in DataLoader worker process 1.
Original Traceback (most recent call last):
  File "C:\Users\rdpuser\miniconda3\envs\tfg_py310\lib\site-packages\torch\utils\data\_utils\worker.py", line 351, in _worker_loop
    data = fetcher.fetch(index)  # type: ignore[possibly-undefined]
  File "C:\Users\rdpuser\miniconda3\envs\tfg_py310\lib\site-packages\torch\utils\data\_utils\fetch.py", line 55, in fetch
    return self.collate_fn(data)
  File "C:\Users\rdpuser\miniconda3\envs\tfg_py310\lib\site-packages\torch\utils\data\_utils\collate.py", line 398, in default_collate
    return collate(batch, collate_fn_map=default_collate_fn_map)
  File "C:\Users\rdpuser\miniconda3\envs\tfg_py310\lib\site-packages\torch\utils\data\_utils\collate.py", line 171, in collate
    {
  File "C:\Users\rdpuser\miniconda3\envs\tfg_py310\lib\site-packages\torch\utils\data\_utils\collate.py", line 172, in <dictcomp>
    key: collate(
  File "C:\Users\rdpuser\miniconda3\envs\tfg_py310\lib\site-packages\torch\utils\data\_utils\collate.py", line 155, in collate
    return collate_fn_map[elem_type](batch, collate_fn_map=collate_fn_map)
  File "C:\Users\rdpuser\miniconda3\envs\tfg_py310\lib\site-packages\torch\utils\data\_utils\collate.py", line 270, in collate_tensor_fn
    storage = elem._typed_storage()._new_shared(numel, device=elem.device)
  File "C:\Users\rdpuser\miniconda3\envs\tfg_py310\lib\site-packages\torch\storage.py", line 1180, in _new_shared
    untyped_storage = torch.UntypedStorage._new_shared(
  File "C:\Users\rdpuser\miniconda3\envs\tfg_py310\lib\site-packages\torch\storage.py", line 400, in _new_shared
    return cls._new_using_filename_cpu(size)
RuntimeError: Couldn't open shared file mapping: <torch_21328_993936519_2>, error code: <1455>

