C:\Users\rdpuser\miniconda3\envs\tfg_py310\lib\site-packages\ignite\handlers\checkpoint.py:16: DeprecationWarning: `TorchScript` support for functional optimizers is deprecated and will be removed in a future PyTorch release. Consider using the `torch.compile` optimizer instead.
  from torch.distributed.optim import ZeroRedundancyOptimizer
Usando dispositivo: cuda
Using device: cuda | nf=257 | channels=1 | hidden=50 | stems=2 | loss=log_mag
C:\Users\rdpuser\miniconda3\envs\tfg_py310\lib\site-packages\torch\nn\modules\module.py:1326: UserWarning: expandable_segments not supported on this platform (Triggered internally at C:\actions-runner\_work\pytorch\pytorch\builder\windows\pytorch\c10/cuda/CUDAAllocatorConfig.h:28.)
  return t.to(
GA: actual_batch=100 | accum_steps=1 | effective_batch_real=100
04/01/2026 04:36:49 PM | engine.py:906 Engine run starting with max_epochs=100.
C:\Users\rdpuser\miniconda3\envs\tfg_py310\lib\site-packages\ignite\handlers\checkpoint.py:16: DeprecationWarning: `TorchScript` support for functional optimizers is deprecated and will be removed in a future PyTorch release. Consider using the `torch.compile` optimizer instead.
  from torch.distributed.optim import ZeroRedundancyOptimizer
C:\Users\rdpuser\miniconda3\envs\tfg_py310\lib\site-packages\ignite\handlers\checkpoint.py:16: DeprecationWarning: `TorchScript` support for functional optimizers is deprecated and will be removed in a future PyTorch release. Consider using the `torch.compile` optimizer instead.
  from torch.distributed.optim import ZeroRedundancyOptimizer
C:\Users\rdpuser\miniconda3\envs\tfg_py310\lib\site-packages\ignite\handlers\checkpoint.py:16: DeprecationWarning: `TorchScript` support for functional optimizers is deprecated and will be removed in a future PyTorch release. Consider using the `torch.compile` optimizer instead.
  from torch.distributed.optim import ZeroRedundancyOptimizer
C:\Users\rdpuser\miniconda3\envs\tfg_py310\lib\site-packages\ignite\handlers\checkpoint.py:16: DeprecationWarning: `TorchScript` support for functional optimizers is deprecated and will be removed in a future PyTorch release. Consider using the `torch.compile` optimizer instead.
  from torch.distributed.optim import ZeroRedundancyOptimizer
04/01/2026 04:39:33 PM | engine.py:906 Engine run starting with max_epochs=1.
C:\Users\rdpuser\miniconda3\envs\tfg_py310\lib\site-packages\ignite\handlers\checkpoint.py:16: DeprecationWarning: `TorchScript` support for functional optimizers is deprecated and will be removed in a future PyTorch release. Consider using the `torch.compile` optimizer instead.
  from torch.distributed.optim import ZeroRedundancyOptimizer
C:\Users\rdpuser\miniconda3\envs\tfg_py310\lib\site-packages\ignite\handlers\checkpoint.py:16: DeprecationWarning: `TorchScript` support for functional optimizers is deprecated and will be removed in a future PyTorch release. Consider using the `torch.compile` optimizer instead.
  from torch.distributed.optim import ZeroRedundancyOptimizer
C:\Users\rdpuser\miniconda3\envs\tfg_py310\lib\site-packages\ignite\handlers\checkpoint.py:16: DeprecationWarning: `TorchScript` support for functional optimizers is deprecated and will be removed in a future PyTorch release. Consider using the `torch.compile` optimizer instead.
  from torch.distributed.optim import ZeroRedundancyOptimizer
C:\Users\rdpuser\miniconda3\envs\tfg_py310\lib\site-packages\ignite\handlers\checkpoint.py:16: DeprecationWarning: `TorchScript` support for functional optimizers is deprecated and will be removed in a future PyTorch release. Consider using the `torch.compile` optimizer instead.
  from torch.distributed.optim import ZeroRedundancyOptimizer
04/01/2026 04:40:23 PM | engine.py:1010 Epoch[1] Complete. Time taken: 00:00:49.381
Training model with training mixes in: C:\Users\rdpuser\TFG_Identificaci-n-de-voces-e-instrumentos-en-una-obra-musical\datasets\mix_generation\foreground_train
Validating data with validation mixes in: C:\Users\rdpuser\TFG_Identificaci-n-de-voces-e-instrumentos-en-una-obra-musical\datasets\mix_generation\foreground_valid
[DEBUG] Num de sources: 2
pipeline de 2 fuentes
[Validator] Epoch 1 - val_loss: 0.439148
[BEST CHECKPOINT] Guardado/actualizado en: checkpoints\Mis_modelos\log_mag checkpoints\2stems\best_checkpoint_1_val_loss=-0.4391.pt
04/01/2026 04:40:23 PM | engine.py:1037 Engine run finished. Time taken: 00:00:49.848
[Epoch 1] train_loss=0.439607 | val_loss=0.439148
04/01/2026 04:40:23 PM | engine.py:1010 Epoch[1] Complete. Time taken: 00:02:57.123
04/01/2026 04:41:36 PM | engine.py:906 Engine run starting with max_epochs=1.
04/01/2026 04:42:14 PM | engine.py:1010 Epoch[1] Complete. Time taken: 00:00:37.963
[Validator] Epoch 2 - val_loss: 0.409254
[BEST CHECKPOINT] Guardado/actualizado en: checkpoints\Mis_modelos\log_mag checkpoints\2stems\best_checkpoint_2_val_loss=-0.4093.pt
04/01/2026 04:42:14 PM | engine.py:1037 Engine run finished. Time taken: 00:00:37.984
[Epoch 2] train_loss=0.410413 | val_loss=0.409254
04/01/2026 04:42:14 PM | engine.py:1010 Epoch[2] Complete. Time taken: 00:01:50.736
04/01/2026 04:43:28 PM | engine.py:906 Engine run starting with max_epochs=1.
04/01/2026 04:44:04 PM | engine.py:1010 Epoch[1] Complete. Time taken: 00:00:35.847
[Validator] Epoch 3 - val_loss: 0.375986
[BEST CHECKPOINT] Guardado/actualizado en: checkpoints\Mis_modelos\log_mag checkpoints\2stems\best_checkpoint_3_val_loss=-0.3760.pt
04/01/2026 04:44:04 PM | engine.py:1037 Engine run finished. Time taken: 00:00:35.862
[Epoch 3] train_loss=0.384643 | val_loss=0.375986
04/01/2026 04:44:04 PM | engine.py:1010 Epoch[3] Complete. Time taken: 00:01:50.116
04/01/2026 04:45:19 PM | engine.py:906 Engine run starting with max_epochs=1.
04/01/2026 04:45:55 PM | engine.py:1010 Epoch[1] Complete. Time taken: 00:00:36.236
[Validator] Epoch 4 - val_loss: 0.362851
[BEST CHECKPOINT] Guardado/actualizado en: checkpoints\Mis_modelos\log_mag checkpoints\2stems\best_checkpoint_4_val_loss=-0.3629.pt
04/01/2026 04:45:55 PM | engine.py:1037 Engine run finished. Time taken: 00:00:36.247
[Epoch 4] train_loss=0.369789 | val_loss=0.362851
04/01/2026 04:45:55 PM | engine.py:1010 Epoch[4] Complete. Time taken: 00:01:51.387
04/01/2026 04:47:09 PM | engine.py:906 Engine run starting with max_epochs=1.
04/01/2026 04:47:46 PM | engine.py:1010 Epoch[1] Complete. Time taken: 00:00:36.976
[Validator] Epoch 5 - val_loss: 0.358953
[BEST CHECKPOINT] Guardado/actualizado en: checkpoints\Mis_modelos\log_mag checkpoints\2stems\best_checkpoint_5_val_loss=-0.3590.pt
04/01/2026 04:47:46 PM | engine.py:1037 Engine run finished. Time taken: 00:00:36.986
[Epoch 5] train_loss=0.363578 | val_loss=0.358953
04/01/2026 04:47:46 PM | engine.py:1010 Epoch[5] Complete. Time taken: 00:01:50.526
04/01/2026 04:49:00 PM | engine.py:906 Engine run starting with max_epochs=1.
04/01/2026 04:49:36 PM | engine.py:1010 Epoch[1] Complete. Time taken: 00:00:35.986
[Validator] Epoch 6 - val_loss: 0.356203
[BEST CHECKPOINT] Guardado/actualizado en: checkpoints\Mis_modelos\log_mag checkpoints\2stems\best_checkpoint_6_val_loss=-0.3562.pt
04/01/2026 04:49:36 PM | engine.py:1037 Engine run finished. Time taken: 00:00:35.996
[Epoch 6] train_loss=0.362099 | val_loss=0.356203
04/01/2026 04:49:36 PM | engine.py:1010 Epoch[6] Complete. Time taken: 00:01:49.730
04/01/2026 04:50:50 PM | engine.py:906 Engine run starting with max_epochs=1.
04/01/2026 04:51:26 PM | engine.py:1010 Epoch[1] Complete. Time taken: 00:00:36.114
[Validator] Epoch 7 - val_loss: 0.353369
[BEST CHECKPOINT] Guardado/actualizado en: checkpoints\Mis_modelos\log_mag checkpoints\2stems\best_checkpoint_7_val_loss=-0.3534.pt
04/01/2026 04:51:26 PM | engine.py:1037 Engine run finished. Time taken: 00:00:36.124
[Epoch 7] train_loss=0.366491 | val_loss=0.353369
04/01/2026 04:51:26 PM | engine.py:1010 Epoch[7] Complete. Time taken: 00:01:50.185
04/01/2026 04:52:39 PM | engine.py:906 Engine run starting with max_epochs=1.
04/01/2026 04:53:15 PM | engine.py:1010 Epoch[1] Complete. Time taken: 00:00:35.853
[Validator] Epoch 8 - val_loss: 0.350820
[BEST CHECKPOINT] Guardado/actualizado en: checkpoints\Mis_modelos\log_mag checkpoints\2stems\best_checkpoint_8_val_loss=-0.3508.pt
04/01/2026 04:53:15 PM | engine.py:1037 Engine run finished. Time taken: 00:00:35.863
[Epoch 8] train_loss=0.360940 | val_loss=0.350820
04/01/2026 04:53:15 PM | engine.py:1010 Epoch[8] Complete. Time taken: 00:01:49.405
04/01/2026 04:54:30 PM | engine.py:906 Engine run starting with max_epochs=1.
04/01/2026 04:55:06 PM | engine.py:1010 Epoch[1] Complete. Time taken: 00:00:36.183
[Validator] Epoch 9 - val_loss: 0.349464
[BEST CHECKPOINT] Guardado/actualizado en: checkpoints\Mis_modelos\log_mag checkpoints\2stems\best_checkpoint_9_val_loss=-0.3495.pt
04/01/2026 04:55:06 PM | engine.py:1037 Engine run finished. Time taken: 00:00:36.194
[Epoch 9] train_loss=0.359927 | val_loss=0.349464
04/01/2026 04:55:06 PM | engine.py:1010 Epoch[9] Complete. Time taken: 00:01:50.569
04/01/2026 04:56:20 PM | engine.py:906 Engine run starting with max_epochs=1.
04/01/2026 04:56:57 PM | engine.py:1010 Epoch[1] Complete. Time taken: 00:00:37.191
[Validator] Epoch 10 - val_loss: 0.348396
[BEST CHECKPOINT] Guardado/actualizado en: checkpoints\Mis_modelos\log_mag checkpoints\2stems\best_checkpoint_10_val_loss=-0.3484.pt
04/01/2026 04:56:57 PM | engine.py:1037 Engine run finished. Time taken: 00:00:37.200
[Epoch 10] train_loss=0.359414 | val_loss=0.348396
04/01/2026 04:56:57 PM | engine.py:1010 Epoch[10] Complete. Time taken: 00:01:51.088
04/01/2026 04:58:12 PM | engine.py:906 Engine run starting with max_epochs=1.
04/01/2026 04:58:48 PM | engine.py:1010 Epoch[1] Complete. Time taken: 00:00:36.772
[Validator] Epoch 11 - val_loss: 0.347506
[BEST CHECKPOINT] Guardado/actualizado en: checkpoints\Mis_modelos\log_mag checkpoints\2stems\best_checkpoint_11_val_loss=-0.3475.pt
04/01/2026 04:58:48 PM | engine.py:1037 Engine run finished. Time taken: 00:00:36.780
[Epoch 11] train_loss=0.357685 | val_loss=0.347506
04/01/2026 04:58:48 PM | engine.py:1010 Epoch[11] Complete. Time taken: 00:01:51.458
04/01/2026 05:00:04 PM | engine.py:906 Engine run starting with max_epochs=1.
04/01/2026 05:00:40 PM | engine.py:1010 Epoch[1] Complete. Time taken: 00:00:36.225
[Validator] Epoch 12 - val_loss: 0.345710
[BEST CHECKPOINT] Guardado/actualizado en: checkpoints\Mis_modelos\log_mag checkpoints\2stems\best_checkpoint_12_val_loss=-0.3457.pt
04/01/2026 05:00:40 PM | engine.py:1037 Engine run finished. Time taken: 00:00:36.235
[Epoch 12] train_loss=0.350528 | val_loss=0.345710
04/01/2026 05:00:40 PM | engine.py:1010 Epoch[12] Complete. Time taken: 00:01:51.693
04/01/2026 05:01:56 PM | engine.py:906 Engine run starting with max_epochs=1.
04/01/2026 05:02:32 PM | engine.py:1010 Epoch[1] Complete. Time taken: 00:00:35.672
[Validator] Epoch 13 - val_loss: 0.345022
[BEST CHECKPOINT] Guardado/actualizado en: checkpoints\Mis_modelos\log_mag checkpoints\2stems\best_checkpoint_13_val_loss=-0.3450.pt
04/01/2026 05:02:32 PM | engine.py:1037 Engine run finished. Time taken: 00:00:35.682
[Epoch 13] train_loss=0.355928 | val_loss=0.345022
04/01/2026 05:02:32 PM | engine.py:1010 Epoch[13] Complete. Time taken: 00:01:51.799
04/01/2026 05:03:46 PM | engine.py:906 Engine run starting with max_epochs=1.
04/01/2026 05:04:22 PM | engine.py:1010 Epoch[1] Complete. Time taken: 00:00:36.542
[Validator] Epoch 14 - val_loss: 0.344384
[BEST CHECKPOINT] Guardado/actualizado en: checkpoints\Mis_modelos\log_mag checkpoints\2stems\best_checkpoint_14_val_loss=-0.3444.pt
04/01/2026 05:04:22 PM | engine.py:1037 Engine run finished. Time taken: 00:00:36.551
[Epoch 14] train_loss=0.349750 | val_loss=0.344384
04/01/2026 05:04:22 PM | engine.py:1010 Epoch[14] Complete. Time taken: 00:01:50.307
04/01/2026 05:05:36 PM | engine.py:906 Engine run starting with max_epochs=1.
04/01/2026 05:06:13 PM | engine.py:1010 Epoch[1] Complete. Time taken: 00:00:36.906
[Validator] Epoch 15 - val_loss: 0.342416
[BEST CHECKPOINT] Guardado/actualizado en: checkpoints\Mis_modelos\log_mag checkpoints\2stems\best_checkpoint_15_val_loss=-0.3424.pt
04/01/2026 05:06:13 PM | engine.py:1037 Engine run finished. Time taken: 00:00:36.917
[Epoch 15] train_loss=0.350892 | val_loss=0.342416
04/01/2026 05:06:13 PM | engine.py:1010 Epoch[15] Complete. Time taken: 00:01:50.994
04/01/2026 05:07:28 PM | engine.py:906 Engine run starting with max_epochs=1.
04/01/2026 05:08:04 PM | engine.py:1010 Epoch[1] Complete. Time taken: 00:00:36.169
[Validator] Epoch 16 - val_loss: 0.340753
[BEST CHECKPOINT] Guardado/actualizado en: checkpoints\Mis_modelos\log_mag checkpoints\2stems\best_checkpoint_16_val_loss=-0.3408.pt
04/01/2026 05:08:04 PM | engine.py:1037 Engine run finished. Time taken: 00:00:36.179
[Epoch 16] train_loss=0.348897 | val_loss=0.340753
04/01/2026 05:08:04 PM | engine.py:1010 Epoch[16] Complete. Time taken: 00:01:51.324
04/01/2026 05:09:19 PM | engine.py:906 Engine run starting with max_epochs=1.
04/01/2026 05:09:55 PM | engine.py:1010 Epoch[1] Complete. Time taken: 00:00:36.410
[Validator] Epoch 17 - val_loss: 0.340015
[BEST CHECKPOINT] Guardado/actualizado en: checkpoints\Mis_modelos\log_mag checkpoints\2stems\best_checkpoint_17_val_loss=-0.3400.pt
04/01/2026 05:09:55 PM | engine.py:1037 Engine run finished. Time taken: 00:00:36.421
[Epoch 17] train_loss=0.349190 | val_loss=0.340015
04/01/2026 05:09:55 PM | engine.py:1010 Epoch[17] Complete. Time taken: 00:01:50.449
04/01/2026 05:11:08 PM | engine.py:906 Engine run starting with max_epochs=1.
04/01/2026 05:11:46 PM | engine.py:1010 Epoch[1] Complete. Time taken: 00:00:37.915
[Validator] Epoch 18 - val_loss: 0.338471
[BEST CHECKPOINT] Guardado/actualizado en: checkpoints\Mis_modelos\log_mag checkpoints\2stems\best_checkpoint_18_val_loss=-0.3385.pt
04/01/2026 05:11:46 PM | engine.py:1037 Engine run finished. Time taken: 00:00:37.925
[Epoch 18] train_loss=0.345149 | val_loss=0.338471
04/01/2026 05:11:46 PM | engine.py:1010 Epoch[18] Complete. Time taken: 00:01:51.368
04/01/2026 05:13:00 PM | engine.py:906 Engine run starting with max_epochs=1.
04/01/2026 05:13:37 PM | engine.py:1010 Epoch[1] Complete. Time taken: 00:00:36.651
[Validator] Epoch 19 - val_loss: 0.339486
[BEST CHECKPOINT] Guardado/actualizado en: checkpoints\Mis_modelos\log_mag checkpoints\2stems\best_checkpoint_18_val_loss=-0.3385.pt
04/01/2026 05:13:37 PM | engine.py:1037 Engine run finished. Time taken: 00:00:36.653
[Epoch 19] train_loss=0.343158 | val_loss=0.339486
04/01/2026 05:13:37 PM | engine.py:1010 Epoch[19] Complete. Time taken: 00:01:50.575
04/01/2026 05:14:51 PM | engine.py:906 Engine run starting with max_epochs=1.
04/01/2026 05:15:28 PM | engine.py:1010 Epoch[1] Complete. Time taken: 00:00:37.392
[Validator] Epoch 20 - val_loss: 0.336966
[BEST CHECKPOINT] Guardado/actualizado en: checkpoints\Mis_modelos\log_mag checkpoints\2stems\best_checkpoint_20_val_loss=-0.3370.pt
04/01/2026 05:15:28 PM | engine.py:1037 Engine run finished. Time taken: 00:00:37.402
[Epoch 20] train_loss=0.343269 | val_loss=0.336966
04/01/2026 05:15:28 PM | engine.py:1010 Epoch[20] Complete. Time taken: 00:01:51.354
04/01/2026 05:16:42 PM | engine.py:906 Engine run starting with max_epochs=1.
04/01/2026 05:17:18 PM | engine.py:1010 Epoch[1] Complete. Time taken: 00:00:36.468
[Validator] Epoch 21 - val_loss: 0.337204
[BEST CHECKPOINT] Guardado/actualizado en: checkpoints\Mis_modelos\log_mag checkpoints\2stems\best_checkpoint_20_val_loss=-0.3370.pt
04/01/2026 05:17:18 PM | engine.py:1037 Engine run finished. Time taken: 00:00:36.471
[Epoch 21] train_loss=0.339909 | val_loss=0.337204
04/01/2026 05:17:18 PM | engine.py:1010 Epoch[21] Complete. Time taken: 00:01:50.145
04/01/2026 05:18:32 PM | engine.py:906 Engine run starting with max_epochs=1.
04/01/2026 05:19:10 PM | engine.py:1010 Epoch[1] Complete. Time taken: 00:00:37.093
[Validator] Epoch 22 - val_loss: 0.336166
[BEST CHECKPOINT] Guardado/actualizado en: checkpoints\Mis_modelos\log_mag checkpoints\2stems\best_checkpoint_22_val_loss=-0.3362.pt
04/01/2026 05:19:10 PM | engine.py:1037 Engine run finished. Time taken: 00:00:37.103
[Epoch 22] train_loss=0.342010 | val_loss=0.336166
04/01/2026 05:19:10 PM | engine.py:1010 Epoch[22] Complete. Time taken: 00:01:51.172
04/01/2026 05:20:24 PM | engine.py:906 Engine run starting with max_epochs=1.
04/01/2026 05:21:00 PM | engine.py:1010 Epoch[1] Complete. Time taken: 00:00:36.445
[Validator] Epoch 23 - val_loss: 0.336689
[BEST CHECKPOINT] Guardado/actualizado en: checkpoints\Mis_modelos\log_mag checkpoints\2stems\best_checkpoint_22_val_loss=-0.3362.pt
04/01/2026 05:21:00 PM | engine.py:1037 Engine run finished. Time taken: 00:00:36.446
[Epoch 23] train_loss=0.340751 | val_loss=0.336689
04/01/2026 05:21:00 PM | engine.py:1010 Epoch[23] Complete. Time taken: 00:01:50.781
04/01/2026 05:22:14 PM | engine.py:906 Engine run starting with max_epochs=1.
04/01/2026 05:22:51 PM | engine.py:1010 Epoch[1] Complete. Time taken: 00:00:37.455
[Validator] Epoch 24 - val_loss: 0.336334
[BEST CHECKPOINT] Guardado/actualizado en: checkpoints\Mis_modelos\log_mag checkpoints\2stems\best_checkpoint_22_val_loss=-0.3362.pt
04/01/2026 05:22:51 PM | engine.py:1037 Engine run finished. Time taken: 00:00:37.456
[Epoch 24] train_loss=0.337196 | val_loss=0.336334
04/01/2026 05:22:51 PM | engine.py:1010 Epoch[24] Complete. Time taken: 00:01:50.857
04/01/2026 05:24:05 PM | engine.py:906 Engine run starting with max_epochs=1.
04/01/2026 05:24:42 PM | engine.py:1010 Epoch[1] Complete. Time taken: 00:00:36.530
[Validator] Epoch 25 - val_loss: 0.336341
[BEST CHECKPOINT] Guardado/actualizado en: checkpoints\Mis_modelos\log_mag checkpoints\2stems\best_checkpoint_22_val_loss=-0.3362.pt
04/01/2026 05:24:42 PM | engine.py:1037 Engine run finished. Time taken: 00:00:36.532
[Epoch 25] train_loss=0.338212 | val_loss=0.336341
04/01/2026 05:24:42 PM | engine.py:1010 Epoch[25] Complete. Time taken: 00:01:50.317
04/01/2026 05:25:55 PM | engine.py:906 Engine run starting with max_epochs=1.
04/01/2026 05:26:31 PM | engine.py:1010 Epoch[1] Complete. Time taken: 00:00:35.983
[Validator] Epoch 26 - val_loss: 0.333757
[BEST CHECKPOINT] Guardado/actualizado en: checkpoints\Mis_modelos\log_mag checkpoints\2stems\best_checkpoint_26_val_loss=-0.3338.pt
04/01/2026 05:26:31 PM | engine.py:1037 Engine run finished. Time taken: 00:00:35.993
[Epoch 26] train_loss=0.335751 | val_loss=0.333757
04/01/2026 05:26:31 PM | engine.py:1010 Epoch[26] Complete. Time taken: 00:01:49.743
04/01/2026 05:27:44 PM | engine.py:906 Engine run starting with max_epochs=1.
04/01/2026 05:28:21 PM | engine.py:1010 Epoch[1] Complete. Time taken: 00:00:36.362
[Validator] Epoch 27 - val_loss: 0.334337
[BEST CHECKPOINT] Guardado/actualizado en: checkpoints\Mis_modelos\log_mag checkpoints\2stems\best_checkpoint_26_val_loss=-0.3338.pt
04/01/2026 05:28:21 PM | engine.py:1037 Engine run finished. Time taken: 00:00:36.363
[Epoch 27] train_loss=0.334476 | val_loss=0.334337
04/01/2026 05:28:21 PM | engine.py:1010 Epoch[27] Complete. Time taken: 00:01:49.486
04/01/2026 05:29:36 PM | engine.py:906 Engine run starting with max_epochs=1.
04/01/2026 05:30:12 PM | engine.py:1010 Epoch[1] Complete. Time taken: 00:00:36.507
[Validator] Epoch 28 - val_loss: 0.333946
[BEST CHECKPOINT] Guardado/actualizado en: checkpoints\Mis_modelos\log_mag checkpoints\2stems\best_checkpoint_26_val_loss=-0.3338.pt
04/01/2026 05:30:12 PM | engine.py:1037 Engine run finished. Time taken: 00:00:36.509
[Epoch 28] train_loss=0.337045 | val_loss=0.333946
04/01/2026 05:30:12 PM | engine.py:1010 Epoch[28] Complete. Time taken: 00:01:51.418
04/01/2026 05:31:25 PM | engine.py:906 Engine run starting with max_epochs=1.
04/01/2026 05:32:02 PM | engine.py:1010 Epoch[1] Complete. Time taken: 00:00:36.288
[Validator] Epoch 29 - val_loss: 0.333227
[BEST CHECKPOINT] Guardado/actualizado en: checkpoints\Mis_modelos\log_mag checkpoints\2stems\best_checkpoint_29_val_loss=-0.3332.pt
04/01/2026 05:32:02 PM | engine.py:1037 Engine run finished. Time taken: 00:00:36.298
[Epoch 29] train_loss=0.328520 | val_loss=0.333227
04/01/2026 05:32:02 PM | engine.py:1010 Epoch[29] Complete. Time taken: 00:01:49.389
04/01/2026 05:33:15 PM | engine.py:906 Engine run starting with max_epochs=1.
04/01/2026 05:33:51 PM | engine.py:1010 Epoch[1] Complete. Time taken: 00:00:36.011
[Validator] Epoch 30 - val_loss: 0.334801
[BEST CHECKPOINT] Guardado/actualizado en: checkpoints\Mis_modelos\log_mag checkpoints\2stems\best_checkpoint_29_val_loss=-0.3332.pt
04/01/2026 05:33:51 PM | engine.py:1037 Engine run finished. Time taken: 00:00:36.013
[Epoch 30] train_loss=0.333988 | val_loss=0.334801
04/01/2026 05:33:51 PM | engine.py:1010 Epoch[30] Complete. Time taken: 00:01:49.618
04/01/2026 05:35:07 PM | engine.py:906 Engine run starting with max_epochs=1.
04/01/2026 05:35:42 PM | engine.py:1010 Epoch[1] Complete. Time taken: 00:00:35.529
[Validator] Epoch 31 - val_loss: 0.332035
[BEST CHECKPOINT] Guardado/actualizado en: checkpoints\Mis_modelos\log_mag checkpoints\2stems\best_checkpoint_31_val_loss=-0.3320.pt
04/01/2026 05:35:42 PM | engine.py:1037 Engine run finished. Time taken: 00:00:35.538
[Epoch 31] train_loss=0.333749 | val_loss=0.332035
04/01/2026 05:35:42 PM | engine.py:1010 Epoch[31] Complete. Time taken: 00:01:51.310
04/01/2026 05:36:57 PM | engine.py:906 Engine run starting with max_epochs=1.
04/01/2026 05:37:33 PM | engine.py:1010 Epoch[1] Complete. Time taken: 00:00:36.055
[Validator] Epoch 32 - val_loss: 0.333192
[BEST CHECKPOINT] Guardado/actualizado en: checkpoints\Mis_modelos\log_mag checkpoints\2stems\best_checkpoint_31_val_loss=-0.3320.pt
04/01/2026 05:37:33 PM | engine.py:1037 Engine run finished. Time taken: 00:00:36.058
[Epoch 32] train_loss=0.335109 | val_loss=0.333192
04/01/2026 05:37:33 PM | engine.py:1010 Epoch[32] Complete. Time taken: 00:01:50.727
04/01/2026 05:38:47 PM | engine.py:906 Engine run starting with max_epochs=1.
04/01/2026 05:39:24 PM | engine.py:1010 Epoch[1] Complete. Time taken: 00:00:36.594
[Validator] Epoch 33 - val_loss: 0.335766
[BEST CHECKPOINT] Guardado/actualizado en: checkpoints\Mis_modelos\log_mag checkpoints\2stems\best_checkpoint_31_val_loss=-0.3320.pt
04/01/2026 05:39:24 PM | engine.py:1037 Engine run finished. Time taken: 00:00:36.595
[Epoch 33] train_loss=0.333853 | val_loss=0.335766
04/01/2026 05:39:24 PM | engine.py:1010 Epoch[33] Complete. Time taken: 00:01:50.760
04/01/2026 05:40:37 PM | engine.py:906 Engine run starting with max_epochs=1.
04/01/2026 05:41:13 PM | engine.py:1010 Epoch[1] Complete. Time taken: 00:00:36.166
[Validator] Epoch 34 - val_loss: 0.333004
[BEST CHECKPOINT] Guardado/actualizado en: checkpoints\Mis_modelos\log_mag checkpoints\2stems\best_checkpoint_31_val_loss=-0.3320.pt
04/01/2026 05:41:13 PM | engine.py:1037 Engine run finished. Time taken: 00:00:36.167
[Epoch 34] train_loss=0.332047 | val_loss=0.333004
04/01/2026 05:41:13 PM | engine.py:1010 Epoch[34] Complete. Time taken: 00:01:49.226
04/01/2026 05:42:27 PM | engine.py:906 Engine run starting with max_epochs=1.
04/01/2026 05:43:03 PM | engine.py:1010 Epoch[1] Complete. Time taken: 00:00:36.123
[Validator] Epoch 35 - val_loss: 0.333522
[BEST CHECKPOINT] Guardado/actualizado en: checkpoints\Mis_modelos\log_mag checkpoints\2stems\best_checkpoint_31_val_loss=-0.3320.pt
04/01/2026 05:43:03 PM | engine.py:1037 Engine run finished. Time taken: 00:00:36.124
[Epoch 35] train_loss=0.330847 | val_loss=0.333522
04/01/2026 05:43:03 PM | engine.py:1010 Epoch[35] Complete. Time taken: 00:01:49.815
04/01/2026 05:44:17 PM | engine.py:906 Engine run starting with max_epochs=1.
04/01/2026 05:44:54 PM | engine.py:1010 Epoch[1] Complete. Time taken: 00:00:36.528
[Validator] Epoch 36 - val_loss: 0.331403
[BEST CHECKPOINT] Guardado/actualizado en: checkpoints\Mis_modelos\log_mag checkpoints\2stems\best_checkpoint_36_val_loss=-0.3314.pt
04/01/2026 05:44:54 PM | engine.py:1037 Engine run finished. Time taken: 00:00:36.540
[Epoch 36] train_loss=0.329137 | val_loss=0.331403
04/01/2026 05:44:54 PM | engine.py:1010 Epoch[36] Complete. Time taken: 00:01:50.666
04/01/2026 05:46:07 PM | engine.py:906 Engine run starting with max_epochs=1.
04/01/2026 05:46:44 PM | engine.py:1010 Epoch[1] Complete. Time taken: 00:00:36.807
[Validator] Epoch 37 - val_loss: 0.330754
[BEST CHECKPOINT] Guardado/actualizado en: checkpoints\Mis_modelos\log_mag checkpoints\2stems\best_checkpoint_37_val_loss=-0.3308.pt
04/01/2026 05:46:44 PM | engine.py:1037 Engine run finished. Time taken: 00:00:36.817
[Epoch 37] train_loss=0.327350 | val_loss=0.330754
04/01/2026 05:46:44 PM | engine.py:1010 Epoch[37] Complete. Time taken: 00:01:49.974
04/01/2026 05:47:57 PM | engine.py:906 Engine run starting with max_epochs=1.
04/01/2026 05:48:32 PM | engine.py:1010 Epoch[1] Complete. Time taken: 00:00:35.597
[Validator] Epoch 38 - val_loss: 0.331495
[BEST CHECKPOINT] Guardado/actualizado en: checkpoints\Mis_modelos\log_mag checkpoints\2stems\best_checkpoint_37_val_loss=-0.3308.pt
04/01/2026 05:48:32 PM | engine.py:1037 Engine run finished. Time taken: 00:00:35.598
[Epoch 38] train_loss=0.328658 | val_loss=0.331495
04/01/2026 05:48:32 PM | engine.py:1010 Epoch[38] Complete. Time taken: 00:01:48.722
04/01/2026 05:49:47 PM | engine.py:906 Engine run starting with max_epochs=1.
04/01/2026 05:50:23 PM | engine.py:1010 Epoch[1] Complete. Time taken: 00:00:36.482
[Validator] Epoch 39 - val_loss: 0.333620
[BEST CHECKPOINT] Guardado/actualizado en: checkpoints\Mis_modelos\log_mag checkpoints\2stems\best_checkpoint_37_val_loss=-0.3308.pt
04/01/2026 05:50:23 PM | engine.py:1037 Engine run finished. Time taken: 00:00:36.483
[Epoch 39] train_loss=0.325521 | val_loss=0.333620
04/01/2026 05:50:23 PM | engine.py:1010 Epoch[39] Complete. Time taken: 00:01:50.984
04/01/2026 05:51:37 PM | engine.py:906 Engine run starting with max_epochs=1.
04/01/2026 05:52:13 PM | engine.py:1010 Epoch[1] Complete. Time taken: 00:00:36.492
[Validator] Epoch 40 - val_loss: 0.330658
[BEST CHECKPOINT] Guardado/actualizado en: checkpoints\Mis_modelos\log_mag checkpoints\2stems\best_checkpoint_40_val_loss=-0.3307.pt
04/01/2026 05:52:13 PM | engine.py:1037 Engine run finished. Time taken: 00:00:36.500
[Epoch 40] train_loss=0.330948 | val_loss=0.330658
04/01/2026 05:52:13 PM | engine.py:1010 Epoch[40] Complete. Time taken: 00:01:49.834
04/01/2026 05:53:27 PM | engine.py:906 Engine run starting with max_epochs=1.
04/01/2026 05:54:04 PM | engine.py:1010 Epoch[1] Complete. Time taken: 00:00:36.584
[Validator] Epoch 41 - val_loss: 0.330922
[BEST CHECKPOINT] Guardado/actualizado en: checkpoints\Mis_modelos\log_mag checkpoints\2stems\best_checkpoint_40_val_loss=-0.3307.pt
04/01/2026 05:54:04 PM | engine.py:1037 Engine run finished. Time taken: 00:00:36.587
[Epoch 41] train_loss=0.327105 | val_loss=0.330922
04/01/2026 05:54:04 PM | engine.py:1010 Epoch[41] Complete. Time taken: 00:01:50.710
04/01/2026 05:55:17 PM | engine.py:906 Engine run starting with max_epochs=1.
04/01/2026 05:55:54 PM | engine.py:1010 Epoch[1] Complete. Time taken: 00:00:37.004
[Validator] Epoch 42 - val_loss: 0.330682
[BEST CHECKPOINT] Guardado/actualizado en: checkpoints\Mis_modelos\log_mag checkpoints\2stems\best_checkpoint_40_val_loss=-0.3307.pt
04/01/2026 05:55:54 PM | engine.py:1037 Engine run finished. Time taken: 00:00:37.004
[Epoch 42] train_loss=0.326720 | val_loss=0.330682
04/01/2026 05:55:54 PM | engine.py:1010 Epoch[42] Complete. Time taken: 00:01:49.954
04/01/2026 05:57:07 PM | engine.py:906 Engine run starting with max_epochs=1.
04/01/2026 05:57:44 PM | engine.py:1010 Epoch[1] Complete. Time taken: 00:00:36.367
[Validator] Epoch 43 - val_loss: 0.331284
[BEST CHECKPOINT] Guardado/actualizado en: checkpoints\Mis_modelos\log_mag checkpoints\2stems\best_checkpoint_40_val_loss=-0.3307.pt
04/01/2026 05:57:44 PM | engine.py:1037 Engine run finished. Time taken: 00:00:36.368
[Epoch 43] train_loss=0.323559 | val_loss=0.331284
04/01/2026 05:57:44 PM | engine.py:1010 Epoch[43] Complete. Time taken: 00:01:49.952
04/01/2026 05:58:57 PM | engine.py:906 Engine run starting with max_epochs=1.
04/01/2026 05:59:34 PM | engine.py:1010 Epoch[1] Complete. Time taken: 00:00:36.712
[Validator] Epoch 44 - val_loss: 0.331222
[BEST CHECKPOINT] Guardado/actualizado en: checkpoints\Mis_modelos\log_mag checkpoints\2stems\best_checkpoint_40_val_loss=-0.3307.pt
04/01/2026 05:59:34 PM | engine.py:1037 Engine run finished. Time taken: 00:00:36.713
[Epoch 44] train_loss=0.325760 | val_loss=0.331222
04/01/2026 05:59:34 PM | engine.py:1010 Epoch[44] Complete. Time taken: 00:01:50.364
04/01/2026 06:00:49 PM | engine.py:906 Engine run starting with max_epochs=1.
04/01/2026 06:01:25 PM | engine.py:1010 Epoch[1] Complete. Time taken: 00:00:36.541
[Validator] Epoch 45 - val_loss: 0.328775
[BEST CHECKPOINT] Guardado/actualizado en: checkpoints\Mis_modelos\log_mag checkpoints\2stems\best_checkpoint_45_val_loss=-0.3288.pt
04/01/2026 06:01:25 PM | engine.py:1037 Engine run finished. Time taken: 00:00:36.550
[Epoch 45] train_loss=0.325462 | val_loss=0.328775
04/01/2026 06:01:25 PM | engine.py:1010 Epoch[45] Complete. Time taken: 00:01:51.197
04/01/2026 06:02:39 PM | engine.py:906 Engine run starting with max_epochs=1.
04/01/2026 06:03:15 PM | engine.py:1010 Epoch[1] Complete. Time taken: 00:00:35.787
[Validator] Epoch 46 - val_loss: 0.329930
[BEST CHECKPOINT] Guardado/actualizado en: checkpoints\Mis_modelos\log_mag checkpoints\2stems\best_checkpoint_45_val_loss=-0.3288.pt
04/01/2026 06:03:15 PM | engine.py:1037 Engine run finished. Time taken: 00:00:35.788
[Epoch 46] train_loss=0.324650 | val_loss=0.329930
04/01/2026 06:03:15 PM | engine.py:1010 Epoch[46] Complete. Time taken: 00:01:49.329
04/01/2026 06:04:27 PM | engine.py:906 Engine run starting with max_epochs=1.
04/01/2026 06:05:03 PM | engine.py:1010 Epoch[1] Complete. Time taken: 00:00:35.812
[Validator] Epoch 47 - val_loss: 0.328500
[BEST CHECKPOINT] Guardado/actualizado en: checkpoints\Mis_modelos\log_mag checkpoints\2stems\best_checkpoint_47_val_loss=-0.3285.pt
04/01/2026 06:05:03 PM | engine.py:1037 Engine run finished. Time taken: 00:00:35.821
[Epoch 47] train_loss=0.321879 | val_loss=0.328500
04/01/2026 06:05:03 PM | engine.py:1010 Epoch[47] Complete. Time taken: 00:01:48.617
04/01/2026 06:06:17 PM | engine.py:906 Engine run starting with max_epochs=1.
04/01/2026 06:06:54 PM | engine.py:1010 Epoch[1] Complete. Time taken: 00:00:36.509
[Validator] Epoch 48 - val_loss: 0.328606
[BEST CHECKPOINT] Guardado/actualizado en: checkpoints\Mis_modelos\log_mag checkpoints\2stems\best_checkpoint_47_val_loss=-0.3285.pt
04/01/2026 06:06:54 PM | engine.py:1037 Engine run finished. Time taken: 00:00:36.510
[Epoch 48] train_loss=0.323993 | val_loss=0.328606
04/01/2026 06:06:54 PM | engine.py:1010 Epoch[48] Complete. Time taken: 00:01:50.548
04/01/2026 06:08:08 PM | engine.py:906 Engine run starting with max_epochs=1.
04/01/2026 06:08:45 PM | engine.py:1010 Epoch[1] Complete. Time taken: 00:00:36.697
[Validator] Epoch 49 - val_loss: 0.327266
[BEST CHECKPOINT] Guardado/actualizado en: checkpoints\Mis_modelos\log_mag checkpoints\2stems\best_checkpoint_49_val_loss=-0.3273.pt
04/01/2026 06:08:45 PM | engine.py:1037 Engine run finished. Time taken: 00:00:36.705
[Epoch 49] train_loss=0.325106 | val_loss=0.327266
04/01/2026 06:08:45 PM | engine.py:1010 Epoch[49] Complete. Time taken: 00:01:50.956
04/01/2026 06:09:59 PM | engine.py:906 Engine run starting with max_epochs=1.
04/01/2026 06:10:35 PM | engine.py:1010 Epoch[1] Complete. Time taken: 00:00:36.246
[Validator] Epoch 50 - val_loss: 0.329177
[BEST CHECKPOINT] Guardado/actualizado en: checkpoints\Mis_modelos\log_mag checkpoints\2stems\best_checkpoint_49_val_loss=-0.3273.pt
04/01/2026 06:10:35 PM | engine.py:1037 Engine run finished. Time taken: 00:00:36.247
[Epoch 50] train_loss=0.321829 | val_loss=0.329177
04/01/2026 06:10:35 PM | engine.py:1010 Epoch[50] Complete. Time taken: 00:01:49.990
04/01/2026 06:11:49 PM | engine.py:906 Engine run starting with max_epochs=1.
04/01/2026 06:12:24 PM | engine.py:1010 Epoch[1] Complete. Time taken: 00:00:35.671
[Validator] Epoch 51 - val_loss: 0.327647
[BEST CHECKPOINT] Guardado/actualizado en: checkpoints\Mis_modelos\log_mag checkpoints\2stems\best_checkpoint_49_val_loss=-0.3273.pt
04/01/2026 06:12:24 PM | engine.py:1037 Engine run finished. Time taken: 00:00:35.673
[Epoch 51] train_loss=0.323743 | val_loss=0.327647
04/01/2026 06:12:24 PM | engine.py:1010 Epoch[51] Complete. Time taken: 00:01:49.520
04/01/2026 06:13:38 PM | engine.py:906 Engine run starting with max_epochs=1.
04/01/2026 06:14:15 PM | engine.py:1010 Epoch[1] Complete. Time taken: 00:00:36.395
[Validator] Epoch 52 - val_loss: 0.327822
[BEST CHECKPOINT] Guardado/actualizado en: checkpoints\Mis_modelos\log_mag checkpoints\2stems\best_checkpoint_49_val_loss=-0.3273.pt
04/01/2026 06:14:15 PM | engine.py:1037 Engine run finished. Time taken: 00:00:36.397
[Epoch 52] train_loss=0.322182 | val_loss=0.327822
04/01/2026 06:14:15 PM | engine.py:1010 Epoch[52] Complete. Time taken: 00:01:50.558
04/01/2026 06:15:28 PM | engine.py:906 Engine run starting with max_epochs=1.
04/01/2026 06:16:04 PM | engine.py:1010 Epoch[1] Complete. Time taken: 00:00:36.406
[Validator] Epoch 53 - val_loss: 0.326045
[BEST CHECKPOINT] Guardado/actualizado en: checkpoints\Mis_modelos\log_mag checkpoints\2stems\best_checkpoint_53_val_loss=-0.3260.pt
04/01/2026 06:16:04 PM | engine.py:1037 Engine run finished. Time taken: 00:00:36.416
[Epoch 53] train_loss=0.323938 | val_loss=0.326045
04/01/2026 06:16:04 PM | engine.py:1010 Epoch[53] Complete. Time taken: 00:01:49.531
04/01/2026 06:17:18 PM | engine.py:906 Engine run starting with max_epochs=1.
04/01/2026 06:17:54 PM | engine.py:1010 Epoch[1] Complete. Time taken: 00:00:36.305
[Validator] Epoch 54 - val_loss: 0.328785
[BEST CHECKPOINT] Guardado/actualizado en: checkpoints\Mis_modelos\log_mag checkpoints\2stems\best_checkpoint_53_val_loss=-0.3260.pt
04/01/2026 06:17:54 PM | engine.py:1037 Engine run finished. Time taken: 00:00:36.307
[Epoch 54] train_loss=0.323589 | val_loss=0.328785
04/01/2026 06:17:54 PM | engine.py:1010 Epoch[54] Complete. Time taken: 00:01:49.601
04/01/2026 06:19:07 PM | engine.py:906 Engine run starting with max_epochs=1.
04/01/2026 06:19:43 PM | engine.py:1010 Epoch[1] Complete. Time taken: 00:00:35.968
[Validator] Epoch 55 - val_loss: 0.329337
[BEST CHECKPOINT] Guardado/actualizado en: checkpoints\Mis_modelos\log_mag checkpoints\2stems\best_checkpoint_53_val_loss=-0.3260.pt
04/01/2026 06:19:43 PM | engine.py:1037 Engine run finished. Time taken: 00:00:35.969
[Epoch 55] train_loss=0.320229 | val_loss=0.329337
04/01/2026 06:19:43 PM | engine.py:1010 Epoch[55] Complete. Time taken: 00:01:49.177
04/01/2026 06:20:57 PM | engine.py:906 Engine run starting with max_epochs=1.
04/01/2026 06:21:33 PM | engine.py:1010 Epoch[1] Complete. Time taken: 00:00:36.319
[Validator] Epoch 56 - val_loss: 0.327629
[BEST CHECKPOINT] Guardado/actualizado en: checkpoints\Mis_modelos\log_mag checkpoints\2stems\best_checkpoint_53_val_loss=-0.3260.pt
04/01/2026 06:21:33 PM | engine.py:1037 Engine run finished. Time taken: 00:00:36.320
[Epoch 56] train_loss=0.320340 | val_loss=0.327629
04/01/2026 06:21:33 PM | engine.py:1010 Epoch[56] Complete. Time taken: 00:01:50.129
04/01/2026 06:22:48 PM | engine.py:906 Engine run starting with max_epochs=1.
04/01/2026 06:23:24 PM | engine.py:1010 Epoch[1] Complete. Time taken: 00:00:36.048
[Validator] Epoch 57 - val_loss: 0.329863
[BEST CHECKPOINT] Guardado/actualizado en: checkpoints\Mis_modelos\log_mag checkpoints\2stems\best_checkpoint_53_val_loss=-0.3260.pt
04/01/2026 06:23:24 PM | engine.py:1037 Engine run finished. Time taken: 00:00:36.051
[Epoch 57] train_loss=0.318908 | val_loss=0.329863
04/01/2026 06:23:24 PM | engine.py:1010 Epoch[57] Complete. Time taken: 00:01:51.012
04/01/2026 06:24:38 PM | engine.py:906 Engine run starting with max_epochs=1.
04/01/2026 06:25:14 PM | engine.py:1010 Epoch[1] Complete. Time taken: 00:00:36.334
[Validator] Epoch 58 - val_loss: 0.327286
[BEST CHECKPOINT] Guardado/actualizado en: checkpoints\Mis_modelos\log_mag checkpoints\2stems\best_checkpoint_53_val_loss=-0.3260.pt
04/01/2026 06:25:14 PM | engine.py:1037 Engine run finished. Time taken: 00:00:36.335
[Epoch 58] train_loss=0.322596 | val_loss=0.327286
04/01/2026 06:25:14 PM | engine.py:1010 Epoch[58] Complete. Time taken: 00:01:50.136
04/01/2026 06:26:28 PM | engine.py:906 Engine run starting with max_epochs=1.
04/01/2026 06:27:04 PM | engine.py:1010 Epoch[1] Complete. Time taken: 00:00:36.320
[Validator] Epoch 59 - val_loss: 0.328790
[BEST CHECKPOINT] Guardado/actualizado en: checkpoints\Mis_modelos\log_mag checkpoints\2stems\best_checkpoint_53_val_loss=-0.3260.pt
04/01/2026 06:27:04 PM | engine.py:1037 Engine run finished. Time taken: 00:00:36.321
[Epoch 59] train_loss=0.321566 | val_loss=0.328790
04/01/2026 06:27:04 PM | engine.py:1010 Epoch[59] Complete. Time taken: 00:01:49.592
04/01/2026 06:28:18 PM | engine.py:906 Engine run starting with max_epochs=1.
04/01/2026 06:28:55 PM | engine.py:1010 Epoch[1] Complete. Time taken: 00:00:37.093
[Validator] Epoch 60 - val_loss: 0.326975
[BEST CHECKPOINT] Guardado/actualizado en: checkpoints\Mis_modelos\log_mag checkpoints\2stems\best_checkpoint_53_val_loss=-0.3260.pt
04/01/2026 06:28:55 PM | engine.py:1037 Engine run finished. Time taken: 00:00:37.095
[Epoch 60] train_loss=0.319181 | val_loss=0.326975
04/01/2026 06:28:55 PM | engine.py:1010 Epoch[60] Complete. Time taken: 00:01:50.956
04/01/2026 06:30:08 PM | engine.py:906 Engine run starting with max_epochs=1.
04/01/2026 06:30:46 PM | engine.py:1010 Epoch[1] Complete. Time taken: 00:00:37.209
[Validator] Epoch 61 - val_loss: 0.327392
[BEST CHECKPOINT] Guardado/actualizado en: checkpoints\Mis_modelos\log_mag checkpoints\2stems\best_checkpoint_53_val_loss=-0.3260.pt
04/01/2026 06:30:46 PM | engine.py:1037 Engine run finished. Time taken: 00:00:37.210
[Epoch 61] train_loss=0.319610 | val_loss=0.327392
04/01/2026 06:30:46 PM | engine.py:1010 Epoch[61] Complete. Time taken: 00:01:50.527
04/01/2026 06:32:01 PM | engine.py:906 Engine run starting with max_epochs=1.
04/01/2026 06:32:38 PM | engine.py:1010 Epoch[1] Complete. Time taken: 00:00:37.190
[Validator] Epoch 62 - val_loss: 0.329114
[BEST CHECKPOINT] Guardado/actualizado en: checkpoints\Mis_modelos\log_mag checkpoints\2stems\best_checkpoint_53_val_loss=-0.3260.pt
04/01/2026 06:32:38 PM | engine.py:1037 Engine run finished. Time taken: 00:00:37.191
[Epoch 62] train_loss=0.320160 | val_loss=0.329114
04/01/2026 06:32:38 PM | engine.py:1010 Epoch[62] Complete. Time taken: 00:01:52.587
04/01/2026 06:33:53 PM | engine.py:906 Engine run starting with max_epochs=1.
04/01/2026 06:34:29 PM | engine.py:1010 Epoch[1] Complete. Time taken: 00:00:36.266
[Validator] Epoch 63 - val_loss: 0.325454
[BEST CHECKPOINT] Guardado/actualizado en: checkpoints\Mis_modelos\log_mag checkpoints\2stems\best_checkpoint_63_val_loss=-0.3255.pt
04/01/2026 06:34:29 PM | engine.py:1037 Engine run finished. Time taken: 00:00:36.278
[Epoch 63] train_loss=0.322501 | val_loss=0.325454
04/01/2026 06:34:29 PM | engine.py:1010 Epoch[63] Complete. Time taken: 00:01:50.736
04/01/2026 06:35:42 PM | engine.py:906 Engine run starting with max_epochs=1.
04/01/2026 06:36:18 PM | engine.py:1010 Epoch[1] Complete. Time taken: 00:00:36.349
[Validator] Epoch 64 - val_loss: 0.326450
[BEST CHECKPOINT] Guardado/actualizado en: checkpoints\Mis_modelos\log_mag checkpoints\2stems\best_checkpoint_63_val_loss=-0.3255.pt
04/01/2026 06:36:18 PM | engine.py:1037 Engine run finished. Time taken: 00:00:36.350
[Epoch 64] train_loss=0.315904 | val_loss=0.326450
04/01/2026 06:36:18 PM | engine.py:1010 Epoch[64] Complete. Time taken: 00:01:49.160
04/01/2026 06:37:31 PM | engine.py:906 Engine run starting with max_epochs=1.
04/01/2026 06:38:08 PM | engine.py:1010 Epoch[1] Complete. Time taken: 00:00:36.439
[Validator] Epoch 65 - val_loss: 0.325019
[BEST CHECKPOINT] Guardado/actualizado en: checkpoints\Mis_modelos\log_mag checkpoints\2stems\best_checkpoint_65_val_loss=-0.3250.pt
04/01/2026 06:38:08 PM | engine.py:1037 Engine run finished. Time taken: 00:00:36.448
[Epoch 65] train_loss=0.318780 | val_loss=0.325019
04/01/2026 06:38:08 PM | engine.py:1010 Epoch[65] Complete. Time taken: 00:01:49.818
04/01/2026 06:39:21 PM | engine.py:906 Engine run starting with max_epochs=1.
04/01/2026 06:39:58 PM | engine.py:1010 Epoch[1] Complete. Time taken: 00:00:36.952
[Validator] Epoch 66 - val_loss: 0.326687
[BEST CHECKPOINT] Guardado/actualizado en: checkpoints\Mis_modelos\log_mag checkpoints\2stems\best_checkpoint_65_val_loss=-0.3250.pt
04/01/2026 06:39:58 PM | engine.py:1037 Engine run finished. Time taken: 00:00:36.953
[Epoch 66] train_loss=0.321678 | val_loss=0.326687
04/01/2026 06:39:58 PM | engine.py:1010 Epoch[66] Complete. Time taken: 00:01:50.463
04/01/2026 06:41:14 PM | engine.py:906 Engine run starting with max_epochs=1.
04/01/2026 06:41:50 PM | engine.py:1010 Epoch[1] Complete. Time taken: 00:00:36.281
[Validator] Epoch 67 - val_loss: 0.326411
[BEST CHECKPOINT] Guardado/actualizado en: checkpoints\Mis_modelos\log_mag checkpoints\2stems\best_checkpoint_65_val_loss=-0.3250.pt
04/01/2026 06:41:50 PM | engine.py:1037 Engine run finished. Time taken: 00:00:36.282
[Epoch 67] train_loss=0.316518 | val_loss=0.326411
04/01/2026 06:41:50 PM | engine.py:1010 Epoch[67] Complete. Time taken: 00:01:51.844
04/01/2026 06:43:03 PM | engine.py:906 Engine run starting with max_epochs=1.
04/01/2026 06:43:39 PM | engine.py:1010 Epoch[1] Complete. Time taken: 00:00:35.216
[Validator] Epoch 68 - val_loss: 0.327095
[BEST CHECKPOINT] Guardado/actualizado en: checkpoints\Mis_modelos\log_mag checkpoints\2stems\best_checkpoint_65_val_loss=-0.3250.pt
04/01/2026 06:43:39 PM | engine.py:1037 Engine run finished. Time taken: 00:00:35.218
[Epoch 68] train_loss=0.316103 | val_loss=0.327095
04/01/2026 06:43:39 PM | engine.py:1010 Epoch[68] Complete. Time taken: 00:01:48.552
04/01/2026 06:44:52 PM | engine.py:906 Engine run starting with max_epochs=1.
04/01/2026 06:45:29 PM | engine.py:1010 Epoch[1] Complete. Time taken: 00:00:37.057
[Validator] Epoch 69 - val_loss: 0.326462
[BEST CHECKPOINT] Guardado/actualizado en: checkpoints\Mis_modelos\log_mag checkpoints\2stems\best_checkpoint_65_val_loss=-0.3250.pt
04/01/2026 06:45:29 PM | engine.py:1037 Engine run finished. Time taken: 00:00:37.058
[Epoch 69] train_loss=0.317489 | val_loss=0.326462
04/01/2026 06:45:29 PM | engine.py:1010 Epoch[69] Complete. Time taken: 00:01:50.572
04/01/2026 06:46:42 PM | engine.py:906 Engine run starting with max_epochs=1.
04/01/2026 06:47:18 PM | engine.py:1010 Epoch[1] Complete. Time taken: 00:00:36.093
[Validator] Epoch 70 - val_loss: 0.328783
[BEST CHECKPOINT] Guardado/actualizado en: checkpoints\Mis_modelos\log_mag checkpoints\2stems\best_checkpoint_65_val_loss=-0.3250.pt
04/01/2026 06:47:18 PM | engine.py:1037 Engine run finished. Time taken: 00:00:36.095
[Epoch 70] train_loss=0.319946 | val_loss=0.328783
04/01/2026 06:47:18 PM | engine.py:1010 Epoch[70] Complete. Time taken: 00:01:49.155
04/01/2026 06:48:32 PM | engine.py:906 Engine run starting with max_epochs=1.
04/01/2026 06:49:09 PM | engine.py:1010 Epoch[1] Complete. Time taken: 00:00:36.976
[Validator] Epoch 71 - val_loss: 0.326254
[BEST CHECKPOINT] Guardado/actualizado en: checkpoints\Mis_modelos\log_mag checkpoints\2stems\best_checkpoint_65_val_loss=-0.3250.pt
04/01/2026 06:49:09 PM | engine.py:1037 Engine run finished. Time taken: 00:00:36.977
[Epoch 71] train_loss=0.319040 | val_loss=0.326254
04/01/2026 06:49:09 PM | engine.py:1010 Epoch[71] Complete. Time taken: 00:01:50.583
04/01/2026 06:50:22 PM | engine.py:906 Engine run starting with max_epochs=1.
04/01/2026 06:50:58 PM | engine.py:1010 Epoch[1] Complete. Time taken: 00:00:36.138
[Validator] Epoch 72 - val_loss: 0.325342
[BEST CHECKPOINT] Guardado/actualizado en: checkpoints\Mis_modelos\log_mag checkpoints\2stems\best_checkpoint_65_val_loss=-0.3250.pt
04/01/2026 06:50:58 PM | engine.py:1037 Engine run finished. Time taken: 00:00:36.140
[Epoch 72] train_loss=0.320390 | val_loss=0.325342
04/01/2026 06:50:58 PM | engine.py:1010 Epoch[72] Complete. Time taken: 00:01:49.143
04/01/2026 06:52:13 PM | engine.py:906 Engine run starting with max_epochs=1.
04/01/2026 06:52:49 PM | engine.py:1010 Epoch[1] Complete. Time taken: 00:00:36.120
[Validator] Epoch 73 - val_loss: 0.325705
[BEST CHECKPOINT] Guardado/actualizado en: checkpoints\Mis_modelos\log_mag checkpoints\2stems\best_checkpoint_65_val_loss=-0.3250.pt
04/01/2026 06:52:49 PM | engine.py:1037 Engine run finished. Time taken: 00:00:36.123
[Epoch 73] train_loss=0.316250 | val_loss=0.325705
04/01/2026 06:52:49 PM | engine.py:1010 Epoch[73] Complete. Time taken: 00:01:50.846
04/01/2026 06:54:02 PM | engine.py:906 Engine run starting with max_epochs=1.
04/01/2026 06:54:38 PM | engine.py:1010 Epoch[1] Complete. Time taken: 00:00:35.951
[Validator] Epoch 74 - val_loss: 0.326258
[BEST CHECKPOINT] Guardado/actualizado en: checkpoints\Mis_modelos\log_mag checkpoints\2stems\best_checkpoint_65_val_loss=-0.3250.pt
04/01/2026 06:54:38 PM | engine.py:1037 Engine run finished. Time taken: 00:00:35.952
[Epoch 74] train_loss=0.317559 | val_loss=0.326258
04/01/2026 06:54:38 PM | engine.py:1010 Epoch[74] Complete. Time taken: 00:01:49.089
04/01/2026 06:55:51 PM | engine.py:906 Engine run starting with max_epochs=1.
04/01/2026 06:56:28 PM | engine.py:1010 Epoch[1] Complete. Time taken: 00:00:36.276
2026-04-01 18:56:28,084 ignite.handlers.early_stopping.EarlyStopping INFO: EarlyStopping: Stop training
04/01/2026 06:56:28 PM | engine.py:648 Terminate signaled. Engine will stop after current iteration is finished.
[Validator] Epoch 75 - val_loss: 0.325192
[BEST CHECKPOINT] Guardado/actualizado en: checkpoints\Mis_modelos\log_mag checkpoints\2stems\best_checkpoint_65_val_loss=-0.3250.pt
04/01/2026 06:56:28 PM | engine.py:1037 Engine run finished. Time taken: 00:00:36.278
[Epoch 75] train_loss=0.316383 | val_loss=0.325192
04/01/2026 06:56:28 PM | engine.py:1037 Engine run finished. Time taken: 02:19:39.075
[LOADING BEST MODEL] Cargando mejor checkpoint desde: checkpoints\Mis_modelos\log_mag checkpoints\2stems\best_checkpoint_65_val_loss=-0.3250.pt
C:\Users\rdpuser\TFG_Identificaci-n-de-voces-e-instrumentos-en-una-obra-musical\pipeline\train.py:326: FutureWarning: You are using `torch.load` with `weights_only=False` (the current default value), which uses the default pickle module implicitly. It is possible to construct malicious pickle data which will execute arbitrary code during unpickling (See https://github.com/pytorch/pytorch/blob/main/SECURITY.md#untrusted-models for more details). In a future release, the default value for `weights_only` will be flipped to `True`. This limits the functions that could be executed during unpickling. Arbitrary objects will no longer be allowed to be loaded via this mode unless they are explicitly allowlisted by the user via `torch.serialization.add_safe_globals`. We recommend you start setting `weights_only=True` for any use case where you don't have full control of the loaded file. Please open an issue on GitHub for any issues related to this experimental feature.
  checkpoint = torch.load(best_checkpoint_path, map_location=device)
