C:\Users\rdpuser\miniconda3\envs\tfg_py310\lib\site-packages\ignite\handlers\checkpoint.py:16: DeprecationWarning: `TorchScript` support for functional optimizers is deprecated and will be removed in a future PyTorch release. Consider using the `torch.compile` optimizer instead.
  from torch.distributed.optim import ZeroRedundancyOptimizer
Usando dispositivo: cuda
Using device: cuda | nf=257 | channels=1 | hidden=50 | stems=4 | loss=logl2
C:\Users\rdpuser\miniconda3\envs\tfg_py310\lib\site-packages\torch\nn\modules\module.py:1326: UserWarning: expandable_segments not supported on this platform (Triggered internally at C:\actions-runner\_work\pytorch\pytorch\builder\windows\pytorch\c10/cuda/CUDAAllocatorConfig.h:28.)
  return t.to(
GA: actual_batch=24 | accum_steps=5 | effective_batch_real=120
04/01/2026 03:07:13 AM | engine.py:906 Engine run starting with max_epochs=100.
C:\Users\rdpuser\miniconda3\envs\tfg_py310\lib\site-packages\ignite\handlers\checkpoint.py:16: DeprecationWarning: `TorchScript` support for functional optimizers is deprecated and will be removed in a future PyTorch release. Consider using the `torch.compile` optimizer instead.
  from torch.distributed.optim import ZeroRedundancyOptimizer
C:\Users\rdpuser\miniconda3\envs\tfg_py310\lib\site-packages\ignite\handlers\checkpoint.py:16: DeprecationWarning: `TorchScript` support for functional optimizers is deprecated and will be removed in a future PyTorch release. Consider using the `torch.compile` optimizer instead.
  from torch.distributed.optim import ZeroRedundancyOptimizer
C:\Users\rdpuser\miniconda3\envs\tfg_py310\lib\site-packages\ignite\handlers\checkpoint.py:16: DeprecationWarning: `TorchScript` support for functional optimizers is deprecated and will be removed in a future PyTorch release. Consider using the `torch.compile` optimizer instead.
  from torch.distributed.optim import ZeroRedundancyOptimizer
C:\Users\rdpuser\miniconda3\envs\tfg_py310\lib\site-packages\ignite\handlers\checkpoint.py:16: DeprecationWarning: `TorchScript` support for functional optimizers is deprecated and will be removed in a future PyTorch release. Consider using the `torch.compile` optimizer instead.
  from torch.distributed.optim import ZeroRedundancyOptimizer
04/01/2026 03:08:25 AM | engine.py:906 Engine run starting with max_epochs=1.
C:\Users\rdpuser\miniconda3\envs\tfg_py310\lib\site-packages\ignite\handlers\checkpoint.py:16: DeprecationWarning: `TorchScript` support for functional optimizers is deprecated and will be removed in a future PyTorch release. Consider using the `torch.compile` optimizer instead.
  from torch.distributed.optim import ZeroRedundancyOptimizer
C:\Users\rdpuser\miniconda3\envs\tfg_py310\lib\site-packages\ignite\handlers\checkpoint.py:16: DeprecationWarning: `TorchScript` support for functional optimizers is deprecated and will be removed in a future PyTorch release. Consider using the `torch.compile` optimizer instead.
  from torch.distributed.optim import ZeroRedundancyOptimizer
C:\Users\rdpuser\miniconda3\envs\tfg_py310\lib\site-packages\ignite\handlers\checkpoint.py:16: DeprecationWarning: `TorchScript` support for functional optimizers is deprecated and will be removed in a future PyTorch release. Consider using the `torch.compile` optimizer instead.
  from torch.distributed.optim import ZeroRedundancyOptimizer
C:\Users\rdpuser\miniconda3\envs\tfg_py310\lib\site-packages\ignite\handlers\checkpoint.py:16: DeprecationWarning: `TorchScript` support for functional optimizers is deprecated and will be removed in a future PyTorch release. Consider using the `torch.compile` optimizer instead.
  from torch.distributed.optim import ZeroRedundancyOptimizer
04/01/2026 03:09:03 AM | engine.py:1010 Epoch[1] Complete. Time taken: 00:00:37.389
Training model with training mixes in: C:\Users\rdpuser\TFG_Identificaci-n-de-voces-e-instrumentos-en-una-obra-musical\datasets\mix_generation\foreground_train
Validating data with validation mixes in: C:\Users\rdpuser\TFG_Identificaci-n-de-voces-e-instrumentos-en-una-obra-musical\datasets\mix_generation\foreground_valid
[DEBUG] Num de sources: 4
pipeline de 4 fuentes
[Validator] Epoch 1 - val_loss: 7.212963
[BEST CHECKPOINT] Guardado/actualizado en: checkpoints\Mis_modelos\logl2 checkpoints\4stems\best_checkpoint_1_val_loss=-7.2130.pt
04/01/2026 03:09:03 AM | engine.py:1037 Engine run finished. Time taken: 00:00:37.823
[Epoch 1] train_loss=6.287151 | val_loss=7.212963
04/01/2026 03:09:03 AM | engine.py:1010 Epoch[1] Complete. Time taken: 00:01:13.100
04/01/2026 03:09:26 AM | engine.py:906 Engine run starting with max_epochs=1.
04/01/2026 03:09:51 AM | engine.py:1010 Epoch[1] Complete. Time taken: 00:00:25.383
[Validator] Epoch 2 - val_loss: 7.209444
[BEST CHECKPOINT] Guardado/actualizado en: checkpoints\Mis_modelos\logl2 checkpoints\4stems\best_checkpoint_2_val_loss=-7.2094.pt
04/01/2026 03:09:51 AM | engine.py:1037 Engine run finished. Time taken: 00:00:25.400
[Epoch 2] train_loss=6.374254 | val_loss=7.209444
04/01/2026 03:09:51 AM | engine.py:1010 Epoch[2] Complete. Time taken: 00:00:48.146
04/01/2026 03:10:13 AM | engine.py:906 Engine run starting with max_epochs=1.
04/01/2026 03:10:38 AM | engine.py:1010 Epoch[1] Complete. Time taken: 00:00:24.970
[Validator] Epoch 3 - val_loss: 7.109901
[BEST CHECKPOINT] Guardado/actualizado en: checkpoints\Mis_modelos\logl2 checkpoints\4stems\best_checkpoint_3_val_loss=-7.1099.pt
04/01/2026 03:10:38 AM | engine.py:1037 Engine run finished. Time taken: 00:00:24.982
[Epoch 3] train_loss=5.700018 | val_loss=7.109901
04/01/2026 03:10:38 AM | engine.py:1010 Epoch[3] Complete. Time taken: 00:00:46.916
04/01/2026 03:11:00 AM | engine.py:906 Engine run starting with max_epochs=1.
04/01/2026 03:11:25 AM | engine.py:1010 Epoch[1] Complete. Time taken: 00:00:25.645
[Validator] Epoch 4 - val_loss: 6.888615
[BEST CHECKPOINT] Guardado/actualizado en: checkpoints\Mis_modelos\logl2 checkpoints\4stems\best_checkpoint_4_val_loss=-6.8886.pt
04/01/2026 03:11:25 AM | engine.py:1037 Engine run finished. Time taken: 00:00:25.659
[Epoch 4] train_loss=5.523666 | val_loss=6.888615
04/01/2026 03:11:25 AM | engine.py:1010 Epoch[4] Complete. Time taken: 00:00:47.112
04/01/2026 03:11:47 AM | engine.py:906 Engine run starting with max_epochs=1.
04/01/2026 03:12:12 AM | engine.py:1010 Epoch[1] Complete. Time taken: 00:00:25.287
[Validator] Epoch 5 - val_loss: 6.456520
[BEST CHECKPOINT] Guardado/actualizado en: checkpoints\Mis_modelos\logl2 checkpoints\4stems\best_checkpoint_5_val_loss=-6.4565.pt
04/01/2026 03:12:12 AM | engine.py:1037 Engine run finished. Time taken: 00:00:25.299
[Epoch 5] train_loss=5.484544 | val_loss=6.456520
04/01/2026 03:12:12 AM | engine.py:1010 Epoch[5] Complete. Time taken: 00:00:46.927
04/01/2026 03:12:33 AM | engine.py:906 Engine run starting with max_epochs=1.
04/01/2026 03:12:59 AM | engine.py:1010 Epoch[1] Complete. Time taken: 00:00:25.906
[Validator] Epoch 6 - val_loss: 5.984166
[BEST CHECKPOINT] Guardado/actualizado en: checkpoints\Mis_modelos\logl2 checkpoints\4stems\best_checkpoint_6_val_loss=-5.9842.pt
04/01/2026 03:12:59 AM | engine.py:1037 Engine run finished. Time taken: 00:00:25.914
[Epoch 6] train_loss=5.421195 | val_loss=5.984166
04/01/2026 03:12:59 AM | engine.py:1010 Epoch[6] Complete. Time taken: 00:00:47.065
04/01/2026 03:13:21 AM | engine.py:906 Engine run starting with max_epochs=1.
04/01/2026 03:13:46 AM | engine.py:1010 Epoch[1] Complete. Time taken: 00:00:25.325
[Validator] Epoch 7 - val_loss: 5.612250
[BEST CHECKPOINT] Guardado/actualizado en: checkpoints\Mis_modelos\logl2 checkpoints\4stems\best_checkpoint_7_val_loss=-5.6122.pt
04/01/2026 03:13:46 AM | engine.py:1037 Engine run finished. Time taken: 00:00:25.336
[Epoch 7] train_loss=5.034102 | val_loss=5.612250
04/01/2026 03:13:46 AM | engine.py:1010 Epoch[7] Complete. Time taken: 00:00:47.229
04/01/2026 03:14:08 AM | engine.py:906 Engine run starting with max_epochs=1.
04/01/2026 03:14:33 AM | engine.py:1010 Epoch[1] Complete. Time taken: 00:00:25.374
[Validator] Epoch 8 - val_loss: 5.290127
[BEST CHECKPOINT] Guardado/actualizado en: checkpoints\Mis_modelos\logl2 checkpoints\4stems\best_checkpoint_8_val_loss=-5.2901.pt
04/01/2026 03:14:33 AM | engine.py:1037 Engine run finished. Time taken: 00:00:25.384
[Epoch 8] train_loss=4.529248 | val_loss=5.290127
04/01/2026 03:14:33 AM | engine.py:1010 Epoch[8] Complete. Time taken: 00:00:46.995
04/01/2026 03:14:55 AM | engine.py:906 Engine run starting with max_epochs=1.
04/01/2026 03:15:21 AM | engine.py:1010 Epoch[1] Complete. Time taken: 00:00:25.644
[Validator] Epoch 9 - val_loss: 5.040763
[BEST CHECKPOINT] Guardado/actualizado en: checkpoints\Mis_modelos\logl2 checkpoints\4stems\best_checkpoint_9_val_loss=-5.0408.pt
04/01/2026 03:15:21 AM | engine.py:1037 Engine run finished. Time taken: 00:00:25.654
[Epoch 9] train_loss=4.525438 | val_loss=5.040763
04/01/2026 03:15:21 AM | engine.py:1010 Epoch[9] Complete. Time taken: 00:00:47.547
04/01/2026 03:15:43 AM | engine.py:906 Engine run starting with max_epochs=1.
04/01/2026 03:16:08 AM | engine.py:1010 Epoch[1] Complete. Time taken: 00:00:25.443
[Validator] Epoch 10 - val_loss: 4.795341
[BEST CHECKPOINT] Guardado/actualizado en: checkpoints\Mis_modelos\logl2 checkpoints\4stems\best_checkpoint_10_val_loss=-4.7953.pt
04/01/2026 03:16:08 AM | engine.py:1037 Engine run finished. Time taken: 00:00:25.453
[Epoch 10] train_loss=4.341889 | val_loss=4.795341
04/01/2026 03:16:08 AM | engine.py:1010 Epoch[10] Complete. Time taken: 00:00:47.110
04/01/2026 03:16:30 AM | engine.py:906 Engine run starting with max_epochs=1.
04/01/2026 03:16:56 AM | engine.py:1010 Epoch[1] Complete. Time taken: 00:00:25.379
[Validator] Epoch 11 - val_loss: 4.603375
[BEST CHECKPOINT] Guardado/actualizado en: checkpoints\Mis_modelos\logl2 checkpoints\4stems\best_checkpoint_11_val_loss=-4.6034.pt
04/01/2026 03:16:56 AM | engine.py:1037 Engine run finished. Time taken: 00:00:25.391
[Epoch 11] train_loss=3.641403 | val_loss=4.603375
04/01/2026 03:16:56 AM | engine.py:1010 Epoch[11] Complete. Time taken: 00:00:47.799
04/01/2026 03:17:18 AM | engine.py:906 Engine run starting with max_epochs=1.
04/01/2026 03:17:43 AM | engine.py:1010 Epoch[1] Complete. Time taken: 00:00:25.648
[Validator] Epoch 12 - val_loss: 4.456050
[BEST CHECKPOINT] Guardado/actualizado en: checkpoints\Mis_modelos\logl2 checkpoints\4stems\best_checkpoint_12_val_loss=-4.4560.pt
04/01/2026 03:17:43 AM | engine.py:1037 Engine run finished. Time taken: 00:00:25.659
[Epoch 12] train_loss=3.967459 | val_loss=4.456050
04/01/2026 03:17:43 AM | engine.py:1010 Epoch[12] Complete. Time taken: 00:00:47.443
04/01/2026 03:18:05 AM | engine.py:906 Engine run starting with max_epochs=1.
04/01/2026 03:18:30 AM | engine.py:1010 Epoch[1] Complete. Time taken: 00:00:25.490
[Validator] Epoch 13 - val_loss: 4.327778
[BEST CHECKPOINT] Guardado/actualizado en: checkpoints\Mis_modelos\logl2 checkpoints\4stems\best_checkpoint_13_val_loss=-4.3278.pt
04/01/2026 03:18:30 AM | engine.py:1037 Engine run finished. Time taken: 00:00:25.501
[Epoch 13] train_loss=3.644239 | val_loss=4.327778
04/01/2026 03:18:30 AM | engine.py:1010 Epoch[13] Complete. Time taken: 00:00:46.958
04/01/2026 03:18:53 AM | engine.py:906 Engine run starting with max_epochs=1.
04/01/2026 03:19:18 AM | engine.py:1010 Epoch[1] Complete. Time taken: 00:00:25.394
[Validator] Epoch 14 - val_loss: 4.220945
[BEST CHECKPOINT] Guardado/actualizado en: checkpoints\Mis_modelos\logl2 checkpoints\4stems\best_checkpoint_14_val_loss=-4.2209.pt
04/01/2026 03:19:18 AM | engine.py:1037 Engine run finished. Time taken: 00:00:25.408
[Epoch 14] train_loss=3.681592 | val_loss=4.220945
04/01/2026 03:19:18 AM | engine.py:1010 Epoch[14] Complete. Time taken: 00:00:47.715
04/01/2026 03:19:40 AM | engine.py:906 Engine run starting with max_epochs=1.
04/01/2026 03:20:05 AM | engine.py:1010 Epoch[1] Complete. Time taken: 00:00:25.488
[Validator] Epoch 15 - val_loss: 4.148037
[BEST CHECKPOINT] Guardado/actualizado en: checkpoints\Mis_modelos\logl2 checkpoints\4stems\best_checkpoint_15_val_loss=-4.1480.pt
04/01/2026 03:20:05 AM | engine.py:1037 Engine run finished. Time taken: 00:00:25.501
[Epoch 15] train_loss=3.473370 | val_loss=4.148037
04/01/2026 03:20:05 AM | engine.py:1010 Epoch[15] Complete. Time taken: 00:00:47.442
04/01/2026 03:20:27 AM | engine.py:906 Engine run starting with max_epochs=1.
04/01/2026 03:20:53 AM | engine.py:1010 Epoch[1] Complete. Time taken: 00:00:25.308
[Validator] Epoch 16 - val_loss: 4.095900
[BEST CHECKPOINT] Guardado/actualizado en: checkpoints\Mis_modelos\logl2 checkpoints\4stems\best_checkpoint_16_val_loss=-4.0959.pt
04/01/2026 03:20:53 AM | engine.py:1037 Engine run finished. Time taken: 00:00:25.319
[Epoch 16] train_loss=3.367496 | val_loss=4.095900
04/01/2026 03:20:53 AM | engine.py:1010 Epoch[16] Complete. Time taken: 00:00:47.387
04/01/2026 03:21:14 AM | engine.py:906 Engine run starting with max_epochs=1.
04/01/2026 03:21:40 AM | engine.py:1010 Epoch[1] Complete. Time taken: 00:00:25.709
[Validator] Epoch 17 - val_loss: 4.058398
[BEST CHECKPOINT] Guardado/actualizado en: checkpoints\Mis_modelos\logl2 checkpoints\4stems\best_checkpoint_17_val_loss=-4.0584.pt
04/01/2026 03:21:40 AM | engine.py:1037 Engine run finished. Time taken: 00:00:25.719
[Epoch 17] train_loss=3.258641 | val_loss=4.058398
04/01/2026 03:21:40 AM | engine.py:1010 Epoch[17] Complete. Time taken: 00:00:47.376
04/01/2026 03:22:02 AM | engine.py:906 Engine run starting with max_epochs=1.
04/01/2026 03:22:27 AM | engine.py:1010 Epoch[1] Complete. Time taken: 00:00:25.415
[Validator] Epoch 18 - val_loss: 4.031866
[BEST CHECKPOINT] Guardado/actualizado en: checkpoints\Mis_modelos\logl2 checkpoints\4stems\best_checkpoint_18_val_loss=-4.0319.pt
04/01/2026 03:22:27 AM | engine.py:1037 Engine run finished. Time taken: 00:00:25.423
[Epoch 18] train_loss=3.141834 | val_loss=4.031866
04/01/2026 03:22:27 AM | engine.py:1010 Epoch[18] Complete. Time taken: 00:00:46.930
04/01/2026 03:22:49 AM | engine.py:906 Engine run starting with max_epochs=1.
04/01/2026 03:23:14 AM | engine.py:1010 Epoch[1] Complete. Time taken: 00:00:25.372
[Validator] Epoch 19 - val_loss: 4.013942
[BEST CHECKPOINT] Guardado/actualizado en: checkpoints\Mis_modelos\logl2 checkpoints\4stems\best_checkpoint_19_val_loss=-4.0139.pt
04/01/2026 03:23:14 AM | engine.py:1037 Engine run finished. Time taken: 00:00:25.384
[Epoch 19] train_loss=3.207034 | val_loss=4.013942
04/01/2026 03:23:14 AM | engine.py:1010 Epoch[19] Complete. Time taken: 00:00:46.951
04/01/2026 03:23:36 AM | engine.py:906 Engine run starting with max_epochs=1.
04/01/2026 03:24:01 AM | engine.py:1010 Epoch[1] Complete. Time taken: 00:00:25.161
[Validator] Epoch 20 - val_loss: 3.996553
[BEST CHECKPOINT] Guardado/actualizado en: checkpoints\Mis_modelos\logl2 checkpoints\4stems\best_checkpoint_20_val_loss=-3.9966.pt
04/01/2026 03:24:01 AM | engine.py:1037 Engine run finished. Time taken: 00:00:25.170
[Epoch 20] train_loss=3.317893 | val_loss=3.996553
04/01/2026 03:24:01 AM | engine.py:1010 Epoch[20] Complete. Time taken: 00:00:47.171
04/01/2026 03:24:23 AM | engine.py:906 Engine run starting with max_epochs=1.
04/01/2026 03:24:49 AM | engine.py:1010 Epoch[1] Complete. Time taken: 00:00:25.661
[Validator] Epoch 21 - val_loss: 3.981617
[BEST CHECKPOINT] Guardado/actualizado en: checkpoints\Mis_modelos\logl2 checkpoints\4stems\best_checkpoint_21_val_loss=-3.9816.pt
04/01/2026 03:24:49 AM | engine.py:1037 Engine run finished. Time taken: 00:00:25.671
[Epoch 21] train_loss=3.328816 | val_loss=3.981617
04/01/2026 03:24:49 AM | engine.py:1010 Epoch[21] Complete. Time taken: 00:00:47.716
04/01/2026 03:25:10 AM | engine.py:906 Engine run starting with max_epochs=1.
04/01/2026 03:25:37 AM | engine.py:1010 Epoch[1] Complete. Time taken: 00:00:26.250
[Validator] Epoch 22 - val_loss: 3.969596
[BEST CHECKPOINT] Guardado/actualizado en: checkpoints\Mis_modelos\logl2 checkpoints\4stems\best_checkpoint_22_val_loss=-3.9696.pt
04/01/2026 03:25:37 AM | engine.py:1037 Engine run finished. Time taken: 00:00:26.260
[Epoch 22] train_loss=3.360724 | val_loss=3.969596
04/01/2026 03:25:37 AM | engine.py:1010 Epoch[22] Complete. Time taken: 00:00:47.789
04/01/2026 03:25:59 AM | engine.py:906 Engine run starting with max_epochs=1.
04/01/2026 03:26:24 AM | engine.py:1010 Epoch[1] Complete. Time taken: 00:00:25.459
[Validator] Epoch 23 - val_loss: 3.959766
[BEST CHECKPOINT] Guardado/actualizado en: checkpoints\Mis_modelos\logl2 checkpoints\4stems\best_checkpoint_23_val_loss=-3.9598.pt
04/01/2026 03:26:24 AM | engine.py:1037 Engine run finished. Time taken: 00:00:25.471
[Epoch 23] train_loss=3.723604 | val_loss=3.959766
04/01/2026 03:26:24 AM | engine.py:1010 Epoch[23] Complete. Time taken: 00:00:47.426
04/01/2026 03:26:46 AM | engine.py:906 Engine run starting with max_epochs=1.
04/01/2026 03:27:11 AM | engine.py:1010 Epoch[1] Complete. Time taken: 00:00:25.406
[Validator] Epoch 24 - val_loss: 3.950144
[BEST CHECKPOINT] Guardado/actualizado en: checkpoints\Mis_modelos\logl2 checkpoints\4stems\best_checkpoint_24_val_loss=-3.9501.pt
04/01/2026 03:27:11 AM | engine.py:1037 Engine run finished. Time taken: 00:00:25.417
[Epoch 24] train_loss=3.549528 | val_loss=3.950144
04/01/2026 03:27:11 AM | engine.py:1010 Epoch[24] Complete. Time taken: 00:00:47.320
04/01/2026 03:27:33 AM | engine.py:906 Engine run starting with max_epochs=1.
04/01/2026 03:27:59 AM | engine.py:1010 Epoch[1] Complete. Time taken: 00:00:25.987
[Validator] Epoch 25 - val_loss: 3.942886
[BEST CHECKPOINT] Guardado/actualizado en: checkpoints\Mis_modelos\logl2 checkpoints\4stems\best_checkpoint_25_val_loss=-3.9429.pt
04/01/2026 03:27:59 AM | engine.py:1037 Engine run finished. Time taken: 00:00:25.998
[Epoch 25] train_loss=3.294983 | val_loss=3.942886
04/01/2026 03:27:59 AM | engine.py:1010 Epoch[25] Complete. Time taken: 00:00:47.284
04/01/2026 03:28:21 AM | engine.py:906 Engine run starting with max_epochs=1.
04/01/2026 03:28:46 AM | engine.py:1010 Epoch[1] Complete. Time taken: 00:00:25.216
[Validator] Epoch 26 - val_loss: 3.937063
[BEST CHECKPOINT] Guardado/actualizado en: checkpoints\Mis_modelos\logl2 checkpoints\4stems\best_checkpoint_26_val_loss=-3.9371.pt
04/01/2026 03:28:46 AM | engine.py:1037 Engine run finished. Time taken: 00:00:25.227
[Epoch 26] train_loss=3.308056 | val_loss=3.937063
04/01/2026 03:28:46 AM | engine.py:1010 Epoch[26] Complete. Time taken: 00:00:47.751
04/01/2026 03:29:08 AM | engine.py:906 Engine run starting with max_epochs=1.
04/01/2026 03:29:34 AM | engine.py:1010 Epoch[1] Complete. Time taken: 00:00:25.905
[Validator] Epoch 27 - val_loss: 3.930177
[BEST CHECKPOINT] Guardado/actualizado en: checkpoints\Mis_modelos\logl2 checkpoints\4stems\best_checkpoint_27_val_loss=-3.9302.pt
04/01/2026 03:29:34 AM | engine.py:1037 Engine run finished. Time taken: 00:00:25.915
[Epoch 27] train_loss=3.246266 | val_loss=3.930177
04/01/2026 03:29:34 AM | engine.py:1010 Epoch[27] Complete. Time taken: 00:00:47.624
04/01/2026 03:29:56 AM | engine.py:906 Engine run starting with max_epochs=1.
04/01/2026 03:30:21 AM | engine.py:1010 Epoch[1] Complete. Time taken: 00:00:25.370
[Validator] Epoch 28 - val_loss: 3.926966
[BEST CHECKPOINT] Guardado/actualizado en: checkpoints\Mis_modelos\logl2 checkpoints\4stems\best_checkpoint_28_val_loss=-3.9270.pt
04/01/2026 03:30:21 AM | engine.py:1037 Engine run finished. Time taken: 00:00:25.381
[Epoch 28] train_loss=3.112155 | val_loss=3.926966
04/01/2026 03:30:21 AM | engine.py:1010 Epoch[28] Complete. Time taken: 00:00:46.863
04/01/2026 03:30:43 AM | engine.py:906 Engine run starting with max_epochs=1.
04/01/2026 03:31:08 AM | engine.py:1010 Epoch[1] Complete. Time taken: 00:00:25.176
[Validator] Epoch 29 - val_loss: 3.923706
[BEST CHECKPOINT] Guardado/actualizado en: checkpoints\Mis_modelos\logl2 checkpoints\4stems\best_checkpoint_29_val_loss=-3.9237.pt
04/01/2026 03:31:08 AM | engine.py:1037 Engine run finished. Time taken: 00:00:25.188
[Epoch 29] train_loss=3.020458 | val_loss=3.923706
04/01/2026 03:31:08 AM | engine.py:1010 Epoch[29] Complete. Time taken: 00:00:46.769
04/01/2026 03:31:29 AM | engine.py:906 Engine run starting with max_epochs=1.
04/01/2026 03:31:55 AM | engine.py:1010 Epoch[1] Complete. Time taken: 00:00:25.304
[Validator] Epoch 30 - val_loss: 3.916025
[BEST CHECKPOINT] Guardado/actualizado en: checkpoints\Mis_modelos\logl2 checkpoints\4stems\best_checkpoint_30_val_loss=-3.9160.pt
04/01/2026 03:31:55 AM | engine.py:1037 Engine run finished. Time taken: 00:00:25.315
[Epoch 30] train_loss=3.481980 | val_loss=3.916025
04/01/2026 03:31:55 AM | engine.py:1010 Epoch[30] Complete. Time taken: 00:00:46.964
04/01/2026 03:32:17 AM | engine.py:906 Engine run starting with max_epochs=1.
04/01/2026 03:32:42 AM | engine.py:1010 Epoch[1] Complete. Time taken: 00:00:25.065
[Validator] Epoch 31 - val_loss: 3.907928
[BEST CHECKPOINT] Guardado/actualizado en: checkpoints\Mis_modelos\logl2 checkpoints\4stems\best_checkpoint_31_val_loss=-3.9079.pt
04/01/2026 03:32:42 AM | engine.py:1037 Engine run finished. Time taken: 00:00:25.074
[Epoch 31] train_loss=3.474235 | val_loss=3.907928
04/01/2026 03:32:42 AM | engine.py:1010 Epoch[31] Complete. Time taken: 00:00:46.976
04/01/2026 03:33:04 AM | engine.py:906 Engine run starting with max_epochs=1.
04/01/2026 03:33:30 AM | engine.py:1010 Epoch[1] Complete. Time taken: 00:00:25.814
[Validator] Epoch 32 - val_loss: 3.900844
[BEST CHECKPOINT] Guardado/actualizado en: checkpoints\Mis_modelos\logl2 checkpoints\4stems\best_checkpoint_32_val_loss=-3.9008.pt
04/01/2026 03:33:30 AM | engine.py:1037 Engine run finished. Time taken: 00:00:25.829
[Epoch 32] train_loss=3.240622 | val_loss=3.900844
04/01/2026 03:33:30 AM | engine.py:1010 Epoch[32] Complete. Time taken: 00:00:48.144
04/01/2026 03:33:51 AM | engine.py:906 Engine run starting with max_epochs=1.
04/01/2026 03:34:17 AM | engine.py:1010 Epoch[1] Complete. Time taken: 00:00:25.561
[Validator] Epoch 33 - val_loss: 3.889177
[BEST CHECKPOINT] Guardado/actualizado en: checkpoints\Mis_modelos\logl2 checkpoints\4stems\best_checkpoint_33_val_loss=-3.8892.pt
04/01/2026 03:34:17 AM | engine.py:1037 Engine run finished. Time taken: 00:00:25.572
[Epoch 33] train_loss=3.388389 | val_loss=3.889177
04/01/2026 03:34:17 AM | engine.py:1010 Epoch[33] Complete. Time taken: 00:00:47.190
04/01/2026 03:34:39 AM | engine.py:906 Engine run starting with max_epochs=1.
04/01/2026 03:35:05 AM | engine.py:1010 Epoch[1] Complete. Time taken: 00:00:26.213
[Validator] Epoch 34 - val_loss: 3.878134
[BEST CHECKPOINT] Guardado/actualizado en: checkpoints\Mis_modelos\logl2 checkpoints\4stems\best_checkpoint_34_val_loss=-3.8781.pt
04/01/2026 03:35:05 AM | engine.py:1037 Engine run finished. Time taken: 00:00:26.227
[Epoch 34] train_loss=3.095841 | val_loss=3.878134
04/01/2026 03:35:05 AM | engine.py:1010 Epoch[34] Complete. Time taken: 00:00:48.044
04/01/2026 03:35:27 AM | engine.py:906 Engine run starting with max_epochs=1.
04/01/2026 03:35:53 AM | engine.py:1010 Epoch[1] Complete. Time taken: 00:00:25.964
[Validator] Epoch 35 - val_loss: 3.866373
[BEST CHECKPOINT] Guardado/actualizado en: checkpoints\Mis_modelos\logl2 checkpoints\4stems\best_checkpoint_35_val_loss=-3.8664.pt
04/01/2026 03:35:53 AM | engine.py:1037 Engine run finished. Time taken: 00:00:25.979
[Epoch 35] train_loss=3.312789 | val_loss=3.866373
04/01/2026 03:35:53 AM | engine.py:1010 Epoch[35] Complete. Time taken: 00:00:48.087
04/01/2026 03:36:15 AM | engine.py:906 Engine run starting with max_epochs=1.
04/01/2026 03:36:41 AM | engine.py:1010 Epoch[1] Complete. Time taken: 00:00:26.298
[Validator] Epoch 36 - val_loss: 3.858136
[BEST CHECKPOINT] Guardado/actualizado en: checkpoints\Mis_modelos\logl2 checkpoints\4stems\best_checkpoint_36_val_loss=-3.8581.pt
04/01/2026 03:36:41 AM | engine.py:1037 Engine run finished. Time taken: 00:00:26.309
[Epoch 36] train_loss=3.664017 | val_loss=3.858136
04/01/2026 03:36:41 AM | engine.py:1010 Epoch[36] Complete. Time taken: 00:00:48.124
04/01/2026 03:37:03 AM | engine.py:906 Engine run starting with max_epochs=1.
04/01/2026 03:37:28 AM | engine.py:1010 Epoch[1] Complete. Time taken: 00:00:25.508
[Validator] Epoch 37 - val_loss: 3.850197
[BEST CHECKPOINT] Guardado/actualizado en: checkpoints\Mis_modelos\logl2 checkpoints\4stems\best_checkpoint_37_val_loss=-3.8502.pt
04/01/2026 03:37:28 AM | engine.py:1037 Engine run finished. Time taken: 00:00:25.517
[Epoch 37] train_loss=3.254177 | val_loss=3.850197
04/01/2026 03:37:28 AM | engine.py:1010 Epoch[37] Complete. Time taken: 00:00:46.765
04/01/2026 03:37:50 AM | engine.py:906 Engine run starting with max_epochs=1.
04/01/2026 03:38:16 AM | engine.py:1010 Epoch[1] Complete. Time taken: 00:00:25.494
[Validator] Epoch 38 - val_loss: 3.846495
[BEST CHECKPOINT] Guardado/actualizado en: checkpoints\Mis_modelos\logl2 checkpoints\4stems\best_checkpoint_38_val_loss=-3.8465.pt
04/01/2026 03:38:16 AM | engine.py:1037 Engine run finished. Time taken: 00:00:25.506
[Epoch 38] train_loss=3.160707 | val_loss=3.846495
04/01/2026 03:38:16 AM | engine.py:1010 Epoch[38] Complete. Time taken: 00:00:47.805
04/01/2026 03:38:38 AM | engine.py:906 Engine run starting with max_epochs=1.
04/01/2026 03:39:03 AM | engine.py:1010 Epoch[1] Complete. Time taken: 00:00:25.701
[Validator] Epoch 39 - val_loss: 3.843931
[BEST CHECKPOINT] Guardado/actualizado en: checkpoints\Mis_modelos\logl2 checkpoints\4stems\best_checkpoint_39_val_loss=-3.8439.pt
04/01/2026 03:39:03 AM | engine.py:1037 Engine run finished. Time taken: 00:00:25.711
[Epoch 39] train_loss=3.385837 | val_loss=3.843931
04/01/2026 03:39:03 AM | engine.py:1010 Epoch[39] Complete. Time taken: 00:00:47.530
04/01/2026 03:39:26 AM | engine.py:906 Engine run starting with max_epochs=1.
04/01/2026 03:39:51 AM | engine.py:1010 Epoch[1] Complete. Time taken: 00:00:25.643
[Validator] Epoch 40 - val_loss: 3.841856
[BEST CHECKPOINT] Guardado/actualizado en: checkpoints\Mis_modelos\logl2 checkpoints\4stems\best_checkpoint_40_val_loss=-3.8419.pt
04/01/2026 03:39:51 AM | engine.py:1037 Engine run finished. Time taken: 00:00:25.656
[Epoch 40] train_loss=3.422857 | val_loss=3.841856
04/01/2026 03:39:51 AM | engine.py:1010 Epoch[40] Complete. Time taken: 00:00:47.814
04/01/2026 03:40:13 AM | engine.py:906 Engine run starting with max_epochs=1.
04/01/2026 03:40:39 AM | engine.py:1010 Epoch[1] Complete. Time taken: 00:00:25.159
[Validator] Epoch 41 - val_loss: 3.840616
[BEST CHECKPOINT] Guardado/actualizado en: checkpoints\Mis_modelos\logl2 checkpoints\4stems\best_checkpoint_41_val_loss=-3.8406.pt
04/01/2026 03:40:39 AM | engine.py:1037 Engine run finished. Time taken: 00:00:25.171
[Epoch 41] train_loss=3.078108 | val_loss=3.840616
04/01/2026 03:40:39 AM | engine.py:1010 Epoch[41] Complete. Time taken: 00:00:47.336
04/01/2026 03:41:00 AM | engine.py:906 Engine run starting with max_epochs=1.
04/01/2026 03:41:25 AM | engine.py:1010 Epoch[1] Complete. Time taken: 00:00:25.811
[Validator] Epoch 42 - val_loss: 3.843672
[BEST CHECKPOINT] Guardado/actualizado en: checkpoints\Mis_modelos\logl2 checkpoints\4stems\best_checkpoint_41_val_loss=-3.8406.pt
04/01/2026 03:41:25 AM | engine.py:1037 Engine run finished. Time taken: 00:00:25.815
[Epoch 42] train_loss=3.462300 | val_loss=3.843672
04/01/2026 03:41:25 AM | engine.py:1010 Epoch[42] Complete. Time taken: 00:00:46.825
04/01/2026 03:41:47 AM | engine.py:906 Engine run starting with max_epochs=1.
04/01/2026 03:42:12 AM | engine.py:1010 Epoch[1] Complete. Time taken: 00:00:24.860
[Validator] Epoch 43 - val_loss: 3.843064
[BEST CHECKPOINT] Guardado/actualizado en: checkpoints\Mis_modelos\logl2 checkpoints\4stems\best_checkpoint_41_val_loss=-3.8406.pt
04/01/2026 03:42:12 AM | engine.py:1037 Engine run finished. Time taken: 00:00:24.860
[Epoch 43] train_loss=3.225542 | val_loss=3.843064
04/01/2026 03:42:12 AM | engine.py:1010 Epoch[43] Complete. Time taken: 00:00:46.445
04/01/2026 03:42:34 AM | engine.py:906 Engine run starting with max_epochs=1.
04/01/2026 03:42:59 AM | engine.py:1010 Epoch[1] Complete. Time taken: 00:00:25.942
[Validator] Epoch 44 - val_loss: 3.837000
[BEST CHECKPOINT] Guardado/actualizado en: checkpoints\Mis_modelos\logl2 checkpoints\4stems\best_checkpoint_44_val_loss=-3.8370.pt
04/01/2026 03:42:59 AM | engine.py:1037 Engine run finished. Time taken: 00:00:25.953
[Epoch 44] train_loss=3.547860 | val_loss=3.837000
04/01/2026 03:42:59 AM | engine.py:1010 Epoch[44] Complete. Time taken: 00:00:47.656
04/01/2026 03:43:22 AM | engine.py:906 Engine run starting with max_epochs=1.
04/01/2026 03:43:47 AM | engine.py:1010 Epoch[1] Complete. Time taken: 00:00:25.337
[Validator] Epoch 45 - val_loss: 3.830156
[BEST CHECKPOINT] Guardado/actualizado en: checkpoints\Mis_modelos\logl2 checkpoints\4stems\best_checkpoint_45_val_loss=-3.8302.pt
04/01/2026 03:43:47 AM | engine.py:1037 Engine run finished. Time taken: 00:00:25.348
[Epoch 45] train_loss=3.077336 | val_loss=3.830156
04/01/2026 03:43:47 AM | engine.py:1010 Epoch[45] Complete. Time taken: 00:00:47.815
04/01/2026 03:44:09 AM | engine.py:906 Engine run starting with max_epochs=1.
04/01/2026 03:44:34 AM | engine.py:1010 Epoch[1] Complete. Time taken: 00:00:25.289
[Validator] Epoch 46 - val_loss: 3.822422
[BEST CHECKPOINT] Guardado/actualizado en: checkpoints\Mis_modelos\logl2 checkpoints\4stems\best_checkpoint_46_val_loss=-3.8224.pt
04/01/2026 03:44:34 AM | engine.py:1037 Engine run finished. Time taken: 00:00:25.298
[Epoch 46] train_loss=3.136049 | val_loss=3.822422
04/01/2026 03:44:34 AM | engine.py:1010 Epoch[46] Complete. Time taken: 00:00:47.096
04/01/2026 03:44:56 AM | engine.py:906 Engine run starting with max_epochs=1.
04/01/2026 03:45:21 AM | engine.py:1010 Epoch[1] Complete. Time taken: 00:00:25.375
[Validator] Epoch 47 - val_loss: 3.813007
[BEST CHECKPOINT] Guardado/actualizado en: checkpoints\Mis_modelos\logl2 checkpoints\4stems\best_checkpoint_47_val_loss=-3.8130.pt
04/01/2026 03:45:21 AM | engine.py:1037 Engine run finished. Time taken: 00:00:25.389
[Epoch 47] train_loss=2.964036 | val_loss=3.813007
04/01/2026 03:45:21 AM | engine.py:1010 Epoch[47] Complete. Time taken: 00:00:46.642
04/01/2026 03:45:42 AM | engine.py:906 Engine run starting with max_epochs=1.
04/01/2026 03:46:08 AM | engine.py:1010 Epoch[1] Complete. Time taken: 00:00:25.620
[Validator] Epoch 48 - val_loss: 3.802145
[BEST CHECKPOINT] Guardado/actualizado en: checkpoints\Mis_modelos\logl2 checkpoints\4stems\best_checkpoint_48_val_loss=-3.8021.pt
04/01/2026 03:46:08 AM | engine.py:1037 Engine run finished. Time taken: 00:00:25.632
[Epoch 48] train_loss=3.015525 | val_loss=3.802145
04/01/2026 03:46:08 AM | engine.py:1010 Epoch[48] Complete. Time taken: 00:00:47.077
04/01/2026 03:46:30 AM | engine.py:906 Engine run starting with max_epochs=1.
04/01/2026 03:46:55 AM | engine.py:1010 Epoch[1] Complete. Time taken: 00:00:25.215
[Validator] Epoch 49 - val_loss: 3.790044
[BEST CHECKPOINT] Guardado/actualizado en: checkpoints\Mis_modelos\logl2 checkpoints\4stems\best_checkpoint_49_val_loss=-3.7900.pt
04/01/2026 03:46:55 AM | engine.py:1037 Engine run finished. Time taken: 00:00:25.226
[Epoch 49] train_loss=3.160277 | val_loss=3.790044
04/01/2026 03:46:55 AM | engine.py:1010 Epoch[49] Complete. Time taken: 00:00:47.018
04/01/2026 03:47:17 AM | engine.py:906 Engine run starting with max_epochs=1.
04/01/2026 03:47:42 AM | engine.py:1010 Epoch[1] Complete. Time taken: 00:00:25.569
[Validator] Epoch 50 - val_loss: 3.780767
[BEST CHECKPOINT] Guardado/actualizado en: checkpoints\Mis_modelos\logl2 checkpoints\4stems\best_checkpoint_50_val_loss=-3.7808.pt
04/01/2026 03:47:42 AM | engine.py:1037 Engine run finished. Time taken: 00:00:25.580
[Epoch 50] train_loss=3.259979 | val_loss=3.780767
04/01/2026 03:47:42 AM | engine.py:1010 Epoch[50] Complete. Time taken: 00:00:47.330
04/01/2026 03:48:04 AM | engine.py:906 Engine run starting with max_epochs=1.
04/01/2026 03:48:29 AM | engine.py:1010 Epoch[1] Complete. Time taken: 00:00:25.065
[Validator] Epoch 51 - val_loss: 3.769505
[BEST CHECKPOINT] Guardado/actualizado en: checkpoints\Mis_modelos\logl2 checkpoints\4stems\best_checkpoint_51_val_loss=-3.7695.pt
04/01/2026 03:48:29 AM | engine.py:1037 Engine run finished. Time taken: 00:00:25.076
[Epoch 51] train_loss=3.247410 | val_loss=3.769505
04/01/2026 03:48:29 AM | engine.py:1010 Epoch[51] Complete. Time taken: 00:00:46.974
04/01/2026 03:48:51 AM | engine.py:906 Engine run starting with max_epochs=1.
04/01/2026 03:49:17 AM | engine.py:1010 Epoch[1] Complete. Time taken: 00:00:26.147
[Validator] Epoch 52 - val_loss: 3.762959
[BEST CHECKPOINT] Guardado/actualizado en: checkpoints\Mis_modelos\logl2 checkpoints\4stems\best_checkpoint_52_val_loss=-3.7630.pt
04/01/2026 03:49:17 AM | engine.py:1037 Engine run finished. Time taken: 00:00:26.156
[Epoch 52] train_loss=3.167903 | val_loss=3.762959
04/01/2026 03:49:17 AM | engine.py:1010 Epoch[52] Complete. Time taken: 00:00:47.571
04/01/2026 03:49:39 AM | engine.py:906 Engine run starting with max_epochs=1.
04/01/2026 03:50:04 AM | engine.py:1010 Epoch[1] Complete. Time taken: 00:00:25.446
[Validator] Epoch 53 - val_loss: 3.754579
[BEST CHECKPOINT] Guardado/actualizado en: checkpoints\Mis_modelos\logl2 checkpoints\4stems\best_checkpoint_53_val_loss=-3.7546.pt
04/01/2026 03:50:04 AM | engine.py:1037 Engine run finished. Time taken: 00:00:25.457
[Epoch 53] train_loss=2.877102 | val_loss=3.754579
04/01/2026 03:50:04 AM | engine.py:1010 Epoch[53] Complete. Time taken: 00:00:47.001
04/01/2026 03:50:26 AM | engine.py:906 Engine run starting with max_epochs=1.
04/01/2026 03:50:51 AM | engine.py:1010 Epoch[1] Complete. Time taken: 00:00:25.240
[Validator] Epoch 54 - val_loss: 3.745853
[BEST CHECKPOINT] Guardado/actualizado en: checkpoints\Mis_modelos\logl2 checkpoints\4stems\best_checkpoint_54_val_loss=-3.7459.pt
04/01/2026 03:50:51 AM | engine.py:1037 Engine run finished. Time taken: 00:00:25.252
[Epoch 54] train_loss=3.229891 | val_loss=3.745853
04/01/2026 03:50:51 AM | engine.py:1010 Epoch[54] Complete. Time taken: 00:00:47.361
04/01/2026 03:51:14 AM | engine.py:906 Engine run starting with max_epochs=1.
04/01/2026 03:51:39 AM | engine.py:1010 Epoch[1] Complete. Time taken: 00:00:25.298
[Validator] Epoch 55 - val_loss: 3.735574
[BEST CHECKPOINT] Guardado/actualizado en: checkpoints\Mis_modelos\logl2 checkpoints\4stems\best_checkpoint_55_val_loss=-3.7356.pt
04/01/2026 03:51:39 AM | engine.py:1037 Engine run finished. Time taken: 00:00:25.308
[Epoch 55] train_loss=3.197914 | val_loss=3.735574
04/01/2026 03:51:39 AM | engine.py:1010 Epoch[55] Complete. Time taken: 00:00:47.467
04/01/2026 03:52:00 AM | engine.py:906 Engine run starting with max_epochs=1.
04/01/2026 03:52:25 AM | engine.py:1010 Epoch[1] Complete. Time taken: 00:00:25.220
[Validator] Epoch 56 - val_loss: 3.722388
[BEST CHECKPOINT] Guardado/actualizado en: checkpoints\Mis_modelos\logl2 checkpoints\4stems\best_checkpoint_56_val_loss=-3.7224.pt
04/01/2026 03:52:25 AM | engine.py:1037 Engine run finished. Time taken: 00:00:25.231
[Epoch 56] train_loss=3.165890 | val_loss=3.722388
04/01/2026 03:52:25 AM | engine.py:1010 Epoch[56] Complete. Time taken: 00:00:46.379
04/01/2026 03:52:47 AM | engine.py:906 Engine run starting with max_epochs=1.
04/01/2026 03:53:13 AM | engine.py:1010 Epoch[1] Complete. Time taken: 00:00:25.372
[Validator] Epoch 57 - val_loss: 3.713098
[BEST CHECKPOINT] Guardado/actualizado en: checkpoints\Mis_modelos\logl2 checkpoints\4stems\best_checkpoint_57_val_loss=-3.7131.pt
04/01/2026 03:53:13 AM | engine.py:1037 Engine run finished. Time taken: 00:00:25.382
[Epoch 57] train_loss=3.000197 | val_loss=3.713098
04/01/2026 03:53:13 AM | engine.py:1010 Epoch[57] Complete. Time taken: 00:00:47.441
04/01/2026 03:53:35 AM | engine.py:906 Engine run starting with max_epochs=1.
04/01/2026 03:54:00 AM | engine.py:1010 Epoch[1] Complete. Time taken: 00:00:25.143
[Validator] Epoch 58 - val_loss: 3.706695
[BEST CHECKPOINT] Guardado/actualizado en: checkpoints\Mis_modelos\logl2 checkpoints\4stems\best_checkpoint_58_val_loss=-3.7067.pt
04/01/2026 03:54:00 AM | engine.py:1037 Engine run finished. Time taken: 00:00:25.154
[Epoch 58] train_loss=3.007496 | val_loss=3.706695
04/01/2026 03:54:00 AM | engine.py:1010 Epoch[58] Complete. Time taken: 00:00:47.214
04/01/2026 03:54:22 AM | engine.py:906 Engine run starting with max_epochs=1.
04/01/2026 03:54:47 AM | engine.py:1010 Epoch[1] Complete. Time taken: 00:00:25.086
[Validator] Epoch 59 - val_loss: 3.704646
[BEST CHECKPOINT] Guardado/actualizado en: checkpoints\Mis_modelos\logl2 checkpoints\4stems\best_checkpoint_59_val_loss=-3.7046.pt
04/01/2026 03:54:47 AM | engine.py:1037 Engine run finished. Time taken: 00:00:25.097
[Epoch 59] train_loss=3.047586 | val_loss=3.704646
04/01/2026 03:54:47 AM | engine.py:1010 Epoch[59] Complete. Time taken: 00:00:47.032
04/01/2026 03:55:09 AM | engine.py:906 Engine run starting with max_epochs=1.
04/01/2026 03:55:34 AM | engine.py:1010 Epoch[1] Complete. Time taken: 00:00:25.242
[Validator] Epoch 60 - val_loss: 3.705564
[BEST CHECKPOINT] Guardado/actualizado en: checkpoints\Mis_modelos\logl2 checkpoints\4stems\best_checkpoint_59_val_loss=-3.7046.pt
04/01/2026 03:55:34 AM | engine.py:1037 Engine run finished. Time taken: 00:00:25.244
[Epoch 60] train_loss=3.084550 | val_loss=3.705564
04/01/2026 03:55:34 AM | engine.py:1010 Epoch[60] Complete. Time taken: 00:00:46.898
04/01/2026 03:55:55 AM | engine.py:906 Engine run starting with max_epochs=1.
04/01/2026 03:56:21 AM | engine.py:1010 Epoch[1] Complete. Time taken: 00:00:25.516
[Validator] Epoch 61 - val_loss: 3.705789
[BEST CHECKPOINT] Guardado/actualizado en: checkpoints\Mis_modelos\logl2 checkpoints\4stems\best_checkpoint_59_val_loss=-3.7046.pt
04/01/2026 03:56:21 AM | engine.py:1037 Engine run finished. Time taken: 00:00:25.517
[Epoch 61] train_loss=2.963502 | val_loss=3.705789
04/01/2026 03:56:21 AM | engine.py:1010 Epoch[61] Complete. Time taken: 00:00:47.019
04/01/2026 03:56:42 AM | engine.py:906 Engine run starting with max_epochs=1.
04/01/2026 03:57:08 AM | engine.py:1010 Epoch[1] Complete. Time taken: 00:00:25.483
[Validator] Epoch 62 - val_loss: 3.691726
[BEST CHECKPOINT] Guardado/actualizado en: checkpoints\Mis_modelos\logl2 checkpoints\4stems\best_checkpoint_62_val_loss=-3.6917.pt
04/01/2026 03:57:08 AM | engine.py:1037 Engine run finished. Time taken: 00:00:25.492
[Epoch 62] train_loss=3.403997 | val_loss=3.691726
04/01/2026 03:57:08 AM | engine.py:1010 Epoch[62] Complete. Time taken: 00:00:46.887
04/01/2026 03:57:29 AM | engine.py:906 Engine run starting with max_epochs=1.
04/01/2026 03:57:55 AM | engine.py:1010 Epoch[1] Complete. Time taken: 00:00:25.776
[Validator] Epoch 63 - val_loss: 3.676233
[BEST CHECKPOINT] Guardado/actualizado en: checkpoints\Mis_modelos\logl2 checkpoints\4stems\best_checkpoint_63_val_loss=-3.6762.pt
04/01/2026 03:57:55 AM | engine.py:1037 Engine run finished. Time taken: 00:00:25.789
[Epoch 63] train_loss=2.985042 | val_loss=3.676233
04/01/2026 03:57:55 AM | engine.py:1010 Epoch[63] Complete. Time taken: 00:00:47.584
04/01/2026 03:58:17 AM | engine.py:906 Engine run starting with max_epochs=1.
04/01/2026 03:58:43 AM | engine.py:1010 Epoch[1] Complete. Time taken: 00:00:25.567
[Validator] Epoch 64 - val_loss: 3.656554
[BEST CHECKPOINT] Guardado/actualizado en: checkpoints\Mis_modelos\logl2 checkpoints\4stems\best_checkpoint_64_val_loss=-3.6566.pt
04/01/2026 03:58:43 AM | engine.py:1037 Engine run finished. Time taken: 00:00:25.578
[Epoch 64] train_loss=3.320124 | val_loss=3.656554
04/01/2026 03:58:43 AM | engine.py:1010 Epoch[64] Complete. Time taken: 00:00:47.688
04/01/2026 03:59:05 AM | engine.py:906 Engine run starting with max_epochs=1.
04/01/2026 03:59:30 AM | engine.py:1010 Epoch[1] Complete. Time taken: 00:00:25.216
[Validator] Epoch 65 - val_loss: 3.638653
[BEST CHECKPOINT] Guardado/actualizado en: checkpoints\Mis_modelos\logl2 checkpoints\4stems\best_checkpoint_65_val_loss=-3.6387.pt
04/01/2026 03:59:30 AM | engine.py:1037 Engine run finished. Time taken: 00:00:25.227
[Epoch 65] train_loss=2.806557 | val_loss=3.638653
04/01/2026 03:59:30 AM | engine.py:1010 Epoch[65] Complete. Time taken: 00:00:47.268
04/01/2026 03:59:52 AM | engine.py:906 Engine run starting with max_epochs=1.
04/01/2026 04:00:18 AM | engine.py:1010 Epoch[1] Complete. Time taken: 00:00:25.385
[Validator] Epoch 66 - val_loss: 3.614345
[BEST CHECKPOINT] Guardado/actualizado en: checkpoints\Mis_modelos\logl2 checkpoints\4stems\best_checkpoint_66_val_loss=-3.6143.pt
04/01/2026 04:00:18 AM | engine.py:1037 Engine run finished. Time taken: 00:00:25.394
[Epoch 66] train_loss=3.000075 | val_loss=3.614345
04/01/2026 04:00:18 AM | engine.py:1010 Epoch[66] Complete. Time taken: 00:00:47.299
04/01/2026 04:00:39 AM | engine.py:906 Engine run starting with max_epochs=1.
04/01/2026 04:01:05 AM | engine.py:1010 Epoch[1] Complete. Time taken: 00:00:25.326
[Validator] Epoch 67 - val_loss: 3.602512
[BEST CHECKPOINT] Guardado/actualizado en: checkpoints\Mis_modelos\logl2 checkpoints\4stems\best_checkpoint_67_val_loss=-3.6025.pt
04/01/2026 04:01:05 AM | engine.py:1037 Engine run finished. Time taken: 00:00:25.337
[Epoch 67] train_loss=2.895435 | val_loss=3.602512
04/01/2026 04:01:05 AM | engine.py:1010 Epoch[67] Complete. Time taken: 00:00:47.190
04/01/2026 04:01:26 AM | engine.py:906 Engine run starting with max_epochs=1.
04/01/2026 04:01:52 AM | engine.py:1010 Epoch[1] Complete. Time taken: 00:00:25.765
[Validator] Epoch 68 - val_loss: 3.588787
[BEST CHECKPOINT] Guardado/actualizado en: checkpoints\Mis_modelos\logl2 checkpoints\4stems\best_checkpoint_68_val_loss=-3.5888.pt
04/01/2026 04:01:52 AM | engine.py:1037 Engine run finished. Time taken: 00:00:25.776
[Epoch 68] train_loss=3.160960 | val_loss=3.588787
04/01/2026 04:01:52 AM | engine.py:1010 Epoch[68] Complete. Time taken: 00:00:47.029
04/01/2026 04:02:14 AM | engine.py:906 Engine run starting with max_epochs=1.
04/01/2026 04:02:39 AM | engine.py:1010 Epoch[1] Complete. Time taken: 00:00:25.428
[Validator] Epoch 69 - val_loss: 3.575396
[BEST CHECKPOINT] Guardado/actualizado en: checkpoints\Mis_modelos\logl2 checkpoints\4stems\best_checkpoint_69_val_loss=-3.5754.pt
04/01/2026 04:02:39 AM | engine.py:1037 Engine run finished. Time taken: 00:00:25.438
[Epoch 69] train_loss=2.772209 | val_loss=3.575396
04/01/2026 04:02:39 AM | engine.py:1010 Epoch[69] Complete. Time taken: 00:00:47.256
04/01/2026 04:03:01 AM | engine.py:906 Engine run starting with max_epochs=1.
04/01/2026 04:03:26 AM | engine.py:1010 Epoch[1] Complete. Time taken: 00:00:25.185
[Validator] Epoch 70 - val_loss: 3.555673
[BEST CHECKPOINT] Guardado/actualizado en: checkpoints\Mis_modelos\logl2 checkpoints\4stems\best_checkpoint_70_val_loss=-3.5557.pt
04/01/2026 04:03:26 AM | engine.py:1037 Engine run finished. Time taken: 00:00:25.197
[Epoch 70] train_loss=3.045013 | val_loss=3.555673
04/01/2026 04:03:26 AM | engine.py:1010 Epoch[70] Complete. Time taken: 00:00:47.116
04/01/2026 04:03:48 AM | engine.py:906 Engine run starting with max_epochs=1.
04/01/2026 04:04:14 AM | engine.py:1010 Epoch[1] Complete. Time taken: 00:00:25.801
[Validator] Epoch 71 - val_loss: 3.540708
[BEST CHECKPOINT] Guardado/actualizado en: checkpoints\Mis_modelos\logl2 checkpoints\4stems\best_checkpoint_71_val_loss=-3.5407.pt
04/01/2026 04:04:14 AM | engine.py:1037 Engine run finished. Time taken: 00:00:25.812
[Epoch 71] train_loss=2.592106 | val_loss=3.540708
04/01/2026 04:04:14 AM | engine.py:1010 Epoch[71] Complete. Time taken: 00:00:47.441
04/01/2026 04:04:35 AM | engine.py:906 Engine run starting with max_epochs=1.
04/01/2026 04:05:01 AM | engine.py:1010 Epoch[1] Complete. Time taken: 00:00:25.172
[Validator] Epoch 72 - val_loss: 3.529069
[BEST CHECKPOINT] Guardado/actualizado en: checkpoints\Mis_modelos\logl2 checkpoints\4stems\best_checkpoint_72_val_loss=-3.5291.pt
04/01/2026 04:05:01 AM | engine.py:1037 Engine run finished. Time taken: 00:00:25.185
[Epoch 72] train_loss=2.418665 | val_loss=3.529069
04/01/2026 04:05:01 AM | engine.py:1010 Epoch[72] Complete. Time taken: 00:00:46.966
04/01/2026 04:05:23 AM | engine.py:906 Engine run starting with max_epochs=1.
04/01/2026 04:05:48 AM | engine.py:1010 Epoch[1] Complete. Time taken: 00:00:25.029
[Validator] Epoch 73 - val_loss: 3.519202
[BEST CHECKPOINT] Guardado/actualizado en: checkpoints\Mis_modelos\logl2 checkpoints\4stems\best_checkpoint_73_val_loss=-3.5192.pt
04/01/2026 04:05:48 AM | engine.py:1037 Engine run finished. Time taken: 00:00:25.043
[Epoch 73] train_loss=2.756206 | val_loss=3.519202
04/01/2026 04:05:48 AM | engine.py:1010 Epoch[73] Complete. Time taken: 00:00:47.710
04/01/2026 04:06:10 AM | engine.py:906 Engine run starting with max_epochs=1.
04/01/2026 04:06:35 AM | engine.py:1010 Epoch[1] Complete. Time taken: 00:00:25.464
[Validator] Epoch 74 - val_loss: 3.497404
[BEST CHECKPOINT] Guardado/actualizado en: checkpoints\Mis_modelos\logl2 checkpoints\4stems\best_checkpoint_74_val_loss=-3.4974.pt
04/01/2026 04:06:35 AM | engine.py:1037 Engine run finished. Time taken: 00:00:25.476
[Epoch 74] train_loss=2.632873 | val_loss=3.497404
04/01/2026 04:06:35 AM | engine.py:1010 Epoch[74] Complete. Time taken: 00:00:46.991
04/01/2026 04:06:57 AM | engine.py:906 Engine run starting with max_epochs=1.
04/01/2026 04:07:21 AM | engine.py:1010 Epoch[1] Complete. Time taken: 00:00:24.791
[Validator] Epoch 75 - val_loss: 3.491905
[BEST CHECKPOINT] Guardado/actualizado en: checkpoints\Mis_modelos\logl2 checkpoints\4stems\best_checkpoint_75_val_loss=-3.4919.pt
04/01/2026 04:07:21 AM | engine.py:1037 Engine run finished. Time taken: 00:00:24.802
[Epoch 75] train_loss=3.146842 | val_loss=3.491905
04/01/2026 04:07:21 AM | engine.py:1010 Epoch[75] Complete. Time taken: 00:00:46.218
04/01/2026 04:07:43 AM | engine.py:906 Engine run starting with max_epochs=1.
04/01/2026 04:08:09 AM | engine.py:1010 Epoch[1] Complete. Time taken: 00:00:25.216
[Validator] Epoch 76 - val_loss: 3.486982
[BEST CHECKPOINT] Guardado/actualizado en: checkpoints\Mis_modelos\logl2 checkpoints\4stems\best_checkpoint_76_val_loss=-3.4870.pt
04/01/2026 04:08:09 AM | engine.py:1037 Engine run finished. Time taken: 00:00:25.227
[Epoch 76] train_loss=2.767633 | val_loss=3.486982
04/01/2026 04:08:09 AM | engine.py:1010 Epoch[76] Complete. Time taken: 00:00:47.282
04/01/2026 04:08:30 AM | engine.py:906 Engine run starting with max_epochs=1.
04/01/2026 04:08:56 AM | engine.py:1010 Epoch[1] Complete. Time taken: 00:00:25.120
[Validator] Epoch 77 - val_loss: 3.461877
[BEST CHECKPOINT] Guardado/actualizado en: checkpoints\Mis_modelos\logl2 checkpoints\4stems\best_checkpoint_77_val_loss=-3.4619.pt
04/01/2026 04:08:56 AM | engine.py:1037 Engine run finished. Time taken: 00:00:25.130
[Epoch 77] train_loss=3.061814 | val_loss=3.461877
04/01/2026 04:08:56 AM | engine.py:1010 Epoch[77] Complete. Time taken: 00:00:46.803
04/01/2026 04:09:17 AM | engine.py:906 Engine run starting with max_epochs=1.
04/01/2026 04:09:42 AM | engine.py:1010 Epoch[1] Complete. Time taken: 00:00:25.268
[Validator] Epoch 78 - val_loss: 3.436305
[BEST CHECKPOINT] Guardado/actualizado en: checkpoints\Mis_modelos\logl2 checkpoints\4stems\best_checkpoint_78_val_loss=-3.4363.pt
04/01/2026 04:09:42 AM | engine.py:1037 Engine run finished. Time taken: 00:00:25.279
[Epoch 78] train_loss=2.953522 | val_loss=3.436305
04/01/2026 04:09:42 AM | engine.py:1010 Epoch[78] Complete. Time taken: 00:00:46.940
04/01/2026 04:10:04 AM | engine.py:906 Engine run starting with max_epochs=1.
04/01/2026 04:10:30 AM | engine.py:1010 Epoch[1] Complete. Time taken: 00:00:25.807
[Validator] Epoch 79 - val_loss: 3.414897
[BEST CHECKPOINT] Guardado/actualizado en: checkpoints\Mis_modelos\logl2 checkpoints\4stems\best_checkpoint_79_val_loss=-3.4149.pt
04/01/2026 04:10:30 AM | engine.py:1037 Engine run finished. Time taken: 00:00:25.818
[Epoch 79] train_loss=3.004712 | val_loss=3.414897
04/01/2026 04:10:30 AM | engine.py:1010 Epoch[79] Complete. Time taken: 00:00:47.723
04/01/2026 04:10:53 AM | engine.py:906 Engine run starting with max_epochs=1.
04/01/2026 04:11:18 AM | engine.py:1010 Epoch[1] Complete. Time taken: 00:00:25.117
[Validator] Epoch 80 - val_loss: 3.383436
[BEST CHECKPOINT] Guardado/actualizado en: checkpoints\Mis_modelos\logl2 checkpoints\4stems\best_checkpoint_80_val_loss=-3.3834.pt
04/01/2026 04:11:18 AM | engine.py:1037 Engine run finished. Time taken: 00:00:25.128
[Epoch 80] train_loss=2.872080 | val_loss=3.383436
04/01/2026 04:11:18 AM | engine.py:1010 Epoch[80] Complete. Time taken: 00:00:47.501
04/01/2026 04:11:39 AM | engine.py:906 Engine run starting with max_epochs=1.
04/01/2026 04:12:05 AM | engine.py:1010 Epoch[1] Complete. Time taken: 00:00:25.313
[Validator] Epoch 81 - val_loss: 3.363463
[BEST CHECKPOINT] Guardado/actualizado en: checkpoints\Mis_modelos\logl2 checkpoints\4stems\best_checkpoint_81_val_loss=-3.3635.pt
04/01/2026 04:12:05 AM | engine.py:1037 Engine run finished. Time taken: 00:00:25.322
[Epoch 81] train_loss=2.861367 | val_loss=3.363463
04/01/2026 04:12:05 AM | engine.py:1010 Epoch[81] Complete. Time taken: 00:00:46.841
04/01/2026 04:12:27 AM | engine.py:906 Engine run starting with max_epochs=1.
04/01/2026 04:12:51 AM | engine.py:1010 Epoch[1] Complete. Time taken: 00:00:24.926
[Validator] Epoch 82 - val_loss: 3.347094
[BEST CHECKPOINT] Guardado/actualizado en: checkpoints\Mis_modelos\logl2 checkpoints\4stems\best_checkpoint_82_val_loss=-3.3471.pt
04/01/2026 04:12:51 AM | engine.py:1037 Engine run finished. Time taken: 00:00:24.936
[Epoch 82] train_loss=2.835206 | val_loss=3.347094
04/01/2026 04:12:51 AM | engine.py:1010 Epoch[82] Complete. Time taken: 00:00:46.944
04/01/2026 04:13:13 AM | engine.py:906 Engine run starting with max_epochs=1.
04/01/2026 04:13:38 AM | engine.py:1010 Epoch[1] Complete. Time taken: 00:00:25.215
[Validator] Epoch 83 - val_loss: 3.329321
[BEST CHECKPOINT] Guardado/actualizado en: checkpoints\Mis_modelos\logl2 checkpoints\4stems\best_checkpoint_83_val_loss=-3.3293.pt
04/01/2026 04:13:38 AM | engine.py:1037 Engine run finished. Time taken: 00:00:25.226
[Epoch 83] train_loss=2.685141 | val_loss=3.329321
04/01/2026 04:13:38 AM | engine.py:1010 Epoch[83] Complete. Time taken: 00:00:46.692
04/01/2026 04:14:00 AM | engine.py:906 Engine run starting with max_epochs=1.
04/01/2026 04:14:26 AM | engine.py:1010 Epoch[1] Complete. Time taken: 00:00:25.556
[Validator] Epoch 84 - val_loss: 3.298515
[BEST CHECKPOINT] Guardado/actualizado en: checkpoints\Mis_modelos\logl2 checkpoints\4stems\best_checkpoint_84_val_loss=-3.2985.pt
04/01/2026 04:14:26 AM | engine.py:1037 Engine run finished. Time taken: 00:00:25.571
[Epoch 84] train_loss=2.794915 | val_loss=3.298515
04/01/2026 04:14:26 AM | engine.py:1010 Epoch[84] Complete. Time taken: 00:00:47.381
04/01/2026 04:14:47 AM | engine.py:906 Engine run starting with max_epochs=1.
04/01/2026 04:15:13 AM | engine.py:1010 Epoch[1] Complete. Time taken: 00:00:25.209
[Validator] Epoch 85 - val_loss: 3.278348
[BEST CHECKPOINT] Guardado/actualizado en: checkpoints\Mis_modelos\logl2 checkpoints\4stems\best_checkpoint_85_val_loss=-3.2783.pt
04/01/2026 04:15:13 AM | engine.py:1037 Engine run finished. Time taken: 00:00:25.219
[Epoch 85] train_loss=2.820035 | val_loss=3.278348
04/01/2026 04:15:13 AM | engine.py:1010 Epoch[85] Complete. Time taken: 00:00:47.126
04/01/2026 04:15:35 AM | engine.py:906 Engine run starting with max_epochs=1.
04/01/2026 04:16:01 AM | engine.py:1010 Epoch[1] Complete. Time taken: 00:00:25.154
[Validator] Epoch 86 - val_loss: 3.256990
[BEST CHECKPOINT] Guardado/actualizado en: checkpoints\Mis_modelos\logl2 checkpoints\4stems\best_checkpoint_86_val_loss=-3.2570.pt
04/01/2026 04:16:01 AM | engine.py:1037 Engine run finished. Time taken: 00:00:25.164
[Epoch 86] train_loss=2.869369 | val_loss=3.256990
04/01/2026 04:16:01 AM | engine.py:1010 Epoch[86] Complete. Time taken: 00:00:47.871
04/01/2026 04:16:22 AM | engine.py:906 Engine run starting with max_epochs=1.
04/01/2026 04:16:48 AM | engine.py:1010 Epoch[1] Complete. Time taken: 00:00:25.377
[Validator] Epoch 87 - val_loss: 3.244899
[BEST CHECKPOINT] Guardado/actualizado en: checkpoints\Mis_modelos\logl2 checkpoints\4stems\best_checkpoint_87_val_loss=-3.2449.pt
04/01/2026 04:16:48 AM | engine.py:1037 Engine run finished. Time taken: 00:00:25.387
[Epoch 87] train_loss=2.578075 | val_loss=3.244899
04/01/2026 04:16:48 AM | engine.py:1010 Epoch[87] Complete. Time taken: 00:00:47.256
04/01/2026 04:17:10 AM | engine.py:906 Engine run starting with max_epochs=1.
04/01/2026 04:17:36 AM | engine.py:1010 Epoch[1] Complete. Time taken: 00:00:25.443
[Validator] Epoch 88 - val_loss: 3.231133
[BEST CHECKPOINT] Guardado/actualizado en: checkpoints\Mis_modelos\logl2 checkpoints\4stems\best_checkpoint_88_val_loss=-3.2311.pt
04/01/2026 04:17:36 AM | engine.py:1037 Engine run finished. Time taken: 00:00:25.455
[Epoch 88] train_loss=2.834026 | val_loss=3.231133
04/01/2026 04:17:36 AM | engine.py:1010 Epoch[88] Complete. Time taken: 00:00:47.898
04/01/2026 04:17:57 AM | engine.py:906 Engine run starting with max_epochs=1.
04/01/2026 04:18:22 AM | engine.py:1010 Epoch[1] Complete. Time taken: 00:00:25.515
[Validator] Epoch 89 - val_loss: 3.219913
[BEST CHECKPOINT] Guardado/actualizado en: checkpoints\Mis_modelos\logl2 checkpoints\4stems\best_checkpoint_89_val_loss=-3.2199.pt
04/01/2026 04:18:22 AM | engine.py:1037 Engine run finished. Time taken: 00:00:25.525
[Epoch 89] train_loss=2.459720 | val_loss=3.219913
04/01/2026 04:18:22 AM | engine.py:1010 Epoch[89] Complete. Time taken: 00:00:46.487
04/01/2026 04:18:44 AM | engine.py:906 Engine run starting with max_epochs=1.
04/01/2026 04:19:09 AM | engine.py:1010 Epoch[1] Complete. Time taken: 00:00:25.226
[Validator] Epoch 90 - val_loss: 3.215223
[BEST CHECKPOINT] Guardado/actualizado en: checkpoints\Mis_modelos\logl2 checkpoints\4stems\best_checkpoint_90_val_loss=-3.2152.pt
04/01/2026 04:19:09 AM | engine.py:1037 Engine run finished. Time taken: 00:00:25.234
[Epoch 90] train_loss=2.310426 | val_loss=3.215223
04/01/2026 04:19:09 AM | engine.py:1010 Epoch[90] Complete. Time taken: 00:00:46.813
04/01/2026 04:19:31 AM | engine.py:906 Engine run starting with max_epochs=1.
04/01/2026 04:19:56 AM | engine.py:1010 Epoch[1] Complete. Time taken: 00:00:25.280
[Validator] Epoch 91 - val_loss: 3.203740
[BEST CHECKPOINT] Guardado/actualizado en: checkpoints\Mis_modelos\logl2 checkpoints\4stems\best_checkpoint_91_val_loss=-3.2037.pt
04/01/2026 04:19:56 AM | engine.py:1037 Engine run finished. Time taken: 00:00:25.290
[Epoch 91] train_loss=2.567259 | val_loss=3.203740
04/01/2026 04:19:56 AM | engine.py:1010 Epoch[91] Complete. Time taken: 00:00:46.947
04/01/2026 04:20:18 AM | engine.py:906 Engine run starting with max_epochs=1.
04/01/2026 04:20:43 AM | engine.py:1010 Epoch[1] Complete. Time taken: 00:00:25.226
[Validator] Epoch 92 - val_loss: 3.186289
[BEST CHECKPOINT] Guardado/actualizado en: checkpoints\Mis_modelos\logl2 checkpoints\4stems\best_checkpoint_92_val_loss=-3.1863.pt
04/01/2026 04:20:43 AM | engine.py:1037 Engine run finished. Time taken: 00:00:25.238
[Epoch 92] train_loss=2.567467 | val_loss=3.186289
04/01/2026 04:20:43 AM | engine.py:1010 Epoch[92] Complete. Time taken: 00:00:47.183
04/01/2026 04:21:05 AM | engine.py:906 Engine run starting with max_epochs=1.
04/01/2026 04:21:31 AM | engine.py:1010 Epoch[1] Complete. Time taken: 00:00:25.851
[Validator] Epoch 93 - val_loss: 3.180265
[BEST CHECKPOINT] Guardado/actualizado en: checkpoints\Mis_modelos\logl2 checkpoints\4stems\best_checkpoint_93_val_loss=-3.1803.pt
04/01/2026 04:21:31 AM | engine.py:1037 Engine run finished. Time taken: 00:00:25.862
[Epoch 93] train_loss=2.616917 | val_loss=3.180265
04/01/2026 04:21:31 AM | engine.py:1010 Epoch[93] Complete. Time taken: 00:00:47.949
04/01/2026 04:21:53 AM | engine.py:906 Engine run starting with max_epochs=1.
04/01/2026 04:22:18 AM | engine.py:1010 Epoch[1] Complete. Time taken: 00:00:25.074
[Validator] Epoch 94 - val_loss: 3.161158
[BEST CHECKPOINT] Guardado/actualizado en: checkpoints\Mis_modelos\logl2 checkpoints\4stems\best_checkpoint_94_val_loss=-3.1612.pt
04/01/2026 04:22:18 AM | engine.py:1037 Engine run finished. Time taken: 00:00:25.086
[Epoch 94] train_loss=2.548438 | val_loss=3.161158
04/01/2026 04:22:18 AM | engine.py:1010 Epoch[94] Complete. Time taken: 00:00:46.875
04/01/2026 04:22:40 AM | engine.py:906 Engine run starting with max_epochs=1.
04/01/2026 04:23:05 AM | engine.py:1010 Epoch[1] Complete. Time taken: 00:00:25.373
[Validator] Epoch 95 - val_loss: 3.142060
[BEST CHECKPOINT] Guardado/actualizado en: checkpoints\Mis_modelos\logl2 checkpoints\4stems\best_checkpoint_95_val_loss=-3.1421.pt
04/01/2026 04:23:05 AM | engine.py:1037 Engine run finished. Time taken: 00:00:25.383
[Epoch 95] train_loss=2.507734 | val_loss=3.142060
04/01/2026 04:23:05 AM | engine.py:1010 Epoch[95] Complete. Time taken: 00:00:47.191
04/01/2026 04:23:27 AM | engine.py:906 Engine run starting with max_epochs=1.
04/01/2026 04:23:53 AM | engine.py:1010 Epoch[1] Complete. Time taken: 00:00:25.645
[Validator] Epoch 96 - val_loss: 3.121383
[BEST CHECKPOINT] Guardado/actualizado en: checkpoints\Mis_modelos\logl2 checkpoints\4stems\best_checkpoint_96_val_loss=-3.1214.pt
04/01/2026 04:23:53 AM | engine.py:1037 Engine run finished. Time taken: 00:00:25.655
[Epoch 96] train_loss=2.807089 | val_loss=3.121383
04/01/2026 04:23:53 AM | engine.py:1010 Epoch[96] Complete. Time taken: 00:00:47.593
04/01/2026 04:24:14 AM | engine.py:906 Engine run starting with max_epochs=1.
04/01/2026 04:24:39 AM | engine.py:1010 Epoch[1] Complete. Time taken: 00:00:24.889
[Validator] Epoch 97 - val_loss: 3.100048
[BEST CHECKPOINT] Guardado/actualizado en: checkpoints\Mis_modelos\logl2 checkpoints\4stems\best_checkpoint_97_val_loss=-3.1000.pt
04/01/2026 04:24:39 AM | engine.py:1037 Engine run finished. Time taken: 00:00:24.901
[Epoch 97] train_loss=2.562451 | val_loss=3.100048
04/01/2026 04:24:39 AM | engine.py:1010 Epoch[97] Complete. Time taken: 00:00:46.521
04/01/2026 04:25:01 AM | engine.py:906 Engine run starting with max_epochs=1.
04/01/2026 04:25:26 AM | engine.py:1010 Epoch[1] Complete. Time taken: 00:00:25.276
[Validator] Epoch 98 - val_loss: 3.089856
[BEST CHECKPOINT] Guardado/actualizado en: checkpoints\Mis_modelos\logl2 checkpoints\4stems\best_checkpoint_98_val_loss=-3.0899.pt
04/01/2026 04:25:26 AM | engine.py:1037 Engine run finished. Time taken: 00:00:25.289
[Epoch 98] train_loss=2.400257 | val_loss=3.089856
04/01/2026 04:25:26 AM | engine.py:1010 Epoch[98] Complete. Time taken: 00:00:47.241
04/01/2026 04:25:48 AM | engine.py:906 Engine run starting with max_epochs=1.
04/01/2026 04:26:13 AM | engine.py:1010 Epoch[1] Complete. Time taken: 00:00:25.130
[Validator] Epoch 99 - val_loss: 3.075543
[BEST CHECKPOINT] Guardado/actualizado en: checkpoints\Mis_modelos\logl2 checkpoints\4stems\best_checkpoint_99_val_loss=-3.0755.pt
04/01/2026 04:26:13 AM | engine.py:1037 Engine run finished. Time taken: 00:00:25.141
[Epoch 99] train_loss=2.281885 | val_loss=3.075543
04/01/2026 04:26:13 AM | engine.py:1010 Epoch[99] Complete. Time taken: 00:00:46.559
04/01/2026 04:26:34 AM | engine.py:906 Engine run starting with max_epochs=1.
04/01/2026 04:27:00 AM | engine.py:1010 Epoch[1] Complete. Time taken: 00:00:25.799
[Validator] Epoch 100 - val_loss: 3.065585
[BEST CHECKPOINT] Guardado/actualizado en: checkpoints\Mis_modelos\logl2 checkpoints\4stems\best_checkpoint_100_val_loss=-3.0656.pt
04/01/2026 04:27:00 AM | engine.py:1037 Engine run finished. Time taken: 00:00:25.808
[Epoch 100] train_loss=2.669145 | val_loss=3.065585
04/01/2026 04:27:00 AM | engine.py:1010 Epoch[100] Complete. Time taken: 00:00:46.632
04/01/2026 04:27:00 AM | engine.py:1037 Engine run finished. Time taken: 01:19:47.175
[LOADING BEST MODEL] Cargando mejor checkpoint desde: checkpoints\Mis_modelos\logl2 checkpoints\4stems\best_checkpoint_100_val_loss=-3.0656.pt
C:\Users\rdpuser\TFG_Identificaci-n-de-voces-e-instrumentos-en-una-obra-musical\pipeline\train.py:326: FutureWarning: You are using `torch.load` with `weights_only=False` (the current default value), which uses the default pickle module implicitly. It is possible to construct malicious pickle data which will execute arbitrary code during unpickling (See https://github.com/pytorch/pytorch/blob/main/SECURITY.md#untrusted-models for more details). In a future release, the default value for `weights_only` will be flipped to `True`. This limits the functions that could be executed during unpickling. Arbitrary objects will no longer be allowed to be loaded via this mode unless they are explicitly allowlisted by the user via `torch.serialization.add_safe_globals`. We recommend you start setting `weights_only=True` for any use case where you don't have full control of the loaded file. Please open an issue on GitHub for any issues related to this experimental feature.
  checkpoint = torch.load(best_checkpoint_path, map_location=device)
