C:\Users\rdpuser\miniconda3\envs\tfg_py310\lib\site-packages\ignite\handlers\checkpoint.py:16: DeprecationWarning: `TorchScript` support for functional optimizers is deprecated and will be removed in a future PyTorch release. Consider using the `torch.compile` optimizer instead.
  from torch.distributed.optim import ZeroRedundancyOptimizer
Usando dispositivo: cuda
Using device: cuda | nf=257 | channels=1 | hidden=50 | stems=2 | loss=deep_feature_emd
GA: actual_batch=100 | accum_steps=1 | effective_batch_real=100
04/06/2026 01:21:49 PM | engine.py:906 Engine run starting with max_epochs=100.
C:\Users\rdpuser\miniconda3\envs\tfg_py310\lib\site-packages\ignite\handlers\checkpoint.py:16: DeprecationWarning: `TorchScript` support for functional optimizers is deprecated and will be removed in a future PyTorch release. Consider using the `torch.compile` optimizer instead.
  from torch.distributed.optim import ZeroRedundancyOptimizer
C:\Users\rdpuser\miniconda3\envs\tfg_py310\lib\site-packages\torch\nn\modules\module.py:1326: UserWarning: expandable_segments not supported on this platform (Triggered internally at C:\actions-runner\_work\pytorch\pytorch\builder\windows\pytorch\c10/cuda/CUDAAllocatorConfig.h:28.)
  return t.to(
C:\Users\rdpuser\miniconda3\envs\tfg_py310\lib\site-packages\ignite\handlers\checkpoint.py:16: DeprecationWarning: `TorchScript` support for functional optimizers is deprecated and will be removed in a future PyTorch release. Consider using the `torch.compile` optimizer instead.
  from torch.distributed.optim import ZeroRedundancyOptimizer
C:\Users\rdpuser\miniconda3\envs\tfg_py310\lib\site-packages\torch\nn\modules\module.py:1326: UserWarning: expandable_segments not supported on this platform (Triggered internally at C:\actions-runner\_work\pytorch\pytorch\builder\windows\pytorch\c10/cuda/CUDAAllocatorConfig.h:28.)
  return t.to(
C:\Users\rdpuser\miniconda3\envs\tfg_py310\lib\site-packages\ignite\handlers\checkpoint.py:16: DeprecationWarning: `TorchScript` support for functional optimizers is deprecated and will be removed in a future PyTorch release. Consider using the `torch.compile` optimizer instead.
  from torch.distributed.optim import ZeroRedundancyOptimizer
C:\Users\rdpuser\miniconda3\envs\tfg_py310\lib\site-packages\torch\nn\modules\module.py:1326: UserWarning: expandable_segments not supported on this platform (Triggered internally at C:\actions-runner\_work\pytorch\pytorch\builder\windows\pytorch\c10/cuda/CUDAAllocatorConfig.h:28.)
  return t.to(
C:\Users\rdpuser\miniconda3\envs\tfg_py310\lib\site-packages\ignite\handlers\checkpoint.py:16: DeprecationWarning: `TorchScript` support for functional optimizers is deprecated and will be removed in a future PyTorch release. Consider using the `torch.compile` optimizer instead.
  from torch.distributed.optim import ZeroRedundancyOptimizer
C:\Users\rdpuser\miniconda3\envs\tfg_py310\lib\site-packages\torch\nn\modules\module.py:1326: UserWarning: expandable_segments not supported on this platform (Triggered internally at C:\actions-runner\_work\pytorch\pytorch\builder\windows\pytorch\c10/cuda/CUDAAllocatorConfig.h:28.)
  return t.to(
04/06/2026 01:22:34 PM | engine.py:906 Engine run starting with max_epochs=1.
C:\Users\rdpuser\miniconda3\envs\tfg_py310\lib\site-packages\ignite\handlers\checkpoint.py:16: DeprecationWarning: `TorchScript` support for functional optimizers is deprecated and will be removed in a future PyTorch release. Consider using the `torch.compile` optimizer instead.
  from torch.distributed.optim import ZeroRedundancyOptimizer
C:\Users\rdpuser\miniconda3\envs\tfg_py310\lib\site-packages\ignite\handlers\checkpoint.py:16: DeprecationWarning: `TorchScript` support for functional optimizers is deprecated and will be removed in a future PyTorch release. Consider using the `torch.compile` optimizer instead.
  from torch.distributed.optim import ZeroRedundancyOptimizer
C:\Users\rdpuser\miniconda3\envs\tfg_py310\lib\site-packages\ignite\handlers\checkpoint.py:16: DeprecationWarning: `TorchScript` support for functional optimizers is deprecated and will be removed in a future PyTorch release. Consider using the `torch.compile` optimizer instead.
  from torch.distributed.optim import ZeroRedundancyOptimizer
C:\Users\rdpuser\miniconda3\envs\tfg_py310\lib\site-packages\ignite\handlers\checkpoint.py:16: DeprecationWarning: `TorchScript` support for functional optimizers is deprecated and will be removed in a future PyTorch release. Consider using the `torch.compile` optimizer instead.
  from torch.distributed.optim import ZeroRedundancyOptimizer
C:\Users\rdpuser\miniconda3\envs\tfg_py310\lib\site-packages\torch\nn\modules\module.py:1326: UserWarning: expandable_segments not supported on this platform (Triggered internally at C:\actions-runner\_work\pytorch\pytorch\builder\windows\pytorch\c10/cuda/CUDAAllocatorConfig.h:28.)
  return t.to(
C:\Users\rdpuser\miniconda3\envs\tfg_py310\lib\site-packages\torch\nn\modules\module.py:1326: UserWarning: expandable_segments not supported on this platform (Triggered internally at C:\actions-runner\_work\pytorch\pytorch\builder\windows\pytorch\c10/cuda/CUDAAllocatorConfig.h:28.)
  return t.to(
C:\Users\rdpuser\miniconda3\envs\tfg_py310\lib\site-packages\torch\nn\modules\module.py:1326: UserWarning: expandable_segments not supported on this platform (Triggered internally at C:\actions-runner\_work\pytorch\pytorch\builder\windows\pytorch\c10/cuda/CUDAAllocatorConfig.h:28.)
  return t.to(
C:\Users\rdpuser\miniconda3\envs\tfg_py310\lib\site-packages\torch\nn\modules\module.py:1326: UserWarning: expandable_segments not supported on this platform (Triggered internally at C:\actions-runner\_work\pytorch\pytorch\builder\windows\pytorch\c10/cuda/CUDAAllocatorConfig.h:28.)
  return t.to(
04/06/2026 01:23:02 PM | engine.py:1010 Epoch[1] Complete. Time taken: 00:00:27.877
Training model with training mixes in: C:\Users\rdpuser\TFG_Identificaci-n-de-voces-e-instrumentos-en-una-obra-musical\datasets\mix_generation\foreground_train
Validating data with validation mixes in: C:\Users\rdpuser\TFG_Identificaci-n-de-voces-e-instrumentos-en-una-obra-musical\datasets\mix_generation\foreground_valid
[DEBUG] Num de sources: 2
pipeline de 2 fuentes
0.047814369201660156 GB allocated
0.068359375 GB reserved
0.0648188591003418 GB allocated
1.251953125 GB reserved
0.0648188591003418 GB allocated
1.251953125 GB reserved
0.0648188591003418 GB allocated
1.251953125 GB reserved
0.0648188591003418 GB allocated
1.251953125 GB reserved
0.0648188591003418 GB allocated
1.251953125 GB reserved
0.0648188591003418 GB allocated
1.251953125 GB reserved
0.0648188591003418 GB allocated
1.251953125 GB reserved
0.0648188591003418 GB allocated
1.251953125 GB reserved
0.0648188591003418 GB allocated
1.251953125 GB reserved
[Validator] Epoch 1 - val_loss: 0.000024
[BEST CHECKPOINT] Guardado/actualizado en: checkpoints\Mis_modelos\deep_feature_emd checkpoints\2stems\best_checkpoint_1_val_loss=-0.0000.pt
04/06/2026 01:23:02 PM | engine.py:1037 Engine run finished. Time taken: 00:00:28.198
[Epoch 1] train_loss=0.000022 | val_loss=0.000024
04/06/2026 01:23:02 PM | engine.py:1010 Epoch[1] Complete. Time taken: 00:00:35.200
04/06/2026 01:23:06 PM | engine.py:906 Engine run starting with max_epochs=1.
04/06/2026 01:23:27 PM | engine.py:1010 Epoch[1] Complete. Time taken: 00:00:21.441
0.11037206649780273 GB allocated
1.251953125 GB reserved
0.11103153228759766 GB allocated
1.359375 GB reserved
0.11103153228759766 GB allocated
1.359375 GB reserved
0.11103153228759766 GB allocated
1.359375 GB reserved
0.11103153228759766 GB allocated
1.359375 GB reserved
0.11103153228759766 GB allocated
1.359375 GB reserved
0.11103153228759766 GB allocated
1.359375 GB reserved
0.11103153228759766 GB allocated
1.359375 GB reserved
0.11103153228759766 GB allocated
1.359375 GB reserved
0.11103153228759766 GB allocated
1.359375 GB reserved
[Validator] Epoch 2 - val_loss: 0.000023
[BEST CHECKPOINT] Guardado/actualizado en: checkpoints\Mis_modelos\deep_feature_emd checkpoints\2stems\best_checkpoint_2_val_loss=-0.0000.pt
04/06/2026 01:23:27 PM | engine.py:1037 Engine run finished. Time taken: 00:00:21.452
[Epoch 2] train_loss=0.000018 | val_loss=0.000023
04/06/2026 01:23:27 PM | engine.py:1010 Epoch[2] Complete. Time taken: 00:00:25.157
04/06/2026 01:23:31 PM | engine.py:906 Engine run starting with max_epochs=1.
04/06/2026 01:23:52 PM | engine.py:1010 Epoch[1] Complete. Time taken: 00:00:20.862
0.11216211318969727 GB allocated
1.359375 GB reserved
0.11282157897949219 GB allocated
1.359375 GB reserved
0.11282157897949219 GB allocated
1.361328125 GB reserved
0.11282157897949219 GB allocated
1.361328125 GB reserved
0.11282157897949219 GB allocated
1.361328125 GB reserved
0.11282157897949219 GB allocated
1.361328125 GB reserved
0.11282157897949219 GB allocated
1.361328125 GB reserved
0.11282157897949219 GB allocated
1.361328125 GB reserved
0.11282157897949219 GB allocated
1.361328125 GB reserved
0.11282157897949219 GB allocated
1.361328125 GB reserved
[Validator] Epoch 3 - val_loss: 0.000025
[BEST CHECKPOINT] Guardado/actualizado en: checkpoints\Mis_modelos\deep_feature_emd checkpoints\2stems\best_checkpoint_2_val_loss=-0.0000.pt
04/06/2026 01:23:52 PM | engine.py:1037 Engine run finished. Time taken: 00:00:20.863
[Epoch 3] train_loss=0.000018 | val_loss=0.000025
04/06/2026 01:23:52 PM | engine.py:1010 Epoch[3] Complete. Time taken: 00:00:25.154
04/06/2026 01:23:56 PM | engine.py:906 Engine run starting with max_epochs=1.
04/06/2026 01:24:17 PM | engine.py:1010 Epoch[1] Complete. Time taken: 00:00:20.735
0.11216211318969727 GB allocated
1.361328125 GB reserved
0.11282157897949219 GB allocated
1.361328125 GB reserved
0.11282157897949219 GB allocated
1.361328125 GB reserved
0.11282157897949219 GB allocated
1.361328125 GB reserved
0.11282157897949219 GB allocated
1.361328125 GB reserved
0.11282157897949219 GB allocated
1.361328125 GB reserved
0.11282157897949219 GB allocated
1.361328125 GB reserved
0.11282157897949219 GB allocated
1.361328125 GB reserved
0.11282157897949219 GB allocated
1.361328125 GB reserved
0.11282157897949219 GB allocated
1.361328125 GB reserved
[Validator] Epoch 4 - val_loss: 0.000021
[BEST CHECKPOINT] Guardado/actualizado en: checkpoints\Mis_modelos\deep_feature_emd checkpoints\2stems\best_checkpoint_4_val_loss=-0.0000.pt
04/06/2026 01:24:17 PM | engine.py:1037 Engine run finished. Time taken: 00:00:20.756
[Epoch 4] train_loss=0.000021 | val_loss=0.000021
04/06/2026 01:24:17 PM | engine.py:1010 Epoch[4] Complete. Time taken: 00:00:24.537
04/06/2026 01:24:21 PM | engine.py:906 Engine run starting with max_epochs=1.
04/06/2026 01:24:41 PM | engine.py:1010 Epoch[1] Complete. Time taken: 00:00:20.645
0.11216211318969727 GB allocated
1.361328125 GB reserved
0.11282157897949219 GB allocated
1.361328125 GB reserved
0.11282157897949219 GB allocated
1.361328125 GB reserved
0.11282157897949219 GB allocated
1.361328125 GB reserved
0.11282157897949219 GB allocated
1.361328125 GB reserved
0.11282157897949219 GB allocated
1.361328125 GB reserved
0.11282157897949219 GB allocated
1.361328125 GB reserved
0.11282157897949219 GB allocated
1.361328125 GB reserved
0.11282157897949219 GB allocated
1.361328125 GB reserved
0.11282157897949219 GB allocated
1.361328125 GB reserved
[Validator] Epoch 5 - val_loss: 0.000023
[BEST CHECKPOINT] Guardado/actualizado en: checkpoints\Mis_modelos\deep_feature_emd checkpoints\2stems\best_checkpoint_4_val_loss=-0.0000.pt
04/06/2026 01:24:41 PM | engine.py:1037 Engine run finished. Time taken: 00:00:20.646
[Epoch 5] train_loss=0.000017 | val_loss=0.000023
04/06/2026 01:24:41 PM | engine.py:1010 Epoch[5] Complete. Time taken: 00:00:24.436
04/06/2026 01:24:45 PM | engine.py:906 Engine run starting with max_epochs=1.
04/06/2026 01:25:05 PM | engine.py:1010 Epoch[1] Complete. Time taken: 00:00:20.555
0.11216211318969727 GB allocated
1.361328125 GB reserved
0.11282157897949219 GB allocated
1.361328125 GB reserved
0.11282157897949219 GB allocated
1.361328125 GB reserved
0.11282157897949219 GB allocated
1.361328125 GB reserved
0.11282157897949219 GB allocated
1.361328125 GB reserved
0.11282157897949219 GB allocated
1.361328125 GB reserved
0.11282157897949219 GB allocated
1.361328125 GB reserved
0.11282157897949219 GB allocated
1.361328125 GB reserved
0.11282157897949219 GB allocated
1.361328125 GB reserved
0.11282157897949219 GB allocated
1.361328125 GB reserved
[Validator] Epoch 6 - val_loss: 0.000022
[BEST CHECKPOINT] Guardado/actualizado en: checkpoints\Mis_modelos\deep_feature_emd checkpoints\2stems\best_checkpoint_4_val_loss=-0.0000.pt
04/06/2026 01:25:05 PM | engine.py:1037 Engine run finished. Time taken: 00:00:20.557
[Epoch 6] train_loss=0.000015 | val_loss=0.000022
04/06/2026 01:25:05 PM | engine.py:1010 Epoch[6] Complete. Time taken: 00:00:24.239
04/06/2026 01:25:09 PM | engine.py:906 Engine run starting with max_epochs=1.
04/06/2026 01:25:30 PM | engine.py:1010 Epoch[1] Complete. Time taken: 00:00:20.712
0.11216211318969727 GB allocated
1.361328125 GB reserved
0.11282157897949219 GB allocated
1.361328125 GB reserved
0.11282157897949219 GB allocated
1.361328125 GB reserved
0.11282157897949219 GB allocated
1.361328125 GB reserved
0.11282157897949219 GB allocated
1.361328125 GB reserved
0.11282157897949219 GB allocated
1.361328125 GB reserved
0.11282157897949219 GB allocated
1.361328125 GB reserved
0.11282157897949219 GB allocated
1.361328125 GB reserved
0.11282157897949219 GB allocated
1.361328125 GB reserved
0.11282157897949219 GB allocated
1.361328125 GB reserved
[Validator] Epoch 7 - val_loss: 0.000025
[BEST CHECKPOINT] Guardado/actualizado en: checkpoints\Mis_modelos\deep_feature_emd checkpoints\2stems\best_checkpoint_4_val_loss=-0.0000.pt
04/06/2026 01:25:30 PM | engine.py:1037 Engine run finished. Time taken: 00:00:20.713
[Epoch 7] train_loss=0.000019 | val_loss=0.000025
04/06/2026 01:25:30 PM | engine.py:1010 Epoch[7] Complete. Time taken: 00:00:24.409
04/06/2026 01:25:33 PM | engine.py:906 Engine run starting with max_epochs=1.
04/06/2026 01:25:54 PM | engine.py:1010 Epoch[1] Complete. Time taken: 00:00:21.013
0.11216211318969727 GB allocated
1.361328125 GB reserved
0.11282157897949219 GB allocated
1.361328125 GB reserved
0.11282157897949219 GB allocated
1.361328125 GB reserved
0.11282157897949219 GB allocated
1.361328125 GB reserved
0.11282157897949219 GB allocated
1.361328125 GB reserved
0.11282157897949219 GB allocated
1.361328125 GB reserved
0.11282157897949219 GB allocated
1.361328125 GB reserved
0.11282157897949219 GB allocated
1.361328125 GB reserved
0.11282157897949219 GB allocated
1.361328125 GB reserved
0.11282157897949219 GB allocated
1.361328125 GB reserved
[Validator] Epoch 8 - val_loss: 0.000022
[BEST CHECKPOINT] Guardado/actualizado en: checkpoints\Mis_modelos\deep_feature_emd checkpoints\2stems\best_checkpoint_4_val_loss=-0.0000.pt
04/06/2026 01:25:54 PM | engine.py:1037 Engine run finished. Time taken: 00:00:21.014
[Epoch 8] train_loss=0.000021 | val_loss=0.000022
04/06/2026 01:25:54 PM | engine.py:1010 Epoch[8] Complete. Time taken: 00:00:24.604
