C:\Users\rdpuser\miniconda3\envs\tfg_py310\lib\site-packages\ignite\handlers\checkpoint.py:16: DeprecationWarning: `TorchScript` support for functional optimizers is deprecated and will be removed in a future PyTorch release. Consider using the `torch.compile` optimizer instead.
  from torch.distributed.optim import ZeroRedundancyOptimizer
Usando dispositivo: cuda
Using device: cuda | nf=257 | channels=1 | hidden=50 | stems=2 | loss=mask_l1
C:\Users\rdpuser\miniconda3\envs\tfg_py310\lib\site-packages\torch\nn\modules\module.py:1326: UserWarning: expandable_segments not supported on this platform (Triggered internally at C:\actions-runner\_work\pytorch\pytorch\builder\windows\pytorch\c10/cuda/CUDAAllocatorConfig.h:28.)
  return t.to(
GA: actual_batch=100 | accum_steps=1 | effective_batch_real=100
04/01/2026 08:01:45 PM | engine.py:906 Engine run starting with max_epochs=100.
C:\Users\rdpuser\miniconda3\envs\tfg_py310\lib\site-packages\ignite\handlers\checkpoint.py:16: DeprecationWarning: `TorchScript` support for functional optimizers is deprecated and will be removed in a future PyTorch release. Consider using the `torch.compile` optimizer instead.
  from torch.distributed.optim import ZeroRedundancyOptimizer
C:\Users\rdpuser\miniconda3\envs\tfg_py310\lib\site-packages\ignite\handlers\checkpoint.py:16: DeprecationWarning: `TorchScript` support for functional optimizers is deprecated and will be removed in a future PyTorch release. Consider using the `torch.compile` optimizer instead.
  from torch.distributed.optim import ZeroRedundancyOptimizer
C:\Users\rdpuser\miniconda3\envs\tfg_py310\lib\site-packages\ignite\handlers\checkpoint.py:16: DeprecationWarning: `TorchScript` support for functional optimizers is deprecated and will be removed in a future PyTorch release. Consider using the `torch.compile` optimizer instead.
  from torch.distributed.optim import ZeroRedundancyOptimizer
C:\Users\rdpuser\miniconda3\envs\tfg_py310\lib\site-packages\ignite\handlers\checkpoint.py:16: DeprecationWarning: `TorchScript` support for functional optimizers is deprecated and will be removed in a future PyTorch release. Consider using the `torch.compile` optimizer instead.
  from torch.distributed.optim import ZeroRedundancyOptimizer
04/01/2026 08:04:32 PM | engine.py:906 Engine run starting with max_epochs=1.
C:\Users\rdpuser\miniconda3\envs\tfg_py310\lib\site-packages\ignite\handlers\checkpoint.py:16: DeprecationWarning: `TorchScript` support for functional optimizers is deprecated and will be removed in a future PyTorch release. Consider using the `torch.compile` optimizer instead.
  from torch.distributed.optim import ZeroRedundancyOptimizer
C:\Users\rdpuser\miniconda3\envs\tfg_py310\lib\site-packages\ignite\handlers\checkpoint.py:16: DeprecationWarning: `TorchScript` support for functional optimizers is deprecated and will be removed in a future PyTorch release. Consider using the `torch.compile` optimizer instead.
  from torch.distributed.optim import ZeroRedundancyOptimizer
C:\Users\rdpuser\miniconda3\envs\tfg_py310\lib\site-packages\ignite\handlers\checkpoint.py:16: DeprecationWarning: `TorchScript` support for functional optimizers is deprecated and will be removed in a future PyTorch release. Consider using the `torch.compile` optimizer instead.
  from torch.distributed.optim import ZeroRedundancyOptimizer
C:\Users\rdpuser\miniconda3\envs\tfg_py310\lib\site-packages\ignite\handlers\checkpoint.py:16: DeprecationWarning: `TorchScript` support for functional optimizers is deprecated and will be removed in a future PyTorch release. Consider using the `torch.compile` optimizer instead.
  from torch.distributed.optim import ZeroRedundancyOptimizer
04/01/2026 08:05:21 PM | engine.py:1010 Epoch[1] Complete. Time taken: 00:00:48.895
Training model with training mixes in: C:\Users\rdpuser\TFG_Identificaci-n-de-voces-e-instrumentos-en-una-obra-musical\datasets\mix_generation\foreground_train
Validating data with validation mixes in: C:\Users\rdpuser\TFG_Identificaci-n-de-voces-e-instrumentos-en-una-obra-musical\datasets\mix_generation\foreground_valid
[DEBUG] Num de sources: 2
pipeline de 2 fuentes
[Validator] Epoch 1 - val_loss: 0.000017
[BEST CHECKPOINT] Guardado/actualizado en: checkpoints\Mis_modelos\mask_l1 checkpoints\2stems\best_checkpoint_1_val_loss=-0.0000.pt
04/01/2026 08:05:21 PM | engine.py:1037 Engine run finished. Time taken: 00:00:49.328
[Epoch 1] train_loss=0.000013 | val_loss=0.000017
04/01/2026 08:05:21 PM | engine.py:1010 Epoch[1] Complete. Time taken: 00:02:59.193
04/01/2026 08:06:34 PM | engine.py:906 Engine run starting with max_epochs=1.
04/01/2026 08:07:12 PM | engine.py:1010 Epoch[1] Complete. Time taken: 00:00:37.294
[Validator] Epoch 2 - val_loss: 0.000015
[BEST CHECKPOINT] Guardado/actualizado en: checkpoints\Mis_modelos\mask_l1 checkpoints\2stems\best_checkpoint_2_val_loss=-0.0000.pt
04/01/2026 08:07:12 PM | engine.py:1037 Engine run finished. Time taken: 00:00:37.309
[Epoch 2] train_loss=0.000009 | val_loss=0.000015
04/01/2026 08:07:12 PM | engine.py:1010 Epoch[2] Complete. Time taken: 00:01:50.310
04/01/2026 08:08:26 PM | engine.py:906 Engine run starting with max_epochs=1.
04/01/2026 08:09:03 PM | engine.py:1010 Epoch[1] Complete. Time taken: 00:00:36.278
[Validator] Epoch 3 - val_loss: 0.000013
[BEST CHECKPOINT] Guardado/actualizado en: checkpoints\Mis_modelos\mask_l1 checkpoints\2stems\best_checkpoint_3_val_loss=-0.0000.pt
04/01/2026 08:09:03 PM | engine.py:1037 Engine run finished. Time taken: 00:00:36.287
[Epoch 3] train_loss=0.000006 | val_loss=0.000013
04/01/2026 08:09:03 PM | engine.py:1010 Epoch[3] Complete. Time taken: 00:01:50.863
04/01/2026 08:10:16 PM | engine.py:906 Engine run starting with max_epochs=1.
04/01/2026 08:10:52 PM | engine.py:1010 Epoch[1] Complete. Time taken: 00:00:36.256
[Validator] Epoch 4 - val_loss: 0.000009
[BEST CHECKPOINT] Guardado/actualizado en: checkpoints\Mis_modelos\mask_l1 checkpoints\2stems\best_checkpoint_4_val_loss=-0.0000.pt
04/01/2026 08:10:52 PM | engine.py:1037 Engine run finished. Time taken: 00:00:36.266
[Epoch 4] train_loss=0.000004 | val_loss=0.000009
04/01/2026 08:10:52 PM | engine.py:1010 Epoch[4] Complete. Time taken: 00:01:49.812
04/01/2026 08:12:07 PM | engine.py:906 Engine run starting with max_epochs=1.
04/01/2026 08:12:43 PM | engine.py:1010 Epoch[1] Complete. Time taken: 00:00:36.351
[Validator] Epoch 5 - val_loss: 0.000004
[BEST CHECKPOINT] Guardado/actualizado en: checkpoints\Mis_modelos\mask_l1 checkpoints\2stems\best_checkpoint_5_val_loss=-0.0000.pt
04/01/2026 08:12:43 PM | engine.py:1037 Engine run finished. Time taken: 00:00:36.360
[Epoch 5] train_loss=0.000003 | val_loss=0.000004
04/01/2026 08:12:43 PM | engine.py:1010 Epoch[5] Complete. Time taken: 00:01:50.600
04/01/2026 08:13:58 PM | engine.py:906 Engine run starting with max_epochs=1.
04/01/2026 08:14:34 PM | engine.py:1010 Epoch[1] Complete. Time taken: 00:00:35.831
[Validator] Epoch 6 - val_loss: 0.000002
[BEST CHECKPOINT] Guardado/actualizado en: checkpoints\Mis_modelos\mask_l1 checkpoints\2stems\best_checkpoint_6_val_loss=-0.0000.pt
04/01/2026 08:14:34 PM | engine.py:1037 Engine run finished. Time taken: 00:00:35.841
[Epoch 6] train_loss=0.000002 | val_loss=0.000002
04/01/2026 08:14:34 PM | engine.py:1010 Epoch[6] Complete. Time taken: 00:01:50.685
04/01/2026 08:15:48 PM | engine.py:906 Engine run starting with max_epochs=1.
04/01/2026 08:16:25 PM | engine.py:1010 Epoch[1] Complete. Time taken: 00:00:36.311
[Validator] Epoch 7 - val_loss: 0.000002
[BEST CHECKPOINT] Guardado/actualizado en: checkpoints\Mis_modelos\mask_l1 checkpoints\2stems\best_checkpoint_7_val_loss=-0.0000.pt
04/01/2026 08:16:25 PM | engine.py:1037 Engine run finished. Time taken: 00:00:36.322
[Epoch 7] train_loss=0.000002 | val_loss=0.000002
04/01/2026 08:16:25 PM | engine.py:1010 Epoch[7] Complete. Time taken: 00:01:51.073
04/01/2026 08:17:37 PM | engine.py:906 Engine run starting with max_epochs=1.
04/01/2026 08:18:14 PM | engine.py:1010 Epoch[1] Complete. Time taken: 00:00:37.042
[Validator] Epoch 8 - val_loss: 0.000002
[BEST CHECKPOINT] Guardado/actualizado en: checkpoints\Mis_modelos\mask_l1 checkpoints\2stems\best_checkpoint_8_val_loss=-0.0000.pt
04/01/2026 08:18:14 PM | engine.py:1037 Engine run finished. Time taken: 00:00:37.052
[Epoch 8] train_loss=0.000002 | val_loss=0.000002
04/01/2026 08:18:14 PM | engine.py:1010 Epoch[8] Complete. Time taken: 00:01:49.742
04/01/2026 08:19:30 PM | engine.py:906 Engine run starting with max_epochs=1.
04/01/2026 08:20:06 PM | engine.py:1010 Epoch[1] Complete. Time taken: 00:00:36.102
[Validator] Epoch 9 - val_loss: 0.000001
[BEST CHECKPOINT] Guardado/actualizado en: checkpoints\Mis_modelos\mask_l1 checkpoints\2stems\best_checkpoint_9_val_loss=-0.0000.pt
04/01/2026 08:20:06 PM | engine.py:1037 Engine run finished. Time taken: 00:00:36.112
[Epoch 9] train_loss=0.000002 | val_loss=0.000001
04/01/2026 08:20:06 PM | engine.py:1010 Epoch[9] Complete. Time taken: 00:01:51.192
04/01/2026 08:21:20 PM | engine.py:906 Engine run starting with max_epochs=1.
04/01/2026 08:21:56 PM | engine.py:1010 Epoch[1] Complete. Time taken: 00:00:36.185
[Validator] Epoch 10 - val_loss: 0.000001
[BEST CHECKPOINT] Guardado/actualizado en: checkpoints\Mis_modelos\mask_l1 checkpoints\2stems\best_checkpoint_10_val_loss=-0.0000.pt
04/01/2026 08:21:56 PM | engine.py:1037 Engine run finished. Time taken: 00:00:36.193
[Epoch 10] train_loss=0.000001 | val_loss=0.000001
04/01/2026 08:21:56 PM | engine.py:1010 Epoch[10] Complete. Time taken: 00:01:50.696
04/01/2026 08:23:11 PM | engine.py:906 Engine run starting with max_epochs=1.
04/01/2026 08:23:47 PM | engine.py:1010 Epoch[1] Complete. Time taken: 00:00:36.067
[Validator] Epoch 11 - val_loss: 0.000001
[BEST CHECKPOINT] Guardado/actualizado en: checkpoints\Mis_modelos\mask_l1 checkpoints\2stems\best_checkpoint_11_val_loss=-0.0000.pt
04/01/2026 08:23:47 PM | engine.py:1037 Engine run finished. Time taken: 00:00:36.076
[Epoch 11] train_loss=0.000001 | val_loss=0.000001
04/01/2026 08:23:47 PM | engine.py:1010 Epoch[11] Complete. Time taken: 00:01:50.599
04/01/2026 08:25:01 PM | engine.py:906 Engine run starting with max_epochs=1.
04/01/2026 08:25:38 PM | engine.py:1010 Epoch[1] Complete. Time taken: 00:00:36.539
[Validator] Epoch 12 - val_loss: 0.000001
[BEST CHECKPOINT] Guardado/actualizado en: checkpoints\Mis_modelos\mask_l1 checkpoints\2stems\best_checkpoint_12_val_loss=-0.0000.pt
04/01/2026 08:25:38 PM | engine.py:1037 Engine run finished. Time taken: 00:00:36.549
[Epoch 12] train_loss=0.000001 | val_loss=0.000001
04/01/2026 08:25:38 PM | engine.py:1010 Epoch[12] Complete. Time taken: 00:01:51.022
04/01/2026 08:26:52 PM | engine.py:906 Engine run starting with max_epochs=1.
04/01/2026 08:27:28 PM | engine.py:1010 Epoch[1] Complete. Time taken: 00:00:36.443
[Validator] Epoch 13 - val_loss: 0.000001
[BEST CHECKPOINT] Guardado/actualizado en: checkpoints\Mis_modelos\mask_l1 checkpoints\2stems\best_checkpoint_13_val_loss=-0.0000.pt
04/01/2026 08:27:28 PM | engine.py:1037 Engine run finished. Time taken: 00:00:36.454
[Epoch 13] train_loss=0.000001 | val_loss=0.000001
04/01/2026 08:27:28 PM | engine.py:1010 Epoch[13] Complete. Time taken: 00:01:50.458
04/01/2026 08:28:43 PM | engine.py:906 Engine run starting with max_epochs=1.
04/01/2026 08:29:18 PM | engine.py:1010 Epoch[1] Complete. Time taken: 00:00:35.438
[Validator] Epoch 14 - val_loss: 0.000001
[BEST CHECKPOINT] Guardado/actualizado en: checkpoints\Mis_modelos\mask_l1 checkpoints\2stems\best_checkpoint_14_val_loss=-0.0000.pt
04/01/2026 08:29:18 PM | engine.py:1037 Engine run finished. Time taken: 00:00:35.449
[Epoch 14] train_loss=0.000001 | val_loss=0.000001
04/01/2026 08:29:18 PM | engine.py:1010 Epoch[14] Complete. Time taken: 00:01:49.796
04/01/2026 08:30:32 PM | engine.py:906 Engine run starting with max_epochs=1.
04/01/2026 08:31:09 PM | engine.py:1010 Epoch[1] Complete. Time taken: 00:00:36.558
[Validator] Epoch 15 - val_loss: 0.000001
[BEST CHECKPOINT] Guardado/actualizado en: checkpoints\Mis_modelos\mask_l1 checkpoints\2stems\best_checkpoint_15_val_loss=-0.0000.pt
04/01/2026 08:31:09 PM | engine.py:1037 Engine run finished. Time taken: 00:00:36.567
[Epoch 15] train_loss=0.000001 | val_loss=0.000001
04/01/2026 08:31:09 PM | engine.py:1010 Epoch[15] Complete. Time taken: 00:01:50.589
04/01/2026 08:32:23 PM | engine.py:906 Engine run starting with max_epochs=1.
04/01/2026 08:32:59 PM | engine.py:1010 Epoch[1] Complete. Time taken: 00:00:36.367
[Validator] Epoch 16 - val_loss: 0.000001
[BEST CHECKPOINT] Guardado/actualizado en: checkpoints\Mis_modelos\mask_l1 checkpoints\2stems\best_checkpoint_16_val_loss=-0.0000.pt
04/01/2026 08:32:59 PM | engine.py:1037 Engine run finished. Time taken: 00:00:36.375
[Epoch 16] train_loss=0.000001 | val_loss=0.000001
04/01/2026 08:32:59 PM | engine.py:1010 Epoch[16] Complete. Time taken: 00:01:50.415
04/01/2026 08:34:13 PM | engine.py:906 Engine run starting with max_epochs=1.
04/01/2026 08:34:49 PM | engine.py:1010 Epoch[1] Complete. Time taken: 00:00:35.983
[Validator] Epoch 17 - val_loss: 0.000001
[BEST CHECKPOINT] Guardado/actualizado en: checkpoints\Mis_modelos\mask_l1 checkpoints\2stems\best_checkpoint_17_val_loss=-0.0000.pt
04/01/2026 08:34:49 PM | engine.py:1037 Engine run finished. Time taken: 00:00:35.991
[Epoch 17] train_loss=0.000001 | val_loss=0.000001
04/01/2026 08:34:49 PM | engine.py:1010 Epoch[17] Complete. Time taken: 00:01:49.933
04/01/2026 08:36:03 PM | engine.py:906 Engine run starting with max_epochs=1.
04/01/2026 08:36:39 PM | engine.py:1010 Epoch[1] Complete. Time taken: 00:00:36.407
[Validator] Epoch 18 - val_loss: 0.000001
[BEST CHECKPOINT] Guardado/actualizado en: checkpoints\Mis_modelos\mask_l1 checkpoints\2stems\best_checkpoint_18_val_loss=-0.0000.pt
04/01/2026 08:36:39 PM | engine.py:1037 Engine run finished. Time taken: 00:00:36.416
[Epoch 18] train_loss=0.000001 | val_loss=0.000001
04/01/2026 08:36:39 PM | engine.py:1010 Epoch[18] Complete. Time taken: 00:01:50.275
04/01/2026 08:37:53 PM | engine.py:906 Engine run starting with max_epochs=1.
04/01/2026 08:38:29 PM | engine.py:1010 Epoch[1] Complete. Time taken: 00:00:36.185
[Validator] Epoch 19 - val_loss: 0.000001
[BEST CHECKPOINT] Guardado/actualizado en: checkpoints\Mis_modelos\mask_l1 checkpoints\2stems\best_checkpoint_19_val_loss=-0.0000.pt
04/01/2026 08:38:29 PM | engine.py:1037 Engine run finished. Time taken: 00:00:36.194
[Epoch 19] train_loss=0.000001 | val_loss=0.000001
04/01/2026 08:38:29 PM | engine.py:1010 Epoch[19] Complete. Time taken: 00:01:49.637
04/01/2026 08:39:42 PM | engine.py:906 Engine run starting with max_epochs=1.
04/01/2026 08:40:20 PM | engine.py:1010 Epoch[1] Complete. Time taken: 00:00:37.766
[Validator] Epoch 20 - val_loss: 0.000001
[BEST CHECKPOINT] Guardado/actualizado en: checkpoints\Mis_modelos\mask_l1 checkpoints\2stems\best_checkpoint_20_val_loss=-0.0000.pt
04/01/2026 08:40:20 PM | engine.py:1037 Engine run finished. Time taken: 00:00:37.775
[Epoch 20] train_loss=0.000001 | val_loss=0.000001
04/01/2026 08:40:20 PM | engine.py:1010 Epoch[20] Complete. Time taken: 00:01:50.661
04/01/2026 08:41:35 PM | engine.py:906 Engine run starting with max_epochs=1.
04/01/2026 08:42:11 PM | engine.py:1010 Epoch[1] Complete. Time taken: 00:00:36.065
[Validator] Epoch 21 - val_loss: 0.000001
[BEST CHECKPOINT] Guardado/actualizado en: checkpoints\Mis_modelos\mask_l1 checkpoints\2stems\best_checkpoint_21_val_loss=-0.0000.pt
04/01/2026 08:42:11 PM | engine.py:1037 Engine run finished. Time taken: 00:00:36.075
[Epoch 21] train_loss=0.000001 | val_loss=0.000001
04/01/2026 08:42:11 PM | engine.py:1010 Epoch[21] Complete. Time taken: 00:01:50.851
04/01/2026 08:43:25 PM | engine.py:906 Engine run starting with max_epochs=1.
04/01/2026 08:44:02 PM | engine.py:1010 Epoch[1] Complete. Time taken: 00:00:36.516
[Validator] Epoch 22 - val_loss: 0.000001
[BEST CHECKPOINT] Guardado/actualizado en: checkpoints\Mis_modelos\mask_l1 checkpoints\2stems\best_checkpoint_22_val_loss=-0.0000.pt
04/01/2026 08:44:02 PM | engine.py:1037 Engine run finished. Time taken: 00:00:36.527
[Epoch 22] train_loss=0.000001 | val_loss=0.000001
04/01/2026 08:44:02 PM | engine.py:1010 Epoch[22] Complete. Time taken: 00:01:51.409
04/01/2026 08:45:17 PM | engine.py:906 Engine run starting with max_epochs=1.
04/01/2026 08:45:53 PM | engine.py:1010 Epoch[1] Complete. Time taken: 00:00:36.553
[Validator] Epoch 23 - val_loss: 0.000001
[BEST CHECKPOINT] Guardado/actualizado en: checkpoints\Mis_modelos\mask_l1 checkpoints\2stems\best_checkpoint_23_val_loss=-0.0000.pt
04/01/2026 08:45:53 PM | engine.py:1037 Engine run finished. Time taken: 00:00:36.561
[Epoch 23] train_loss=0.000001 | val_loss=0.000001
04/01/2026 08:45:53 PM | engine.py:1010 Epoch[23] Complete. Time taken: 00:01:51.401
04/01/2026 08:47:07 PM | engine.py:906 Engine run starting with max_epochs=1.
04/01/2026 08:47:44 PM | engine.py:1010 Epoch[1] Complete. Time taken: 00:00:36.925
[Validator] Epoch 24 - val_loss: 0.000001
[BEST CHECKPOINT] Guardado/actualizado en: checkpoints\Mis_modelos\mask_l1 checkpoints\2stems\best_checkpoint_24_val_loss=-0.0000.pt
04/01/2026 08:47:44 PM | engine.py:1037 Engine run finished. Time taken: 00:00:36.934
[Epoch 24] train_loss=0.000001 | val_loss=0.000001
04/01/2026 08:47:44 PM | engine.py:1010 Epoch[24] Complete. Time taken: 00:01:50.692
04/01/2026 08:48:58 PM | engine.py:906 Engine run starting with max_epochs=1.
04/01/2026 08:49:34 PM | engine.py:1010 Epoch[1] Complete. Time taken: 00:00:36.402
[Validator] Epoch 25 - val_loss: 0.000001
[BEST CHECKPOINT] Guardado/actualizado en: checkpoints\Mis_modelos\mask_l1 checkpoints\2stems\best_checkpoint_25_val_loss=-0.0000.pt
04/01/2026 08:49:34 PM | engine.py:1037 Engine run finished. Time taken: 00:00:36.411
[Epoch 25] train_loss=0.000001 | val_loss=0.000001
04/01/2026 08:49:34 PM | engine.py:1010 Epoch[25] Complete. Time taken: 00:01:50.347
04/01/2026 08:50:48 PM | engine.py:906 Engine run starting with max_epochs=1.
04/01/2026 08:51:24 PM | engine.py:1010 Epoch[1] Complete. Time taken: 00:00:35.970
[Validator] Epoch 26 - val_loss: 0.000001
[BEST CHECKPOINT] Guardado/actualizado en: checkpoints\Mis_modelos\mask_l1 checkpoints\2stems\best_checkpoint_26_val_loss=-0.0000.pt
04/01/2026 08:51:24 PM | engine.py:1037 Engine run finished. Time taken: 00:00:35.981
[Epoch 26] train_loss=0.000001 | val_loss=0.000001
04/01/2026 08:51:24 PM | engine.py:1010 Epoch[26] Complete. Time taken: 00:01:49.480
04/01/2026 08:52:37 PM | engine.py:906 Engine run starting with max_epochs=1.
04/01/2026 08:53:14 PM | engine.py:1010 Epoch[1] Complete. Time taken: 00:00:37.014
[Validator] Epoch 27 - val_loss: 0.000001
[BEST CHECKPOINT] Guardado/actualizado en: checkpoints\Mis_modelos\mask_l1 checkpoints\2stems\best_checkpoint_27_val_loss=-0.0000.pt
04/01/2026 08:53:14 PM | engine.py:1037 Engine run finished. Time taken: 00:00:37.023
[Epoch 27] train_loss=0.000001 | val_loss=0.000001
04/01/2026 08:53:14 PM | engine.py:1010 Epoch[27] Complete. Time taken: 00:01:50.484
04/01/2026 08:54:28 PM | engine.py:906 Engine run starting with max_epochs=1.
04/01/2026 08:55:05 PM | engine.py:1010 Epoch[1] Complete. Time taken: 00:00:36.448
[Validator] Epoch 28 - val_loss: 0.000001
[BEST CHECKPOINT] Guardado/actualizado en: checkpoints\Mis_modelos\mask_l1 checkpoints\2stems\best_checkpoint_28_val_loss=-0.0000.pt
04/01/2026 08:55:05 PM | engine.py:1037 Engine run finished. Time taken: 00:00:36.458
[Epoch 28] train_loss=0.000001 | val_loss=0.000001
04/01/2026 08:55:05 PM | engine.py:1010 Epoch[28] Complete. Time taken: 00:01:50.160
04/01/2026 08:56:17 PM | engine.py:906 Engine run starting with max_epochs=1.
04/01/2026 08:56:54 PM | engine.py:1010 Epoch[1] Complete. Time taken: 00:00:37.466
[Validator] Epoch 29 - val_loss: 0.000001
[BEST CHECKPOINT] Guardado/actualizado en: checkpoints\Mis_modelos\mask_l1 checkpoints\2stems\best_checkpoint_29_val_loss=-0.0000.pt
04/01/2026 08:56:54 PM | engine.py:1037 Engine run finished. Time taken: 00:00:37.476
[Epoch 29] train_loss=0.000001 | val_loss=0.000001
04/01/2026 08:56:54 PM | engine.py:1010 Epoch[29] Complete. Time taken: 00:01:49.511
04/01/2026 08:58:08 PM | engine.py:906 Engine run starting with max_epochs=1.
04/01/2026 08:58:44 PM | engine.py:1010 Epoch[1] Complete. Time taken: 00:00:35.848
[Validator] Epoch 30 - val_loss: 0.000001
[BEST CHECKPOINT] Guardado/actualizado en: checkpoints\Mis_modelos\mask_l1 checkpoints\2stems\best_checkpoint_30_val_loss=-0.0000.pt
04/01/2026 08:58:44 PM | engine.py:1037 Engine run finished. Time taken: 00:00:35.859
[Epoch 30] train_loss=0.000001 | val_loss=0.000001
04/01/2026 08:58:44 PM | engine.py:1010 Epoch[30] Complete. Time taken: 00:01:49.967
04/01/2026 08:59:58 PM | engine.py:906 Engine run starting with max_epochs=1.
04/01/2026 09:00:34 PM | engine.py:1010 Epoch[1] Complete. Time taken: 00:00:36.456
[Validator] Epoch 31 - val_loss: 0.000001
[BEST CHECKPOINT] Guardado/actualizado en: checkpoints\Mis_modelos\mask_l1 checkpoints\2stems\best_checkpoint_31_val_loss=-0.0000.pt
04/01/2026 09:00:34 PM | engine.py:1037 Engine run finished. Time taken: 00:00:36.465
[Epoch 31] train_loss=0.000001 | val_loss=0.000001
04/01/2026 09:00:34 PM | engine.py:1010 Epoch[31] Complete. Time taken: 00:01:50.437
04/01/2026 09:01:48 PM | engine.py:906 Engine run starting with max_epochs=1.
04/01/2026 09:02:25 PM | engine.py:1010 Epoch[1] Complete. Time taken: 00:00:36.572
[Validator] Epoch 32 - val_loss: 0.000001
[BEST CHECKPOINT] Guardado/actualizado en: checkpoints\Mis_modelos\mask_l1 checkpoints\2stems\best_checkpoint_32_val_loss=-0.0000.pt
04/01/2026 09:02:25 PM | engine.py:1037 Engine run finished. Time taken: 00:00:36.581
[Epoch 32] train_loss=0.000001 | val_loss=0.000001
04/01/2026 09:02:25 PM | engine.py:1010 Epoch[32] Complete. Time taken: 00:01:50.084
04/01/2026 09:03:39 PM | engine.py:906 Engine run starting with max_epochs=1.
04/01/2026 09:04:15 PM | engine.py:1010 Epoch[1] Complete. Time taken: 00:00:35.864
[Validator] Epoch 33 - val_loss: 0.000001
[BEST CHECKPOINT] Guardado/actualizado en: checkpoints\Mis_modelos\mask_l1 checkpoints\2stems\best_checkpoint_33_val_loss=-0.0000.pt
04/01/2026 09:04:15 PM | engine.py:1037 Engine run finished. Time taken: 00:00:35.874
[Epoch 33] train_loss=0.000001 | val_loss=0.000001
04/01/2026 09:04:15 PM | engine.py:1010 Epoch[33] Complete. Time taken: 00:01:49.989
04/01/2026 09:05:28 PM | engine.py:906 Engine run starting with max_epochs=1.
04/01/2026 09:06:04 PM | engine.py:1010 Epoch[1] Complete. Time taken: 00:00:35.823
[Validator] Epoch 34 - val_loss: 0.000001
[BEST CHECKPOINT] Guardado/actualizado en: checkpoints\Mis_modelos\mask_l1 checkpoints\2stems\best_checkpoint_34_val_loss=-0.0000.pt
04/01/2026 09:06:04 PM | engine.py:1037 Engine run finished. Time taken: 00:00:35.833
[Epoch 34] train_loss=0.000001 | val_loss=0.000001
04/01/2026 09:06:04 PM | engine.py:1010 Epoch[34] Complete. Time taken: 00:01:49.652
04/01/2026 09:07:17 PM | engine.py:906 Engine run starting with max_epochs=1.
04/01/2026 09:07:54 PM | engine.py:1010 Epoch[1] Complete. Time taken: 00:00:37.004
[Validator] Epoch 35 - val_loss: 0.000001
[BEST CHECKPOINT] Guardado/actualizado en: checkpoints\Mis_modelos\mask_l1 checkpoints\2stems\best_checkpoint_35_val_loss=-0.0000.pt
04/01/2026 09:07:54 PM | engine.py:1037 Engine run finished. Time taken: 00:00:37.014
[Epoch 35] train_loss=0.000001 | val_loss=0.000001
04/01/2026 09:07:54 PM | engine.py:1010 Epoch[35] Complete. Time taken: 00:01:49.847
04/01/2026 09:09:08 PM | engine.py:906 Engine run starting with max_epochs=1.
04/01/2026 09:09:44 PM | engine.py:1010 Epoch[1] Complete. Time taken: 00:00:35.916
[Validator] Epoch 36 - val_loss: 0.000001
[BEST CHECKPOINT] Guardado/actualizado en: checkpoints\Mis_modelos\mask_l1 checkpoints\2stems\best_checkpoint_36_val_loss=-0.0000.pt
04/01/2026 09:09:44 PM | engine.py:1037 Engine run finished. Time taken: 00:00:35.924
[Epoch 36] train_loss=0.000001 | val_loss=0.000001
04/01/2026 09:09:44 PM | engine.py:1010 Epoch[36] Complete. Time taken: 00:01:49.685
04/01/2026 09:10:57 PM | engine.py:906 Engine run starting with max_epochs=1.
04/01/2026 09:11:33 PM | engine.py:1010 Epoch[1] Complete. Time taken: 00:00:36.041
[Validator] Epoch 37 - val_loss: 0.000001
[BEST CHECKPOINT] Guardado/actualizado en: checkpoints\Mis_modelos\mask_l1 checkpoints\2stems\best_checkpoint_37_val_loss=-0.0000.pt
04/01/2026 09:11:33 PM | engine.py:1037 Engine run finished. Time taken: 00:00:36.052
[Epoch 37] train_loss=0.000001 | val_loss=0.000001
04/01/2026 09:11:33 PM | engine.py:1010 Epoch[37] Complete. Time taken: 00:01:49.059
04/01/2026 09:12:46 PM | engine.py:906 Engine run starting with max_epochs=1.
04/01/2026 09:13:22 PM | engine.py:1010 Epoch[1] Complete. Time taken: 00:00:36.247
[Validator] Epoch 38 - val_loss: 0.000001
[BEST CHECKPOINT] Guardado/actualizado en: checkpoints\Mis_modelos\mask_l1 checkpoints\2stems\best_checkpoint_38_val_loss=-0.0000.pt
04/01/2026 09:13:22 PM | engine.py:1037 Engine run finished. Time taken: 00:00:36.256
[Epoch 38] train_loss=0.000001 | val_loss=0.000001
04/01/2026 09:13:22 PM | engine.py:1010 Epoch[38] Complete. Time taken: 00:01:49.599
04/01/2026 09:14:36 PM | engine.py:906 Engine run starting with max_epochs=1.
04/01/2026 09:15:12 PM | engine.py:1010 Epoch[1] Complete. Time taken: 00:00:36.197
[Validator] Epoch 39 - val_loss: 0.000001
[BEST CHECKPOINT] Guardado/actualizado en: checkpoints\Mis_modelos\mask_l1 checkpoints\2stems\best_checkpoint_39_val_loss=-0.0000.pt
04/01/2026 09:15:12 PM | engine.py:1037 Engine run finished. Time taken: 00:00:36.206
[Epoch 39] train_loss=0.000001 | val_loss=0.000001
04/01/2026 09:15:12 PM | engine.py:1010 Epoch[39] Complete. Time taken: 00:01:49.969
04/01/2026 09:16:26 PM | engine.py:906 Engine run starting with max_epochs=1.
04/01/2026 09:17:03 PM | engine.py:1010 Epoch[1] Complete. Time taken: 00:00:36.741
[Validator] Epoch 40 - val_loss: 0.000001
[BEST CHECKPOINT] Guardado/actualizado en: checkpoints\Mis_modelos\mask_l1 checkpoints\2stems\best_checkpoint_40_val_loss=-0.0000.pt
04/01/2026 09:17:03 PM | engine.py:1037 Engine run finished. Time taken: 00:00:36.751
[Epoch 40] train_loss=0.000001 | val_loss=0.000001
04/01/2026 09:17:03 PM | engine.py:1010 Epoch[40] Complete. Time taken: 00:01:50.324
04/01/2026 09:18:16 PM | engine.py:906 Engine run starting with max_epochs=1.
04/01/2026 09:18:53 PM | engine.py:1010 Epoch[1] Complete. Time taken: 00:00:36.197
[Validator] Epoch 41 - val_loss: 0.000001
[BEST CHECKPOINT] Guardado/actualizado en: checkpoints\Mis_modelos\mask_l1 checkpoints\2stems\best_checkpoint_41_val_loss=-0.0000.pt
04/01/2026 09:18:53 PM | engine.py:1037 Engine run finished. Time taken: 00:00:36.206
[Epoch 41] train_loss=0.000001 | val_loss=0.000001
04/01/2026 09:18:53 PM | engine.py:1010 Epoch[41] Complete. Time taken: 00:01:49.922
04/01/2026 09:20:05 PM | engine.py:906 Engine run starting with max_epochs=1.
04/01/2026 09:20:41 PM | engine.py:1010 Epoch[1] Complete. Time taken: 00:00:36.087
[Validator] Epoch 42 - val_loss: 0.000001
[BEST CHECKPOINT] Guardado/actualizado en: checkpoints\Mis_modelos\mask_l1 checkpoints\2stems\best_checkpoint_42_val_loss=-0.0000.pt
04/01/2026 09:20:41 PM | engine.py:1037 Engine run finished. Time taken: 00:00:36.097
[Epoch 42] train_loss=0.000001 | val_loss=0.000001
04/01/2026 09:20:41 PM | engine.py:1010 Epoch[42] Complete. Time taken: 00:01:48.379
04/01/2026 09:21:55 PM | engine.py:906 Engine run starting with max_epochs=1.
04/01/2026 09:22:31 PM | engine.py:1010 Epoch[1] Complete. Time taken: 00:00:36.435
[Validator] Epoch 43 - val_loss: 0.000001
[BEST CHECKPOINT] Guardado/actualizado en: checkpoints\Mis_modelos\mask_l1 checkpoints\2stems\best_checkpoint_43_val_loss=-0.0000.pt
04/01/2026 09:22:31 PM | engine.py:1037 Engine run finished. Time taken: 00:00:36.445
[Epoch 43] train_loss=0.000001 | val_loss=0.000001
04/01/2026 09:22:31 PM | engine.py:1010 Epoch[43] Complete. Time taken: 00:01:50.382
04/01/2026 09:23:44 PM | engine.py:906 Engine run starting with max_epochs=1.
04/01/2026 09:24:20 PM | engine.py:1010 Epoch[1] Complete. Time taken: 00:00:35.890
[Validator] Epoch 44 - val_loss: 0.000001
[BEST CHECKPOINT] Guardado/actualizado en: checkpoints\Mis_modelos\mask_l1 checkpoints\2stems\best_checkpoint_44_val_loss=-0.0000.pt
04/01/2026 09:24:20 PM | engine.py:1037 Engine run finished. Time taken: 00:00:35.898
[Epoch 44] train_loss=0.000001 | val_loss=0.000001
04/01/2026 09:24:20 PM | engine.py:1010 Epoch[44] Complete. Time taken: 00:01:48.639
04/01/2026 09:25:35 PM | engine.py:906 Engine run starting with max_epochs=1.
04/01/2026 09:26:11 PM | engine.py:1010 Epoch[1] Complete. Time taken: 00:00:35.712
[Validator] Epoch 45 - val_loss: 0.000001
[BEST CHECKPOINT] Guardado/actualizado en: checkpoints\Mis_modelos\mask_l1 checkpoints\2stems\best_checkpoint_45_val_loss=-0.0000.pt
04/01/2026 09:26:11 PM | engine.py:1037 Engine run finished. Time taken: 00:00:35.720
[Epoch 45] train_loss=0.000001 | val_loss=0.000001
04/01/2026 09:26:11 PM | engine.py:1010 Epoch[45] Complete. Time taken: 00:01:50.975
04/01/2026 09:27:26 PM | engine.py:906 Engine run starting with max_epochs=1.
04/01/2026 09:28:02 PM | engine.py:1010 Epoch[1] Complete. Time taken: 00:00:36.007
[Validator] Epoch 46 - val_loss: 0.000001
[BEST CHECKPOINT] Guardado/actualizado en: checkpoints\Mis_modelos\mask_l1 checkpoints\2stems\best_checkpoint_46_val_loss=-0.0000.pt
04/01/2026 09:28:02 PM | engine.py:1037 Engine run finished. Time taken: 00:00:36.019
[Epoch 46] train_loss=0.000001 | val_loss=0.000001
04/01/2026 09:28:02 PM | engine.py:1010 Epoch[46] Complete. Time taken: 00:01:50.659
04/01/2026 09:29:14 PM | engine.py:906 Engine run starting with max_epochs=1.
04/01/2026 09:29:51 PM | engine.py:1010 Epoch[1] Complete. Time taken: 00:00:36.447
[Validator] Epoch 47 - val_loss: 0.000001
[BEST CHECKPOINT] Guardado/actualizado en: checkpoints\Mis_modelos\mask_l1 checkpoints\2stems\best_checkpoint_47_val_loss=-0.0000.pt
04/01/2026 09:29:51 PM | engine.py:1037 Engine run finished. Time taken: 00:00:36.457
[Epoch 47] train_loss=0.000001 | val_loss=0.000001
04/01/2026 09:29:51 PM | engine.py:1010 Epoch[47] Complete. Time taken: 00:01:48.870
04/01/2026 09:31:03 PM | engine.py:906 Engine run starting with max_epochs=1.
04/01/2026 09:31:39 PM | engine.py:1010 Epoch[1] Complete. Time taken: 00:00:36.200
[Validator] Epoch 48 - val_loss: 0.000001
[BEST CHECKPOINT] Guardado/actualizado en: checkpoints\Mis_modelos\mask_l1 checkpoints\2stems\best_checkpoint_48_val_loss=-0.0000.pt
04/01/2026 09:31:39 PM | engine.py:1037 Engine run finished. Time taken: 00:00:36.210
[Epoch 48] train_loss=0.000001 | val_loss=0.000001
04/01/2026 09:31:39 PM | engine.py:1010 Epoch[48] Complete. Time taken: 00:01:48.912
04/01/2026 09:32:53 PM | engine.py:906 Engine run starting with max_epochs=1.
04/01/2026 09:33:29 PM | engine.py:1010 Epoch[1] Complete. Time taken: 00:00:36.242
[Validator] Epoch 49 - val_loss: 0.000001
[BEST CHECKPOINT] Guardado/actualizado en: checkpoints\Mis_modelos\mask_l1 checkpoints\2stems\best_checkpoint_49_val_loss=-0.0000.pt
04/01/2026 09:33:29 PM | engine.py:1037 Engine run finished. Time taken: 00:00:36.251
[Epoch 49] train_loss=0.000001 | val_loss=0.000001
04/01/2026 09:33:29 PM | engine.py:1010 Epoch[49] Complete. Time taken: 00:01:49.941
04/01/2026 09:34:43 PM | engine.py:906 Engine run starting with max_epochs=1.
04/01/2026 09:35:19 PM | engine.py:1010 Epoch[1] Complete. Time taken: 00:00:36.132
[Validator] Epoch 50 - val_loss: 0.000001
[BEST CHECKPOINT] Guardado/actualizado en: checkpoints\Mis_modelos\mask_l1 checkpoints\2stems\best_checkpoint_50_val_loss=-0.0000.pt
04/01/2026 09:35:19 PM | engine.py:1037 Engine run finished. Time taken: 00:00:36.140
[Epoch 50] train_loss=0.000001 | val_loss=0.000001
04/01/2026 09:35:19 PM | engine.py:1010 Epoch[50] Complete. Time taken: 00:01:49.421
04/01/2026 09:36:32 PM | engine.py:906 Engine run starting with max_epochs=1.
04/01/2026 09:37:08 PM | engine.py:1010 Epoch[1] Complete. Time taken: 00:00:35.675
[Validator] Epoch 51 - val_loss: 0.000001
[BEST CHECKPOINT] Guardado/actualizado en: checkpoints\Mis_modelos\mask_l1 checkpoints\2stems\best_checkpoint_50_val_loss=-0.0000.pt
04/01/2026 09:37:08 PM | engine.py:1037 Engine run finished. Time taken: 00:00:35.677
[Epoch 51] train_loss=0.000001 | val_loss=0.000001
04/01/2026 09:37:08 PM | engine.py:1010 Epoch[51] Complete. Time taken: 00:01:49.134
04/01/2026 09:38:22 PM | engine.py:906 Engine run starting with max_epochs=1.
04/01/2026 09:38:58 PM | engine.py:1010 Epoch[1] Complete. Time taken: 00:00:35.899
[Validator] Epoch 52 - val_loss: 0.000001
[BEST CHECKPOINT] Guardado/actualizado en: checkpoints\Mis_modelos\mask_l1 checkpoints\2stems\best_checkpoint_52_val_loss=-0.0000.pt
04/01/2026 09:38:58 PM | engine.py:1037 Engine run finished. Time taken: 00:00:35.909
[Epoch 52] train_loss=0.000001 | val_loss=0.000001
04/01/2026 09:38:58 PM | engine.py:1010 Epoch[52] Complete. Time taken: 00:01:49.962
04/01/2026 09:40:13 PM | engine.py:906 Engine run starting with max_epochs=1.
04/01/2026 09:40:49 PM | engine.py:1010 Epoch[1] Complete. Time taken: 00:00:36.657
[Validator] Epoch 53 - val_loss: 0.000001
[BEST CHECKPOINT] Guardado/actualizado en: checkpoints\Mis_modelos\mask_l1 checkpoints\2stems\best_checkpoint_53_val_loss=-0.0000.pt
04/01/2026 09:40:49 PM | engine.py:1037 Engine run finished. Time taken: 00:00:36.666
[Epoch 53] train_loss=0.000001 | val_loss=0.000001
04/01/2026 09:40:49 PM | engine.py:1010 Epoch[53] Complete. Time taken: 00:01:51.357
04/01/2026 09:42:02 PM | engine.py:906 Engine run starting with max_epochs=1.
04/01/2026 09:42:38 PM | engine.py:1010 Epoch[1] Complete. Time taken: 00:00:36.896
[Validator] Epoch 54 - val_loss: 0.000001
[BEST CHECKPOINT] Guardado/actualizado en: checkpoints\Mis_modelos\mask_l1 checkpoints\2stems\best_checkpoint_54_val_loss=-0.0000.pt
04/01/2026 09:42:38 PM | engine.py:1037 Engine run finished. Time taken: 00:00:36.905
[Epoch 54] train_loss=0.000001 | val_loss=0.000001
04/01/2026 09:42:38 PM | engine.py:1010 Epoch[54] Complete. Time taken: 00:01:49.229
04/01/2026 09:43:52 PM | engine.py:906 Engine run starting with max_epochs=1.
04/01/2026 09:44:28 PM | engine.py:1010 Epoch[1] Complete. Time taken: 00:00:36.025
[Validator] Epoch 55 - val_loss: 0.000001
[BEST CHECKPOINT] Guardado/actualizado en: checkpoints\Mis_modelos\mask_l1 checkpoints\2stems\best_checkpoint_55_val_loss=-0.0000.pt
04/01/2026 09:44:28 PM | engine.py:1037 Engine run finished. Time taken: 00:00:36.033
[Epoch 55] train_loss=0.000001 | val_loss=0.000001
04/01/2026 09:44:28 PM | engine.py:1010 Epoch[55] Complete. Time taken: 00:01:49.711
04/01/2026 09:45:41 PM | engine.py:906 Engine run starting with max_epochs=1.
04/01/2026 09:46:17 PM | engine.py:1010 Epoch[1] Complete. Time taken: 00:00:35.685
[Validator] Epoch 56 - val_loss: 0.000001
[BEST CHECKPOINT] Guardado/actualizado en: checkpoints\Mis_modelos\mask_l1 checkpoints\2stems\best_checkpoint_55_val_loss=-0.0000.pt
04/01/2026 09:46:17 PM | engine.py:1037 Engine run finished. Time taken: 00:00:35.687
[Epoch 56] train_loss=0.000001 | val_loss=0.000001
04/01/2026 09:46:17 PM | engine.py:1010 Epoch[56] Complete. Time taken: 00:01:48.557
04/01/2026 09:47:30 PM | engine.py:906 Engine run starting with max_epochs=1.
04/01/2026 09:48:06 PM | engine.py:1010 Epoch[1] Complete. Time taken: 00:00:35.726
[Validator] Epoch 57 - val_loss: 0.000001
[BEST CHECKPOINT] Guardado/actualizado en: checkpoints\Mis_modelos\mask_l1 checkpoints\2stems\best_checkpoint_57_val_loss=-0.0000.pt
04/01/2026 09:48:06 PM | engine.py:1037 Engine run finished. Time taken: 00:00:35.735
[Epoch 57] train_loss=0.000001 | val_loss=0.000001
04/01/2026 09:48:06 PM | engine.py:1010 Epoch[57] Complete. Time taken: 00:01:49.169
04/01/2026 09:49:19 PM | engine.py:906 Engine run starting with max_epochs=1.
04/01/2026 09:49:55 PM | engine.py:1010 Epoch[1] Complete. Time taken: 00:00:36.265
[Validator] Epoch 58 - val_loss: 0.000001
[BEST CHECKPOINT] Guardado/actualizado en: checkpoints\Mis_modelos\mask_l1 checkpoints\2stems\best_checkpoint_58_val_loss=-0.0000.pt
04/01/2026 09:49:55 PM | engine.py:1037 Engine run finished. Time taken: 00:00:36.276
[Epoch 58] train_loss=0.000001 | val_loss=0.000001
04/01/2026 09:49:55 PM | engine.py:1010 Epoch[58] Complete. Time taken: 00:01:48.933
04/01/2026 09:51:08 PM | engine.py:906 Engine run starting with max_epochs=1.
04/01/2026 09:51:44 PM | engine.py:1010 Epoch[1] Complete. Time taken: 00:00:35.957
[Validator] Epoch 59 - val_loss: 0.000001
[BEST CHECKPOINT] Guardado/actualizado en: checkpoints\Mis_modelos\mask_l1 checkpoints\2stems\best_checkpoint_59_val_loss=-0.0000.pt
04/01/2026 09:51:44 PM | engine.py:1037 Engine run finished. Time taken: 00:00:35.967
[Epoch 59] train_loss=0.000001 | val_loss=0.000001
04/01/2026 09:51:44 PM | engine.py:1010 Epoch[59] Complete. Time taken: 00:01:48.980
04/01/2026 09:52:58 PM | engine.py:906 Engine run starting with max_epochs=1.
04/01/2026 09:53:34 PM | engine.py:1010 Epoch[1] Complete. Time taken: 00:00:35.907
[Validator] Epoch 60 - val_loss: 0.000001
[BEST CHECKPOINT] Guardado/actualizado en: checkpoints\Mis_modelos\mask_l1 checkpoints\2stems\best_checkpoint_60_val_loss=-0.0000.pt
04/01/2026 09:53:34 PM | engine.py:1037 Engine run finished. Time taken: 00:00:35.916
[Epoch 60] train_loss=0.000001 | val_loss=0.000001
04/01/2026 09:53:34 PM | engine.py:1010 Epoch[60] Complete. Time taken: 00:01:50.232
04/01/2026 09:54:47 PM | engine.py:906 Engine run starting with max_epochs=1.
04/01/2026 09:55:23 PM | engine.py:1010 Epoch[1] Complete. Time taken: 00:00:35.961
[Validator] Epoch 61 - val_loss: 0.000001
[BEST CHECKPOINT] Guardado/actualizado en: checkpoints\Mis_modelos\mask_l1 checkpoints\2stems\best_checkpoint_61_val_loss=-0.0000.pt
04/01/2026 09:55:23 PM | engine.py:1037 Engine run finished. Time taken: 00:00:35.970
[Epoch 61] train_loss=0.000001 | val_loss=0.000001
04/01/2026 09:55:23 PM | engine.py:1010 Epoch[61] Complete. Time taken: 00:01:48.537
04/01/2026 09:56:36 PM | engine.py:906 Engine run starting with max_epochs=1.
04/01/2026 09:57:13 PM | engine.py:1010 Epoch[1] Complete. Time taken: 00:00:36.712
[Validator] Epoch 62 - val_loss: 0.000001
[BEST CHECKPOINT] Guardado/actualizado en: checkpoints\Mis_modelos\mask_l1 checkpoints\2stems\best_checkpoint_62_val_loss=-0.0000.pt
04/01/2026 09:57:13 PM | engine.py:1037 Engine run finished. Time taken: 00:00:36.721
[Epoch 62] train_loss=0.000001 | val_loss=0.000001
04/01/2026 09:57:13 PM | engine.py:1010 Epoch[62] Complete. Time taken: 00:01:49.975
04/01/2026 09:58:27 PM | engine.py:906 Engine run starting with max_epochs=1.
04/01/2026 09:59:03 PM | engine.py:1010 Epoch[1] Complete. Time taken: 00:00:36.574
[Validator] Epoch 63 - val_loss: 0.000001
[BEST CHECKPOINT] Guardado/actualizado en: checkpoints\Mis_modelos\mask_l1 checkpoints\2stems\best_checkpoint_63_val_loss=-0.0000.pt
04/01/2026 09:59:03 PM | engine.py:1037 Engine run finished. Time taken: 00:00:36.583
[Epoch 63] train_loss=0.000001 | val_loss=0.000001
04/01/2026 09:59:03 PM | engine.py:1010 Epoch[63] Complete. Time taken: 00:01:50.542
04/01/2026 10:00:16 PM | engine.py:906 Engine run starting with max_epochs=1.
04/01/2026 10:00:52 PM | engine.py:1010 Epoch[1] Complete. Time taken: 00:00:35.835
[Validator] Epoch 64 - val_loss: 0.000001
[BEST CHECKPOINT] Guardado/actualizado en: checkpoints\Mis_modelos\mask_l1 checkpoints\2stems\best_checkpoint_64_val_loss=-0.0000.pt
04/01/2026 10:00:52 PM | engine.py:1037 Engine run finished. Time taken: 00:00:35.845
[Epoch 64] train_loss=0.000001 | val_loss=0.000001
04/01/2026 10:00:52 PM | engine.py:1010 Epoch[64] Complete. Time taken: 00:01:48.768
04/01/2026 10:02:06 PM | engine.py:906 Engine run starting with max_epochs=1.
04/01/2026 10:02:42 PM | engine.py:1010 Epoch[1] Complete. Time taken: 00:00:36.125
[Validator] Epoch 65 - val_loss: 0.000001
[BEST CHECKPOINT] Guardado/actualizado en: checkpoints\Mis_modelos\mask_l1 checkpoints\2stems\best_checkpoint_65_val_loss=-0.0000.pt
04/01/2026 10:02:42 PM | engine.py:1037 Engine run finished. Time taken: 00:00:36.135
[Epoch 65] train_loss=0.000001 | val_loss=0.000001
04/01/2026 10:02:42 PM | engine.py:1010 Epoch[65] Complete. Time taken: 00:01:49.807
04/01/2026 10:03:55 PM | engine.py:906 Engine run starting with max_epochs=1.
04/01/2026 10:04:31 PM | engine.py:1010 Epoch[1] Complete. Time taken: 00:00:36.191
[Validator] Epoch 66 - val_loss: 0.000001
[BEST CHECKPOINT] Guardado/actualizado en: checkpoints\Mis_modelos\mask_l1 checkpoints\2stems\best_checkpoint_66_val_loss=-0.0000.pt
04/01/2026 10:04:31 PM | engine.py:1037 Engine run finished. Time taken: 00:00:36.201
[Epoch 66] train_loss=0.000001 | val_loss=0.000001
04/01/2026 10:04:31 PM | engine.py:1010 Epoch[66] Complete. Time taken: 00:01:49.558
04/01/2026 10:05:45 PM | engine.py:906 Engine run starting with max_epochs=1.
04/01/2026 10:06:21 PM | engine.py:1010 Epoch[1] Complete. Time taken: 00:00:36.124
[Validator] Epoch 67 - val_loss: 0.000001
[BEST CHECKPOINT] Guardado/actualizado en: checkpoints\Mis_modelos\mask_l1 checkpoints\2stems\best_checkpoint_67_val_loss=-0.0000.pt
04/01/2026 10:06:21 PM | engine.py:1037 Engine run finished. Time taken: 00:00:36.133
[Epoch 67] train_loss=0.000001 | val_loss=0.000001
04/01/2026 10:06:21 PM | engine.py:1010 Epoch[67] Complete. Time taken: 00:01:49.562
04/01/2026 10:07:34 PM | engine.py:906 Engine run starting with max_epochs=1.
04/01/2026 10:08:11 PM | engine.py:1010 Epoch[1] Complete. Time taken: 00:00:36.202
[Validator] Epoch 68 - val_loss: 0.000001
[BEST CHECKPOINT] Guardado/actualizado en: checkpoints\Mis_modelos\mask_l1 checkpoints\2stems\best_checkpoint_67_val_loss=-0.0000.pt
04/01/2026 10:08:11 PM | engine.py:1037 Engine run finished. Time taken: 00:00:36.204
[Epoch 68] train_loss=0.000001 | val_loss=0.000001
04/01/2026 10:08:11 PM | engine.py:1010 Epoch[68] Complete. Time taken: 00:01:49.711
04/01/2026 10:09:23 PM | engine.py:906 Engine run starting with max_epochs=1.
04/01/2026 10:10:01 PM | engine.py:1010 Epoch[1] Complete. Time taken: 00:00:38.265
[Validator] Epoch 69 - val_loss: 0.000001
[BEST CHECKPOINT] Guardado/actualizado en: checkpoints\Mis_modelos\mask_l1 checkpoints\2stems\best_checkpoint_69_val_loss=-0.0000.pt
04/01/2026 10:10:01 PM | engine.py:1037 Engine run finished. Time taken: 00:00:38.275
[Epoch 69] train_loss=0.000001 | val_loss=0.000001
04/01/2026 10:10:01 PM | engine.py:1010 Epoch[69] Complete. Time taken: 00:01:50.906
04/01/2026 10:11:16 PM | engine.py:906 Engine run starting with max_epochs=1.
04/01/2026 10:11:52 PM | engine.py:1010 Epoch[1] Complete. Time taken: 00:00:36.024
[Validator] Epoch 70 - val_loss: 0.000001
[BEST CHECKPOINT] Guardado/actualizado en: checkpoints\Mis_modelos\mask_l1 checkpoints\2stems\best_checkpoint_70_val_loss=-0.0000.pt
04/01/2026 10:11:52 PM | engine.py:1037 Engine run finished. Time taken: 00:00:36.033
[Epoch 70] train_loss=0.000001 | val_loss=0.000001
04/01/2026 10:11:52 PM | engine.py:1010 Epoch[70] Complete. Time taken: 00:01:50.183
04/01/2026 10:13:06 PM | engine.py:906 Engine run starting with max_epochs=1.
04/01/2026 10:13:42 PM | engine.py:1010 Epoch[1] Complete. Time taken: 00:00:36.132
[Validator] Epoch 71 - val_loss: 0.000001
[BEST CHECKPOINT] Guardado/actualizado en: checkpoints\Mis_modelos\mask_l1 checkpoints\2stems\best_checkpoint_71_val_loss=-0.0000.pt
04/01/2026 10:13:42 PM | engine.py:1037 Engine run finished. Time taken: 00:00:36.144
[Epoch 71] train_loss=0.000001 | val_loss=0.000001
04/01/2026 10:13:42 PM | engine.py:1010 Epoch[71] Complete. Time taken: 00:01:50.601
04/01/2026 10:14:56 PM | engine.py:906 Engine run starting with max_epochs=1.
04/01/2026 10:15:33 PM | engine.py:1010 Epoch[1] Complete. Time taken: 00:00:36.286
[Validator] Epoch 72 - val_loss: 0.000001
[BEST CHECKPOINT] Guardado/actualizado en: checkpoints\Mis_modelos\mask_l1 checkpoints\2stems\best_checkpoint_72_val_loss=-0.0000.pt
04/01/2026 10:15:33 PM | engine.py:1037 Engine run finished. Time taken: 00:00:36.296
[Epoch 72] train_loss=0.000001 | val_loss=0.000001
04/01/2026 10:15:33 PM | engine.py:1010 Epoch[72] Complete. Time taken: 00:01:50.369
04/01/2026 10:16:46 PM | engine.py:906 Engine run starting with max_epochs=1.
04/01/2026 10:17:23 PM | engine.py:1010 Epoch[1] Complete. Time taken: 00:00:36.340
[Validator] Epoch 73 - val_loss: 0.000001
[BEST CHECKPOINT] Guardado/actualizado en: checkpoints\Mis_modelos\mask_l1 checkpoints\2stems\best_checkpoint_73_val_loss=-0.0000.pt
04/01/2026 10:17:23 PM | engine.py:1037 Engine run finished. Time taken: 00:00:36.347
[Epoch 73] train_loss=0.000001 | val_loss=0.000001
04/01/2026 10:17:23 PM | engine.py:1010 Epoch[73] Complete. Time taken: 00:01:50.081
04/01/2026 10:18:36 PM | engine.py:906 Engine run starting with max_epochs=1.
04/01/2026 10:19:12 PM | engine.py:1010 Epoch[1] Complete. Time taken: 00:00:35.574
[Validator] Epoch 74 - val_loss: 0.000001
[BEST CHECKPOINT] Guardado/actualizado en: checkpoints\Mis_modelos\mask_l1 checkpoints\2stems\best_checkpoint_74_val_loss=-0.0000.pt
04/01/2026 10:19:12 PM | engine.py:1037 Engine run finished. Time taken: 00:00:35.585
[Epoch 74] train_loss=0.000001 | val_loss=0.000001
04/01/2026 10:19:12 PM | engine.py:1010 Epoch[74] Complete. Time taken: 00:01:49.043
04/01/2026 10:20:25 PM | engine.py:906 Engine run starting with max_epochs=1.
04/01/2026 10:21:02 PM | engine.py:1010 Epoch[1] Complete. Time taken: 00:00:36.435
[Validator] Epoch 75 - val_loss: 0.000001
[BEST CHECKPOINT] Guardado/actualizado en: checkpoints\Mis_modelos\mask_l1 checkpoints\2stems\best_checkpoint_75_val_loss=-0.0000.pt
04/01/2026 10:21:02 PM | engine.py:1037 Engine run finished. Time taken: 00:00:36.445
[Epoch 75] train_loss=0.000001 | val_loss=0.000001
04/01/2026 10:21:02 PM | engine.py:1010 Epoch[75] Complete. Time taken: 00:01:49.948
04/01/2026 10:22:15 PM | engine.py:906 Engine run starting with max_epochs=1.
04/01/2026 10:22:51 PM | engine.py:1010 Epoch[1] Complete. Time taken: 00:00:35.904
[Validator] Epoch 76 - val_loss: 0.000001
[BEST CHECKPOINT] Guardado/actualizado en: checkpoints\Mis_modelos\mask_l1 checkpoints\2stems\best_checkpoint_76_val_loss=-0.0000.pt
04/01/2026 10:22:51 PM | engine.py:1037 Engine run finished. Time taken: 00:00:35.914
[Epoch 76] train_loss=0.000001 | val_loss=0.000001
04/01/2026 10:22:51 PM | engine.py:1010 Epoch[76] Complete. Time taken: 00:01:49.638
04/01/2026 10:24:05 PM | engine.py:906 Engine run starting with max_epochs=1.
04/01/2026 10:24:41 PM | engine.py:1010 Epoch[1] Complete. Time taken: 00:00:36.323
[Validator] Epoch 77 - val_loss: 0.000001
[BEST CHECKPOINT] Guardado/actualizado en: checkpoints\Mis_modelos\mask_l1 checkpoints\2stems\best_checkpoint_77_val_loss=-0.0000.pt
04/01/2026 10:24:41 PM | engine.py:1037 Engine run finished. Time taken: 00:00:36.333
[Epoch 77] train_loss=0.000001 | val_loss=0.000001
04/01/2026 10:24:41 PM | engine.py:1010 Epoch[77] Complete. Time taken: 00:01:49.571
04/01/2026 10:25:55 PM | engine.py:906 Engine run starting with max_epochs=1.
04/01/2026 10:26:32 PM | engine.py:1010 Epoch[1] Complete. Time taken: 00:00:37.299
[Validator] Epoch 78 - val_loss: 0.000001
[BEST CHECKPOINT] Guardado/actualizado en: checkpoints\Mis_modelos\mask_l1 checkpoints\2stems\best_checkpoint_78_val_loss=-0.0000.pt
04/01/2026 10:26:32 PM | engine.py:1037 Engine run finished. Time taken: 00:00:37.309
[Epoch 78] train_loss=0.000001 | val_loss=0.000001
04/01/2026 10:26:32 PM | engine.py:1010 Epoch[78] Complete. Time taken: 00:01:51.347
04/01/2026 10:27:47 PM | engine.py:906 Engine run starting with max_epochs=1.
04/01/2026 10:28:23 PM | engine.py:1010 Epoch[1] Complete. Time taken: 00:00:35.716
[Validator] Epoch 79 - val_loss: 0.000001
[BEST CHECKPOINT] Guardado/actualizado en: checkpoints\Mis_modelos\mask_l1 checkpoints\2stems\best_checkpoint_79_val_loss=-0.0000.pt
04/01/2026 10:28:23 PM | engine.py:1037 Engine run finished. Time taken: 00:00:35.726
[Epoch 79] train_loss=0.000001 | val_loss=0.000001
04/01/2026 10:28:23 PM | engine.py:1010 Epoch[79] Complete. Time taken: 00:01:50.979
04/01/2026 10:29:36 PM | engine.py:906 Engine run starting with max_epochs=1.
04/01/2026 10:30:13 PM | engine.py:1010 Epoch[1] Complete. Time taken: 00:00:36.562
[Validator] Epoch 80 - val_loss: 0.000001
[BEST CHECKPOINT] Guardado/actualizado en: checkpoints\Mis_modelos\mask_l1 checkpoints\2stems\best_checkpoint_80_val_loss=-0.0000.pt
04/01/2026 10:30:13 PM | engine.py:1037 Engine run finished. Time taken: 00:00:36.571
[Epoch 80] train_loss=0.000001 | val_loss=0.000001
04/01/2026 10:30:13 PM | engine.py:1010 Epoch[80] Complete. Time taken: 00:01:49.889
04/01/2026 10:31:28 PM | engine.py:906 Engine run starting with max_epochs=1.
04/01/2026 10:32:04 PM | engine.py:1010 Epoch[1] Complete. Time taken: 00:00:36.288
[Validator] Epoch 81 - val_loss: 0.000001
[BEST CHECKPOINT] Guardado/actualizado en: checkpoints\Mis_modelos\mask_l1 checkpoints\2stems\best_checkpoint_81_val_loss=-0.0000.pt
04/01/2026 10:32:04 PM | engine.py:1037 Engine run finished. Time taken: 00:00:36.297
[Epoch 81] train_loss=0.000001 | val_loss=0.000001
04/01/2026 10:32:04 PM | engine.py:1010 Epoch[81] Complete. Time taken: 00:01:50.807
04/01/2026 10:33:19 PM | engine.py:906 Engine run starting with max_epochs=1.
04/01/2026 10:33:54 PM | engine.py:1010 Epoch[1] Complete. Time taken: 00:00:35.566
[Validator] Epoch 82 - val_loss: 0.000001
[BEST CHECKPOINT] Guardado/actualizado en: checkpoints\Mis_modelos\mask_l1 checkpoints\2stems\best_checkpoint_82_val_loss=-0.0000.pt
04/01/2026 10:33:54 PM | engine.py:1037 Engine run finished. Time taken: 00:00:35.575
[Epoch 82] train_loss=0.000001 | val_loss=0.000001
04/01/2026 10:33:54 PM | engine.py:1010 Epoch[82] Complete. Time taken: 00:01:50.383
04/01/2026 10:35:08 PM | engine.py:906 Engine run starting with max_epochs=1.
04/01/2026 10:35:44 PM | engine.py:1010 Epoch[1] Complete. Time taken: 00:00:36.559
[Validator] Epoch 83 - val_loss: 0.000001
[BEST CHECKPOINT] Guardado/actualizado en: checkpoints\Mis_modelos\mask_l1 checkpoints\2stems\best_checkpoint_82_val_loss=-0.0000.pt
04/01/2026 10:35:44 PM | engine.py:1037 Engine run finished. Time taken: 00:00:36.561
[Epoch 83] train_loss=0.000001 | val_loss=0.000001
04/01/2026 10:35:44 PM | engine.py:1010 Epoch[83] Complete. Time taken: 00:01:49.955
04/01/2026 10:36:58 PM | engine.py:906 Engine run starting with max_epochs=1.
04/01/2026 10:37:34 PM | engine.py:1010 Epoch[1] Complete. Time taken: 00:00:36.303
[Validator] Epoch 84 - val_loss: 0.000001
[BEST CHECKPOINT] Guardado/actualizado en: checkpoints\Mis_modelos\mask_l1 checkpoints\2stems\best_checkpoint_82_val_loss=-0.0000.pt
04/01/2026 10:37:34 PM | engine.py:1037 Engine run finished. Time taken: 00:00:36.303
[Epoch 84] train_loss=0.000001 | val_loss=0.000001
04/01/2026 10:37:34 PM | engine.py:1010 Epoch[84] Complete. Time taken: 00:01:49.750
04/01/2026 10:38:47 PM | engine.py:906 Engine run starting with max_epochs=1.
04/01/2026 10:39:23 PM | engine.py:1010 Epoch[1] Complete. Time taken: 00:00:36.256
[Validator] Epoch 85 - val_loss: 0.000001
[BEST CHECKPOINT] Guardado/actualizado en: checkpoints\Mis_modelos\mask_l1 checkpoints\2stems\best_checkpoint_82_val_loss=-0.0000.pt
04/01/2026 10:39:23 PM | engine.py:1037 Engine run finished. Time taken: 00:00:36.258
[Epoch 85] train_loss=0.000001 | val_loss=0.000001
04/01/2026 10:39:23 PM | engine.py:1010 Epoch[85] Complete. Time taken: 00:01:48.976
04/01/2026 10:40:36 PM | engine.py:906 Engine run starting with max_epochs=1.
04/01/2026 10:41:12 PM | engine.py:1010 Epoch[1] Complete. Time taken: 00:00:36.265
[Validator] Epoch 86 - val_loss: 0.000001
[BEST CHECKPOINT] Guardado/actualizado en: checkpoints\Mis_modelos\mask_l1 checkpoints\2stems\best_checkpoint_82_val_loss=-0.0000.pt
04/01/2026 10:41:12 PM | engine.py:1037 Engine run finished. Time taken: 00:00:36.265
[Epoch 86] train_loss=0.000001 | val_loss=0.000001
04/01/2026 10:41:12 PM | engine.py:1010 Epoch[86] Complete. Time taken: 00:01:49.421
04/01/2026 10:42:29 PM | engine.py:906 Engine run starting with max_epochs=1.
04/01/2026 10:43:06 PM | engine.py:1010 Epoch[1] Complete. Time taken: 00:00:36.941
[Validator] Epoch 87 - val_loss: 0.000001
[BEST CHECKPOINT] Guardado/actualizado en: checkpoints\Mis_modelos\mask_l1 checkpoints\2stems\best_checkpoint_87_val_loss=-0.0000.pt
04/01/2026 10:43:06 PM | engine.py:1037 Engine run finished. Time taken: 00:00:36.951
[Epoch 87] train_loss=0.000001 | val_loss=0.000001
04/01/2026 10:43:06 PM | engine.py:1010 Epoch[87] Complete. Time taken: 00:01:53.172
04/01/2026 10:44:22 PM | engine.py:906 Engine run starting with max_epochs=1.
04/01/2026 10:44:59 PM | engine.py:1010 Epoch[1] Complete. Time taken: 00:00:36.790
[Validator] Epoch 88 - val_loss: 0.000001
[BEST CHECKPOINT] Guardado/actualizado en: checkpoints\Mis_modelos\mask_l1 checkpoints\2stems\best_checkpoint_88_val_loss=-0.0000.pt
04/01/2026 10:44:59 PM | engine.py:1037 Engine run finished. Time taken: 00:00:36.799
[Epoch 88] train_loss=0.000001 | val_loss=0.000001
04/01/2026 10:44:59 PM | engine.py:1010 Epoch[88] Complete. Time taken: 00:01:53.078
04/01/2026 10:46:12 PM | engine.py:906 Engine run starting with max_epochs=1.
04/01/2026 10:46:49 PM | engine.py:1010 Epoch[1] Complete. Time taken: 00:00:36.749
[Validator] Epoch 89 - val_loss: 0.000001
[BEST CHECKPOINT] Guardado/actualizado en: checkpoints\Mis_modelos\mask_l1 checkpoints\2stems\best_checkpoint_89_val_loss=-0.0000.pt
04/01/2026 10:46:49 PM | engine.py:1037 Engine run finished. Time taken: 00:00:36.760
[Epoch 89] train_loss=0.000001 | val_loss=0.000001
04/01/2026 10:46:49 PM | engine.py:1010 Epoch[89] Complete. Time taken: 00:01:50.584
04/01/2026 10:48:05 PM | engine.py:906 Engine run starting with max_epochs=1.
04/01/2026 10:48:42 PM | engine.py:1010 Epoch[1] Complete. Time taken: 00:00:36.311
[Validator] Epoch 90 - val_loss: 0.000001
[BEST CHECKPOINT] Guardado/actualizado en: checkpoints\Mis_modelos\mask_l1 checkpoints\2stems\best_checkpoint_90_val_loss=-0.0000.pt
04/01/2026 10:48:42 PM | engine.py:1037 Engine run finished. Time taken: 00:00:36.320
[Epoch 90] train_loss=0.000001 | val_loss=0.000001
04/01/2026 10:48:42 PM | engine.py:1010 Epoch[90] Complete. Time taken: 00:01:52.378
04/01/2026 10:49:55 PM | engine.py:906 Engine run starting with max_epochs=1.
04/01/2026 10:50:32 PM | engine.py:1010 Epoch[1] Complete. Time taken: 00:00:36.770
[Validator] Epoch 91 - val_loss: 0.000001
[BEST CHECKPOINT] Guardado/actualizado en: checkpoints\Mis_modelos\mask_l1 checkpoints\2stems\best_checkpoint_91_val_loss=-0.0000.pt
04/01/2026 10:50:32 PM | engine.py:1037 Engine run finished. Time taken: 00:00:36.780
[Epoch 91] train_loss=0.000001 | val_loss=0.000001
04/01/2026 10:50:32 PM | engine.py:1010 Epoch[91] Complete. Time taken: 00:01:50.225
04/01/2026 10:51:47 PM | engine.py:906 Engine run starting with max_epochs=1.
04/01/2026 10:52:23 PM | engine.py:1010 Epoch[1] Complete. Time taken: 00:00:36.493
[Validator] Epoch 92 - val_loss: 0.000001
[BEST CHECKPOINT] Guardado/actualizado en: checkpoints\Mis_modelos\mask_l1 checkpoints\2stems\best_checkpoint_91_val_loss=-0.0000.pt
04/01/2026 10:52:23 PM | engine.py:1037 Engine run finished. Time taken: 00:00:36.495
[Epoch 92] train_loss=0.000001 | val_loss=0.000001
04/01/2026 10:52:23 PM | engine.py:1010 Epoch[92] Complete. Time taken: 00:01:51.282
04/01/2026 10:53:36 PM | engine.py:906 Engine run starting with max_epochs=1.
04/01/2026 10:54:12 PM | engine.py:1010 Epoch[1] Complete. Time taken: 00:00:36.102
[Validator] Epoch 93 - val_loss: 0.000001
[BEST CHECKPOINT] Guardado/actualizado en: checkpoints\Mis_modelos\mask_l1 checkpoints\2stems\best_checkpoint_93_val_loss=-0.0000.pt
04/01/2026 10:54:12 PM | engine.py:1037 Engine run finished. Time taken: 00:00:36.111
[Epoch 93] train_loss=0.000001 | val_loss=0.000001
04/01/2026 10:54:12 PM | engine.py:1010 Epoch[93] Complete. Time taken: 00:01:49.212
04/01/2026 10:55:26 PM | engine.py:906 Engine run starting with max_epochs=1.
04/01/2026 10:56:02 PM | engine.py:1010 Epoch[1] Complete. Time taken: 00:00:35.778
[Validator] Epoch 94 - val_loss: 0.000001
[BEST CHECKPOINT] Guardado/actualizado en: checkpoints\Mis_modelos\mask_l1 checkpoints\2stems\best_checkpoint_94_val_loss=-0.0000.pt
04/01/2026 10:56:02 PM | engine.py:1037 Engine run finished. Time taken: 00:00:35.786
[Epoch 94] train_loss=0.000001 | val_loss=0.000001
04/01/2026 10:56:02 PM | engine.py:1010 Epoch[94] Complete. Time taken: 00:01:49.707
04/01/2026 10:57:15 PM | engine.py:906 Engine run starting with max_epochs=1.
04/01/2026 10:57:51 PM | engine.py:1010 Epoch[1] Complete. Time taken: 00:00:36.772
[Validator] Epoch 95 - val_loss: 0.000001
[BEST CHECKPOINT] Guardado/actualizado en: checkpoints\Mis_modelos\mask_l1 checkpoints\2stems\best_checkpoint_95_val_loss=-0.0000.pt
04/01/2026 10:57:51 PM | engine.py:1037 Engine run finished. Time taken: 00:00:36.783
[Epoch 95] train_loss=0.000001 | val_loss=0.000001
04/01/2026 10:57:51 PM | engine.py:1010 Epoch[95] Complete. Time taken: 00:01:49.396
04/01/2026 10:59:06 PM | engine.py:906 Engine run starting with max_epochs=1.
04/01/2026 10:59:42 PM | engine.py:1010 Epoch[1] Complete. Time taken: 00:00:36.608
[Validator] Epoch 96 - val_loss: 0.000001
[BEST CHECKPOINT] Guardado/actualizado en: checkpoints\Mis_modelos\mask_l1 checkpoints\2stems\best_checkpoint_96_val_loss=-0.0000.pt
04/01/2026 10:59:43 PM | engine.py:1037 Engine run finished. Time taken: 00:00:36.616
[Epoch 96] train_loss=0.000001 | val_loss=0.000001
04/01/2026 10:59:43 PM | engine.py:1010 Epoch[96] Complete. Time taken: 00:01:51.111
04/01/2026 11:00:56 PM | engine.py:906 Engine run starting with max_epochs=1.
04/01/2026 11:01:33 PM | engine.py:1010 Epoch[1] Complete. Time taken: 00:00:36.458
[Validator] Epoch 97 - val_loss: 0.000001
[BEST CHECKPOINT] Guardado/actualizado en: checkpoints\Mis_modelos\mask_l1 checkpoints\2stems\best_checkpoint_96_val_loss=-0.0000.pt
04/01/2026 11:01:33 PM | engine.py:1037 Engine run finished. Time taken: 00:00:36.460
[Epoch 97] train_loss=0.000001 | val_loss=0.000001
04/01/2026 11:01:33 PM | engine.py:1010 Epoch[97] Complete. Time taken: 00:01:50.194
04/01/2026 11:02:47 PM | engine.py:906 Engine run starting with max_epochs=1.
04/01/2026 11:03:24 PM | engine.py:1010 Epoch[1] Complete. Time taken: 00:00:36.763
[Validator] Epoch 98 - val_loss: 0.000001
[BEST CHECKPOINT] Guardado/actualizado en: checkpoints\Mis_modelos\mask_l1 checkpoints\2stems\best_checkpoint_98_val_loss=-0.0000.pt
04/01/2026 11:03:24 PM | engine.py:1037 Engine run finished. Time taken: 00:00:36.773
[Epoch 98] train_loss=0.000001 | val_loss=0.000001
04/01/2026 11:03:24 PM | engine.py:1010 Epoch[98] Complete. Time taken: 00:01:51.109
04/01/2026 11:04:37 PM | engine.py:906 Engine run starting with max_epochs=1.
04/01/2026 11:05:14 PM | engine.py:1010 Epoch[1] Complete. Time taken: 00:00:36.330
[Validator] Epoch 99 - val_loss: 0.000001
[BEST CHECKPOINT] Guardado/actualizado en: checkpoints\Mis_modelos\mask_l1 checkpoints\2stems\best_checkpoint_98_val_loss=-0.0000.pt
04/01/2026 11:05:14 PM | engine.py:1037 Engine run finished. Time taken: 00:00:36.331
[Epoch 99] train_loss=0.000001 | val_loss=0.000001
04/01/2026 11:05:14 PM | engine.py:1010 Epoch[99] Complete. Time taken: 00:01:49.786
04/01/2026 11:06:27 PM | engine.py:906 Engine run starting with max_epochs=1.
04/01/2026 11:07:03 PM | engine.py:1010 Epoch[1] Complete. Time taken: 00:00:36.192
[Validator] Epoch 100 - val_loss: 0.000001
[BEST CHECKPOINT] Guardado/actualizado en: checkpoints\Mis_modelos\mask_l1 checkpoints\2stems\best_checkpoint_100_val_loss=-0.0000.pt
04/01/2026 11:07:03 PM | engine.py:1037 Engine run finished. Time taken: 00:00:36.202
[Epoch 100] train_loss=0.000001 | val_loss=0.000001
04/01/2026 11:07:03 PM | engine.py:1010 Epoch[100] Complete. Time taken: 00:01:49.444
04/01/2026 11:07:03 PM | engine.py:1037 Engine run finished. Time taken: 03:05:17.922
[LOADING BEST MODEL] Cargando mejor checkpoint desde: checkpoints\Mis_modelos\mask_l1 checkpoints\2stems\best_checkpoint_100_val_loss=-0.0000.pt
C:\Users\rdpuser\TFG_Identificaci-n-de-voces-e-instrumentos-en-una-obra-musical\pipeline\train.py:326: FutureWarning: You are using `torch.load` with `weights_only=False` (the current default value), which uses the default pickle module implicitly. It is possible to construct malicious pickle data which will execute arbitrary code during unpickling (See https://github.com/pytorch/pytorch/blob/main/SECURITY.md#untrusted-models for more details). In a future release, the default value for `weights_only` will be flipped to `True`. This limits the functions that could be executed during unpickling. Arbitrary objects will no longer be allowed to be loaded via this mode unless they are explicitly allowlisted by the user via `torch.serialization.add_safe_globals`. We recommend you start setting `weights_only=True` for any use case where you don't have full control of the loaded file. Please open an issue on GitHub for any issues related to this experimental feature.
  checkpoint = torch.load(best_checkpoint_path, map_location=device)
