C:\Users\rdpuser\miniconda3\envs\tfg_py310\lib\site-packages\ignite\handlers\checkpoint.py:16: DeprecationWarning: `TorchScript` support for functional optimizers is deprecated and will be removed in a future PyTorch release. Consider using the `torch.compile` optimizer instead.
  from torch.distributed.optim import ZeroRedundancyOptimizer
Usando dispositivo: cuda
Using device: cuda | nf=257 | channels=1 | hidden=50 | stems=2 | loss=logl2
C:\Users\rdpuser\miniconda3\envs\tfg_py310\lib\site-packages\torch\nn\modules\module.py:1326: UserWarning: expandable_segments not supported on this platform (Triggered internally at C:\actions-runner\_work\pytorch\pytorch\builder\windows\pytorch\c10/cuda/CUDAAllocatorConfig.h:28.)
  return t.to(
GA: actual_batch=100 | accum_steps=1 | effective_batch_real=100
04/01/2026 01:24:28 PM | engine.py:906 Engine run starting with max_epochs=100.
C:\Users\rdpuser\miniconda3\envs\tfg_py310\lib\site-packages\ignite\handlers\checkpoint.py:16: DeprecationWarning: `TorchScript` support for functional optimizers is deprecated and will be removed in a future PyTorch release. Consider using the `torch.compile` optimizer instead.
  from torch.distributed.optim import ZeroRedundancyOptimizer
C:\Users\rdpuser\miniconda3\envs\tfg_py310\lib\site-packages\ignite\handlers\checkpoint.py:16: DeprecationWarning: `TorchScript` support for functional optimizers is deprecated and will be removed in a future PyTorch release. Consider using the `torch.compile` optimizer instead.
  from torch.distributed.optim import ZeroRedundancyOptimizer
C:\Users\rdpuser\miniconda3\envs\tfg_py310\lib\site-packages\ignite\handlers\checkpoint.py:16: DeprecationWarning: `TorchScript` support for functional optimizers is deprecated and will be removed in a future PyTorch release. Consider using the `torch.compile` optimizer instead.
  from torch.distributed.optim import ZeroRedundancyOptimizer
C:\Users\rdpuser\miniconda3\envs\tfg_py310\lib\site-packages\ignite\handlers\checkpoint.py:16: DeprecationWarning: `TorchScript` support for functional optimizers is deprecated and will be removed in a future PyTorch release. Consider using the `torch.compile` optimizer instead.
  from torch.distributed.optim import ZeroRedundancyOptimizer
04/01/2026 01:27:15 PM | engine.py:906 Engine run starting with max_epochs=1.
C:\Users\rdpuser\miniconda3\envs\tfg_py310\lib\site-packages\ignite\handlers\checkpoint.py:16: DeprecationWarning: `TorchScript` support for functional optimizers is deprecated and will be removed in a future PyTorch release. Consider using the `torch.compile` optimizer instead.
  from torch.distributed.optim import ZeroRedundancyOptimizer
C:\Users\rdpuser\miniconda3\envs\tfg_py310\lib\site-packages\ignite\handlers\checkpoint.py:16: DeprecationWarning: `TorchScript` support for functional optimizers is deprecated and will be removed in a future PyTorch release. Consider using the `torch.compile` optimizer instead.
  from torch.distributed.optim import ZeroRedundancyOptimizer
C:\Users\rdpuser\miniconda3\envs\tfg_py310\lib\site-packages\ignite\handlers\checkpoint.py:16: DeprecationWarning: `TorchScript` support for functional optimizers is deprecated and will be removed in a future PyTorch release. Consider using the `torch.compile` optimizer instead.
  from torch.distributed.optim import ZeroRedundancyOptimizer
C:\Users\rdpuser\miniconda3\envs\tfg_py310\lib\site-packages\ignite\handlers\checkpoint.py:16: DeprecationWarning: `TorchScript` support for functional optimizers is deprecated and will be removed in a future PyTorch release. Consider using the `torch.compile` optimizer instead.
  from torch.distributed.optim import ZeroRedundancyOptimizer
04/01/2026 01:28:05 PM | engine.py:1010 Epoch[1] Complete. Time taken: 00:00:49.028
Training model with training mixes in: C:\Users\rdpuser\TFG_Identificaci-n-de-voces-e-instrumentos-en-una-obra-musical\datasets\mix_generation\foreground_train
Validating data with validation mixes in: C:\Users\rdpuser\TFG_Identificaci-n-de-voces-e-instrumentos-en-una-obra-musical\datasets\mix_generation\foreground_valid
[DEBUG] Num de sources: 2
pipeline de 2 fuentes
[Validator] Epoch 1 - val_loss: 5.987468
[BEST CHECKPOINT] Guardado/actualizado en: checkpoints\Mis_modelos\logl2 checkpoints\2stems\best_checkpoint_1_val_loss=-5.9875.pt
04/01/2026 01:28:05 PM | engine.py:1037 Engine run finished. Time taken: 00:00:49.441
[Epoch 1] train_loss=6.034808 | val_loss=5.987468
04/01/2026 01:28:05 PM | engine.py:1010 Epoch[1] Complete. Time taken: 00:02:59.578
04/01/2026 01:29:18 PM | engine.py:906 Engine run starting with max_epochs=1.
04/01/2026 01:29:56 PM | engine.py:1010 Epoch[1] Complete. Time taken: 00:00:37.867
[Validator] Epoch 2 - val_loss: 3.382627
[BEST CHECKPOINT] Guardado/actualizado en: checkpoints\Mis_modelos\logl2 checkpoints\2stems\best_checkpoint_2_val_loss=-3.3826.pt
04/01/2026 01:29:56 PM | engine.py:1037 Engine run finished. Time taken: 00:00:37.880
[Epoch 2] train_loss=3.921774 | val_loss=3.382627
04/01/2026 01:29:56 PM | engine.py:1010 Epoch[2] Complete. Time taken: 00:01:51.308
04/01/2026 01:31:11 PM | engine.py:906 Engine run starting with max_epochs=1.
04/01/2026 01:31:48 PM | engine.py:1010 Epoch[1] Complete. Time taken: 00:00:36.853
[Validator] Epoch 3 - val_loss: 2.290433
[BEST CHECKPOINT] Guardado/actualizado en: checkpoints\Mis_modelos\logl2 checkpoints\2stems\best_checkpoint_3_val_loss=-2.2904.pt
04/01/2026 01:31:48 PM | engine.py:1037 Engine run finished. Time taken: 00:00:36.862
[Epoch 3] train_loss=2.143628 | val_loss=2.290433
04/01/2026 01:31:48 PM | engine.py:1010 Epoch[3] Complete. Time taken: 00:01:51.938
04/01/2026 01:33:03 PM | engine.py:906 Engine run starting with max_epochs=1.
04/01/2026 01:33:40 PM | engine.py:1010 Epoch[1] Complete. Time taken: 00:00:36.979
[Validator] Epoch 4 - val_loss: 2.024485
[BEST CHECKPOINT] Guardado/actualizado en: checkpoints\Mis_modelos\logl2 checkpoints\2stems\best_checkpoint_4_val_loss=-2.0245.pt
04/01/2026 01:33:40 PM | engine.py:1037 Engine run finished. Time taken: 00:00:36.989
[Epoch 4] train_loss=1.501572 | val_loss=2.024485
04/01/2026 01:33:40 PM | engine.py:1010 Epoch[4] Complete. Time taken: 00:01:51.410
04/01/2026 01:34:54 PM | engine.py:906 Engine run starting with max_epochs=1.
04/01/2026 01:35:30 PM | engine.py:1010 Epoch[1] Complete. Time taken: 00:00:35.740
[Validator] Epoch 5 - val_loss: 1.965808
[BEST CHECKPOINT] Guardado/actualizado en: checkpoints\Mis_modelos\logl2 checkpoints\2stems\best_checkpoint_5_val_loss=-1.9658.pt
04/01/2026 01:35:30 PM | engine.py:1037 Engine run finished. Time taken: 00:00:35.749
[Epoch 5] train_loss=1.172012 | val_loss=1.965808
04/01/2026 01:35:30 PM | engine.py:1010 Epoch[5] Complete. Time taken: 00:01:50.349
04/01/2026 01:36:43 PM | engine.py:906 Engine run starting with max_epochs=1.
04/01/2026 01:37:19 PM | engine.py:1010 Epoch[1] Complete. Time taken: 00:00:36.060
[Validator] Epoch 6 - val_loss: 1.922530
[BEST CHECKPOINT] Guardado/actualizado en: checkpoints\Mis_modelos\logl2 checkpoints\2stems\best_checkpoint_6_val_loss=-1.9225.pt
04/01/2026 01:37:19 PM | engine.py:1037 Engine run finished. Time taken: 00:00:36.069
[Epoch 6] train_loss=1.539723 | val_loss=1.922530
04/01/2026 01:37:19 PM | engine.py:1010 Epoch[6] Complete. Time taken: 00:01:48.707
04/01/2026 01:38:33 PM | engine.py:906 Engine run starting with max_epochs=1.
04/01/2026 01:39:09 PM | engine.py:1010 Epoch[1] Complete. Time taken: 00:00:35.885
[Validator] Epoch 7 - val_loss: 1.944510
[BEST CHECKPOINT] Guardado/actualizado en: checkpoints\Mis_modelos\logl2 checkpoints\2stems\best_checkpoint_6_val_loss=-1.9225.pt
04/01/2026 01:39:09 PM | engine.py:1037 Engine run finished. Time taken: 00:00:35.885
[Epoch 7] train_loss=1.149610 | val_loss=1.944510
04/01/2026 01:39:09 PM | engine.py:1010 Epoch[7] Complete. Time taken: 00:01:50.613
04/01/2026 01:40:22 PM | engine.py:906 Engine run starting with max_epochs=1.
04/01/2026 01:40:59 PM | engine.py:1010 Epoch[1] Complete. Time taken: 00:00:36.496
[Validator] Epoch 8 - val_loss: 1.854837
[BEST CHECKPOINT] Guardado/actualizado en: checkpoints\Mis_modelos\logl2 checkpoints\2stems\best_checkpoint_8_val_loss=-1.8548.pt
04/01/2026 01:40:59 PM | engine.py:1037 Engine run finished. Time taken: 00:00:36.504
[Epoch 8] train_loss=1.322580 | val_loss=1.854837
04/01/2026 01:40:59 PM | engine.py:1010 Epoch[8] Complete. Time taken: 00:01:49.801
04/01/2026 01:42:14 PM | engine.py:906 Engine run starting with max_epochs=1.
04/01/2026 01:42:50 PM | engine.py:1010 Epoch[1] Complete. Time taken: 00:00:36.383
[Validator] Epoch 9 - val_loss: 1.796392
[BEST CHECKPOINT] Guardado/actualizado en: checkpoints\Mis_modelos\logl2 checkpoints\2stems\best_checkpoint_9_val_loss=-1.7964.pt
04/01/2026 01:42:50 PM | engine.py:1037 Engine run finished. Time taken: 00:00:36.392
[Epoch 9] train_loss=1.304026 | val_loss=1.796392
04/01/2026 01:42:50 PM | engine.py:1010 Epoch[9] Complete. Time taken: 00:01:50.963
04/01/2026 01:44:04 PM | engine.py:906 Engine run starting with max_epochs=1.
04/01/2026 01:44:40 PM | engine.py:1010 Epoch[1] Complete. Time taken: 00:00:35.927
[Validator] Epoch 10 - val_loss: 1.805660
[BEST CHECKPOINT] Guardado/actualizado en: checkpoints\Mis_modelos\logl2 checkpoints\2stems\best_checkpoint_9_val_loss=-1.7964.pt
04/01/2026 01:44:40 PM | engine.py:1037 Engine run finished. Time taken: 00:00:35.929
[Epoch 10] train_loss=1.169409 | val_loss=1.805660
04/01/2026 01:44:40 PM | engine.py:1010 Epoch[10] Complete. Time taken: 00:01:49.908
04/01/2026 01:45:55 PM | engine.py:906 Engine run starting with max_epochs=1.
04/01/2026 01:46:31 PM | engine.py:1010 Epoch[1] Complete. Time taken: 00:00:36.561
[Validator] Epoch 11 - val_loss: 1.756122
[BEST CHECKPOINT] Guardado/actualizado en: checkpoints\Mis_modelos\logl2 checkpoints\2stems\best_checkpoint_11_val_loss=-1.7561.pt
04/01/2026 01:46:31 PM | engine.py:1037 Engine run finished. Time taken: 00:00:36.569
[Epoch 11] train_loss=1.357823 | val_loss=1.756122
04/01/2026 01:46:31 PM | engine.py:1010 Epoch[11] Complete. Time taken: 00:01:51.428
04/01/2026 01:47:45 PM | engine.py:906 Engine run starting with max_epochs=1.
04/01/2026 01:48:21 PM | engine.py:1010 Epoch[1] Complete. Time taken: 00:00:36.072
[Validator] Epoch 12 - val_loss: 1.725211
[BEST CHECKPOINT] Guardado/actualizado en: checkpoints\Mis_modelos\logl2 checkpoints\2stems\best_checkpoint_12_val_loss=-1.7252.pt
04/01/2026 01:48:21 PM | engine.py:1037 Engine run finished. Time taken: 00:00:36.083
[Epoch 12] train_loss=1.018509 | val_loss=1.725211
04/01/2026 01:48:21 PM | engine.py:1010 Epoch[12] Complete. Time taken: 00:01:49.736
04/01/2026 01:49:35 PM | engine.py:906 Engine run starting with max_epochs=1.
04/01/2026 01:50:12 PM | engine.py:1010 Epoch[1] Complete. Time taken: 00:00:36.905
[Validator] Epoch 13 - val_loss: 1.669701
[BEST CHECKPOINT] Guardado/actualizado en: checkpoints\Mis_modelos\logl2 checkpoints\2stems\best_checkpoint_13_val_loss=-1.6697.pt
04/01/2026 01:50:12 PM | engine.py:1037 Engine run finished. Time taken: 00:00:36.916
[Epoch 13] train_loss=1.068486 | val_loss=1.669701
04/01/2026 01:50:12 PM | engine.py:1010 Epoch[13] Complete. Time taken: 00:01:51.145
04/01/2026 01:51:26 PM | engine.py:906 Engine run starting with max_epochs=1.
04/01/2026 01:52:02 PM | engine.py:1010 Epoch[1] Complete. Time taken: 00:00:35.877
[Validator] Epoch 14 - val_loss: 1.638597
[BEST CHECKPOINT] Guardado/actualizado en: checkpoints\Mis_modelos\logl2 checkpoints\2stems\best_checkpoint_14_val_loss=-1.6386.pt
04/01/2026 01:52:02 PM | engine.py:1037 Engine run finished. Time taken: 00:00:35.887
[Epoch 14] train_loss=1.080538 | val_loss=1.638597
04/01/2026 01:52:02 PM | engine.py:1010 Epoch[14] Complete. Time taken: 00:01:49.391
04/01/2026 01:53:14 PM | engine.py:906 Engine run starting with max_epochs=1.
04/01/2026 01:53:51 PM | engine.py:1010 Epoch[1] Complete. Time taken: 00:00:36.856
[Validator] Epoch 15 - val_loss: 1.636652
[BEST CHECKPOINT] Guardado/actualizado en: checkpoints\Mis_modelos\logl2 checkpoints\2stems\best_checkpoint_15_val_loss=-1.6367.pt
04/01/2026 01:53:51 PM | engine.py:1037 Engine run finished. Time taken: 00:00:36.865
[Epoch 15] train_loss=0.965959 | val_loss=1.636652
04/01/2026 01:53:51 PM | engine.py:1010 Epoch[15] Complete. Time taken: 00:01:49.735
04/01/2026 01:55:05 PM | engine.py:906 Engine run starting with max_epochs=1.
04/01/2026 01:55:42 PM | engine.py:1010 Epoch[1] Complete. Time taken: 00:00:36.441
[Validator] Epoch 16 - val_loss: 1.524804
[BEST CHECKPOINT] Guardado/actualizado en: checkpoints\Mis_modelos\logl2 checkpoints\2stems\best_checkpoint_16_val_loss=-1.5248.pt
04/01/2026 01:55:42 PM | engine.py:1037 Engine run finished. Time taken: 00:00:36.450
[Epoch 16] train_loss=0.924772 | val_loss=1.524804
04/01/2026 01:55:42 PM | engine.py:1010 Epoch[16] Complete. Time taken: 00:01:50.374
04/01/2026 01:56:55 PM | engine.py:906 Engine run starting with max_epochs=1.
04/01/2026 01:57:32 PM | engine.py:1010 Epoch[1] Complete. Time taken: 00:00:36.857
[Validator] Epoch 17 - val_loss: 1.502430
[BEST CHECKPOINT] Guardado/actualizado en: checkpoints\Mis_modelos\logl2 checkpoints\2stems\best_checkpoint_17_val_loss=-1.5024.pt
04/01/2026 01:57:32 PM | engine.py:1037 Engine run finished. Time taken: 00:00:36.866
[Epoch 17] train_loss=0.855153 | val_loss=1.502430
04/01/2026 01:57:32 PM | engine.py:1010 Epoch[17] Complete. Time taken: 00:01:49.967
04/01/2026 01:58:46 PM | engine.py:906 Engine run starting with max_epochs=1.
04/01/2026 01:59:22 PM | engine.py:1010 Epoch[1] Complete. Time taken: 00:00:36.249
[Validator] Epoch 18 - val_loss: 1.479460
[BEST CHECKPOINT] Guardado/actualizado en: checkpoints\Mis_modelos\logl2 checkpoints\2stems\best_checkpoint_18_val_loss=-1.4795.pt
04/01/2026 01:59:22 PM | engine.py:1037 Engine run finished. Time taken: 00:00:36.258
[Epoch 18] train_loss=0.614339 | val_loss=1.479460
04/01/2026 01:59:22 PM | engine.py:1010 Epoch[18] Complete. Time taken: 00:01:50.754
04/01/2026 02:00:36 PM | engine.py:906 Engine run starting with max_epochs=1.
04/01/2026 02:01:12 PM | engine.py:1010 Epoch[1] Complete. Time taken: 00:00:36.339
[Validator] Epoch 19 - val_loss: 1.409103
[BEST CHECKPOINT] Guardado/actualizado en: checkpoints\Mis_modelos\logl2 checkpoints\2stems\best_checkpoint_19_val_loss=-1.4091.pt
04/01/2026 02:01:12 PM | engine.py:1037 Engine run finished. Time taken: 00:00:36.348
[Epoch 19] train_loss=0.811987 | val_loss=1.409103
04/01/2026 02:01:12 PM | engine.py:1010 Epoch[19] Complete. Time taken: 00:01:49.806
04/01/2026 02:02:26 PM | engine.py:906 Engine run starting with max_epochs=1.
04/01/2026 02:03:03 PM | engine.py:1010 Epoch[1] Complete. Time taken: 00:00:36.678
[Validator] Epoch 20 - val_loss: 1.339498
[BEST CHECKPOINT] Guardado/actualizado en: checkpoints\Mis_modelos\logl2 checkpoints\2stems\best_checkpoint_20_val_loss=-1.3395.pt
04/01/2026 02:03:03 PM | engine.py:1037 Engine run finished. Time taken: 00:00:36.688
[Epoch 20] train_loss=0.820797 | val_loss=1.339498
04/01/2026 02:03:03 PM | engine.py:1010 Epoch[20] Complete. Time taken: 00:01:50.979
04/01/2026 02:04:17 PM | engine.py:906 Engine run starting with max_epochs=1.
04/01/2026 02:04:52 PM | engine.py:1010 Epoch[1] Complete. Time taken: 00:00:35.949
[Validator] Epoch 21 - val_loss: 1.377076
[BEST CHECKPOINT] Guardado/actualizado en: checkpoints\Mis_modelos\logl2 checkpoints\2stems\best_checkpoint_20_val_loss=-1.3395.pt
04/01/2026 02:04:52 PM | engine.py:1037 Engine run finished. Time taken: 00:00:35.950
[Epoch 21] train_loss=0.633209 | val_loss=1.377076
04/01/2026 02:04:52 PM | engine.py:1010 Epoch[21] Complete. Time taken: 00:01:49.319
04/01/2026 02:06:05 PM | engine.py:906 Engine run starting with max_epochs=1.
04/01/2026 02:06:41 PM | engine.py:1010 Epoch[1] Complete. Time taken: 00:00:36.434
[Validator] Epoch 22 - val_loss: 1.320955
[BEST CHECKPOINT] Guardado/actualizado en: checkpoints\Mis_modelos\logl2 checkpoints\2stems\best_checkpoint_22_val_loss=-1.3210.pt
04/01/2026 02:06:41 PM | engine.py:1037 Engine run finished. Time taken: 00:00:36.444
[Epoch 22] train_loss=0.478047 | val_loss=1.320955
04/01/2026 02:06:41 PM | engine.py:1010 Epoch[22] Complete. Time taken: 00:01:48.739
04/01/2026 02:07:56 PM | engine.py:906 Engine run starting with max_epochs=1.
04/01/2026 02:08:32 PM | engine.py:1010 Epoch[1] Complete. Time taken: 00:00:36.361
[Validator] Epoch 23 - val_loss: 1.297708
[BEST CHECKPOINT] Guardado/actualizado en: checkpoints\Mis_modelos\logl2 checkpoints\2stems\best_checkpoint_23_val_loss=-1.2977.pt
04/01/2026 02:08:32 PM | engine.py:1037 Engine run finished. Time taken: 00:00:36.370
[Epoch 23] train_loss=0.565672 | val_loss=1.297708
04/01/2026 02:08:32 PM | engine.py:1010 Epoch[23] Complete. Time taken: 00:01:50.802
04/01/2026 02:09:45 PM | engine.py:906 Engine run starting with max_epochs=1.
04/01/2026 02:10:22 PM | engine.py:1010 Epoch[1] Complete. Time taken: 00:00:36.484
[Validator] Epoch 24 - val_loss: 1.302704
[BEST CHECKPOINT] Guardado/actualizado en: checkpoints\Mis_modelos\logl2 checkpoints\2stems\best_checkpoint_23_val_loss=-1.2977.pt
04/01/2026 02:10:22 PM | engine.py:1037 Engine run finished. Time taken: 00:00:36.486
[Epoch 24] train_loss=0.550641 | val_loss=1.302704
04/01/2026 02:10:22 PM | engine.py:1010 Epoch[24] Complete. Time taken: 00:01:49.930
04/01/2026 02:11:37 PM | engine.py:906 Engine run starting with max_epochs=1.
04/01/2026 02:12:13 PM | engine.py:1010 Epoch[1] Complete. Time taken: 00:00:36.083
[Validator] Epoch 25 - val_loss: 1.245613
[BEST CHECKPOINT] Guardado/actualizado en: checkpoints\Mis_modelos\logl2 checkpoints\2stems\best_checkpoint_25_val_loss=-1.2456.pt
04/01/2026 02:12:13 PM | engine.py:1037 Engine run finished. Time taken: 00:00:36.093
[Epoch 25] train_loss=0.299450 | val_loss=1.245613
04/01/2026 02:12:13 PM | engine.py:1010 Epoch[25] Complete. Time taken: 00:01:50.729
04/01/2026 02:13:27 PM | engine.py:906 Engine run starting with max_epochs=1.
04/01/2026 02:14:04 PM | engine.py:1010 Epoch[1] Complete. Time taken: 00:00:36.478
[Validator] Epoch 26 - val_loss: 1.269820
[BEST CHECKPOINT] Guardado/actualizado en: checkpoints\Mis_modelos\logl2 checkpoints\2stems\best_checkpoint_25_val_loss=-1.2456.pt
04/01/2026 02:14:04 PM | engine.py:1037 Engine run finished. Time taken: 00:00:36.479
[Epoch 26] train_loss=0.312644 | val_loss=1.269820
04/01/2026 02:14:04 PM | engine.py:1010 Epoch[26] Complete. Time taken: 00:01:50.847
04/01/2026 02:15:17 PM | engine.py:906 Engine run starting with max_epochs=1.
04/01/2026 02:15:53 PM | engine.py:1010 Epoch[1] Complete. Time taken: 00:00:35.957
[Validator] Epoch 27 - val_loss: 1.221482
[BEST CHECKPOINT] Guardado/actualizado en: checkpoints\Mis_modelos\logl2 checkpoints\2stems\best_checkpoint_27_val_loss=-1.2215.pt
04/01/2026 02:15:53 PM | engine.py:1037 Engine run finished. Time taken: 00:00:35.965
[Epoch 27] train_loss=0.366585 | val_loss=1.221482
04/01/2026 02:15:53 PM | engine.py:1010 Epoch[27] Complete. Time taken: 00:01:49.562
04/01/2026 02:17:06 PM | engine.py:906 Engine run starting with max_epochs=1.
04/01/2026 02:17:42 PM | engine.py:1010 Epoch[1] Complete. Time taken: 00:00:36.355
[Validator] Epoch 28 - val_loss: 1.268504
[BEST CHECKPOINT] Guardado/actualizado en: checkpoints\Mis_modelos\logl2 checkpoints\2stems\best_checkpoint_27_val_loss=-1.2215.pt
04/01/2026 02:17:42 PM | engine.py:1037 Engine run finished. Time taken: 00:00:36.356
[Epoch 28] train_loss=0.397168 | val_loss=1.268504
04/01/2026 02:17:42 PM | engine.py:1010 Epoch[28] Complete. Time taken: 00:01:49.366
04/01/2026 02:18:56 PM | engine.py:906 Engine run starting with max_epochs=1.
04/01/2026 02:19:33 PM | engine.py:1010 Epoch[1] Complete. Time taken: 00:00:37.251
[Validator] Epoch 29 - val_loss: 1.193215
[BEST CHECKPOINT] Guardado/actualizado en: checkpoints\Mis_modelos\logl2 checkpoints\2stems\best_checkpoint_29_val_loss=-1.1932.pt
04/01/2026 02:19:33 PM | engine.py:1037 Engine run finished. Time taken: 00:00:37.261
[Epoch 29] train_loss=0.238164 | val_loss=1.193215
04/01/2026 02:19:33 PM | engine.py:1010 Epoch[29] Complete. Time taken: 00:01:50.738
04/01/2026 02:20:47 PM | engine.py:906 Engine run starting with max_epochs=1.
04/01/2026 02:21:24 PM | engine.py:1010 Epoch[1] Complete. Time taken: 00:00:36.675
[Validator] Epoch 30 - val_loss: 1.144649
[BEST CHECKPOINT] Guardado/actualizado en: checkpoints\Mis_modelos\logl2 checkpoints\2stems\best_checkpoint_30_val_loss=-1.1446.pt
04/01/2026 02:21:24 PM | engine.py:1037 Engine run finished. Time taken: 00:00:36.686
[Epoch 30] train_loss=0.433679 | val_loss=1.144649
04/01/2026 02:21:24 PM | engine.py:1010 Epoch[30] Complete. Time taken: 00:01:50.560
04/01/2026 02:22:38 PM | engine.py:906 Engine run starting with max_epochs=1.
04/01/2026 02:23:15 PM | engine.py:1010 Epoch[1] Complete. Time taken: 00:00:36.107
[Validator] Epoch 31 - val_loss: 1.186403
[BEST CHECKPOINT] Guardado/actualizado en: checkpoints\Mis_modelos\logl2 checkpoints\2stems\best_checkpoint_30_val_loss=-1.1446.pt
04/01/2026 02:23:15 PM | engine.py:1037 Engine run finished. Time taken: 00:00:36.108
[Epoch 31] train_loss=-0.029127 | val_loss=1.186403
04/01/2026 02:23:15 PM | engine.py:1010 Epoch[31] Complete. Time taken: 00:01:50.769
04/01/2026 02:24:29 PM | engine.py:906 Engine run starting with max_epochs=1.
04/01/2026 02:25:04 PM | engine.py:1010 Epoch[1] Complete. Time taken: 00:00:35.681
[Validator] Epoch 32 - val_loss: 1.112409
[BEST CHECKPOINT] Guardado/actualizado en: checkpoints\Mis_modelos\logl2 checkpoints\2stems\best_checkpoint_32_val_loss=-1.1124.pt
04/01/2026 02:25:04 PM | engine.py:1037 Engine run finished. Time taken: 00:00:35.689
[Epoch 32] train_loss=0.178258 | val_loss=1.112409
04/01/2026 02:25:04 PM | engine.py:1010 Epoch[32] Complete. Time taken: 00:01:49.772
04/01/2026 02:26:18 PM | engine.py:906 Engine run starting with max_epochs=1.
04/01/2026 02:26:55 PM | engine.py:1010 Epoch[1] Complete. Time taken: 00:00:36.396
[Validator] Epoch 33 - val_loss: 1.145327
[BEST CHECKPOINT] Guardado/actualizado en: checkpoints\Mis_modelos\logl2 checkpoints\2stems\best_checkpoint_32_val_loss=-1.1124.pt
04/01/2026 02:26:55 PM | engine.py:1037 Engine run finished. Time taken: 00:00:36.398
[Epoch 33] train_loss=0.102416 | val_loss=1.145327
04/01/2026 02:26:55 PM | engine.py:1010 Epoch[33] Complete. Time taken: 00:01:50.429
04/01/2026 02:28:07 PM | engine.py:906 Engine run starting with max_epochs=1.
04/01/2026 02:28:45 PM | engine.py:1010 Epoch[1] Complete. Time taken: 00:00:37.230
[Validator] Epoch 34 - val_loss: 1.078982
[BEST CHECKPOINT] Guardado/actualizado en: checkpoints\Mis_modelos\logl2 checkpoints\2stems\best_checkpoint_34_val_loss=-1.0790.pt
04/01/2026 02:28:45 PM | engine.py:1037 Engine run finished. Time taken: 00:00:37.240
[Epoch 34] train_loss=0.270587 | val_loss=1.078982
04/01/2026 02:28:45 PM | engine.py:1010 Epoch[34] Complete. Time taken: 00:01:49.860
04/01/2026 02:29:58 PM | engine.py:906 Engine run starting with max_epochs=1.
04/01/2026 02:30:35 PM | engine.py:1010 Epoch[1] Complete. Time taken: 00:00:37.063
[Validator] Epoch 35 - val_loss: 1.145238
[BEST CHECKPOINT] Guardado/actualizado en: checkpoints\Mis_modelos\logl2 checkpoints\2stems\best_checkpoint_34_val_loss=-1.0790.pt
04/01/2026 02:30:35 PM | engine.py:1037 Engine run finished. Time taken: 00:00:37.065
[Epoch 35] train_loss=0.180146 | val_loss=1.145238
04/01/2026 02:30:35 PM | engine.py:1010 Epoch[35] Complete. Time taken: 00:01:50.823
04/01/2026 02:31:49 PM | engine.py:906 Engine run starting with max_epochs=1.
04/01/2026 02:32:25 PM | engine.py:1010 Epoch[1] Complete. Time taken: 00:00:36.036
[Validator] Epoch 36 - val_loss: 1.065568
[BEST CHECKPOINT] Guardado/actualizado en: checkpoints\Mis_modelos\logl2 checkpoints\2stems\best_checkpoint_36_val_loss=-1.0656.pt
04/01/2026 02:32:25 PM | engine.py:1037 Engine run finished. Time taken: 00:00:36.046
[Epoch 36] train_loss=0.048204 | val_loss=1.065568
04/01/2026 02:32:25 PM | engine.py:1010 Epoch[36] Complete. Time taken: 00:01:49.566
04/01/2026 02:33:38 PM | engine.py:906 Engine run starting with max_epochs=1.
04/01/2026 02:34:14 PM | engine.py:1010 Epoch[1] Complete. Time taken: 00:00:36.112
[Validator] Epoch 37 - val_loss: 1.020786
[BEST CHECKPOINT] Guardado/actualizado en: checkpoints\Mis_modelos\logl2 checkpoints\2stems\best_checkpoint_37_val_loss=-1.0208.pt
04/01/2026 02:34:14 PM | engine.py:1037 Engine run finished. Time taken: 00:00:36.123
[Epoch 37] train_loss=0.131729 | val_loss=1.020786
04/01/2026 02:34:14 PM | engine.py:1010 Epoch[37] Complete. Time taken: 00:01:48.968
04/01/2026 02:35:28 PM | engine.py:906 Engine run starting with max_epochs=1.
04/01/2026 02:36:05 PM | engine.py:1010 Epoch[1] Complete. Time taken: 00:00:37.101
[Validator] Epoch 38 - val_loss: 1.055901
[BEST CHECKPOINT] Guardado/actualizado en: checkpoints\Mis_modelos\logl2 checkpoints\2stems\best_checkpoint_37_val_loss=-1.0208.pt
04/01/2026 02:36:05 PM | engine.py:1037 Engine run finished. Time taken: 00:00:37.103
[Epoch 38] train_loss=0.073843 | val_loss=1.055901
04/01/2026 02:36:05 PM | engine.py:1010 Epoch[38] Complete. Time taken: 00:01:51.127
04/01/2026 02:37:18 PM | engine.py:906 Engine run starting with max_epochs=1.
04/01/2026 02:37:54 PM | engine.py:1010 Epoch[1] Complete. Time taken: 00:00:36.354
[Validator] Epoch 39 - val_loss: 1.064766
[BEST CHECKPOINT] Guardado/actualizado en: checkpoints\Mis_modelos\logl2 checkpoints\2stems\best_checkpoint_37_val_loss=-1.0208.pt
04/01/2026 02:37:54 PM | engine.py:1037 Engine run finished. Time taken: 00:00:36.355
[Epoch 39] train_loss=0.115928 | val_loss=1.064766
04/01/2026 02:37:54 PM | engine.py:1010 Epoch[39] Complete. Time taken: 00:01:49.290
04/01/2026 02:39:08 PM | engine.py:906 Engine run starting with max_epochs=1.
04/01/2026 02:39:45 PM | engine.py:1010 Epoch[1] Complete. Time taken: 00:00:36.492
[Validator] Epoch 40 - val_loss: 1.033782
[BEST CHECKPOINT] Guardado/actualizado en: checkpoints\Mis_modelos\logl2 checkpoints\2stems\best_checkpoint_37_val_loss=-1.0208.pt
04/01/2026 02:39:45 PM | engine.py:1037 Engine run finished. Time taken: 00:00:36.493
[Epoch 40] train_loss=0.022262 | val_loss=1.033782
04/01/2026 02:39:45 PM | engine.py:1010 Epoch[40] Complete. Time taken: 00:01:50.410
04/01/2026 02:40:59 PM | engine.py:906 Engine run starting with max_epochs=1.
04/01/2026 02:41:36 PM | engine.py:1010 Epoch[1] Complete. Time taken: 00:00:36.529
[Validator] Epoch 41 - val_loss: 1.009388
[BEST CHECKPOINT] Guardado/actualizado en: checkpoints\Mis_modelos\logl2 checkpoints\2stems\best_checkpoint_41_val_loss=-1.0094.pt
04/01/2026 02:41:36 PM | engine.py:1037 Engine run finished. Time taken: 00:00:36.539
[Epoch 41] train_loss=0.026151 | val_loss=1.009388
04/01/2026 02:41:36 PM | engine.py:1010 Epoch[41] Complete. Time taken: 00:01:51.228
04/01/2026 02:42:50 PM | engine.py:906 Engine run starting with max_epochs=1.
04/01/2026 02:43:26 PM | engine.py:1010 Epoch[1] Complete. Time taken: 00:00:36.646
[Validator] Epoch 42 - val_loss: 1.060958
[BEST CHECKPOINT] Guardado/actualizado en: checkpoints\Mis_modelos\logl2 checkpoints\2stems\best_checkpoint_41_val_loss=-1.0094.pt
04/01/2026 02:43:26 PM | engine.py:1037 Engine run finished. Time taken: 00:00:36.647
[Epoch 42] train_loss=-0.170923 | val_loss=1.060958
04/01/2026 02:43:26 PM | engine.py:1010 Epoch[42] Complete. Time taken: 00:01:50.150
04/01/2026 02:44:40 PM | engine.py:906 Engine run starting with max_epochs=1.
04/01/2026 02:45:17 PM | engine.py:1010 Epoch[1] Complete. Time taken: 00:00:36.625
[Validator] Epoch 43 - val_loss: 0.989359
[BEST CHECKPOINT] Guardado/actualizado en: checkpoints\Mis_modelos\logl2 checkpoints\2stems\best_checkpoint_43_val_loss=-0.9894.pt
04/01/2026 02:45:17 PM | engine.py:1037 Engine run finished. Time taken: 00:00:36.635
[Epoch 43] train_loss=-0.195617 | val_loss=0.989359
04/01/2026 02:45:17 PM | engine.py:1010 Epoch[43] Complete. Time taken: 00:01:50.633
04/01/2026 02:46:31 PM | engine.py:906 Engine run starting with max_epochs=1.
04/01/2026 02:47:07 PM | engine.py:1010 Epoch[1] Complete. Time taken: 00:00:35.857
[Validator] Epoch 44 - val_loss: 0.984611
[BEST CHECKPOINT] Guardado/actualizado en: checkpoints\Mis_modelos\logl2 checkpoints\2stems\best_checkpoint_44_val_loss=-0.9846.pt
04/01/2026 02:47:07 PM | engine.py:1037 Engine run finished. Time taken: 00:00:35.867
[Epoch 44] train_loss=-0.219417 | val_loss=0.984611
04/01/2026 02:47:07 PM | engine.py:1010 Epoch[44] Complete. Time taken: 00:01:50.076
04/01/2026 02:48:23 PM | engine.py:906 Engine run starting with max_epochs=1.
04/01/2026 02:48:59 PM | engine.py:1010 Epoch[1] Complete. Time taken: 00:00:36.305
[Validator] Epoch 45 - val_loss: 0.947535
[BEST CHECKPOINT] Guardado/actualizado en: checkpoints\Mis_modelos\logl2 checkpoints\2stems\best_checkpoint_45_val_loss=-0.9475.pt
04/01/2026 02:48:59 PM | engine.py:1037 Engine run finished. Time taken: 00:00:36.313
[Epoch 45] train_loss=-0.190408 | val_loss=0.947535
04/01/2026 02:48:59 PM | engine.py:1010 Epoch[45] Complete. Time taken: 00:01:52.007
04/01/2026 02:50:12 PM | engine.py:906 Engine run starting with max_epochs=1.
04/01/2026 02:50:49 PM | engine.py:1010 Epoch[1] Complete. Time taken: 00:00:36.685
[Validator] Epoch 46 - val_loss: 0.959845
[BEST CHECKPOINT] Guardado/actualizado en: checkpoints\Mis_modelos\logl2 checkpoints\2stems\best_checkpoint_45_val_loss=-0.9475.pt
04/01/2026 02:50:49 PM | engine.py:1037 Engine run finished. Time taken: 00:00:36.685
[Epoch 46] train_loss=-0.287164 | val_loss=0.959845
04/01/2026 02:50:49 PM | engine.py:1010 Epoch[46] Complete. Time taken: 00:01:49.794
04/01/2026 02:52:02 PM | engine.py:906 Engine run starting with max_epochs=1.
04/01/2026 02:52:38 PM | engine.py:1010 Epoch[1] Complete. Time taken: 00:00:36.080
[Validator] Epoch 47 - val_loss: 0.967205
[BEST CHECKPOINT] Guardado/actualizado en: checkpoints\Mis_modelos\logl2 checkpoints\2stems\best_checkpoint_45_val_loss=-0.9475.pt
04/01/2026 02:52:38 PM | engine.py:1037 Engine run finished. Time taken: 00:00:36.082
[Epoch 47] train_loss=-0.321273 | val_loss=0.967205
04/01/2026 02:52:38 PM | engine.py:1010 Epoch[47] Complete. Time taken: 00:01:49.118
04/01/2026 02:53:52 PM | engine.py:906 Engine run starting with max_epochs=1.
04/01/2026 02:54:28 PM | engine.py:1010 Epoch[1] Complete. Time taken: 00:00:36.452
[Validator] Epoch 48 - val_loss: 0.927790
[BEST CHECKPOINT] Guardado/actualizado en: checkpoints\Mis_modelos\logl2 checkpoints\2stems\best_checkpoint_48_val_loss=-0.9278.pt
04/01/2026 02:54:28 PM | engine.py:1037 Engine run finished. Time taken: 00:00:36.462
[Epoch 48] train_loss=-0.273527 | val_loss=0.927790
04/01/2026 02:54:28 PM | engine.py:1010 Epoch[48] Complete. Time taken: 00:01:50.189
04/01/2026 02:55:42 PM | engine.py:906 Engine run starting with max_epochs=1.
04/01/2026 02:56:19 PM | engine.py:1010 Epoch[1] Complete. Time taken: 00:00:36.261
[Validator] Epoch 49 - val_loss: 0.862341
[BEST CHECKPOINT] Guardado/actualizado en: checkpoints\Mis_modelos\logl2 checkpoints\2stems\best_checkpoint_49_val_loss=-0.8623.pt
04/01/2026 02:56:19 PM | engine.py:1037 Engine run finished. Time taken: 00:00:36.270
[Epoch 49] train_loss=-0.240796 | val_loss=0.862341
04/01/2026 02:56:19 PM | engine.py:1010 Epoch[49] Complete. Time taken: 00:01:50.712
04/01/2026 02:57:33 PM | engine.py:906 Engine run starting with max_epochs=1.
04/01/2026 02:58:09 PM | engine.py:1010 Epoch[1] Complete. Time taken: 00:00:36.284
[Validator] Epoch 50 - val_loss: 0.870912
[BEST CHECKPOINT] Guardado/actualizado en: checkpoints\Mis_modelos\logl2 checkpoints\2stems\best_checkpoint_49_val_loss=-0.8623.pt
04/01/2026 02:58:09 PM | engine.py:1037 Engine run finished. Time taken: 00:00:36.285
[Epoch 50] train_loss=-0.303972 | val_loss=0.870912
04/01/2026 02:58:09 PM | engine.py:1010 Epoch[50] Complete. Time taken: 00:01:50.399
04/01/2026 02:59:23 PM | engine.py:906 Engine run starting with max_epochs=1.
04/01/2026 02:59:59 PM | engine.py:1010 Epoch[1] Complete. Time taken: 00:00:36.121
[Validator] Epoch 51 - val_loss: 0.906329
[BEST CHECKPOINT] Guardado/actualizado en: checkpoints\Mis_modelos\logl2 checkpoints\2stems\best_checkpoint_49_val_loss=-0.8623.pt
04/01/2026 02:59:59 PM | engine.py:1037 Engine run finished. Time taken: 00:00:36.124
[Epoch 51] train_loss=-0.074488 | val_loss=0.906329
04/01/2026 02:59:59 PM | engine.py:1010 Epoch[51] Complete. Time taken: 00:01:49.636
04/01/2026 03:01:12 PM | engine.py:906 Engine run starting with max_epochs=1.
04/01/2026 03:01:48 PM | engine.py:1010 Epoch[1] Complete. Time taken: 00:00:36.347
[Validator] Epoch 52 - val_loss: 0.917649
[BEST CHECKPOINT] Guardado/actualizado en: checkpoints\Mis_modelos\logl2 checkpoints\2stems\best_checkpoint_49_val_loss=-0.8623.pt
04/01/2026 03:01:48 PM | engine.py:1037 Engine run finished. Time taken: 00:00:36.349
[Epoch 52] train_loss=-0.294950 | val_loss=0.917649
04/01/2026 03:01:48 PM | engine.py:1010 Epoch[52] Complete. Time taken: 00:01:49.735
04/01/2026 03:03:03 PM | engine.py:906 Engine run starting with max_epochs=1.
04/01/2026 03:03:40 PM | engine.py:1010 Epoch[1] Complete. Time taken: 00:00:36.485
[Validator] Epoch 53 - val_loss: 0.919516
[BEST CHECKPOINT] Guardado/actualizado en: checkpoints\Mis_modelos\logl2 checkpoints\2stems\best_checkpoint_49_val_loss=-0.8623.pt
04/01/2026 03:03:40 PM | engine.py:1037 Engine run finished. Time taken: 00:00:36.486
[Epoch 53] train_loss=-0.260687 | val_loss=0.919516
04/01/2026 03:03:40 PM | engine.py:1010 Epoch[53] Complete. Time taken: 00:01:51.308
04/01/2026 03:04:55 PM | engine.py:906 Engine run starting with max_epochs=1.
04/01/2026 03:05:31 PM | engine.py:1010 Epoch[1] Complete. Time taken: 00:00:36.080
[Validator] Epoch 54 - val_loss: 0.906724
[BEST CHECKPOINT] Guardado/actualizado en: checkpoints\Mis_modelos\logl2 checkpoints\2stems\best_checkpoint_49_val_loss=-0.8623.pt
04/01/2026 03:05:31 PM | engine.py:1037 Engine run finished. Time taken: 00:00:36.082
[Epoch 54] train_loss=-0.360478 | val_loss=0.906724
04/01/2026 03:05:31 PM | engine.py:1010 Epoch[54] Complete. Time taken: 00:01:51.623
04/01/2026 03:06:45 PM | engine.py:906 Engine run starting with max_epochs=1.
04/01/2026 03:07:21 PM | engine.py:1010 Epoch[1] Complete. Time taken: 00:00:36.680
[Validator] Epoch 55 - val_loss: 0.904359
[BEST CHECKPOINT] Guardado/actualizado en: checkpoints\Mis_modelos\logl2 checkpoints\2stems\best_checkpoint_49_val_loss=-0.8623.pt
04/01/2026 03:07:21 PM | engine.py:1037 Engine run finished. Time taken: 00:00:36.681
[Epoch 55] train_loss=-0.462149 | val_loss=0.904359
04/01/2026 03:07:21 PM | engine.py:1010 Epoch[55] Complete. Time taken: 00:01:50.105
04/01/2026 03:08:36 PM | engine.py:906 Engine run starting with max_epochs=1.
04/01/2026 03:09:12 PM | engine.py:1010 Epoch[1] Complete. Time taken: 00:00:35.848
[Validator] Epoch 56 - val_loss: 0.915316
[BEST CHECKPOINT] Guardado/actualizado en: checkpoints\Mis_modelos\logl2 checkpoints\2stems\best_checkpoint_49_val_loss=-0.8623.pt
04/01/2026 03:09:12 PM | engine.py:1037 Engine run finished. Time taken: 00:00:35.849
[Epoch 56] train_loss=-0.257500 | val_loss=0.915316
04/01/2026 03:09:12 PM | engine.py:1010 Epoch[56] Complete. Time taken: 00:01:50.538
04/01/2026 03:10:26 PM | engine.py:906 Engine run starting with max_epochs=1.
04/01/2026 03:11:02 PM | engine.py:1010 Epoch[1] Complete. Time taken: 00:00:35.908
[Validator] Epoch 57 - val_loss: 0.933661
[BEST CHECKPOINT] Guardado/actualizado en: checkpoints\Mis_modelos\logl2 checkpoints\2stems\best_checkpoint_49_val_loss=-0.8623.pt
04/01/2026 03:11:02 PM | engine.py:1037 Engine run finished. Time taken: 00:00:35.909
[Epoch 57] train_loss=-0.424882 | val_loss=0.933661
04/01/2026 03:11:02 PM | engine.py:1010 Epoch[57] Complete. Time taken: 00:01:50.377
04/01/2026 03:12:17 PM | engine.py:906 Engine run starting with max_epochs=1.
04/01/2026 03:12:53 PM | engine.py:1010 Epoch[1] Complete. Time taken: 00:00:35.680
[Validator] Epoch 58 - val_loss: 0.953684
[BEST CHECKPOINT] Guardado/actualizado en: checkpoints\Mis_modelos\logl2 checkpoints\2stems\best_checkpoint_49_val_loss=-0.8623.pt
04/01/2026 03:12:53 PM | engine.py:1037 Engine run finished. Time taken: 00:00:35.681
[Epoch 58] train_loss=-0.356282 | val_loss=0.953684
04/01/2026 03:12:53 PM | engine.py:1010 Epoch[58] Complete. Time taken: 00:01:50.178
04/01/2026 03:14:05 PM | engine.py:906 Engine run starting with max_epochs=1.
04/01/2026 03:14:42 PM | engine.py:1010 Epoch[1] Complete. Time taken: 00:00:36.779
2026-04-01 15:14:42,579 ignite.handlers.early_stopping.EarlyStopping INFO: EarlyStopping: Stop training
04/01/2026 03:14:42 PM | engine.py:648 Terminate signaled. Engine will stop after current iteration is finished.
[Validator] Epoch 59 - val_loss: 0.868652
[BEST CHECKPOINT] Guardado/actualizado en: checkpoints\Mis_modelos\logl2 checkpoints\2stems\best_checkpoint_49_val_loss=-0.8623.pt
04/01/2026 03:14:42 PM | engine.py:1037 Engine run finished. Time taken: 00:00:36.780
[Epoch 59] train_loss=-0.411882 | val_loss=0.868652
04/01/2026 03:14:42 PM | engine.py:1037 Engine run finished. Time taken: 01:50:14.479
[LOADING BEST MODEL] Cargando mejor checkpoint desde: checkpoints\Mis_modelos\logl2 checkpoints\2stems\best_checkpoint_49_val_loss=-0.8623.pt
C:\Users\rdpuser\TFG_Identificaci-n-de-voces-e-instrumentos-en-una-obra-musical\pipeline\train.py:326: FutureWarning: You are using `torch.load` with `weights_only=False` (the current default value), which uses the default pickle module implicitly. It is possible to construct malicious pickle data which will execute arbitrary code during unpickling (See https://github.com/pytorch/pytorch/blob/main/SECURITY.md#untrusted-models for more details). In a future release, the default value for `weights_only` will be flipped to `True`. This limits the functions that could be executed during unpickling. Arbitrary objects will no longer be allowed to be loaded via this mode unless they are explicitly allowlisted by the user via `torch.serialization.add_safe_globals`. We recommend you start setting `weights_only=True` for any use case where you don't have full control of the loaded file. Please open an issue on GitHub for any issues related to this experimental feature.
  checkpoint = torch.load(best_checkpoint_path, map_location=device)
