C:\Users\rdpuser\miniconda3\envs\tfg_py310\lib\site-packages\ignite\handlers\checkpoint.py:16: DeprecationWarning: `TorchScript` support for functional optimizers is deprecated and will be removed in a future PyTorch release. Consider using the `torch.compile` optimizer instead.
  from torch.distributed.optim import ZeroRedundancyOptimizer
Usando dispositivo: cuda
Using device: cuda | nf=257 | channels=1 | hidden=50 | stems=2 | loss=LPSA
C:\Users\rdpuser\miniconda3\envs\tfg_py310\lib\site-packages\torch\nn\modules\module.py:1326: UserWarning: expandable_segments not supported on this platform (Triggered internally at C:\actions-runner\_work\pytorch\pytorch\builder\windows\pytorch\c10/cuda/CUDAAllocatorConfig.h:28.)
  return t.to(
GA: actual_batch=100 | accum_steps=1 | effective_batch_real=100
04/02/2026 12:47:08 PM | engine.py:906 Engine run starting with max_epochs=100.
C:\Users\rdpuser\miniconda3\envs\tfg_py310\lib\site-packages\ignite\handlers\checkpoint.py:16: DeprecationWarning: `TorchScript` support for functional optimizers is deprecated and will be removed in a future PyTorch release. Consider using the `torch.compile` optimizer instead.
  from torch.distributed.optim import ZeroRedundancyOptimizer
C:\Users\rdpuser\miniconda3\envs\tfg_py310\lib\site-packages\ignite\handlers\checkpoint.py:16: DeprecationWarning: `TorchScript` support for functional optimizers is deprecated and will be removed in a future PyTorch release. Consider using the `torch.compile` optimizer instead.
  from torch.distributed.optim import ZeroRedundancyOptimizer
C:\Users\rdpuser\miniconda3\envs\tfg_py310\lib\site-packages\ignite\handlers\checkpoint.py:16: DeprecationWarning: `TorchScript` support for functional optimizers is deprecated and will be removed in a future PyTorch release. Consider using the `torch.compile` optimizer instead.
  from torch.distributed.optim import ZeroRedundancyOptimizer
C:\Users\rdpuser\miniconda3\envs\tfg_py310\lib\site-packages\ignite\handlers\checkpoint.py:16: DeprecationWarning: `TorchScript` support for functional optimizers is deprecated and will be removed in a future PyTorch release. Consider using the `torch.compile` optimizer instead.
  from torch.distributed.optim import ZeroRedundancyOptimizer
04/02/2026 12:49:54 PM | engine.py:906 Engine run starting with max_epochs=1.
C:\Users\rdpuser\miniconda3\envs\tfg_py310\lib\site-packages\ignite\handlers\checkpoint.py:16: DeprecationWarning: `TorchScript` support for functional optimizers is deprecated and will be removed in a future PyTorch release. Consider using the `torch.compile` optimizer instead.
  from torch.distributed.optim import ZeroRedundancyOptimizer
C:\Users\rdpuser\miniconda3\envs\tfg_py310\lib\site-packages\ignite\handlers\checkpoint.py:16: DeprecationWarning: `TorchScript` support for functional optimizers is deprecated and will be removed in a future PyTorch release. Consider using the `torch.compile` optimizer instead.
  from torch.distributed.optim import ZeroRedundancyOptimizer
C:\Users\rdpuser\miniconda3\envs\tfg_py310\lib\site-packages\ignite\handlers\checkpoint.py:16: DeprecationWarning: `TorchScript` support for functional optimizers is deprecated and will be removed in a future PyTorch release. Consider using the `torch.compile` optimizer instead.
  from torch.distributed.optim import ZeroRedundancyOptimizer
C:\Users\rdpuser\miniconda3\envs\tfg_py310\lib\site-packages\ignite\handlers\checkpoint.py:16: DeprecationWarning: `TorchScript` support for functional optimizers is deprecated and will be removed in a future PyTorch release. Consider using the `torch.compile` optimizer instead.
  from torch.distributed.optim import ZeroRedundancyOptimizer
04/02/2026 12:50:43 PM | engine.py:1010 Epoch[1] Complete. Time taken: 00:00:48.646
Training model with training mixes in: C:\Users\rdpuser\TFG_Identificaci-n-de-voces-e-instrumentos-en-una-obra-musical\datasets\mix_generation\foreground_train
Validating data with validation mixes in: C:\Users\rdpuser\TFG_Identificaci-n-de-voces-e-instrumentos-en-una-obra-musical\datasets\mix_generation\foreground_valid
[DEBUG] Num de sources: 2
pipeline de 2 fuentes
[Validator] Epoch 1 - val_loss: 2.361602
[BEST CHECKPOINT] Guardado/actualizado en: checkpoints\Mis_modelos\LPSA checkpoints\2stems\best_checkpoint_1_val_loss=-2.3616.pt
04/02/2026 12:50:43 PM | engine.py:1037 Engine run finished. Time taken: 00:00:49.187
[Epoch 1] train_loss=2.240089 | val_loss=2.361602
04/02/2026 12:50:43 PM | engine.py:1010 Epoch[1] Complete. Time taken: 00:02:57.114
04/02/2026 12:51:56 PM | engine.py:906 Engine run starting with max_epochs=1.
04/02/2026 12:52:32 PM | engine.py:1010 Epoch[1] Complete. Time taken: 00:00:36.380
[Validator] Epoch 2 - val_loss: 2.156803
[BEST CHECKPOINT] Guardado/actualizado en: checkpoints\Mis_modelos\LPSA checkpoints\2stems\best_checkpoint_2_val_loss=-2.1568.pt
04/02/2026 12:52:32 PM | engine.py:1037 Engine run finished. Time taken: 00:00:36.394
[Epoch 2] train_loss=1.939166 | val_loss=2.156803
04/02/2026 12:52:32 PM | engine.py:1010 Epoch[2] Complete. Time taken: 00:01:49.018
04/02/2026 12:53:46 PM | engine.py:906 Engine run starting with max_epochs=1.
04/02/2026 12:54:23 PM | engine.py:1010 Epoch[1] Complete. Time taken: 00:00:36.467
[Validator] Epoch 3 - val_loss: 1.831767
[BEST CHECKPOINT] Guardado/actualizado en: checkpoints\Mis_modelos\LPSA checkpoints\2stems\best_checkpoint_3_val_loss=-1.8318.pt
04/02/2026 12:54:23 PM | engine.py:1037 Engine run finished. Time taken: 00:00:36.476
[Epoch 3] train_loss=1.715081 | val_loss=1.831767
04/02/2026 12:54:23 PM | engine.py:1010 Epoch[3] Complete. Time taken: 00:01:50.815
04/02/2026 12:55:36 PM | engine.py:906 Engine run starting with max_epochs=1.
04/02/2026 12:56:13 PM | engine.py:1010 Epoch[1] Complete. Time taken: 00:00:36.738
[Validator] Epoch 4 - val_loss: 1.693241
[BEST CHECKPOINT] Guardado/actualizado en: checkpoints\Mis_modelos\LPSA checkpoints\2stems\best_checkpoint_4_val_loss=-1.6932.pt
04/02/2026 12:56:13 PM | engine.py:1037 Engine run finished. Time taken: 00:00:36.747
[Epoch 4] train_loss=1.657666 | val_loss=1.693241
04/02/2026 12:56:13 PM | engine.py:1010 Epoch[4] Complete. Time taken: 00:01:50.349
04/02/2026 12:57:27 PM | engine.py:906 Engine run starting with max_epochs=1.
04/02/2026 12:58:03 PM | engine.py:1010 Epoch[1] Complete. Time taken: 00:00:35.962
[Validator] Epoch 5 - val_loss: 1.651710
[BEST CHECKPOINT] Guardado/actualizado en: checkpoints\Mis_modelos\LPSA checkpoints\2stems\best_checkpoint_5_val_loss=-1.6517.pt
04/02/2026 12:58:03 PM | engine.py:1037 Engine run finished. Time taken: 00:00:35.972
[Epoch 5] train_loss=1.587585 | val_loss=1.651710
04/02/2026 12:58:03 PM | engine.py:1010 Epoch[5] Complete. Time taken: 00:01:49.387
04/02/2026 12:59:17 PM | engine.py:906 Engine run starting with max_epochs=1.
04/02/2026 12:59:54 PM | engine.py:1010 Epoch[1] Complete. Time taken: 00:00:36.722
[Validator] Epoch 6 - val_loss: 1.635828
[BEST CHECKPOINT] Guardado/actualizado en: checkpoints\Mis_modelos\LPSA checkpoints\2stems\best_checkpoint_6_val_loss=-1.6358.pt
04/02/2026 12:59:54 PM | engine.py:1037 Engine run finished. Time taken: 00:00:36.730
[Epoch 6] train_loss=1.629010 | val_loss=1.635828
04/02/2026 12:59:54 PM | engine.py:1010 Epoch[6] Complete. Time taken: 00:01:51.596
04/02/2026 01:01:07 PM | engine.py:906 Engine run starting with max_epochs=1.
04/02/2026 01:01:44 PM | engine.py:1010 Epoch[1] Complete. Time taken: 00:00:36.711
[Validator] Epoch 7 - val_loss: 1.616174
[BEST CHECKPOINT] Guardado/actualizado en: checkpoints\Mis_modelos\LPSA checkpoints\2stems\best_checkpoint_7_val_loss=-1.6162.pt
04/02/2026 01:01:44 PM | engine.py:1037 Engine run finished. Time taken: 00:00:36.722
[Epoch 7] train_loss=1.596135 | val_loss=1.616174
04/02/2026 01:01:44 PM | engine.py:1010 Epoch[7] Complete. Time taken: 00:01:49.688
04/02/2026 01:02:57 PM | engine.py:906 Engine run starting with max_epochs=1.
04/02/2026 01:03:33 PM | engine.py:1010 Epoch[1] Complete. Time taken: 00:00:36.099
[Validator] Epoch 8 - val_loss: 1.595238
[BEST CHECKPOINT] Guardado/actualizado en: checkpoints\Mis_modelos\LPSA checkpoints\2stems\best_checkpoint_8_val_loss=-1.5952.pt
04/02/2026 01:03:33 PM | engine.py:1037 Engine run finished. Time taken: 00:00:36.109
[Epoch 8] train_loss=1.543438 | val_loss=1.595238
04/02/2026 01:03:33 PM | engine.py:1010 Epoch[8] Complete. Time taken: 00:01:49.391
04/02/2026 01:04:47 PM | engine.py:906 Engine run starting with max_epochs=1.
04/02/2026 01:05:23 PM | engine.py:1010 Epoch[1] Complete. Time taken: 00:00:36.372
[Validator] Epoch 9 - val_loss: 1.582322
[BEST CHECKPOINT] Guardado/actualizado en: checkpoints\Mis_modelos\LPSA checkpoints\2stems\best_checkpoint_9_val_loss=-1.5823.pt
04/02/2026 01:05:23 PM | engine.py:1037 Engine run finished. Time taken: 00:00:36.382
[Epoch 9] train_loss=1.558415 | val_loss=1.582322
04/02/2026 01:05:23 PM | engine.py:1010 Epoch[9] Complete. Time taken: 00:01:50.165
04/02/2026 01:06:37 PM | engine.py:906 Engine run starting with max_epochs=1.
04/02/2026 01:07:14 PM | engine.py:1010 Epoch[1] Complete. Time taken: 00:00:36.037
[Validator] Epoch 10 - val_loss: 1.571272
[BEST CHECKPOINT] Guardado/actualizado en: checkpoints\Mis_modelos\LPSA checkpoints\2stems\best_checkpoint_10_val_loss=-1.5713.pt
04/02/2026 01:07:14 PM | engine.py:1037 Engine run finished. Time taken: 00:00:36.047
[Epoch 10] train_loss=1.527496 | val_loss=1.571272
04/02/2026 01:07:14 PM | engine.py:1010 Epoch[10] Complete. Time taken: 00:01:50.144
04/02/2026 01:08:27 PM | engine.py:906 Engine run starting with max_epochs=1.
04/02/2026 01:09:03 PM | engine.py:1010 Epoch[1] Complete. Time taken: 00:00:35.971
[Validator] Epoch 11 - val_loss: 1.561047
[BEST CHECKPOINT] Guardado/actualizado en: checkpoints\Mis_modelos\LPSA checkpoints\2stems\best_checkpoint_11_val_loss=-1.5610.pt
04/02/2026 01:09:03 PM | engine.py:1037 Engine run finished. Time taken: 00:00:35.981
[Epoch 11] train_loss=1.529682 | val_loss=1.561047
04/02/2026 01:09:03 PM | engine.py:1010 Epoch[11] Complete. Time taken: 00:01:49.015
04/02/2026 01:10:16 PM | engine.py:906 Engine run starting with max_epochs=1.
04/02/2026 01:10:52 PM | engine.py:1010 Epoch[1] Complete. Time taken: 00:00:35.853
[Validator] Epoch 12 - val_loss: 1.532007
[BEST CHECKPOINT] Guardado/actualizado en: checkpoints\Mis_modelos\LPSA checkpoints\2stems\best_checkpoint_12_val_loss=-1.5320.pt
04/02/2026 01:10:52 PM | engine.py:1037 Engine run finished. Time taken: 00:00:35.863
[Epoch 12] train_loss=1.481422 | val_loss=1.532007
04/02/2026 01:10:52 PM | engine.py:1010 Epoch[12] Complete. Time taken: 00:01:49.716
04/02/2026 01:12:06 PM | engine.py:906 Engine run starting with max_epochs=1.
04/02/2026 01:12:42 PM | engine.py:1010 Epoch[1] Complete. Time taken: 00:00:36.324
[Validator] Epoch 13 - val_loss: 1.518226
[BEST CHECKPOINT] Guardado/actualizado en: checkpoints\Mis_modelos\LPSA checkpoints\2stems\best_checkpoint_13_val_loss=-1.5182.pt
04/02/2026 01:12:42 PM | engine.py:1037 Engine run finished. Time taken: 00:00:36.335
[Epoch 13] train_loss=1.477002 | val_loss=1.518226
04/02/2026 01:12:42 PM | engine.py:1010 Epoch[13] Complete. Time taken: 00:01:49.681
04/02/2026 01:13:54 PM | engine.py:906 Engine run starting with max_epochs=1.
04/02/2026 01:14:32 PM | engine.py:1010 Epoch[1] Complete. Time taken: 00:00:37.315
[Validator] Epoch 14 - val_loss: 1.507469
[BEST CHECKPOINT] Guardado/actualizado en: checkpoints\Mis_modelos\LPSA checkpoints\2stems\best_checkpoint_14_val_loss=-1.5075.pt
04/02/2026 01:14:32 PM | engine.py:1037 Engine run finished. Time taken: 00:00:37.324
[Epoch 14] train_loss=1.456080 | val_loss=1.507469
04/02/2026 01:14:32 PM | engine.py:1010 Epoch[14] Complete. Time taken: 00:01:49.871
04/02/2026 01:15:45 PM | engine.py:906 Engine run starting with max_epochs=1.
04/02/2026 01:16:21 PM | engine.py:1010 Epoch[1] Complete. Time taken: 00:00:36.077
[Validator] Epoch 15 - val_loss: 1.494672
[BEST CHECKPOINT] Guardado/actualizado en: checkpoints\Mis_modelos\LPSA checkpoints\2stems\best_checkpoint_15_val_loss=-1.4947.pt
04/02/2026 01:16:21 PM | engine.py:1037 Engine run finished. Time taken: 00:00:36.086
[Epoch 15] train_loss=1.428541 | val_loss=1.494672
04/02/2026 01:16:21 PM | engine.py:1010 Epoch[15] Complete. Time taken: 00:01:49.569
04/02/2026 01:17:36 PM | engine.py:906 Engine run starting with max_epochs=1.
04/02/2026 01:18:12 PM | engine.py:1010 Epoch[1] Complete. Time taken: 00:00:36.104
[Validator] Epoch 16 - val_loss: 1.464275
[BEST CHECKPOINT] Guardado/actualizado en: checkpoints\Mis_modelos\LPSA checkpoints\2stems\best_checkpoint_16_val_loss=-1.4643.pt
04/02/2026 01:18:12 PM | engine.py:1037 Engine run finished. Time taken: 00:00:36.113
[Epoch 16] train_loss=1.436586 | val_loss=1.464275
04/02/2026 01:18:12 PM | engine.py:1010 Epoch[16] Complete. Time taken: 00:01:50.569
04/02/2026 01:19:25 PM | engine.py:906 Engine run starting with max_epochs=1.
04/02/2026 01:20:02 PM | engine.py:1010 Epoch[1] Complete. Time taken: 00:00:37.118
[Validator] Epoch 17 - val_loss: 1.450927
[BEST CHECKPOINT] Guardado/actualizado en: checkpoints\Mis_modelos\LPSA checkpoints\2stems\best_checkpoint_17_val_loss=-1.4509.pt
04/02/2026 01:20:02 PM | engine.py:1037 Engine run finished. Time taken: 00:00:37.127
[Epoch 17] train_loss=1.419146 | val_loss=1.450927
04/02/2026 01:20:02 PM | engine.py:1010 Epoch[17] Complete. Time taken: 00:01:50.281
04/02/2026 01:21:15 PM | engine.py:906 Engine run starting with max_epochs=1.
04/02/2026 01:21:52 PM | engine.py:1010 Epoch[1] Complete. Time taken: 00:00:37.076
[Validator] Epoch 18 - val_loss: 1.444638
[BEST CHECKPOINT] Guardado/actualizado en: checkpoints\Mis_modelos\LPSA checkpoints\2stems\best_checkpoint_18_val_loss=-1.4446.pt
04/02/2026 01:21:52 PM | engine.py:1037 Engine run finished. Time taken: 00:00:37.084
[Epoch 18] train_loss=1.370386 | val_loss=1.444638
04/02/2026 01:21:52 PM | engine.py:1010 Epoch[18] Complete. Time taken: 00:01:50.227
04/02/2026 01:23:06 PM | engine.py:906 Engine run starting with max_epochs=1.
04/02/2026 01:23:42 PM | engine.py:1010 Epoch[1] Complete. Time taken: 00:00:36.031
[Validator] Epoch 19 - val_loss: 1.458701
[BEST CHECKPOINT] Guardado/actualizado en: checkpoints\Mis_modelos\LPSA checkpoints\2stems\best_checkpoint_18_val_loss=-1.4446.pt
04/02/2026 01:23:42 PM | engine.py:1037 Engine run finished. Time taken: 00:00:36.034
[Epoch 19] train_loss=1.383027 | val_loss=1.458701
04/02/2026 01:23:42 PM | engine.py:1010 Epoch[19] Complete. Time taken: 00:01:49.561
04/02/2026 01:24:55 PM | engine.py:906 Engine run starting with max_epochs=1.
04/02/2026 01:25:32 PM | engine.py:1010 Epoch[1] Complete. Time taken: 00:00:36.572
[Validator] Epoch 20 - val_loss: 1.424571
[BEST CHECKPOINT] Guardado/actualizado en: checkpoints\Mis_modelos\LPSA checkpoints\2stems\best_checkpoint_20_val_loss=-1.4246.pt
04/02/2026 01:25:32 PM | engine.py:1037 Engine run finished. Time taken: 00:00:36.581
[Epoch 20] train_loss=1.383860 | val_loss=1.424571
04/02/2026 01:25:32 PM | engine.py:1010 Epoch[20] Complete. Time taken: 00:01:49.889
04/02/2026 01:26:45 PM | engine.py:906 Engine run starting with max_epochs=1.
04/02/2026 01:27:21 PM | engine.py:1010 Epoch[1] Complete. Time taken: 00:00:36.697
[Validator] Epoch 21 - val_loss: 1.405227
[BEST CHECKPOINT] Guardado/actualizado en: checkpoints\Mis_modelos\LPSA checkpoints\2stems\best_checkpoint_21_val_loss=-1.4052.pt
04/02/2026 01:27:21 PM | engine.py:1037 Engine run finished. Time taken: 00:00:36.706
[Epoch 21] train_loss=1.339393 | val_loss=1.405227
04/02/2026 01:27:21 PM | engine.py:1010 Epoch[21] Complete. Time taken: 00:01:49.399
04/02/2026 01:28:37 PM | engine.py:906 Engine run starting with max_epochs=1.
04/02/2026 01:29:12 PM | engine.py:1010 Epoch[1] Complete. Time taken: 00:00:35.496
[Validator] Epoch 22 - val_loss: 1.404208
[BEST CHECKPOINT] Guardado/actualizado en: checkpoints\Mis_modelos\LPSA checkpoints\2stems\best_checkpoint_22_val_loss=-1.4042.pt
04/02/2026 01:29:12 PM | engine.py:1037 Engine run finished. Time taken: 00:00:35.506
[Epoch 22] train_loss=1.343110 | val_loss=1.404208
04/02/2026 01:29:12 PM | engine.py:1010 Epoch[22] Complete. Time taken: 00:01:51.024
04/02/2026 01:30:27 PM | engine.py:906 Engine run starting with max_epochs=1.
04/02/2026 01:31:02 PM | engine.py:1010 Epoch[1] Complete. Time taken: 00:00:35.757
[Validator] Epoch 23 - val_loss: 1.429209
[BEST CHECKPOINT] Guardado/actualizado en: checkpoints\Mis_modelos\LPSA checkpoints\2stems\best_checkpoint_22_val_loss=-1.4042.pt
04/02/2026 01:31:02 PM | engine.py:1037 Engine run finished. Time taken: 00:00:35.758
[Epoch 23] train_loss=1.331457 | val_loss=1.429209
04/02/2026 01:31:02 PM | engine.py:1010 Epoch[23] Complete. Time taken: 00:01:49.972
04/02/2026 01:32:15 PM | engine.py:906 Engine run starting with max_epochs=1.
04/02/2026 01:32:51 PM | engine.py:1010 Epoch[1] Complete. Time taken: 00:00:36.505
[Validator] Epoch 24 - val_loss: 1.417396
[BEST CHECKPOINT] Guardado/actualizado en: checkpoints\Mis_modelos\LPSA checkpoints\2stems\best_checkpoint_22_val_loss=-1.4042.pt
04/02/2026 01:32:51 PM | engine.py:1037 Engine run finished. Time taken: 00:00:36.506
[Epoch 24] train_loss=1.335865 | val_loss=1.417396
04/02/2026 01:32:51 PM | engine.py:1010 Epoch[24] Complete. Time taken: 00:01:48.962
04/02/2026 01:34:05 PM | engine.py:906 Engine run starting with max_epochs=1.
04/02/2026 01:34:41 PM | engine.py:1010 Epoch[1] Complete. Time taken: 00:00:36.364
[Validator] Epoch 25 - val_loss: 1.397424
[BEST CHECKPOINT] Guardado/actualizado en: checkpoints\Mis_modelos\LPSA checkpoints\2stems\best_checkpoint_25_val_loss=-1.3974.pt
04/02/2026 01:34:41 PM | engine.py:1037 Engine run finished. Time taken: 00:00:36.374
[Epoch 25] train_loss=1.318268 | val_loss=1.397424
04/02/2026 01:34:41 PM | engine.py:1010 Epoch[25] Complete. Time taken: 00:01:50.181
04/02/2026 01:35:55 PM | engine.py:906 Engine run starting with max_epochs=1.
04/02/2026 01:36:30 PM | engine.py:1010 Epoch[1] Complete. Time taken: 00:00:35.494
[Validator] Epoch 26 - val_loss: 1.388424
[BEST CHECKPOINT] Guardado/actualizado en: checkpoints\Mis_modelos\LPSA checkpoints\2stems\best_checkpoint_26_val_loss=-1.3884.pt
04/02/2026 01:36:30 PM | engine.py:1037 Engine run finished. Time taken: 00:00:35.506
[Epoch 26] train_loss=1.300930 | val_loss=1.388424
04/02/2026 01:36:30 PM | engine.py:1010 Epoch[26] Complete. Time taken: 00:01:48.637
04/02/2026 01:37:42 PM | engine.py:906 Engine run starting with max_epochs=1.
04/02/2026 01:38:19 PM | engine.py:1010 Epoch[1] Complete. Time taken: 00:00:36.508
[Validator] Epoch 27 - val_loss: 1.393744
[BEST CHECKPOINT] Guardado/actualizado en: checkpoints\Mis_modelos\LPSA checkpoints\2stems\best_checkpoint_26_val_loss=-1.3884.pt
04/02/2026 01:38:19 PM | engine.py:1037 Engine run finished. Time taken: 00:00:36.509
[Epoch 27] train_loss=1.296144 | val_loss=1.393744
04/02/2026 01:38:19 PM | engine.py:1010 Epoch[27] Complete. Time taken: 00:01:48.849
04/02/2026 01:39:34 PM | engine.py:906 Engine run starting with max_epochs=1.
04/02/2026 01:40:09 PM | engine.py:1010 Epoch[1] Complete. Time taken: 00:00:35.566
[Validator] Epoch 28 - val_loss: 1.374059
[BEST CHECKPOINT] Guardado/actualizado en: checkpoints\Mis_modelos\LPSA checkpoints\2stems\best_checkpoint_28_val_loss=-1.3741.pt
04/02/2026 01:40:09 PM | engine.py:1037 Engine run finished. Time taken: 00:00:35.575
[Epoch 28] train_loss=1.302021 | val_loss=1.374059
04/02/2026 01:40:09 PM | engine.py:1010 Epoch[28] Complete. Time taken: 00:01:50.377
04/02/2026 01:41:22 PM | engine.py:906 Engine run starting with max_epochs=1.
04/02/2026 01:41:58 PM | engine.py:1010 Epoch[1] Complete. Time taken: 00:00:36.629
[Validator] Epoch 29 - val_loss: 1.365447
[BEST CHECKPOINT] Guardado/actualizado en: checkpoints\Mis_modelos\LPSA checkpoints\2stems\best_checkpoint_29_val_loss=-1.3654.pt
04/02/2026 01:41:58 PM | engine.py:1037 Engine run finished. Time taken: 00:00:36.638
[Epoch 29] train_loss=1.254360 | val_loss=1.365447
04/02/2026 01:41:58 PM | engine.py:1010 Epoch[29] Complete. Time taken: 00:01:49.194
04/02/2026 01:43:13 PM | engine.py:906 Engine run starting with max_epochs=1.
04/02/2026 01:43:48 PM | engine.py:1010 Epoch[1] Complete. Time taken: 00:00:35.662
[Validator] Epoch 30 - val_loss: 1.366301
[BEST CHECKPOINT] Guardado/actualizado en: checkpoints\Mis_modelos\LPSA checkpoints\2stems\best_checkpoint_29_val_loss=-1.3654.pt
04/02/2026 01:43:48 PM | engine.py:1037 Engine run finished. Time taken: 00:00:35.664
[Epoch 30] train_loss=1.280008 | val_loss=1.366301
04/02/2026 01:43:48 PM | engine.py:1010 Epoch[30] Complete. Time taken: 00:01:49.823
04/02/2026 01:45:02 PM | engine.py:906 Engine run starting with max_epochs=1.
04/02/2026 01:45:39 PM | engine.py:1010 Epoch[1] Complete. Time taken: 00:00:36.511
[Validator] Epoch 31 - val_loss: 1.357254
[BEST CHECKPOINT] Guardado/actualizado en: checkpoints\Mis_modelos\LPSA checkpoints\2stems\best_checkpoint_31_val_loss=-1.3573.pt
04/02/2026 01:45:39 PM | engine.py:1037 Engine run finished. Time taken: 00:00:36.522
[Epoch 31] train_loss=1.258385 | val_loss=1.357254
04/02/2026 01:45:39 PM | engine.py:1010 Epoch[31] Complete. Time taken: 00:01:50.688
04/02/2026 01:46:53 PM | engine.py:906 Engine run starting with max_epochs=1.
04/02/2026 01:47:29 PM | engine.py:1010 Epoch[1] Complete. Time taken: 00:00:36.001
[Validator] Epoch 32 - val_loss: 1.372402
[BEST CHECKPOINT] Guardado/actualizado en: checkpoints\Mis_modelos\LPSA checkpoints\2stems\best_checkpoint_31_val_loss=-1.3573.pt
04/02/2026 01:47:29 PM | engine.py:1037 Engine run finished. Time taken: 00:00:36.001
[Epoch 32] train_loss=1.265317 | val_loss=1.372402
04/02/2026 01:47:29 PM | engine.py:1010 Epoch[32] Complete. Time taken: 00:01:49.626
04/02/2026 01:48:42 PM | engine.py:906 Engine run starting with max_epochs=1.
04/02/2026 01:49:19 PM | engine.py:1010 Epoch[1] Complete. Time taken: 00:00:36.485
[Validator] Epoch 33 - val_loss: 1.390157
[BEST CHECKPOINT] Guardado/actualizado en: checkpoints\Mis_modelos\LPSA checkpoints\2stems\best_checkpoint_31_val_loss=-1.3573.pt
04/02/2026 01:49:19 PM | engine.py:1037 Engine run finished. Time taken: 00:00:36.485
[Epoch 33] train_loss=1.249537 | val_loss=1.390157
04/02/2026 01:49:19 PM | engine.py:1010 Epoch[33] Complete. Time taken: 00:01:49.896
04/02/2026 01:50:32 PM | engine.py:906 Engine run starting with max_epochs=1.
04/02/2026 01:51:12 PM | engine.py:1010 Epoch[1] Complete. Time taken: 00:00:40.758
[Validator] Epoch 34 - val_loss: 1.371746
[BEST CHECKPOINT] Guardado/actualizado en: checkpoints\Mis_modelos\LPSA checkpoints\2stems\best_checkpoint_31_val_loss=-1.3573.pt
04/02/2026 01:51:12 PM | engine.py:1037 Engine run finished. Time taken: 00:00:40.760
[Epoch 34] train_loss=1.270793 | val_loss=1.371746
04/02/2026 01:51:12 PM | engine.py:1010 Epoch[34] Complete. Time taken: 00:01:53.757
04/02/2026 01:52:28 PM | engine.py:906 Engine run starting with max_epochs=1.
04/02/2026 01:53:05 PM | engine.py:1010 Epoch[1] Complete. Time taken: 00:00:36.669
[Validator] Epoch 35 - val_loss: 1.370915
[BEST CHECKPOINT] Guardado/actualizado en: checkpoints\Mis_modelos\LPSA checkpoints\2stems\best_checkpoint_31_val_loss=-1.3573.pt
04/02/2026 01:53:05 PM | engine.py:1037 Engine run finished. Time taken: 00:00:36.670
[Epoch 35] train_loss=1.237112 | val_loss=1.370915
04/02/2026 01:53:05 PM | engine.py:1010 Epoch[35] Complete. Time taken: 00:01:52.541
04/02/2026 01:54:18 PM | engine.py:906 Engine run starting with max_epochs=1.
04/02/2026 01:54:54 PM | engine.py:1010 Epoch[1] Complete. Time taken: 00:00:35.654
[Validator] Epoch 36 - val_loss: 1.341162
[BEST CHECKPOINT] Guardado/actualizado en: checkpoints\Mis_modelos\LPSA checkpoints\2stems\best_checkpoint_36_val_loss=-1.3412.pt
04/02/2026 01:54:54 PM | engine.py:1037 Engine run finished. Time taken: 00:00:35.664
[Epoch 36] train_loss=1.247249 | val_loss=1.341162
04/02/2026 01:54:54 PM | engine.py:1010 Epoch[36] Complete. Time taken: 00:01:48.948
04/02/2026 01:56:07 PM | engine.py:906 Engine run starting with max_epochs=1.
04/02/2026 01:56:43 PM | engine.py:1010 Epoch[1] Complete. Time taken: 00:00:36.331
[Validator] Epoch 37 - val_loss: 1.332398
[BEST CHECKPOINT] Guardado/actualizado en: checkpoints\Mis_modelos\LPSA checkpoints\2stems\best_checkpoint_37_val_loss=-1.3324.pt
04/02/2026 01:56:43 PM | engine.py:1037 Engine run finished. Time taken: 00:00:36.341
[Epoch 37] train_loss=1.242678 | val_loss=1.332398
04/02/2026 01:56:43 PM | engine.py:1010 Epoch[37] Complete. Time taken: 00:01:49.142
04/02/2026 01:57:56 PM | engine.py:906 Engine run starting with max_epochs=1.
04/02/2026 01:58:32 PM | engine.py:1010 Epoch[1] Complete. Time taken: 00:00:36.082
[Validator] Epoch 38 - val_loss: 1.364652
[BEST CHECKPOINT] Guardado/actualizado en: checkpoints\Mis_modelos\LPSA checkpoints\2stems\best_checkpoint_37_val_loss=-1.3324.pt
04/02/2026 01:58:32 PM | engine.py:1037 Engine run finished. Time taken: 00:00:36.083
[Epoch 38] train_loss=1.221702 | val_loss=1.364652
04/02/2026 01:58:32 PM | engine.py:1010 Epoch[38] Complete. Time taken: 00:01:49.379
04/02/2026 01:59:46 PM | engine.py:906 Engine run starting with max_epochs=1.
04/02/2026 02:00:22 PM | engine.py:1010 Epoch[1] Complete. Time taken: 00:00:36.336
[Validator] Epoch 39 - val_loss: 1.377891
[BEST CHECKPOINT] Guardado/actualizado en: checkpoints\Mis_modelos\LPSA checkpoints\2stems\best_checkpoint_37_val_loss=-1.3324.pt
04/02/2026 02:00:22 PM | engine.py:1037 Engine run finished. Time taken: 00:00:36.337
[Epoch 39] train_loss=1.225423 | val_loss=1.377891
04/02/2026 02:00:22 PM | engine.py:1010 Epoch[39] Complete. Time taken: 00:01:49.546
04/02/2026 02:01:36 PM | engine.py:906 Engine run starting with max_epochs=1.
04/02/2026 02:02:11 PM | engine.py:1010 Epoch[1] Complete. Time taken: 00:00:35.622
[Validator] Epoch 40 - val_loss: 1.331451
[BEST CHECKPOINT] Guardado/actualizado en: checkpoints\Mis_modelos\LPSA checkpoints\2stems\best_checkpoint_40_val_loss=-1.3315.pt
04/02/2026 02:02:11 PM | engine.py:1037 Engine run finished. Time taken: 00:00:35.632
[Epoch 40] train_loss=1.240424 | val_loss=1.331451
04/02/2026 02:02:11 PM | engine.py:1010 Epoch[40] Complete. Time taken: 00:01:49.611
04/02/2026 02:03:24 PM | engine.py:906 Engine run starting with max_epochs=1.
04/02/2026 02:04:00 PM | engine.py:1010 Epoch[1] Complete. Time taken: 00:00:35.391
[Validator] Epoch 41 - val_loss: 1.331533
[BEST CHECKPOINT] Guardado/actualizado en: checkpoints\Mis_modelos\LPSA checkpoints\2stems\best_checkpoint_40_val_loss=-1.3315.pt
04/02/2026 02:04:00 PM | engine.py:1037 Engine run finished. Time taken: 00:00:35.392
[Epoch 41] train_loss=1.230508 | val_loss=1.331533
04/02/2026 02:04:00 PM | engine.py:1010 Epoch[41] Complete. Time taken: 00:01:48.414
04/02/2026 02:05:12 PM | engine.py:906 Engine run starting with max_epochs=1.
04/02/2026 02:05:49 PM | engine.py:1010 Epoch[1] Complete. Time taken: 00:00:36.387
[Validator] Epoch 42 - val_loss: 1.324765
[BEST CHECKPOINT] Guardado/actualizado en: checkpoints\Mis_modelos\LPSA checkpoints\2stems\best_checkpoint_42_val_loss=-1.3248.pt
04/02/2026 02:05:49 PM | engine.py:1037 Engine run finished. Time taken: 00:00:36.404
[Epoch 42] train_loss=1.202504 | val_loss=1.324765
04/02/2026 02:05:49 PM | engine.py:1010 Epoch[42] Complete. Time taken: 00:01:48.887
04/02/2026 02:07:01 PM | engine.py:906 Engine run starting with max_epochs=1.
04/02/2026 02:07:36 PM | engine.py:1010 Epoch[1] Complete. Time taken: 00:00:35.209
[Validator] Epoch 43 - val_loss: 1.330263
[BEST CHECKPOINT] Guardado/actualizado en: checkpoints\Mis_modelos\LPSA checkpoints\2stems\best_checkpoint_42_val_loss=-1.3248.pt
04/02/2026 02:07:36 PM | engine.py:1037 Engine run finished. Time taken: 00:00:35.210
[Epoch 43] train_loss=1.191646 | val_loss=1.330263
04/02/2026 02:07:36 PM | engine.py:1010 Epoch[43] Complete. Time taken: 00:01:47.628
04/02/2026 02:08:49 PM | engine.py:906 Engine run starting with max_epochs=1.
04/02/2026 02:09:25 PM | engine.py:1010 Epoch[1] Complete. Time taken: 00:00:35.590
[Validator] Epoch 44 - val_loss: 1.343153
[BEST CHECKPOINT] Guardado/actualizado en: checkpoints\Mis_modelos\LPSA checkpoints\2stems\best_checkpoint_42_val_loss=-1.3248.pt
04/02/2026 02:09:25 PM | engine.py:1037 Engine run finished. Time taken: 00:00:35.591
[Epoch 44] train_loss=1.192449 | val_loss=1.343153
04/02/2026 02:09:25 PM | engine.py:1010 Epoch[44] Complete. Time taken: 00:01:48.275
04/02/2026 02:10:39 PM | engine.py:906 Engine run starting with max_epochs=1.
04/02/2026 02:11:15 PM | engine.py:1010 Epoch[1] Complete. Time taken: 00:00:36.348
[Validator] Epoch 45 - val_loss: 1.323286
[BEST CHECKPOINT] Guardado/actualizado en: checkpoints\Mis_modelos\LPSA checkpoints\2stems\best_checkpoint_45_val_loss=-1.3233.pt
04/02/2026 02:11:15 PM | engine.py:1037 Engine run finished. Time taken: 00:00:36.359
[Epoch 45] train_loss=1.200588 | val_loss=1.323286
04/02/2026 02:11:15 PM | engine.py:1010 Epoch[45] Complete. Time taken: 00:01:50.388
04/02/2026 02:12:30 PM | engine.py:906 Engine run starting with max_epochs=1.
04/02/2026 02:13:05 PM | engine.py:1010 Epoch[1] Complete. Time taken: 00:00:35.457
[Validator] Epoch 46 - val_loss: 1.359918
[BEST CHECKPOINT] Guardado/actualizado en: checkpoints\Mis_modelos\LPSA checkpoints\2stems\best_checkpoint_45_val_loss=-1.3233.pt
04/02/2026 02:13:05 PM | engine.py:1037 Engine run finished. Time taken: 00:00:35.458
[Epoch 46] train_loss=1.196215 | val_loss=1.359918
04/02/2026 02:13:05 PM | engine.py:1010 Epoch[46] Complete. Time taken: 00:01:50.160
04/02/2026 02:14:17 PM | engine.py:906 Engine run starting with max_epochs=1.
04/02/2026 02:14:54 PM | engine.py:1010 Epoch[1] Complete. Time taken: 00:00:36.669
[Validator] Epoch 47 - val_loss: 1.323883
[BEST CHECKPOINT] Guardado/actualizado en: checkpoints\Mis_modelos\LPSA checkpoints\2stems\best_checkpoint_45_val_loss=-1.3233.pt
04/02/2026 02:14:54 PM | engine.py:1037 Engine run finished. Time taken: 00:00:36.671
[Epoch 47] train_loss=1.189802 | val_loss=1.323883
04/02/2026 02:14:54 PM | engine.py:1010 Epoch[47] Complete. Time taken: 00:01:48.618
04/02/2026 02:16:07 PM | engine.py:906 Engine run starting with max_epochs=1.
04/02/2026 02:16:42 PM | engine.py:1010 Epoch[1] Complete. Time taken: 00:00:35.557
[Validator] Epoch 48 - val_loss: 1.306724
[BEST CHECKPOINT] Guardado/actualizado en: checkpoints\Mis_modelos\LPSA checkpoints\2stems\best_checkpoint_48_val_loss=-1.3067.pt
04/02/2026 02:16:42 PM | engine.py:1037 Engine run finished. Time taken: 00:00:35.567
[Epoch 48] train_loss=1.196934 | val_loss=1.306724
04/02/2026 02:16:42 PM | engine.py:1010 Epoch[48] Complete. Time taken: 00:01:48.566
04/02/2026 02:17:56 PM | engine.py:906 Engine run starting with max_epochs=1.
04/02/2026 02:18:32 PM | engine.py:1010 Epoch[1] Complete. Time taken: 00:00:36.238
[Validator] Epoch 49 - val_loss: 1.312132
[BEST CHECKPOINT] Guardado/actualizado en: checkpoints\Mis_modelos\LPSA checkpoints\2stems\best_checkpoint_48_val_loss=-1.3067.pt
04/02/2026 02:18:32 PM | engine.py:1037 Engine run finished. Time taken: 00:00:36.240
[Epoch 49] train_loss=1.190980 | val_loss=1.312132
04/02/2026 02:18:32 PM | engine.py:1010 Epoch[49] Complete. Time taken: 00:01:49.533
04/02/2026 02:19:45 PM | engine.py:906 Engine run starting with max_epochs=1.
04/02/2026 02:20:21 PM | engine.py:1010 Epoch[1] Complete. Time taken: 00:00:35.906
[Validator] Epoch 50 - val_loss: 1.353903
[BEST CHECKPOINT] Guardado/actualizado en: checkpoints\Mis_modelos\LPSA checkpoints\2stems\best_checkpoint_48_val_loss=-1.3067.pt
04/02/2026 02:20:21 PM | engine.py:1037 Engine run finished. Time taken: 00:00:35.908
[Epoch 50] train_loss=1.161853 | val_loss=1.353903
04/02/2026 02:20:21 PM | engine.py:1010 Epoch[50] Complete. Time taken: 00:01:48.768
04/02/2026 02:21:34 PM | engine.py:906 Engine run starting with max_epochs=1.
04/02/2026 02:22:09 PM | engine.py:1010 Epoch[1] Complete. Time taken: 00:00:35.818
[Validator] Epoch 51 - val_loss: 1.304200
[BEST CHECKPOINT] Guardado/actualizado en: checkpoints\Mis_modelos\LPSA checkpoints\2stems\best_checkpoint_51_val_loss=-1.3042.pt
04/02/2026 02:22:09 PM | engine.py:1037 Engine run finished. Time taken: 00:00:35.828
[Epoch 51] train_loss=1.196740 | val_loss=1.304200
04/02/2026 02:22:09 PM | engine.py:1010 Epoch[51] Complete. Time taken: 00:01:48.807
04/02/2026 02:23:22 PM | engine.py:906 Engine run starting with max_epochs=1.
04/02/2026 02:23:58 PM | engine.py:1010 Epoch[1] Complete. Time taken: 00:00:35.783
[Validator] Epoch 52 - val_loss: 1.344069
[BEST CHECKPOINT] Guardado/actualizado en: checkpoints\Mis_modelos\LPSA checkpoints\2stems\best_checkpoint_51_val_loss=-1.3042.pt
04/02/2026 02:23:58 PM | engine.py:1037 Engine run finished. Time taken: 00:00:35.786
[Epoch 52] train_loss=1.173992 | val_loss=1.344069
04/02/2026 02:23:58 PM | engine.py:1010 Epoch[52] Complete. Time taken: 00:01:48.351
04/02/2026 02:25:10 PM | engine.py:906 Engine run starting with max_epochs=1.
04/02/2026 02:25:47 PM | engine.py:1010 Epoch[1] Complete. Time taken: 00:00:36.335
[Validator] Epoch 53 - val_loss: 1.309470
[BEST CHECKPOINT] Guardado/actualizado en: checkpoints\Mis_modelos\LPSA checkpoints\2stems\best_checkpoint_51_val_loss=-1.3042.pt
04/02/2026 02:25:47 PM | engine.py:1037 Engine run finished. Time taken: 00:00:36.336
[Epoch 53] train_loss=1.191337 | val_loss=1.309470
04/02/2026 02:25:47 PM | engine.py:1010 Epoch[53] Complete. Time taken: 00:01:48.894
04/02/2026 02:27:00 PM | engine.py:906 Engine run starting with max_epochs=1.
04/02/2026 02:27:37 PM | engine.py:1010 Epoch[1] Complete. Time taken: 00:00:36.630
[Validator] Epoch 54 - val_loss: 1.303207
[BEST CHECKPOINT] Guardado/actualizado en: checkpoints\Mis_modelos\LPSA checkpoints\2stems\best_checkpoint_54_val_loss=-1.3032.pt
04/02/2026 02:27:37 PM | engine.py:1037 Engine run finished. Time taken: 00:00:36.639
[Epoch 54] train_loss=1.195984 | val_loss=1.303207
04/02/2026 02:27:37 PM | engine.py:1010 Epoch[54] Complete. Time taken: 00:01:49.985
04/02/2026 02:28:50 PM | engine.py:906 Engine run starting with max_epochs=1.
04/02/2026 02:29:26 PM | engine.py:1010 Epoch[1] Complete. Time taken: 00:00:36.171
[Validator] Epoch 55 - val_loss: 1.323146
[BEST CHECKPOINT] Guardado/actualizado en: checkpoints\Mis_modelos\LPSA checkpoints\2stems\best_checkpoint_54_val_loss=-1.3032.pt
04/02/2026 02:29:26 PM | engine.py:1037 Engine run finished. Time taken: 00:00:36.172
[Epoch 55] train_loss=1.157070 | val_loss=1.323146
04/02/2026 02:29:26 PM | engine.py:1010 Epoch[55] Complete. Time taken: 00:01:49.365
04/02/2026 02:30:39 PM | engine.py:906 Engine run starting with max_epochs=1.
04/02/2026 02:31:15 PM | engine.py:1010 Epoch[1] Complete. Time taken: 00:00:35.614
[Validator] Epoch 56 - val_loss: 1.320546
[BEST CHECKPOINT] Guardado/actualizado en: checkpoints\Mis_modelos\LPSA checkpoints\2stems\best_checkpoint_54_val_loss=-1.3032.pt
04/02/2026 02:31:15 PM | engine.py:1037 Engine run finished. Time taken: 00:00:35.616
[Epoch 56] train_loss=1.180362 | val_loss=1.320546
04/02/2026 02:31:15 PM | engine.py:1010 Epoch[56] Complete. Time taken: 00:01:48.435
04/02/2026 02:32:28 PM | engine.py:906 Engine run starting with max_epochs=1.
04/02/2026 02:33:04 PM | engine.py:1010 Epoch[1] Complete. Time taken: 00:00:35.948
[Validator] Epoch 57 - val_loss: 1.350626
[BEST CHECKPOINT] Guardado/actualizado en: checkpoints\Mis_modelos\LPSA checkpoints\2stems\best_checkpoint_54_val_loss=-1.3032.pt
04/02/2026 02:33:04 PM | engine.py:1037 Engine run finished. Time taken: 00:00:35.949
[Epoch 57] train_loss=1.152158 | val_loss=1.350626
04/02/2026 02:33:04 PM | engine.py:1010 Epoch[57] Complete. Time taken: 00:01:48.987
04/02/2026 02:34:16 PM | engine.py:906 Engine run starting with max_epochs=1.
04/02/2026 02:34:53 PM | engine.py:1010 Epoch[1] Complete. Time taken: 00:00:36.745
[Validator] Epoch 58 - val_loss: 1.305018
[BEST CHECKPOINT] Guardado/actualizado en: checkpoints\Mis_modelos\LPSA checkpoints\2stems\best_checkpoint_54_val_loss=-1.3032.pt
04/02/2026 02:34:53 PM | engine.py:1037 Engine run finished. Time taken: 00:00:36.746
[Epoch 58] train_loss=1.170487 | val_loss=1.305018
04/02/2026 02:34:53 PM | engine.py:1010 Epoch[58] Complete. Time taken: 00:01:49.715
04/02/2026 02:36:07 PM | engine.py:906 Engine run starting with max_epochs=1.
04/02/2026 02:36:43 PM | engine.py:1010 Epoch[1] Complete. Time taken: 00:00:36.735
[Validator] Epoch 59 - val_loss: 1.295202
[BEST CHECKPOINT] Guardado/actualizado en: checkpoints\Mis_modelos\LPSA checkpoints\2stems\best_checkpoint_59_val_loss=-1.2952.pt
04/02/2026 02:36:43 PM | engine.py:1037 Engine run finished. Time taken: 00:00:36.749
[Epoch 59] train_loss=1.177592 | val_loss=1.295202
04/02/2026 02:36:43 PM | engine.py:1010 Epoch[59] Complete. Time taken: 00:01:50.160
04/02/2026 02:37:57 PM | engine.py:906 Engine run starting with max_epochs=1.
04/02/2026 02:38:33 PM | engine.py:1010 Epoch[1] Complete. Time taken: 00:00:35.696
[Validator] Epoch 60 - val_loss: 1.300578
[BEST CHECKPOINT] Guardado/actualizado en: checkpoints\Mis_modelos\LPSA checkpoints\2stems\best_checkpoint_59_val_loss=-1.2952.pt
04/02/2026 02:38:33 PM | engine.py:1037 Engine run finished. Time taken: 00:00:35.697
[Epoch 60] train_loss=1.171070 | val_loss=1.300578
04/02/2026 02:38:33 PM | engine.py:1010 Epoch[60] Complete. Time taken: 00:01:49.588
04/02/2026 02:39:46 PM | engine.py:906 Engine run starting with max_epochs=1.
04/02/2026 02:40:23 PM | engine.py:1010 Epoch[1] Complete. Time taken: 00:00:36.466
[Validator] Epoch 61 - val_loss: 1.307839
[BEST CHECKPOINT] Guardado/actualizado en: checkpoints\Mis_modelos\LPSA checkpoints\2stems\best_checkpoint_59_val_loss=-1.2952.pt
04/02/2026 02:40:23 PM | engine.py:1037 Engine run finished. Time taken: 00:00:36.468
[Epoch 61] train_loss=1.160524 | val_loss=1.307839
04/02/2026 02:40:23 PM | engine.py:1010 Epoch[61] Complete. Time taken: 00:01:49.717
04/02/2026 02:41:36 PM | engine.py:906 Engine run starting with max_epochs=1.
04/02/2026 02:42:12 PM | engine.py:1010 Epoch[1] Complete. Time taken: 00:00:35.837
[Validator] Epoch 62 - val_loss: 1.306769
[BEST CHECKPOINT] Guardado/actualizado en: checkpoints\Mis_modelos\LPSA checkpoints\2stems\best_checkpoint_59_val_loss=-1.2952.pt
04/02/2026 02:42:12 PM | engine.py:1037 Engine run finished. Time taken: 00:00:35.840
[Epoch 62] train_loss=1.168221 | val_loss=1.306769
04/02/2026 02:42:12 PM | engine.py:1010 Epoch[62] Complete. Time taken: 00:01:49.530
04/02/2026 02:43:26 PM | engine.py:906 Engine run starting with max_epochs=1.
04/02/2026 02:44:02 PM | engine.py:1010 Epoch[1] Complete. Time taken: 00:00:36.846
[Validator] Epoch 63 - val_loss: 1.289643
[BEST CHECKPOINT] Guardado/actualizado en: checkpoints\Mis_modelos\LPSA checkpoints\2stems\best_checkpoint_63_val_loss=-1.2896.pt
04/02/2026 02:44:02 PM | engine.py:1037 Engine run finished. Time taken: 00:00:36.856
[Epoch 63] train_loss=1.172150 | val_loss=1.289643
04/02/2026 02:44:02 PM | engine.py:1010 Epoch[63] Complete. Time taken: 00:01:50.207
04/02/2026 02:45:17 PM | engine.py:906 Engine run starting with max_epochs=1.
04/02/2026 02:45:52 PM | engine.py:1010 Epoch[1] Complete. Time taken: 00:00:35.349
[Validator] Epoch 64 - val_loss: 1.322882
[BEST CHECKPOINT] Guardado/actualizado en: checkpoints\Mis_modelos\LPSA checkpoints\2stems\best_checkpoint_63_val_loss=-1.2896.pt
04/02/2026 02:45:52 PM | engine.py:1037 Engine run finished. Time taken: 00:00:35.351
[Epoch 64] train_loss=1.140929 | val_loss=1.322882
04/02/2026 02:45:52 PM | engine.py:1010 Epoch[64] Complete. Time taken: 00:01:49.640
04/02/2026 02:47:05 PM | engine.py:906 Engine run starting with max_epochs=1.
04/02/2026 02:47:42 PM | engine.py:1010 Epoch[1] Complete. Time taken: 00:00:36.741
[Validator] Epoch 65 - val_loss: 1.290549
[BEST CHECKPOINT] Guardado/actualizado en: checkpoints\Mis_modelos\LPSA checkpoints\2stems\best_checkpoint_63_val_loss=-1.2896.pt
04/02/2026 02:47:42 PM | engine.py:1037 Engine run finished. Time taken: 00:00:36.742
[Epoch 65] train_loss=1.145624 | val_loss=1.290549
04/02/2026 02:47:42 PM | engine.py:1010 Epoch[65] Complete. Time taken: 00:01:49.910
04/02/2026 02:48:56 PM | engine.py:906 Engine run starting with max_epochs=1.
04/02/2026 02:49:33 PM | engine.py:1010 Epoch[1] Complete. Time taken: 00:00:37.031
[Validator] Epoch 66 - val_loss: 1.335805
[BEST CHECKPOINT] Guardado/actualizado en: checkpoints\Mis_modelos\LPSA checkpoints\2stems\best_checkpoint_63_val_loss=-1.2896.pt
04/02/2026 02:49:33 PM | engine.py:1037 Engine run finished. Time taken: 00:00:37.034
[Epoch 66] train_loss=1.163734 | val_loss=1.335805
04/02/2026 02:49:33 PM | engine.py:1010 Epoch[66] Complete. Time taken: 00:01:50.782
04/02/2026 02:50:46 PM | engine.py:906 Engine run starting with max_epochs=1.
04/02/2026 02:51:21 PM | engine.py:1010 Epoch[1] Complete. Time taken: 00:00:35.537
[Validator] Epoch 67 - val_loss: 1.309034
[BEST CHECKPOINT] Guardado/actualizado en: checkpoints\Mis_modelos\LPSA checkpoints\2stems\best_checkpoint_63_val_loss=-1.2896.pt
04/02/2026 02:51:21 PM | engine.py:1037 Engine run finished. Time taken: 00:00:35.538
[Epoch 67] train_loss=1.121825 | val_loss=1.309034
04/02/2026 02:51:21 PM | engine.py:1010 Epoch[67] Complete. Time taken: 00:01:48.509
04/02/2026 02:52:35 PM | engine.py:906 Engine run starting with max_epochs=1.
04/02/2026 02:53:12 PM | engine.py:1010 Epoch[1] Complete. Time taken: 00:00:36.783
[Validator] Epoch 68 - val_loss: 1.306212
[BEST CHECKPOINT] Guardado/actualizado en: checkpoints\Mis_modelos\LPSA checkpoints\2stems\best_checkpoint_63_val_loss=-1.2896.pt
04/02/2026 02:53:12 PM | engine.py:1037 Engine run finished. Time taken: 00:00:36.784
[Epoch 68] train_loss=1.148044 | val_loss=1.306212
04/02/2026 02:53:12 PM | engine.py:1010 Epoch[68] Complete. Time taken: 00:01:50.562
04/02/2026 02:54:25 PM | engine.py:906 Engine run starting with max_epochs=1.
04/02/2026 02:55:01 PM | engine.py:1010 Epoch[1] Complete. Time taken: 00:00:36.118
[Validator] Epoch 69 - val_loss: 1.303791
[BEST CHECKPOINT] Guardado/actualizado en: checkpoints\Mis_modelos\LPSA checkpoints\2stems\best_checkpoint_63_val_loss=-1.2896.pt
04/02/2026 02:55:01 PM | engine.py:1037 Engine run finished. Time taken: 00:00:36.119
[Epoch 69] train_loss=1.142097 | val_loss=1.303791
04/02/2026 02:55:01 PM | engine.py:1010 Epoch[69] Complete. Time taken: 00:01:48.804
04/02/2026 02:56:13 PM | engine.py:906 Engine run starting with max_epochs=1.
04/02/2026 02:56:50 PM | engine.py:1010 Epoch[1] Complete. Time taken: 00:00:36.577
[Validator] Epoch 70 - val_loss: 1.324108
[BEST CHECKPOINT] Guardado/actualizado en: checkpoints\Mis_modelos\LPSA checkpoints\2stems\best_checkpoint_63_val_loss=-1.2896.pt
04/02/2026 02:56:50 PM | engine.py:1037 Engine run finished. Time taken: 00:00:36.578
[Epoch 70] train_loss=1.150503 | val_loss=1.324108
04/02/2026 02:56:50 PM | engine.py:1010 Epoch[70] Complete. Time taken: 00:01:48.895
04/02/2026 02:58:02 PM | engine.py:906 Engine run starting with max_epochs=1.
04/02/2026 02:58:38 PM | engine.py:1010 Epoch[1] Complete. Time taken: 00:00:35.964
[Validator] Epoch 71 - val_loss: 1.292402
[BEST CHECKPOINT] Guardado/actualizado en: checkpoints\Mis_modelos\LPSA checkpoints\2stems\best_checkpoint_63_val_loss=-1.2896.pt
04/02/2026 02:58:38 PM | engine.py:1037 Engine run finished. Time taken: 00:00:35.965
[Epoch 71] train_loss=1.159717 | val_loss=1.292402
04/02/2026 02:58:38 PM | engine.py:1010 Epoch[71] Complete. Time taken: 00:01:48.849
04/02/2026 02:59:53 PM | engine.py:906 Engine run starting with max_epochs=1.
04/02/2026 03:00:29 PM | engine.py:1010 Epoch[1] Complete. Time taken: 00:00:35.579
[Validator] Epoch 72 - val_loss: 1.299595
[BEST CHECKPOINT] Guardado/actualizado en: checkpoints\Mis_modelos\LPSA checkpoints\2stems\best_checkpoint_63_val_loss=-1.2896.pt
04/02/2026 03:00:29 PM | engine.py:1037 Engine run finished. Time taken: 00:00:35.580
[Epoch 72] train_loss=1.146821 | val_loss=1.299595
04/02/2026 03:00:29 PM | engine.py:1010 Epoch[72] Complete. Time taken: 00:01:50.505
04/02/2026 03:01:44 PM | engine.py:906 Engine run starting with max_epochs=1.
04/02/2026 03:02:20 PM | engine.py:1010 Epoch[1] Complete. Time taken: 00:00:36.305
2026-04-02 15:02:20,624 ignite.handlers.early_stopping.EarlyStopping INFO: EarlyStopping: Stop training
04/02/2026 03:02:20 PM | engine.py:648 Terminate signaled. Engine will stop after current iteration is finished.
[Validator] Epoch 73 - val_loss: 1.302351
[BEST CHECKPOINT] Guardado/actualizado en: checkpoints\Mis_modelos\LPSA checkpoints\2stems\best_checkpoint_63_val_loss=-1.2896.pt
04/02/2026 03:02:20 PM | engine.py:1037 Engine run finished. Time taken: 00:00:36.307
[Epoch 73] train_loss=1.136448 | val_loss=1.302351
04/02/2026 03:02:20 PM | engine.py:1037 Engine run finished. Time taken: 02:15:11.667
[LOADING BEST MODEL] Cargando mejor checkpoint desde: checkpoints\Mis_modelos\LPSA checkpoints\2stems\best_checkpoint_63_val_loss=-1.2896.pt
C:\Users\rdpuser\TFG_Identificaci-n-de-voces-e-instrumentos-en-una-obra-musical\pipeline\train.py:326: FutureWarning: You are using `torch.load` with `weights_only=False` (the current default value), which uses the default pickle module implicitly. It is possible to construct malicious pickle data which will execute arbitrary code during unpickling (See https://github.com/pytorch/pytorch/blob/main/SECURITY.md#untrusted-models for more details). In a future release, the default value for `weights_only` will be flipped to `True`. This limits the functions that could be executed during unpickling. Arbitrary objects will no longer be allowed to be loaded via this mode unless they are explicitly allowlisted by the user via `torch.serialization.add_safe_globals`. We recommend you start setting `weights_only=True` for any use case where you don't have full control of the loaded file. Please open an issue on GitHub for any issues related to this experimental feature.
  checkpoint = torch.load(best_checkpoint_path, map_location=device)
