C:\Users\rdpuser\miniconda3\envs\tfg_py310\lib\site-packages\ignite\handlers\checkpoint.py:16: DeprecationWarning: `TorchScript` support for functional optimizers is deprecated and will be removed in a future PyTorch release. Consider using the `torch.compile` optimizer instead.
  from torch.distributed.optim import ZeroRedundancyOptimizer
Usando dispositivo: cuda
Using device: cuda | nf=257 | channels=1 | hidden=50 | stems=4 | loss=log_compressed_l2
C:\Users\rdpuser\miniconda3\envs\tfg_py310\lib\site-packages\torch\nn\modules\module.py:1326: UserWarning: expandable_segments not supported on this platform (Triggered internally at C:\actions-runner\_work\pytorch\pytorch\builder\windows\pytorch\c10/cuda/CUDAAllocatorConfig.h:28.)
  return t.to(
GA: actual_batch=24 | accum_steps=5 | effective_batch_real=120
03/31/2026 11:15:05 PM | engine.py:906 Engine run starting with max_epochs=100.
C:\Users\rdpuser\miniconda3\envs\tfg_py310\lib\site-packages\ignite\handlers\checkpoint.py:16: DeprecationWarning: `TorchScript` support for functional optimizers is deprecated and will be removed in a future PyTorch release. Consider using the `torch.compile` optimizer instead.
  from torch.distributed.optim import ZeroRedundancyOptimizer
C:\Users\rdpuser\miniconda3\envs\tfg_py310\lib\site-packages\ignite\handlers\checkpoint.py:16: DeprecationWarning: `TorchScript` support for functional optimizers is deprecated and will be removed in a future PyTorch release. Consider using the `torch.compile` optimizer instead.
  from torch.distributed.optim import ZeroRedundancyOptimizer
C:\Users\rdpuser\miniconda3\envs\tfg_py310\lib\site-packages\ignite\handlers\checkpoint.py:16: DeprecationWarning: `TorchScript` support for functional optimizers is deprecated and will be removed in a future PyTorch release. Consider using the `torch.compile` optimizer instead.
  from torch.distributed.optim import ZeroRedundancyOptimizer
C:\Users\rdpuser\miniconda3\envs\tfg_py310\lib\site-packages\ignite\handlers\checkpoint.py:16: DeprecationWarning: `TorchScript` support for functional optimizers is deprecated and will be removed in a future PyTorch release. Consider using the `torch.compile` optimizer instead.
  from torch.distributed.optim import ZeroRedundancyOptimizer
03/31/2026 11:16:22 PM | engine.py:906 Engine run starting with max_epochs=1.
C:\Users\rdpuser\miniconda3\envs\tfg_py310\lib\site-packages\ignite\handlers\checkpoint.py:16: DeprecationWarning: `TorchScript` support for functional optimizers is deprecated and will be removed in a future PyTorch release. Consider using the `torch.compile` optimizer instead.
  from torch.distributed.optim import ZeroRedundancyOptimizer
C:\Users\rdpuser\miniconda3\envs\tfg_py310\lib\site-packages\ignite\handlers\checkpoint.py:16: DeprecationWarning: `TorchScript` support for functional optimizers is deprecated and will be removed in a future PyTorch release. Consider using the `torch.compile` optimizer instead.
  from torch.distributed.optim import ZeroRedundancyOptimizer
C:\Users\rdpuser\miniconda3\envs\tfg_py310\lib\site-packages\ignite\handlers\checkpoint.py:16: DeprecationWarning: `TorchScript` support for functional optimizers is deprecated and will be removed in a future PyTorch release. Consider using the `torch.compile` optimizer instead.
  from torch.distributed.optim import ZeroRedundancyOptimizer
C:\Users\rdpuser\miniconda3\envs\tfg_py310\lib\site-packages\ignite\handlers\checkpoint.py:16: DeprecationWarning: `TorchScript` support for functional optimizers is deprecated and will be removed in a future PyTorch release. Consider using the `torch.compile` optimizer instead.
  from torch.distributed.optim import ZeroRedundancyOptimizer
03/31/2026 11:17:01 PM | engine.py:1010 Epoch[1] Complete. Time taken: 00:00:38.419
Training model with training mixes in: C:\Users\rdpuser\TFG_Identificaci-n-de-voces-e-instrumentos-en-una-obra-musical\datasets\mix_generation\foreground_train
Validating data with validation mixes in: C:\Users\rdpuser\TFG_Identificaci-n-de-voces-e-instrumentos-en-una-obra-musical\datasets\mix_generation\foreground_valid
[DEBUG] Num de sources: 4
pipeline de 4 fuentes
[Validator] Epoch 1 - val_loss: 111.239232
[BEST CHECKPOINT] Guardado/actualizado en: checkpoints\Mis_modelos\log_compressed_l2 checkpoints\4stems\best_checkpoint_1_val_loss=-111.2392.pt
03/31/2026 11:17:01 PM | engine.py:1037 Engine run finished. Time taken: 00:00:38.894
[Epoch 1] train_loss=114.200329 | val_loss=111.239232
03/31/2026 11:17:01 PM | engine.py:1010 Epoch[1] Complete. Time taken: 00:01:17.592
03/31/2026 11:17:23 PM | engine.py:906 Engine run starting with max_epochs=1.
03/31/2026 11:17:49 PM | engine.py:1010 Epoch[1] Complete. Time taken: 00:00:26.222
[Validator] Epoch 2 - val_loss: 111.149599
[BEST CHECKPOINT] Guardado/actualizado en: checkpoints\Mis_modelos\log_compressed_l2 checkpoints\4stems\best_checkpoint_2_val_loss=-111.1496.pt
03/31/2026 11:17:49 PM | engine.py:1037 Engine run finished. Time taken: 00:00:26.241
[Epoch 2] train_loss=113.676708 | val_loss=111.149599
03/31/2026 11:17:49 PM | engine.py:1010 Epoch[2] Complete. Time taken: 00:00:48.524
03/31/2026 11:18:12 PM | engine.py:906 Engine run starting with max_epochs=1.
03/31/2026 11:18:38 PM | engine.py:1010 Epoch[1] Complete. Time taken: 00:00:26.206
[Validator] Epoch 3 - val_loss: 111.068964
[BEST CHECKPOINT] Guardado/actualizado en: checkpoints\Mis_modelos\log_compressed_l2 checkpoints\4stems\best_checkpoint_3_val_loss=-111.0690.pt
03/31/2026 11:18:38 PM | engine.py:1037 Engine run finished. Time taken: 00:00:26.217
[Epoch 3] train_loss=115.059180 | val_loss=111.068964
03/31/2026 11:18:38 PM | engine.py:1010 Epoch[3] Complete. Time taken: 00:00:48.935
03/31/2026 11:19:01 PM | engine.py:906 Engine run starting with max_epochs=1.
03/31/2026 11:19:27 PM | engine.py:1010 Epoch[1] Complete. Time taken: 00:00:26.882
[Validator] Epoch 4 - val_loss: 111.004607
[BEST CHECKPOINT] Guardado/actualizado en: checkpoints\Mis_modelos\log_compressed_l2 checkpoints\4stems\best_checkpoint_4_val_loss=-111.0046.pt
03/31/2026 11:19:27 PM | engine.py:1037 Engine run finished. Time taken: 00:00:26.895
[Epoch 4] train_loss=114.173993 | val_loss=111.004607
03/31/2026 11:19:27 PM | engine.py:1010 Epoch[4] Complete. Time taken: 00:00:49.151
03/31/2026 11:19:51 PM | engine.py:906 Engine run starting with max_epochs=1.
03/31/2026 11:20:19 PM | engine.py:1010 Epoch[1] Complete. Time taken: 00:00:27.696
[Validator] Epoch 5 - val_loss: 110.831331
[BEST CHECKPOINT] Guardado/actualizado en: checkpoints\Mis_modelos\log_compressed_l2 checkpoints\4stems\best_checkpoint_5_val_loss=-110.8313.pt
03/31/2026 11:20:19 PM | engine.py:1037 Engine run finished. Time taken: 00:00:27.709
[Epoch 5] train_loss=113.397346 | val_loss=110.831331
03/31/2026 11:20:19 PM | engine.py:1010 Epoch[5] Complete. Time taken: 00:00:51.173
03/31/2026 11:20:41 PM | engine.py:906 Engine run starting with max_epochs=1.
03/31/2026 11:21:08 PM | engine.py:1010 Epoch[1] Complete. Time taken: 00:00:26.189
[Validator] Epoch 6 - val_loss: 110.562148
[BEST CHECKPOINT] Guardado/actualizado en: checkpoints\Mis_modelos\log_compressed_l2 checkpoints\4stems\best_checkpoint_6_val_loss=-110.5621.pt
03/31/2026 11:21:08 PM | engine.py:1037 Engine run finished. Time taken: 00:00:26.201
[Epoch 6] train_loss=113.261396 | val_loss=110.562148
03/31/2026 11:21:08 PM | engine.py:1010 Epoch[6] Complete. Time taken: 00:00:49.048
03/31/2026 11:21:31 PM | engine.py:906 Engine run starting with max_epochs=1.
03/31/2026 11:21:59 PM | engine.py:1010 Epoch[1] Complete. Time taken: 00:00:28.335
[Validator] Epoch 7 - val_loss: 110.289847
[BEST CHECKPOINT] Guardado/actualizado en: checkpoints\Mis_modelos\log_compressed_l2 checkpoints\4stems\best_checkpoint_7_val_loss=-110.2898.pt
03/31/2026 11:21:59 PM | engine.py:1037 Engine run finished. Time taken: 00:00:28.346
[Epoch 7] train_loss=113.203167 | val_loss=110.289847
03/31/2026 11:21:59 PM | engine.py:1010 Epoch[7] Complete. Time taken: 00:00:51.602
03/31/2026 11:22:24 PM | engine.py:906 Engine run starting with max_epochs=1.
03/31/2026 11:22:53 PM | engine.py:1010 Epoch[1] Complete. Time taken: 00:00:28.435
[Validator] Epoch 8 - val_loss: 110.004094
[BEST CHECKPOINT] Guardado/actualizado en: checkpoints\Mis_modelos\log_compressed_l2 checkpoints\4stems\best_checkpoint_8_val_loss=-110.0041.pt
03/31/2026 11:22:53 PM | engine.py:1037 Engine run finished. Time taken: 00:00:28.447
[Epoch 8] train_loss=113.910721 | val_loss=110.004094
03/31/2026 11:22:53 PM | engine.py:1010 Epoch[8] Complete. Time taken: 00:00:53.504
03/31/2026 11:23:15 PM | engine.py:906 Engine run starting with max_epochs=1.
03/31/2026 11:23:41 PM | engine.py:1010 Epoch[1] Complete. Time taken: 00:00:26.465
[Validator] Epoch 9 - val_loss: 109.703537
[BEST CHECKPOINT] Guardado/actualizado en: checkpoints\Mis_modelos\log_compressed_l2 checkpoints\4stems\best_checkpoint_9_val_loss=-109.7035.pt
03/31/2026 11:23:41 PM | engine.py:1037 Engine run finished. Time taken: 00:00:26.474
[Epoch 9] train_loss=112.295535 | val_loss=109.703537
03/31/2026 11:23:41 PM | engine.py:1010 Epoch[9] Complete. Time taken: 00:00:48.573
03/31/2026 11:24:04 PM | engine.py:906 Engine run starting with max_epochs=1.
03/31/2026 11:24:30 PM | engine.py:1010 Epoch[1] Complete. Time taken: 00:00:26.225
[Validator] Epoch 10 - val_loss: 109.357572
[BEST CHECKPOINT] Guardado/actualizado en: checkpoints\Mis_modelos\log_compressed_l2 checkpoints\4stems\best_checkpoint_10_val_loss=-109.3576.pt
03/31/2026 11:24:30 PM | engine.py:1037 Engine run finished. Time taken: 00:00:26.235
[Epoch 10] train_loss=112.623532 | val_loss=109.357572
03/31/2026 11:24:30 PM | engine.py:1010 Epoch[10] Complete. Time taken: 00:00:49.113
03/31/2026 11:24:53 PM | engine.py:906 Engine run starting with max_epochs=1.
03/31/2026 11:25:19 PM | engine.py:1010 Epoch[1] Complete. Time taken: 00:00:26.324
[Validator] Epoch 11 - val_loss: 108.966721
[BEST CHECKPOINT] Guardado/actualizado en: checkpoints\Mis_modelos\log_compressed_l2 checkpoints\4stems\best_checkpoint_11_val_loss=-108.9667.pt
03/31/2026 11:25:19 PM | engine.py:1037 Engine run finished. Time taken: 00:00:26.336
[Epoch 11] train_loss=113.107177 | val_loss=108.966721
03/31/2026 11:25:19 PM | engine.py:1010 Epoch[11] Complete. Time taken: 00:00:48.560
03/31/2026 11:25:41 PM | engine.py:906 Engine run starting with max_epochs=1.
03/31/2026 11:26:07 PM | engine.py:1010 Epoch[1] Complete. Time taken: 00:00:26.270
[Validator] Epoch 12 - val_loss: 108.539331
[BEST CHECKPOINT] Guardado/actualizado en: checkpoints\Mis_modelos\log_compressed_l2 checkpoints\4stems\best_checkpoint_12_val_loss=-108.5393.pt
03/31/2026 11:26:07 PM | engine.py:1037 Engine run finished. Time taken: 00:00:26.282
[Epoch 12] train_loss=111.063293 | val_loss=108.539331
03/31/2026 11:26:07 PM | engine.py:1010 Epoch[12] Complete. Time taken: 00:00:48.374
03/31/2026 11:26:29 PM | engine.py:906 Engine run starting with max_epochs=1.
03/31/2026 11:26:56 PM | engine.py:1010 Epoch[1] Complete. Time taken: 00:00:26.777
[Validator] Epoch 13 - val_loss: 108.089913
[BEST CHECKPOINT] Guardado/actualizado en: checkpoints\Mis_modelos\log_compressed_l2 checkpoints\4stems\best_checkpoint_13_val_loss=-108.0899.pt
03/31/2026 11:26:56 PM | engine.py:1037 Engine run finished. Time taken: 00:00:26.790
[Epoch 13] train_loss=111.525596 | val_loss=108.089913
03/31/2026 11:26:56 PM | engine.py:1010 Epoch[13] Complete. Time taken: 00:00:48.853
03/31/2026 11:27:19 PM | engine.py:906 Engine run starting with max_epochs=1.
03/31/2026 11:27:44 PM | engine.py:1010 Epoch[1] Complete. Time taken: 00:00:25.705
[Validator] Epoch 14 - val_loss: 107.587507
[BEST CHECKPOINT] Guardado/actualizado en: checkpoints\Mis_modelos\log_compressed_l2 checkpoints\4stems\best_checkpoint_14_val_loss=-107.5875.pt
03/31/2026 11:27:44 PM | engine.py:1037 Engine run finished. Time taken: 00:00:25.716
[Epoch 14] train_loss=109.841649 | val_loss=107.587507
03/31/2026 11:27:44 PM | engine.py:1010 Epoch[14] Complete. Time taken: 00:00:48.170
03/31/2026 11:28:07 PM | engine.py:906 Engine run starting with max_epochs=1.
03/31/2026 11:28:32 PM | engine.py:1010 Epoch[1] Complete. Time taken: 00:00:25.174
[Validator] Epoch 15 - val_loss: 107.089822
[BEST CHECKPOINT] Guardado/actualizado en: checkpoints\Mis_modelos\log_compressed_l2 checkpoints\4stems\best_checkpoint_15_val_loss=-107.0898.pt
03/31/2026 11:28:32 PM | engine.py:1037 Engine run finished. Time taken: 00:00:25.184
[Epoch 15] train_loss=109.347789 | val_loss=107.089822
03/31/2026 11:28:32 PM | engine.py:1010 Epoch[15] Complete. Time taken: 00:00:47.598
03/31/2026 11:28:55 PM | engine.py:906 Engine run starting with max_epochs=1.
03/31/2026 11:29:21 PM | engine.py:1010 Epoch[1] Complete. Time taken: 00:00:25.340
[Validator] Epoch 16 - val_loss: 106.624879
[BEST CHECKPOINT] Guardado/actualizado en: checkpoints\Mis_modelos\log_compressed_l2 checkpoints\4stems\best_checkpoint_16_val_loss=-106.6249.pt
03/31/2026 11:29:21 PM | engine.py:1037 Engine run finished. Time taken: 00:00:25.349
[Epoch 16] train_loss=109.958281 | val_loss=106.624879
03/31/2026 11:29:21 PM | engine.py:1010 Epoch[16] Complete. Time taken: 00:00:48.556
03/31/2026 11:29:43 PM | engine.py:906 Engine run starting with max_epochs=1.
03/31/2026 11:30:09 PM | engine.py:1010 Epoch[1] Complete. Time taken: 00:00:25.816
[Validator] Epoch 17 - val_loss: 106.184508
[BEST CHECKPOINT] Guardado/actualizado en: checkpoints\Mis_modelos\log_compressed_l2 checkpoints\4stems\best_checkpoint_17_val_loss=-106.1845.pt
03/31/2026 11:30:09 PM | engine.py:1037 Engine run finished. Time taken: 00:00:25.825
[Epoch 17] train_loss=110.331170 | val_loss=106.184508
03/31/2026 11:30:09 PM | engine.py:1010 Epoch[17] Complete. Time taken: 00:00:48.211
03/31/2026 11:30:31 PM | engine.py:906 Engine run starting with max_epochs=1.
03/31/2026 11:30:57 PM | engine.py:1010 Epoch[1] Complete. Time taken: 00:00:25.797
[Validator] Epoch 18 - val_loss: 105.763795
[BEST CHECKPOINT] Guardado/actualizado en: checkpoints\Mis_modelos\log_compressed_l2 checkpoints\4stems\best_checkpoint_18_val_loss=-105.7638.pt
03/31/2026 11:30:57 PM | engine.py:1037 Engine run finished. Time taken: 00:00:25.807
[Epoch 18] train_loss=109.158318 | val_loss=105.763795
03/31/2026 11:30:57 PM | engine.py:1010 Epoch[18] Complete. Time taken: 00:00:48.476
03/31/2026 11:31:20 PM | engine.py:906 Engine run starting with max_epochs=1.
03/31/2026 11:31:45 PM | engine.py:1010 Epoch[1] Complete. Time taken: 00:00:25.650
[Validator] Epoch 19 - val_loss: 105.357517
[BEST CHECKPOINT] Guardado/actualizado en: checkpoints\Mis_modelos\log_compressed_l2 checkpoints\4stems\best_checkpoint_19_val_loss=-105.3575.pt
03/31/2026 11:31:45 PM | engine.py:1037 Engine run finished. Time taken: 00:00:25.662
[Epoch 19] train_loss=109.037482 | val_loss=105.357517
03/31/2026 11:31:45 PM | engine.py:1010 Epoch[19] Complete. Time taken: 00:00:48.133
03/31/2026 11:32:08 PM | engine.py:906 Engine run starting with max_epochs=1.
03/31/2026 11:32:34 PM | engine.py:1010 Epoch[1] Complete. Time taken: 00:00:26.073
[Validator] Epoch 20 - val_loss: 104.953968
[BEST CHECKPOINT] Guardado/actualizado en: checkpoints\Mis_modelos\log_compressed_l2 checkpoints\4stems\best_checkpoint_20_val_loss=-104.9540.pt
03/31/2026 11:32:34 PM | engine.py:1037 Engine run finished. Time taken: 00:00:26.082
[Epoch 20] train_loss=109.214331 | val_loss=104.953968
03/31/2026 11:32:34 PM | engine.py:1010 Epoch[20] Complete. Time taken: 00:00:48.222
03/31/2026 11:32:56 PM | engine.py:906 Engine run starting with max_epochs=1.
03/31/2026 11:33:22 PM | engine.py:1010 Epoch[1] Complete. Time taken: 00:00:25.793
[Validator] Epoch 21 - val_loss: 104.616723
[BEST CHECKPOINT] Guardado/actualizado en: checkpoints\Mis_modelos\log_compressed_l2 checkpoints\4stems\best_checkpoint_21_val_loss=-104.6167.pt
03/31/2026 11:33:22 PM | engine.py:1037 Engine run finished. Time taken: 00:00:25.802
[Epoch 21] train_loss=107.527369 | val_loss=104.616723
03/31/2026 11:33:22 PM | engine.py:1010 Epoch[21] Complete. Time taken: 00:00:48.381
03/31/2026 11:33:44 PM | engine.py:906 Engine run starting with max_epochs=1.
03/31/2026 11:34:10 PM | engine.py:1010 Epoch[1] Complete. Time taken: 00:00:25.426
[Validator] Epoch 22 - val_loss: 104.315523
[BEST CHECKPOINT] Guardado/actualizado en: checkpoints\Mis_modelos\log_compressed_l2 checkpoints\4stems\best_checkpoint_22_val_loss=-104.3155.pt
03/31/2026 11:34:10 PM | engine.py:1037 Engine run finished. Time taken: 00:00:25.434
[Epoch 22] train_loss=106.774450 | val_loss=104.315523
03/31/2026 11:34:10 PM | engine.py:1010 Epoch[22] Complete. Time taken: 00:00:47.708
03/31/2026 11:34:32 PM | engine.py:906 Engine run starting with max_epochs=1.
03/31/2026 11:34:57 PM | engine.py:1010 Epoch[1] Complete. Time taken: 00:00:25.598
[Validator] Epoch 23 - val_loss: 104.018801
[BEST CHECKPOINT] Guardado/actualizado en: checkpoints\Mis_modelos\log_compressed_l2 checkpoints\4stems\best_checkpoint_23_val_loss=-104.0188.pt
03/31/2026 11:34:57 PM | engine.py:1037 Engine run finished. Time taken: 00:00:25.609
[Epoch 23] train_loss=105.794190 | val_loss=104.018801
03/31/2026 11:34:57 PM | engine.py:1010 Epoch[23] Complete. Time taken: 00:00:47.715
03/31/2026 11:35:20 PM | engine.py:906 Engine run starting with max_epochs=1.
03/31/2026 11:35:45 PM | engine.py:1010 Epoch[1] Complete. Time taken: 00:00:25.778
[Validator] Epoch 24 - val_loss: 103.766676
[BEST CHECKPOINT] Guardado/actualizado en: checkpoints\Mis_modelos\log_compressed_l2 checkpoints\4stems\best_checkpoint_24_val_loss=-103.7667.pt
03/31/2026 11:35:45 PM | engine.py:1037 Engine run finished. Time taken: 00:00:25.790
[Epoch 24] train_loss=106.901328 | val_loss=103.766676
03/31/2026 11:35:45 PM | engine.py:1010 Epoch[24] Complete. Time taken: 00:00:47.896
03/31/2026 11:36:07 PM | engine.py:906 Engine run starting with max_epochs=1.
03/31/2026 11:36:32 PM | engine.py:1010 Epoch[1] Complete. Time taken: 00:00:25.350
[Validator] Epoch 25 - val_loss: 103.518953
[BEST CHECKPOINT] Guardado/actualizado en: checkpoints\Mis_modelos\log_compressed_l2 checkpoints\4stems\best_checkpoint_25_val_loss=-103.5190.pt
03/31/2026 11:36:32 PM | engine.py:1037 Engine run finished. Time taken: 00:00:25.362
[Epoch 25] train_loss=107.120961 | val_loss=103.518953
03/31/2026 11:36:32 PM | engine.py:1010 Epoch[25] Complete. Time taken: 00:00:47.142
03/31/2026 11:36:55 PM | engine.py:906 Engine run starting with max_epochs=1.
03/31/2026 11:37:21 PM | engine.py:1010 Epoch[1] Complete. Time taken: 00:00:26.648
[Validator] Epoch 26 - val_loss: 103.330137
[BEST CHECKPOINT] Guardado/actualizado en: checkpoints\Mis_modelos\log_compressed_l2 checkpoints\4stems\best_checkpoint_26_val_loss=-103.3301.pt
03/31/2026 11:37:21 PM | engine.py:1037 Engine run finished. Time taken: 00:00:26.660
[Epoch 26] train_loss=105.959070 | val_loss=103.330137
03/31/2026 11:37:21 PM | engine.py:1010 Epoch[26] Complete. Time taken: 00:00:48.694
03/31/2026 11:37:44 PM | engine.py:906 Engine run starting with max_epochs=1.
03/31/2026 11:38:09 PM | engine.py:1010 Epoch[1] Complete. Time taken: 00:00:25.805
[Validator] Epoch 27 - val_loss: 103.128173
[BEST CHECKPOINT] Guardado/actualizado en: checkpoints\Mis_modelos\log_compressed_l2 checkpoints\4stems\best_checkpoint_27_val_loss=-103.1282.pt
03/31/2026 11:38:09 PM | engine.py:1037 Engine run finished. Time taken: 00:00:25.817
[Epoch 27] train_loss=106.553591 | val_loss=103.128173
03/31/2026 11:38:09 PM | engine.py:1010 Epoch[27] Complete. Time taken: 00:00:48.194
03/31/2026 11:38:32 PM | engine.py:906 Engine run starting with max_epochs=1.
03/31/2026 11:38:57 PM | engine.py:1010 Epoch[1] Complete. Time taken: 00:00:25.724
[Validator] Epoch 28 - val_loss: 102.956074
[BEST CHECKPOINT] Guardado/actualizado en: checkpoints\Mis_modelos\log_compressed_l2 checkpoints\4stems\best_checkpoint_28_val_loss=-102.9561.pt
03/31/2026 11:38:57 PM | engine.py:1037 Engine run finished. Time taken: 00:00:25.736
[Epoch 28] train_loss=105.607173 | val_loss=102.956074
03/31/2026 11:38:57 PM | engine.py:1010 Epoch[28] Complete. Time taken: 00:00:48.022
03/31/2026 11:39:20 PM | engine.py:906 Engine run starting with max_epochs=1.
03/31/2026 11:39:46 PM | engine.py:1010 Epoch[1] Complete. Time taken: 00:00:26.099
[Validator] Epoch 29 - val_loss: 102.810417
[BEST CHECKPOINT] Guardado/actualizado en: checkpoints\Mis_modelos\log_compressed_l2 checkpoints\4stems\best_checkpoint_29_val_loss=-102.8104.pt
03/31/2026 11:39:46 PM | engine.py:1037 Engine run finished. Time taken: 00:00:26.109
[Epoch 29] train_loss=106.548149 | val_loss=102.810417
03/31/2026 11:39:46 PM | engine.py:1010 Epoch[29] Complete. Time taken: 00:00:48.320
03/31/2026 11:40:08 PM | engine.py:906 Engine run starting with max_epochs=1.
03/31/2026 11:40:34 PM | engine.py:1010 Epoch[1] Complete. Time taken: 00:00:25.740
[Validator] Epoch 30 - val_loss: 102.668205
[BEST CHECKPOINT] Guardado/actualizado en: checkpoints\Mis_modelos\log_compressed_l2 checkpoints\4stems\best_checkpoint_30_val_loss=-102.6682.pt
03/31/2026 11:40:34 PM | engine.py:1037 Engine run finished. Time taken: 00:00:25.751
[Epoch 30] train_loss=105.848351 | val_loss=102.668205
03/31/2026 11:40:34 PM | engine.py:1010 Epoch[30] Complete. Time taken: 00:00:48.436
03/31/2026 11:40:56 PM | engine.py:906 Engine run starting with max_epochs=1.
03/31/2026 11:41:22 PM | engine.py:1010 Epoch[1] Complete. Time taken: 00:00:26.356
[Validator] Epoch 31 - val_loss: 102.571116
[BEST CHECKPOINT] Guardado/actualizado en: checkpoints\Mis_modelos\log_compressed_l2 checkpoints\4stems\best_checkpoint_31_val_loss=-102.5711.pt
03/31/2026 11:41:22 PM | engine.py:1037 Engine run finished. Time taken: 00:00:26.366
[Epoch 31] train_loss=104.835484 | val_loss=102.571116
03/31/2026 11:41:22 PM | engine.py:1010 Epoch[31] Complete. Time taken: 00:00:48.146
03/31/2026 11:41:46 PM | engine.py:906 Engine run starting with max_epochs=1.
03/31/2026 11:42:12 PM | engine.py:1010 Epoch[1] Complete. Time taken: 00:00:26.558
[Validator] Epoch 32 - val_loss: 102.455206
[BEST CHECKPOINT] Guardado/actualizado en: checkpoints\Mis_modelos\log_compressed_l2 checkpoints\4stems\best_checkpoint_32_val_loss=-102.4552.pt
03/31/2026 11:42:12 PM | engine.py:1037 Engine run finished. Time taken: 00:00:26.569
[Epoch 32] train_loss=103.720773 | val_loss=102.455206
03/31/2026 11:42:12 PM | engine.py:1010 Epoch[32] Complete. Time taken: 00:00:49.861
03/31/2026 11:42:35 PM | engine.py:906 Engine run starting with max_epochs=1.
03/31/2026 11:43:01 PM | engine.py:1010 Epoch[1] Complete. Time taken: 00:00:25.809
[Validator] Epoch 33 - val_loss: 102.370646
[BEST CHECKPOINT] Guardado/actualizado en: checkpoints\Mis_modelos\log_compressed_l2 checkpoints\4stems\best_checkpoint_33_val_loss=-102.3706.pt
03/31/2026 11:43:01 PM | engine.py:1037 Engine run finished. Time taken: 00:00:25.821
[Epoch 33] train_loss=105.872405 | val_loss=102.370646
03/31/2026 11:43:01 PM | engine.py:1010 Epoch[33] Complete. Time taken: 00:00:48.453
03/31/2026 11:43:23 PM | engine.py:906 Engine run starting with max_epochs=1.
03/31/2026 11:43:49 PM | engine.py:1010 Epoch[1] Complete. Time taken: 00:00:25.763
[Validator] Epoch 34 - val_loss: 102.274902
[BEST CHECKPOINT] Guardado/actualizado en: checkpoints\Mis_modelos\log_compressed_l2 checkpoints\4stems\best_checkpoint_34_val_loss=-102.2749.pt
03/31/2026 11:43:49 PM | engine.py:1037 Engine run finished. Time taken: 00:00:25.777
[Epoch 34] train_loss=106.163870 | val_loss=102.274902
03/31/2026 11:43:49 PM | engine.py:1010 Epoch[34] Complete. Time taken: 00:00:48.045
03/31/2026 11:44:11 PM | engine.py:906 Engine run starting with max_epochs=1.
03/31/2026 11:44:37 PM | engine.py:1010 Epoch[1] Complete. Time taken: 00:00:25.931
[Validator] Epoch 35 - val_loss: 102.201127
[BEST CHECKPOINT] Guardado/actualizado en: checkpoints\Mis_modelos\log_compressed_l2 checkpoints\4stems\best_checkpoint_35_val_loss=-102.2011.pt
03/31/2026 11:44:37 PM | engine.py:1037 Engine run finished. Time taken: 00:00:25.942
[Epoch 35] train_loss=105.474284 | val_loss=102.201127
03/31/2026 11:44:37 PM | engine.py:1010 Epoch[35] Complete. Time taken: 00:00:47.862
03/31/2026 11:44:59 PM | engine.py:906 Engine run starting with max_epochs=1.
03/31/2026 11:45:25 PM | engine.py:1010 Epoch[1] Complete. Time taken: 00:00:25.712
[Validator] Epoch 36 - val_loss: 102.139239
[BEST CHECKPOINT] Guardado/actualizado en: checkpoints\Mis_modelos\log_compressed_l2 checkpoints\4stems\best_checkpoint_36_val_loss=-102.1392.pt
03/31/2026 11:45:25 PM | engine.py:1037 Engine run finished. Time taken: 00:00:25.725
[Epoch 36] train_loss=105.256997 | val_loss=102.139239
03/31/2026 11:45:25 PM | engine.py:1010 Epoch[36] Complete. Time taken: 00:00:48.113
03/31/2026 11:45:46 PM | engine.py:906 Engine run starting with max_epochs=1.
03/31/2026 11:46:13 PM | engine.py:1010 Epoch[1] Complete. Time taken: 00:00:26.073
[Validator] Epoch 37 - val_loss: 102.053780
[BEST CHECKPOINT] Guardado/actualizado en: checkpoints\Mis_modelos\log_compressed_l2 checkpoints\4stems\best_checkpoint_37_val_loss=-102.0538.pt
03/31/2026 11:46:13 PM | engine.py:1037 Engine run finished. Time taken: 00:00:26.088
[Epoch 37] train_loss=104.831007 | val_loss=102.053780
03/31/2026 11:46:13 PM | engine.py:1010 Epoch[37] Complete. Time taken: 00:00:47.896
03/31/2026 11:46:35 PM | engine.py:906 Engine run starting with max_epochs=1.
03/31/2026 11:47:02 PM | engine.py:1010 Epoch[1] Complete. Time taken: 00:00:26.863
[Validator] Epoch 38 - val_loss: 101.998858
[BEST CHECKPOINT] Guardado/actualizado en: checkpoints\Mis_modelos\log_compressed_l2 checkpoints\4stems\best_checkpoint_38_val_loss=-101.9989.pt
03/31/2026 11:47:02 PM | engine.py:1037 Engine run finished. Time taken: 00:00:26.876
[Epoch 38] train_loss=104.827564 | val_loss=101.998858
03/31/2026 11:47:02 PM | engine.py:1010 Epoch[38] Complete. Time taken: 00:00:49.633
03/31/2026 11:47:25 PM | engine.py:906 Engine run starting with max_epochs=1.
03/31/2026 11:47:51 PM | engine.py:1010 Epoch[1] Complete. Time taken: 00:00:26.243
[Validator] Epoch 39 - val_loss: 101.954705
[BEST CHECKPOINT] Guardado/actualizado en: checkpoints\Mis_modelos\log_compressed_l2 checkpoints\4stems\best_checkpoint_39_val_loss=-101.9547.pt
03/31/2026 11:47:51 PM | engine.py:1037 Engine run finished. Time taken: 00:00:26.254
[Epoch 39] train_loss=104.621114 | val_loss=101.954705
03/31/2026 11:47:51 PM | engine.py:1010 Epoch[39] Complete. Time taken: 00:00:48.846
03/31/2026 11:48:13 PM | engine.py:906 Engine run starting with max_epochs=1.
03/31/2026 11:48:40 PM | engine.py:1010 Epoch[1] Complete. Time taken: 00:00:26.275
[Validator] Epoch 40 - val_loss: 101.901992
[BEST CHECKPOINT] Guardado/actualizado en: checkpoints\Mis_modelos\log_compressed_l2 checkpoints\4stems\best_checkpoint_40_val_loss=-101.9020.pt
03/31/2026 11:48:40 PM | engine.py:1037 Engine run finished. Time taken: 00:00:26.286
[Epoch 40] train_loss=104.337969 | val_loss=101.901992
03/31/2026 11:48:40 PM | engine.py:1010 Epoch[40] Complete. Time taken: 00:00:48.552
03/31/2026 11:49:02 PM | engine.py:906 Engine run starting with max_epochs=1.
03/31/2026 11:49:28 PM | engine.py:1010 Epoch[1] Complete. Time taken: 00:00:26.119
[Validator] Epoch 41 - val_loss: 101.829569
[BEST CHECKPOINT] Guardado/actualizado en: checkpoints\Mis_modelos\log_compressed_l2 checkpoints\4stems\best_checkpoint_41_val_loss=-101.8296.pt
03/31/2026 11:49:28 PM | engine.py:1037 Engine run finished. Time taken: 00:00:26.130
[Epoch 41] train_loss=104.204641 | val_loss=101.829569
03/31/2026 11:49:28 PM | engine.py:1010 Epoch[41] Complete. Time taken: 00:00:48.384
03/31/2026 11:49:50 PM | engine.py:906 Engine run starting with max_epochs=1.
03/31/2026 11:50:15 PM | engine.py:1010 Epoch[1] Complete. Time taken: 00:00:25.938
[Validator] Epoch 42 - val_loss: 101.797235
[BEST CHECKPOINT] Guardado/actualizado en: checkpoints\Mis_modelos\log_compressed_l2 checkpoints\4stems\best_checkpoint_42_val_loss=-101.7972.pt
03/31/2026 11:50:15 PM | engine.py:1037 Engine run finished. Time taken: 00:00:25.949
[Epoch 42] train_loss=103.920475 | val_loss=101.797235
03/31/2026 11:50:15 PM | engine.py:1010 Epoch[42] Complete. Time taken: 00:00:47.545
03/31/2026 11:50:38 PM | engine.py:906 Engine run starting with max_epochs=1.
03/31/2026 11:51:03 PM | engine.py:1010 Epoch[1] Complete. Time taken: 00:00:25.819
[Validator] Epoch 43 - val_loss: 101.747285
[BEST CHECKPOINT] Guardado/actualizado en: checkpoints\Mis_modelos\log_compressed_l2 checkpoints\4stems\best_checkpoint_43_val_loss=-101.7473.pt
03/31/2026 11:51:03 PM | engine.py:1037 Engine run finished. Time taken: 00:00:25.830
[Epoch 43] train_loss=104.757841 | val_loss=101.747285
03/31/2026 11:51:03 PM | engine.py:1010 Epoch[43] Complete. Time taken: 00:00:47.854
03/31/2026 11:51:26 PM | engine.py:906 Engine run starting with max_epochs=1.
03/31/2026 11:51:51 PM | engine.py:1010 Epoch[1] Complete. Time taken: 00:00:25.283
[Validator] Epoch 44 - val_loss: 101.689367
[BEST CHECKPOINT] Guardado/actualizado en: checkpoints\Mis_modelos\log_compressed_l2 checkpoints\4stems\best_checkpoint_44_val_loss=-101.6894.pt
03/31/2026 11:51:51 PM | engine.py:1037 Engine run finished. Time taken: 00:00:25.294
[Epoch 44] train_loss=105.460195 | val_loss=101.689367
03/31/2026 11:51:51 PM | engine.py:1010 Epoch[44] Complete. Time taken: 00:00:47.584
03/31/2026 11:52:13 PM | engine.py:906 Engine run starting with max_epochs=1.
03/31/2026 11:52:39 PM | engine.py:1010 Epoch[1] Complete. Time taken: 00:00:25.616
[Validator] Epoch 45 - val_loss: 101.650590
[BEST CHECKPOINT] Guardado/actualizado en: checkpoints\Mis_modelos\log_compressed_l2 checkpoints\4stems\best_checkpoint_45_val_loss=-101.6506.pt
03/31/2026 11:52:39 PM | engine.py:1037 Engine run finished. Time taken: 00:00:25.629
[Epoch 45] train_loss=105.223934 | val_loss=101.650590
03/31/2026 11:52:39 PM | engine.py:1010 Epoch[45] Complete. Time taken: 00:00:48.138
03/31/2026 11:53:01 PM | engine.py:906 Engine run starting with max_epochs=1.
03/31/2026 11:53:27 PM | engine.py:1010 Epoch[1] Complete. Time taken: 00:00:26.127
[Validator] Epoch 46 - val_loss: 101.617544
[BEST CHECKPOINT] Guardado/actualizado en: checkpoints\Mis_modelos\log_compressed_l2 checkpoints\4stems\best_checkpoint_46_val_loss=-101.6175.pt
03/31/2026 11:53:27 PM | engine.py:1037 Engine run finished. Time taken: 00:00:26.138
[Epoch 46] train_loss=106.003225 | val_loss=101.617544
03/31/2026 11:53:27 PM | engine.py:1010 Epoch[46] Complete. Time taken: 00:00:48.052
03/31/2026 11:53:49 PM | engine.py:906 Engine run starting with max_epochs=1.
03/31/2026 11:54:14 PM | engine.py:1010 Epoch[1] Complete. Time taken: 00:00:25.590
[Validator] Epoch 47 - val_loss: 101.595045
[BEST CHECKPOINT] Guardado/actualizado en: checkpoints\Mis_modelos\log_compressed_l2 checkpoints\4stems\best_checkpoint_47_val_loss=-101.5950.pt
03/31/2026 11:54:14 PM | engine.py:1037 Engine run finished. Time taken: 00:00:25.604
[Epoch 47] train_loss=103.456743 | val_loss=101.595045
03/31/2026 11:54:14 PM | engine.py:1010 Epoch[47] Complete. Time taken: 00:00:47.117
03/31/2026 11:54:36 PM | engine.py:906 Engine run starting with max_epochs=1.
03/31/2026 11:55:02 PM | engine.py:1010 Epoch[1] Complete. Time taken: 00:00:26.102
[Validator] Epoch 48 - val_loss: 101.568046
[BEST CHECKPOINT] Guardado/actualizado en: checkpoints\Mis_modelos\log_compressed_l2 checkpoints\4stems\best_checkpoint_48_val_loss=-101.5680.pt
03/31/2026 11:55:02 PM | engine.py:1037 Engine run finished. Time taken: 00:00:26.114
[Epoch 48] train_loss=104.206775 | val_loss=101.568046
03/31/2026 11:55:02 PM | engine.py:1010 Epoch[48] Complete. Time taken: 00:00:48.036
03/31/2026 11:55:24 PM | engine.py:906 Engine run starting with max_epochs=1.
03/31/2026 11:55:51 PM | engine.py:1010 Epoch[1] Complete. Time taken: 00:00:26.108
[Validator] Epoch 49 - val_loss: 101.536705
[BEST CHECKPOINT] Guardado/actualizado en: checkpoints\Mis_modelos\log_compressed_l2 checkpoints\4stems\best_checkpoint_49_val_loss=-101.5367.pt
03/31/2026 11:55:51 PM | engine.py:1037 Engine run finished. Time taken: 00:00:26.117
[Epoch 49] train_loss=104.499710 | val_loss=101.536705
03/31/2026 11:55:51 PM | engine.py:1010 Epoch[49] Complete. Time taken: 00:00:48.337
03/31/2026 11:56:13 PM | engine.py:906 Engine run starting with max_epochs=1.
03/31/2026 11:56:38 PM | engine.py:1010 Epoch[1] Complete. Time taken: 00:00:25.528
[Validator] Epoch 50 - val_loss: 101.503470
[BEST CHECKPOINT] Guardado/actualizado en: checkpoints\Mis_modelos\log_compressed_l2 checkpoints\4stems\best_checkpoint_50_val_loss=-101.5035.pt
03/31/2026 11:56:38 PM | engine.py:1037 Engine run finished. Time taken: 00:00:25.539
[Epoch 50] train_loss=104.949435 | val_loss=101.503470
03/31/2026 11:56:38 PM | engine.py:1010 Epoch[50] Complete. Time taken: 00:00:47.509
03/31/2026 11:57:00 PM | engine.py:906 Engine run starting with max_epochs=1.
03/31/2026 11:57:26 PM | engine.py:1010 Epoch[1] Complete. Time taken: 00:00:25.463
[Validator] Epoch 51 - val_loss: 101.477649
[BEST CHECKPOINT] Guardado/actualizado en: checkpoints\Mis_modelos\log_compressed_l2 checkpoints\4stems\best_checkpoint_51_val_loss=-101.4776.pt
03/31/2026 11:57:26 PM | engine.py:1037 Engine run finished. Time taken: 00:00:25.474
[Epoch 51] train_loss=104.031459 | val_loss=101.477649
03/31/2026 11:57:26 PM | engine.py:1010 Epoch[51] Complete. Time taken: 00:00:47.556
03/31/2026 11:57:48 PM | engine.py:906 Engine run starting with max_epochs=1.
03/31/2026 11:58:14 PM | engine.py:1010 Epoch[1] Complete. Time taken: 00:00:25.871
[Validator] Epoch 52 - val_loss: 101.455071
[BEST CHECKPOINT] Guardado/actualizado en: checkpoints\Mis_modelos\log_compressed_l2 checkpoints\4stems\best_checkpoint_52_val_loss=-101.4551.pt
03/31/2026 11:58:14 PM | engine.py:1037 Engine run finished. Time taken: 00:00:25.882
[Epoch 52] train_loss=104.121464 | val_loss=101.455071
03/31/2026 11:58:14 PM | engine.py:1010 Epoch[52] Complete. Time taken: 00:00:48.051
03/31/2026 11:58:36 PM | engine.py:906 Engine run starting with max_epochs=1.
03/31/2026 11:59:02 PM | engine.py:1010 Epoch[1] Complete. Time taken: 00:00:26.477
[Validator] Epoch 53 - val_loss: 101.428388
[BEST CHECKPOINT] Guardado/actualizado en: checkpoints\Mis_modelos\log_compressed_l2 checkpoints\4stems\best_checkpoint_53_val_loss=-101.4284.pt
03/31/2026 11:59:02 PM | engine.py:1037 Engine run finished. Time taken: 00:00:26.487
[Epoch 53] train_loss=106.370912 | val_loss=101.428388
03/31/2026 11:59:02 PM | engine.py:1010 Epoch[53] Complete. Time taken: 00:00:48.764
03/31/2026 11:59:25 PM | engine.py:906 Engine run starting with max_epochs=1.
03/31/2026 11:59:50 PM | engine.py:1010 Epoch[1] Complete. Time taken: 00:00:25.427
[Validator] Epoch 54 - val_loss: 101.413790
[BEST CHECKPOINT] Guardado/actualizado en: checkpoints\Mis_modelos\log_compressed_l2 checkpoints\4stems\best_checkpoint_54_val_loss=-101.4138.pt
03/31/2026 11:59:50 PM | engine.py:1037 Engine run finished. Time taken: 00:00:25.437
[Epoch 54] train_loss=105.025843 | val_loss=101.413790
03/31/2026 11:59:50 PM | engine.py:1010 Epoch[54] Complete. Time taken: 00:00:47.949
04/01/2026 12:00:13 AM | engine.py:906 Engine run starting with max_epochs=1.
04/01/2026 12:00:38 AM | engine.py:1010 Epoch[1] Complete. Time taken: 00:00:25.798
[Validator] Epoch 55 - val_loss: 101.401055
[BEST CHECKPOINT] Guardado/actualizado en: checkpoints\Mis_modelos\log_compressed_l2 checkpoints\4stems\best_checkpoint_55_val_loss=-101.4011.pt
04/01/2026 12:00:38 AM | engine.py:1037 Engine run finished. Time taken: 00:00:25.808
[Epoch 55] train_loss=104.036429 | val_loss=101.401055
04/01/2026 12:00:38 AM | engine.py:1010 Epoch[55] Complete. Time taken: 00:00:47.913
04/01/2026 12:01:01 AM | engine.py:906 Engine run starting with max_epochs=1.
04/01/2026 12:01:26 AM | engine.py:1010 Epoch[1] Complete. Time taken: 00:00:25.327
[Validator] Epoch 56 - val_loss: 101.379414
[BEST CHECKPOINT] Guardado/actualizado en: checkpoints\Mis_modelos\log_compressed_l2 checkpoints\4stems\best_checkpoint_56_val_loss=-101.3794.pt
04/01/2026 12:01:26 AM | engine.py:1037 Engine run finished. Time taken: 00:00:25.336
[Epoch 56] train_loss=105.152714 | val_loss=101.379414
04/01/2026 12:01:26 AM | engine.py:1010 Epoch[56] Complete. Time taken: 00:00:47.557
04/01/2026 12:01:48 AM | engine.py:906 Engine run starting with max_epochs=1.
04/01/2026 12:02:14 AM | engine.py:1010 Epoch[1] Complete. Time taken: 00:00:26.409
[Validator] Epoch 57 - val_loss: 101.363167
[BEST CHECKPOINT] Guardado/actualizado en: checkpoints\Mis_modelos\log_compressed_l2 checkpoints\4stems\best_checkpoint_57_val_loss=-101.3632.pt
04/01/2026 12:02:14 AM | engine.py:1037 Engine run finished. Time taken: 00:00:26.422
[Epoch 57] train_loss=105.679560 | val_loss=101.363167
04/01/2026 12:02:14 AM | engine.py:1010 Epoch[57] Complete. Time taken: 00:00:48.445
04/01/2026 12:02:36 AM | engine.py:906 Engine run starting with max_epochs=1.
04/01/2026 12:03:02 AM | engine.py:1010 Epoch[1] Complete. Time taken: 00:00:25.771
[Validator] Epoch 58 - val_loss: 101.350320
[BEST CHECKPOINT] Guardado/actualizado en: checkpoints\Mis_modelos\log_compressed_l2 checkpoints\4stems\best_checkpoint_58_val_loss=-101.3503.pt
04/01/2026 12:03:02 AM | engine.py:1037 Engine run finished. Time taken: 00:00:25.782
[Epoch 58] train_loss=103.485927 | val_loss=101.350320
04/01/2026 12:03:02 AM | engine.py:1010 Epoch[58] Complete. Time taken: 00:00:47.192
04/01/2026 12:03:24 AM | engine.py:906 Engine run starting with max_epochs=1.
04/01/2026 12:03:50 AM | engine.py:1010 Epoch[1] Complete. Time taken: 00:00:26.003
[Validator] Epoch 59 - val_loss: 101.331882
[BEST CHECKPOINT] Guardado/actualizado en: checkpoints\Mis_modelos\log_compressed_l2 checkpoints\4stems\best_checkpoint_59_val_loss=-101.3319.pt
04/01/2026 12:03:50 AM | engine.py:1037 Engine run finished. Time taken: 00:00:26.012
[Epoch 59] train_loss=105.041951 | val_loss=101.331882
04/01/2026 12:03:50 AM | engine.py:1010 Epoch[59] Complete. Time taken: 00:00:48.514
04/01/2026 12:04:12 AM | engine.py:906 Engine run starting with max_epochs=1.
04/01/2026 12:04:38 AM | engine.py:1010 Epoch[1] Complete. Time taken: 00:00:25.822
[Validator] Epoch 60 - val_loss: 101.317992
[BEST CHECKPOINT] Guardado/actualizado en: checkpoints\Mis_modelos\log_compressed_l2 checkpoints\4stems\best_checkpoint_60_val_loss=-101.3180.pt
04/01/2026 12:04:38 AM | engine.py:1037 Engine run finished. Time taken: 00:00:25.833
[Epoch 60] train_loss=104.124901 | val_loss=101.317992
04/01/2026 12:04:38 AM | engine.py:1010 Epoch[60] Complete. Time taken: 00:00:47.717
04/01/2026 12:05:00 AM | engine.py:906 Engine run starting with max_epochs=1.
04/01/2026 12:05:25 AM | engine.py:1010 Epoch[1] Complete. Time taken: 00:00:25.678
[Validator] Epoch 61 - val_loss: 101.305411
[BEST CHECKPOINT] Guardado/actualizado en: checkpoints\Mis_modelos\log_compressed_l2 checkpoints\4stems\best_checkpoint_61_val_loss=-101.3054.pt
04/01/2026 12:05:25 AM | engine.py:1037 Engine run finished. Time taken: 00:00:25.690
[Epoch 61] train_loss=105.699538 | val_loss=101.305411
04/01/2026 12:05:25 AM | engine.py:1010 Epoch[61] Complete. Time taken: 00:00:47.711
04/01/2026 12:05:47 AM | engine.py:906 Engine run starting with max_epochs=1.
04/01/2026 12:06:13 AM | engine.py:1010 Epoch[1] Complete. Time taken: 00:00:25.588
[Validator] Epoch 62 - val_loss: 101.300373
[BEST CHECKPOINT] Guardado/actualizado en: checkpoints\Mis_modelos\log_compressed_l2 checkpoints\4stems\best_checkpoint_62_val_loss=-101.3004.pt
04/01/2026 12:06:13 AM | engine.py:1037 Engine run finished. Time taken: 00:00:25.599
[Epoch 62] train_loss=104.217134 | val_loss=101.300373
04/01/2026 12:06:13 AM | engine.py:1010 Epoch[62] Complete. Time taken: 00:00:47.449
04/01/2026 12:06:36 AM | engine.py:906 Engine run starting with max_epochs=1.
04/01/2026 12:07:02 AM | engine.py:1010 Epoch[1] Complete. Time taken: 00:00:25.899
[Validator] Epoch 63 - val_loss: 101.288456
[BEST CHECKPOINT] Guardado/actualizado en: checkpoints\Mis_modelos\log_compressed_l2 checkpoints\4stems\best_checkpoint_63_val_loss=-101.2885.pt
04/01/2026 12:07:02 AM | engine.py:1037 Engine run finished. Time taken: 00:00:25.909
[Epoch 63] train_loss=105.322607 | val_loss=101.288456
04/01/2026 12:07:02 AM | engine.py:1010 Epoch[63] Complete. Time taken: 00:00:48.613
04/01/2026 12:07:24 AM | engine.py:906 Engine run starting with max_epochs=1.
04/01/2026 12:07:50 AM | engine.py:1010 Epoch[1] Complete. Time taken: 00:00:25.735
[Validator] Epoch 64 - val_loss: 101.278854
[BEST CHECKPOINT] Guardado/actualizado en: checkpoints\Mis_modelos\log_compressed_l2 checkpoints\4stems\best_checkpoint_64_val_loss=-101.2789.pt
04/01/2026 12:07:50 AM | engine.py:1037 Engine run finished. Time taken: 00:00:25.747
[Epoch 64] train_loss=104.584315 | val_loss=101.278854
04/01/2026 12:07:50 AM | engine.py:1010 Epoch[64] Complete. Time taken: 00:00:48.350
04/01/2026 12:08:12 AM | engine.py:906 Engine run starting with max_epochs=1.
04/01/2026 12:08:38 AM | engine.py:1010 Epoch[1] Complete. Time taken: 00:00:26.025
[Validator] Epoch 65 - val_loss: 101.273903
[BEST CHECKPOINT] Guardado/actualizado en: checkpoints\Mis_modelos\log_compressed_l2 checkpoints\4stems\best_checkpoint_65_val_loss=-101.2739.pt
04/01/2026 12:08:38 AM | engine.py:1037 Engine run finished. Time taken: 00:00:26.034
[Epoch 65] train_loss=104.526503 | val_loss=101.273903
04/01/2026 12:08:38 AM | engine.py:1010 Epoch[65] Complete. Time taken: 00:00:48.255
04/01/2026 12:09:00 AM | engine.py:906 Engine run starting with max_epochs=1.
04/01/2026 12:09:26 AM | engine.py:1010 Epoch[1] Complete. Time taken: 00:00:25.662
[Validator] Epoch 66 - val_loss: 101.277670
[BEST CHECKPOINT] Guardado/actualizado en: checkpoints\Mis_modelos\log_compressed_l2 checkpoints\4stems\best_checkpoint_65_val_loss=-101.2739.pt
04/01/2026 12:09:26 AM | engine.py:1037 Engine run finished. Time taken: 00:00:25.663
[Epoch 66] train_loss=102.263626 | val_loss=101.277670
04/01/2026 12:09:26 AM | engine.py:1010 Epoch[66] Complete. Time taken: 00:00:47.981
04/01/2026 12:09:49 AM | engine.py:906 Engine run starting with max_epochs=1.
04/01/2026 12:10:14 AM | engine.py:1010 Epoch[1] Complete. Time taken: 00:00:25.435
[Validator] Epoch 67 - val_loss: 101.255384
[BEST CHECKPOINT] Guardado/actualizado en: checkpoints\Mis_modelos\log_compressed_l2 checkpoints\4stems\best_checkpoint_67_val_loss=-101.2554.pt
04/01/2026 12:10:14 AM | engine.py:1037 Engine run finished. Time taken: 00:00:25.449
[Epoch 67] train_loss=104.149832 | val_loss=101.255384
04/01/2026 12:10:14 AM | engine.py:1010 Epoch[67] Complete. Time taken: 00:00:47.926
04/01/2026 12:10:36 AM | engine.py:906 Engine run starting with max_epochs=1.
04/01/2026 12:11:02 AM | engine.py:1010 Epoch[1] Complete. Time taken: 00:00:25.355
[Validator] Epoch 68 - val_loss: 101.232997
[BEST CHECKPOINT] Guardado/actualizado en: checkpoints\Mis_modelos\log_compressed_l2 checkpoints\4stems\best_checkpoint_68_val_loss=-101.2330.pt
04/01/2026 12:11:02 AM | engine.py:1037 Engine run finished. Time taken: 00:00:25.365
[Epoch 68] train_loss=104.028632 | val_loss=101.232997
04/01/2026 12:11:02 AM | engine.py:1010 Epoch[68] Complete. Time taken: 00:00:47.726
04/01/2026 12:11:24 AM | engine.py:906 Engine run starting with max_epochs=1.
04/01/2026 12:11:50 AM | engine.py:1010 Epoch[1] Complete. Time taken: 00:00:25.773
[Validator] Epoch 69 - val_loss: 101.206776
[BEST CHECKPOINT] Guardado/actualizado en: checkpoints\Mis_modelos\log_compressed_l2 checkpoints\4stems\best_checkpoint_69_val_loss=-101.2068.pt
04/01/2026 12:11:50 AM | engine.py:1037 Engine run finished. Time taken: 00:00:25.782
[Epoch 69] train_loss=104.373837 | val_loss=101.206776
04/01/2026 12:11:50 AM | engine.py:1010 Epoch[69] Complete. Time taken: 00:00:48.018
04/01/2026 12:12:12 AM | engine.py:906 Engine run starting with max_epochs=1.
04/01/2026 12:12:38 AM | engine.py:1010 Epoch[1] Complete. Time taken: 00:00:25.577
[Validator] Epoch 70 - val_loss: 101.197523
[BEST CHECKPOINT] Guardado/actualizado en: checkpoints\Mis_modelos\log_compressed_l2 checkpoints\4stems\best_checkpoint_70_val_loss=-101.1975.pt
04/01/2026 12:12:38 AM | engine.py:1037 Engine run finished. Time taken: 00:00:25.589
[Epoch 70] train_loss=103.656676 | val_loss=101.197523
04/01/2026 12:12:38 AM | engine.py:1010 Epoch[70] Complete. Time taken: 00:00:47.984
04/01/2026 12:13:00 AM | engine.py:906 Engine run starting with max_epochs=1.
04/01/2026 12:13:25 AM | engine.py:1010 Epoch[1] Complete. Time taken: 00:00:25.649
[Validator] Epoch 71 - val_loss: 101.169896
[BEST CHECKPOINT] Guardado/actualizado en: checkpoints\Mis_modelos\log_compressed_l2 checkpoints\4stems\best_checkpoint_71_val_loss=-101.1699.pt
04/01/2026 12:13:25 AM | engine.py:1037 Engine run finished. Time taken: 00:00:25.661
[Epoch 71] train_loss=105.396156 | val_loss=101.169896
04/01/2026 12:13:25 AM | engine.py:1010 Epoch[71] Complete. Time taken: 00:00:47.466
04/01/2026 12:13:47 AM | engine.py:906 Engine run starting with max_epochs=1.
04/01/2026 12:14:13 AM | engine.py:1010 Epoch[1] Complete. Time taken: 00:00:25.676
[Validator] Epoch 72 - val_loss: 101.150178
[BEST CHECKPOINT] Guardado/actualizado en: checkpoints\Mis_modelos\log_compressed_l2 checkpoints\4stems\best_checkpoint_72_val_loss=-101.1502.pt
04/01/2026 12:14:13 AM | engine.py:1037 Engine run finished. Time taken: 00:00:25.685
[Epoch 72] train_loss=105.754730 | val_loss=101.150178
04/01/2026 12:14:13 AM | engine.py:1010 Epoch[72] Complete. Time taken: 00:00:47.892
04/01/2026 12:14:36 AM | engine.py:906 Engine run starting with max_epochs=1.
04/01/2026 12:15:01 AM | engine.py:1010 Epoch[1] Complete. Time taken: 00:00:25.584
[Validator] Epoch 73 - val_loss: 101.147352
[BEST CHECKPOINT] Guardado/actualizado en: checkpoints\Mis_modelos\log_compressed_l2 checkpoints\4stems\best_checkpoint_73_val_loss=-101.1474.pt
04/01/2026 12:15:01 AM | engine.py:1037 Engine run finished. Time taken: 00:00:25.595
[Epoch 73] train_loss=104.931969 | val_loss=101.147352
04/01/2026 12:15:01 AM | engine.py:1010 Epoch[73] Complete. Time taken: 00:00:48.340
04/01/2026 12:15:24 AM | engine.py:906 Engine run starting with max_epochs=1.
04/01/2026 12:15:49 AM | engine.py:1010 Epoch[1] Complete. Time taken: 00:00:25.188
[Validator] Epoch 74 - val_loss: 101.128058
[BEST CHECKPOINT] Guardado/actualizado en: checkpoints\Mis_modelos\log_compressed_l2 checkpoints\4stems\best_checkpoint_74_val_loss=-101.1281.pt
04/01/2026 12:15:49 AM | engine.py:1037 Engine run finished. Time taken: 00:00:25.198
[Epoch 74] train_loss=105.397843 | val_loss=101.128058
04/01/2026 12:15:49 AM | engine.py:1010 Epoch[74] Complete. Time taken: 00:00:47.467
04/01/2026 12:16:12 AM | engine.py:906 Engine run starting with max_epochs=1.
04/01/2026 12:16:37 AM | engine.py:1010 Epoch[1] Complete. Time taken: 00:00:25.552
[Validator] Epoch 75 - val_loss: 101.122744
[BEST CHECKPOINT] Guardado/actualizado en: checkpoints\Mis_modelos\log_compressed_l2 checkpoints\4stems\best_checkpoint_75_val_loss=-101.1227.pt
04/01/2026 12:16:37 AM | engine.py:1037 Engine run finished. Time taken: 00:00:25.563
[Epoch 75] train_loss=104.156404 | val_loss=101.122744
04/01/2026 12:16:37 AM | engine.py:1010 Epoch[75] Complete. Time taken: 00:00:48.276
04/01/2026 12:16:59 AM | engine.py:906 Engine run starting with max_epochs=1.
04/01/2026 12:17:25 AM | engine.py:1010 Epoch[1] Complete. Time taken: 00:00:25.604
[Validator] Epoch 76 - val_loss: 101.107138
[BEST CHECKPOINT] Guardado/actualizado en: checkpoints\Mis_modelos\log_compressed_l2 checkpoints\4stems\best_checkpoint_76_val_loss=-101.1071.pt
04/01/2026 12:17:25 AM | engine.py:1037 Engine run finished. Time taken: 00:00:25.616
[Epoch 76] train_loss=106.124028 | val_loss=101.107138
04/01/2026 12:17:25 AM | engine.py:1010 Epoch[76] Complete. Time taken: 00:00:47.882
04/01/2026 12:17:47 AM | engine.py:906 Engine run starting with max_epochs=1.
04/01/2026 12:18:13 AM | engine.py:1010 Epoch[1] Complete. Time taken: 00:00:25.664
[Validator] Epoch 77 - val_loss: 101.116155
[BEST CHECKPOINT] Guardado/actualizado en: checkpoints\Mis_modelos\log_compressed_l2 checkpoints\4stems\best_checkpoint_76_val_loss=-101.1071.pt
04/01/2026 12:18:13 AM | engine.py:1037 Engine run finished. Time taken: 00:00:25.665
[Epoch 77] train_loss=103.128223 | val_loss=101.116155
04/01/2026 12:18:13 AM | engine.py:1010 Epoch[77] Complete. Time taken: 00:00:47.661
04/01/2026 12:18:35 AM | engine.py:906 Engine run starting with max_epochs=1.
04/01/2026 12:19:01 AM | engine.py:1010 Epoch[1] Complete. Time taken: 00:00:25.767
[Validator] Epoch 78 - val_loss: 101.109099
[BEST CHECKPOINT] Guardado/actualizado en: checkpoints\Mis_modelos\log_compressed_l2 checkpoints\4stems\best_checkpoint_76_val_loss=-101.1071.pt
04/01/2026 12:19:01 AM | engine.py:1037 Engine run finished. Time taken: 00:00:25.768
[Epoch 78] train_loss=104.008764 | val_loss=101.109099
04/01/2026 12:19:01 AM | engine.py:1010 Epoch[78] Complete. Time taken: 00:00:47.948
04/01/2026 12:19:23 AM | engine.py:906 Engine run starting with max_epochs=1.
04/01/2026 12:19:49 AM | engine.py:1010 Epoch[1] Complete. Time taken: 00:00:25.869
[Validator] Epoch 79 - val_loss: 101.099330
[BEST CHECKPOINT] Guardado/actualizado en: checkpoints\Mis_modelos\log_compressed_l2 checkpoints\4stems\best_checkpoint_79_val_loss=-101.0993.pt
04/01/2026 12:19:49 AM | engine.py:1037 Engine run finished. Time taken: 00:00:25.880
[Epoch 79] train_loss=103.854445 | val_loss=101.099330
04/01/2026 12:19:49 AM | engine.py:1010 Epoch[79] Complete. Time taken: 00:00:47.825
04/01/2026 12:20:11 AM | engine.py:906 Engine run starting with max_epochs=1.
04/01/2026 12:20:37 AM | engine.py:1010 Epoch[1] Complete. Time taken: 00:00:25.948
[Validator] Epoch 80 - val_loss: 101.087035
[BEST CHECKPOINT] Guardado/actualizado en: checkpoints\Mis_modelos\log_compressed_l2 checkpoints\4stems\best_checkpoint_80_val_loss=-101.0870.pt
04/01/2026 12:20:37 AM | engine.py:1037 Engine run finished. Time taken: 00:00:25.960
[Epoch 80] train_loss=103.993060 | val_loss=101.087035
04/01/2026 12:20:37 AM | engine.py:1010 Epoch[80] Complete. Time taken: 00:00:48.160
04/01/2026 12:20:59 AM | engine.py:906 Engine run starting with max_epochs=1.
04/01/2026 12:21:25 AM | engine.py:1010 Epoch[1] Complete. Time taken: 00:00:25.671
[Validator] Epoch 81 - val_loss: 101.089311
[BEST CHECKPOINT] Guardado/actualizado en: checkpoints\Mis_modelos\log_compressed_l2 checkpoints\4stems\best_checkpoint_80_val_loss=-101.0870.pt
04/01/2026 12:21:25 AM | engine.py:1037 Engine run finished. Time taken: 00:00:25.672
[Epoch 81] train_loss=103.319733 | val_loss=101.089311
04/01/2026 12:21:25 AM | engine.py:1010 Epoch[81] Complete. Time taken: 00:00:47.984
04/01/2026 12:21:47 AM | engine.py:906 Engine run starting with max_epochs=1.
04/01/2026 12:22:13 AM | engine.py:1010 Epoch[1] Complete. Time taken: 00:00:26.152
[Validator] Epoch 82 - val_loss: 101.087875
[BEST CHECKPOINT] Guardado/actualizado en: checkpoints\Mis_modelos\log_compressed_l2 checkpoints\4stems\best_checkpoint_80_val_loss=-101.0870.pt
04/01/2026 12:22:13 AM | engine.py:1037 Engine run finished. Time taken: 00:00:26.153
[Epoch 82] train_loss=103.888458 | val_loss=101.087875
04/01/2026 12:22:13 AM | engine.py:1010 Epoch[82] Complete. Time taken: 00:00:48.256
04/01/2026 12:22:35 AM | engine.py:906 Engine run starting with max_epochs=1.
04/01/2026 12:23:01 AM | engine.py:1010 Epoch[1] Complete. Time taken: 00:00:25.949
[Validator] Epoch 83 - val_loss: 101.071515
[BEST CHECKPOINT] Guardado/actualizado en: checkpoints\Mis_modelos\log_compressed_l2 checkpoints\4stems\best_checkpoint_83_val_loss=-101.0715.pt
04/01/2026 12:23:01 AM | engine.py:1037 Engine run finished. Time taken: 00:00:25.960
[Epoch 83] train_loss=104.395268 | val_loss=101.071515
04/01/2026 12:23:01 AM | engine.py:1010 Epoch[83] Complete. Time taken: 00:00:48.146
04/01/2026 12:23:23 AM | engine.py:906 Engine run starting with max_epochs=1.
04/01/2026 12:23:50 AM | engine.py:1010 Epoch[1] Complete. Time taken: 00:00:26.428
[Validator] Epoch 84 - val_loss: 101.052854
[BEST CHECKPOINT] Guardado/actualizado en: checkpoints\Mis_modelos\log_compressed_l2 checkpoints\4stems\best_checkpoint_84_val_loss=-101.0529.pt
04/01/2026 12:23:50 AM | engine.py:1037 Engine run finished. Time taken: 00:00:26.438
[Epoch 84] train_loss=104.642583 | val_loss=101.052854
04/01/2026 12:23:50 AM | engine.py:1010 Epoch[84] Complete. Time taken: 00:00:48.503
04/01/2026 12:24:12 AM | engine.py:906 Engine run starting with max_epochs=1.
04/01/2026 12:24:37 AM | engine.py:1010 Epoch[1] Complete. Time taken: 00:00:25.502
[Validator] Epoch 85 - val_loss: 101.059118
[BEST CHECKPOINT] Guardado/actualizado en: checkpoints\Mis_modelos\log_compressed_l2 checkpoints\4stems\best_checkpoint_84_val_loss=-101.0529.pt
04/01/2026 12:24:37 AM | engine.py:1037 Engine run finished. Time taken: 00:00:25.502
[Epoch 85] train_loss=103.599144 | val_loss=101.059118
04/01/2026 12:24:37 AM | engine.py:1010 Epoch[85] Complete. Time taken: 00:00:47.631
04/01/2026 12:25:00 AM | engine.py:906 Engine run starting with max_epochs=1.
04/01/2026 12:25:25 AM | engine.py:1010 Epoch[1] Complete. Time taken: 00:00:25.408
[Validator] Epoch 86 - val_loss: 101.061172
[BEST CHECKPOINT] Guardado/actualizado en: checkpoints\Mis_modelos\log_compressed_l2 checkpoints\4stems\best_checkpoint_84_val_loss=-101.0529.pt
04/01/2026 12:25:25 AM | engine.py:1037 Engine run finished. Time taken: 00:00:25.410
[Epoch 86] train_loss=102.907999 | val_loss=101.061172
04/01/2026 12:25:25 AM | engine.py:1010 Epoch[86] Complete. Time taken: 00:00:47.689
04/01/2026 12:25:47 AM | engine.py:906 Engine run starting with max_epochs=1.
04/01/2026 12:26:12 AM | engine.py:1010 Epoch[1] Complete. Time taken: 00:00:25.407
[Validator] Epoch 87 - val_loss: 101.043902
[BEST CHECKPOINT] Guardado/actualizado en: checkpoints\Mis_modelos\log_compressed_l2 checkpoints\4stems\best_checkpoint_87_val_loss=-101.0439.pt
04/01/2026 12:26:12 AM | engine.py:1037 Engine run finished. Time taken: 00:00:25.417
[Epoch 87] train_loss=104.226770 | val_loss=101.043902
04/01/2026 12:26:12 AM | engine.py:1010 Epoch[87] Complete. Time taken: 00:00:47.289
04/01/2026 12:26:34 AM | engine.py:906 Engine run starting with max_epochs=1.
04/01/2026 12:26:59 AM | engine.py:1010 Epoch[1] Complete. Time taken: 00:00:25.323
[Validator] Epoch 88 - val_loss: 101.047528
[BEST CHECKPOINT] Guardado/actualizado en: checkpoints\Mis_modelos\log_compressed_l2 checkpoints\4stems\best_checkpoint_87_val_loss=-101.0439.pt
04/01/2026 12:26:59 AM | engine.py:1037 Engine run finished. Time taken: 00:00:25.325
[Epoch 88] train_loss=103.479380 | val_loss=101.047528
04/01/2026 12:26:59 AM | engine.py:1010 Epoch[88] Complete. Time taken: 00:00:47.035
04/01/2026 12:27:21 AM | engine.py:906 Engine run starting with max_epochs=1.
04/01/2026 12:27:46 AM | engine.py:1010 Epoch[1] Complete. Time taken: 00:00:25.220
[Validator] Epoch 89 - val_loss: 101.011951
[BEST CHECKPOINT] Guardado/actualizado en: checkpoints\Mis_modelos\log_compressed_l2 checkpoints\4stems\best_checkpoint_89_val_loss=-101.0120.pt
04/01/2026 12:27:46 AM | engine.py:1037 Engine run finished. Time taken: 00:00:25.230
[Epoch 89] train_loss=104.333751 | val_loss=101.011951
04/01/2026 12:27:46 AM | engine.py:1010 Epoch[89] Complete. Time taken: 00:00:47.202
04/01/2026 12:28:08 AM | engine.py:906 Engine run starting with max_epochs=1.
04/01/2026 12:28:33 AM | engine.py:1010 Epoch[1] Complete. Time taken: 00:00:25.427
[Validator] Epoch 90 - val_loss: 100.981890
[BEST CHECKPOINT] Guardado/actualizado en: checkpoints\Mis_modelos\log_compressed_l2 checkpoints\4stems\best_checkpoint_90_val_loss=-100.9819.pt
04/01/2026 12:28:33 AM | engine.py:1037 Engine run finished. Time taken: 00:00:25.438
[Epoch 90] train_loss=104.001126 | val_loss=100.981890
04/01/2026 12:28:33 AM | engine.py:1010 Epoch[90] Complete. Time taken: 00:00:46.824
04/01/2026 12:28:55 AM | engine.py:906 Engine run starting with max_epochs=1.
04/01/2026 12:29:20 AM | engine.py:1010 Epoch[1] Complete. Time taken: 00:00:25.468
[Validator] Epoch 91 - val_loss: 100.963843
[BEST CHECKPOINT] Guardado/actualizado en: checkpoints\Mis_modelos\log_compressed_l2 checkpoints\4stems\best_checkpoint_91_val_loss=-100.9638.pt
04/01/2026 12:29:20 AM | engine.py:1037 Engine run finished. Time taken: 00:00:25.478
[Epoch 91] train_loss=103.395916 | val_loss=100.963843
04/01/2026 12:29:20 AM | engine.py:1010 Epoch[91] Complete. Time taken: 00:00:46.904
04/01/2026 12:29:43 AM | engine.py:906 Engine run starting with max_epochs=1.
04/01/2026 12:30:08 AM | engine.py:1010 Epoch[1] Complete. Time taken: 00:00:25.569
[Validator] Epoch 92 - val_loss: 100.934297
[BEST CHECKPOINT] Guardado/actualizado en: checkpoints\Mis_modelos\log_compressed_l2 checkpoints\4stems\best_checkpoint_92_val_loss=-100.9343.pt
04/01/2026 12:30:08 AM | engine.py:1037 Engine run finished. Time taken: 00:00:25.581
[Epoch 92] train_loss=104.682240 | val_loss=100.934297
04/01/2026 12:30:08 AM | engine.py:1010 Epoch[92] Complete. Time taken: 00:00:48.048
04/01/2026 12:30:30 AM | engine.py:906 Engine run starting with max_epochs=1.
04/01/2026 12:30:55 AM | engine.py:1010 Epoch[1] Complete. Time taken: 00:00:25.002
[Validator] Epoch 93 - val_loss: 100.935025
[BEST CHECKPOINT] Guardado/actualizado en: checkpoints\Mis_modelos\log_compressed_l2 checkpoints\4stems\best_checkpoint_92_val_loss=-100.9343.pt
04/01/2026 12:30:55 AM | engine.py:1037 Engine run finished. Time taken: 00:00:25.002
[Epoch 93] train_loss=103.685861 | val_loss=100.935025
04/01/2026 12:30:55 AM | engine.py:1010 Epoch[93] Complete. Time taken: 00:00:47.035
04/01/2026 12:31:17 AM | engine.py:906 Engine run starting with max_epochs=1.
04/01/2026 12:31:42 AM | engine.py:1010 Epoch[1] Complete. Time taken: 00:00:24.717
[Validator] Epoch 94 - val_loss: 100.922316
[BEST CHECKPOINT] Guardado/actualizado en: checkpoints\Mis_modelos\log_compressed_l2 checkpoints\4stems\best_checkpoint_94_val_loss=-100.9223.pt
04/01/2026 12:31:42 AM | engine.py:1037 Engine run finished. Time taken: 00:00:24.729
[Epoch 94] train_loss=104.538135 | val_loss=100.922316
04/01/2026 12:31:42 AM | engine.py:1010 Epoch[94] Complete. Time taken: 00:00:46.363
04/01/2026 12:32:03 AM | engine.py:906 Engine run starting with max_epochs=1.
04/01/2026 12:32:29 AM | engine.py:1010 Epoch[1] Complete. Time taken: 00:00:25.642
[Validator] Epoch 95 - val_loss: 100.917447
[BEST CHECKPOINT] Guardado/actualizado en: checkpoints\Mis_modelos\log_compressed_l2 checkpoints\4stems\best_checkpoint_95_val_loss=-100.9174.pt
04/01/2026 12:32:29 AM | engine.py:1037 Engine run finished. Time taken: 00:00:25.652
[Epoch 95] train_loss=102.591436 | val_loss=100.917447
04/01/2026 12:32:29 AM | engine.py:1010 Epoch[95] Complete. Time taken: 00:00:47.027
04/01/2026 12:32:51 AM | engine.py:906 Engine run starting with max_epochs=1.
04/01/2026 12:33:16 AM | engine.py:1010 Epoch[1] Complete. Time taken: 00:00:25.159
[Validator] Epoch 96 - val_loss: 100.906310
[BEST CHECKPOINT] Guardado/actualizado en: checkpoints\Mis_modelos\log_compressed_l2 checkpoints\4stems\best_checkpoint_96_val_loss=-100.9063.pt
04/01/2026 12:33:16 AM | engine.py:1037 Engine run finished. Time taken: 00:00:25.172
[Epoch 96] train_loss=104.421541 | val_loss=100.906310
04/01/2026 12:33:16 AM | engine.py:1010 Epoch[96] Complete. Time taken: 00:00:47.098
04/01/2026 12:33:37 AM | engine.py:906 Engine run starting with max_epochs=1.
04/01/2026 12:34:02 AM | engine.py:1010 Epoch[1] Complete. Time taken: 00:00:25.093
[Validator] Epoch 97 - val_loss: 100.909141
[BEST CHECKPOINT] Guardado/actualizado en: checkpoints\Mis_modelos\log_compressed_l2 checkpoints\4stems\best_checkpoint_96_val_loss=-100.9063.pt
04/01/2026 12:34:02 AM | engine.py:1037 Engine run finished. Time taken: 00:00:25.094
[Epoch 97] train_loss=103.375130 | val_loss=100.909141
04/01/2026 12:34:02 AM | engine.py:1010 Epoch[97] Complete. Time taken: 00:00:46.416
04/01/2026 12:34:23 AM | engine.py:906 Engine run starting with max_epochs=1.
04/01/2026 12:34:49 AM | engine.py:1010 Epoch[1] Complete. Time taken: 00:00:26.148
[Validator] Epoch 98 - val_loss: 100.886178
[BEST CHECKPOINT] Guardado/actualizado en: checkpoints\Mis_modelos\log_compressed_l2 checkpoints\4stems\best_checkpoint_98_val_loss=-100.8862.pt
04/01/2026 12:34:49 AM | engine.py:1037 Engine run finished. Time taken: 00:00:26.161
[Epoch 98] train_loss=104.738558 | val_loss=100.886178
04/01/2026 12:34:49 AM | engine.py:1010 Epoch[98] Complete. Time taken: 00:00:47.203
04/01/2026 12:35:11 AM | engine.py:906 Engine run starting with max_epochs=1.
04/01/2026 12:35:37 AM | engine.py:1010 Epoch[1] Complete. Time taken: 00:00:25.606
[Validator] Epoch 99 - val_loss: 100.872616
[BEST CHECKPOINT] Guardado/actualizado en: checkpoints\Mis_modelos\log_compressed_l2 checkpoints\4stems\best_checkpoint_99_val_loss=-100.8726.pt
04/01/2026 12:35:37 AM | engine.py:1037 Engine run finished. Time taken: 00:00:25.618
[Epoch 99] train_loss=106.083636 | val_loss=100.872616
04/01/2026 12:35:37 AM | engine.py:1010 Epoch[99] Complete. Time taken: 00:00:47.528
04/01/2026 12:35:58 AM | engine.py:906 Engine run starting with max_epochs=1.
04/01/2026 12:36:24 AM | engine.py:1010 Epoch[1] Complete. Time taken: 00:00:25.332
[Validator] Epoch 100 - val_loss: 100.883219
[BEST CHECKPOINT] Guardado/actualizado en: checkpoints\Mis_modelos\log_compressed_l2 checkpoints\4stems\best_checkpoint_99_val_loss=-100.8726.pt
04/01/2026 12:36:24 AM | engine.py:1037 Engine run finished. Time taken: 00:00:25.332
[Epoch 100] train_loss=103.293949 | val_loss=100.883219
04/01/2026 12:36:24 AM | engine.py:1010 Epoch[100] Complete. Time taken: 00:00:46.811
04/01/2026 12:36:24 AM | engine.py:1037 Engine run finished. Time taken: 01:21:18.749
[LOADING BEST MODEL] Cargando mejor checkpoint desde: checkpoints\Mis_modelos\log_compressed_l2 checkpoints\4stems\best_checkpoint_99_val_loss=-100.8726.pt
C:\Users\rdpuser\TFG_Identificaci-n-de-voces-e-instrumentos-en-una-obra-musical\pipeline\train.py:326: FutureWarning: You are using `torch.load` with `weights_only=False` (the current default value), which uses the default pickle module implicitly. It is possible to construct malicious pickle data which will execute arbitrary code during unpickling (See https://github.com/pytorch/pytorch/blob/main/SECURITY.md#untrusted-models for more details). In a future release, the default value for `weights_only` will be flipped to `True`. This limits the functions that could be executed during unpickling. Arbitrary objects will no longer be allowed to be loaded via this mode unless they are explicitly allowlisted by the user via `torch.serialization.add_safe_globals`. We recommend you start setting `weights_only=True` for any use case where you don't have full control of the loaded file. Please open an issue on GitHub for any issues related to this experimental feature.
  checkpoint = torch.load(best_checkpoint_path, map_location=device)
