C:\Users\rdpuser\miniconda3\envs\tfg_py310\lib\site-packages\ignite\handlers\checkpoint.py:16: DeprecationWarning: `TorchScript` support for functional optimizers is deprecated and will be removed in a future PyTorch release. Consider using the `torch.compile` optimizer instead.
  from torch.distributed.optim import ZeroRedundancyOptimizer
Usando dispositivo: cuda
Using device: cuda | nf=257 | channels=1 | hidden=50 | stems=2 | loss=l1_freq
C:\Users\rdpuser\miniconda3\envs\tfg_py310\lib\site-packages\torch\nn\modules\module.py:1326: UserWarning: expandable_segments not supported on this platform (Triggered internally at C:\actions-runner\_work\pytorch\pytorch\builder\windows\pytorch\c10/cuda/CUDAAllocatorConfig.h:28.)
  return t.to(
GA: actual_batch=100 | accum_steps=1 | effective_batch_real=100
04/01/2026 04:28:03 AM | engine.py:906 Engine run starting with max_epochs=100.
C:\Users\rdpuser\miniconda3\envs\tfg_py310\lib\site-packages\ignite\handlers\checkpoint.py:16: DeprecationWarning: `TorchScript` support for functional optimizers is deprecated and will be removed in a future PyTorch release. Consider using the `torch.compile` optimizer instead.
  from torch.distributed.optim import ZeroRedundancyOptimizer
C:\Users\rdpuser\miniconda3\envs\tfg_py310\lib\site-packages\ignite\handlers\checkpoint.py:16: DeprecationWarning: `TorchScript` support for functional optimizers is deprecated and will be removed in a future PyTorch release. Consider using the `torch.compile` optimizer instead.
  from torch.distributed.optim import ZeroRedundancyOptimizer
C:\Users\rdpuser\miniconda3\envs\tfg_py310\lib\site-packages\ignite\handlers\checkpoint.py:16: DeprecationWarning: `TorchScript` support for functional optimizers is deprecated and will be removed in a future PyTorch release. Consider using the `torch.compile` optimizer instead.
  from torch.distributed.optim import ZeroRedundancyOptimizer
C:\Users\rdpuser\miniconda3\envs\tfg_py310\lib\site-packages\ignite\handlers\checkpoint.py:16: DeprecationWarning: `TorchScript` support for functional optimizers is deprecated and will be removed in a future PyTorch release. Consider using the `torch.compile` optimizer instead.
  from torch.distributed.optim import ZeroRedundancyOptimizer
04/01/2026 04:30:51 AM | engine.py:906 Engine run starting with max_epochs=1.
C:\Users\rdpuser\miniconda3\envs\tfg_py310\lib\site-packages\ignite\handlers\checkpoint.py:16: DeprecationWarning: `TorchScript` support for functional optimizers is deprecated and will be removed in a future PyTorch release. Consider using the `torch.compile` optimizer instead.
  from torch.distributed.optim import ZeroRedundancyOptimizer
C:\Users\rdpuser\miniconda3\envs\tfg_py310\lib\site-packages\ignite\handlers\checkpoint.py:16: DeprecationWarning: `TorchScript` support for functional optimizers is deprecated and will be removed in a future PyTorch release. Consider using the `torch.compile` optimizer instead.
  from torch.distributed.optim import ZeroRedundancyOptimizer
C:\Users\rdpuser\miniconda3\envs\tfg_py310\lib\site-packages\ignite\handlers\checkpoint.py:16: DeprecationWarning: `TorchScript` support for functional optimizers is deprecated and will be removed in a future PyTorch release. Consider using the `torch.compile` optimizer instead.
  from torch.distributed.optim import ZeroRedundancyOptimizer
C:\Users\rdpuser\miniconda3\envs\tfg_py310\lib\site-packages\ignite\handlers\checkpoint.py:16: DeprecationWarning: `TorchScript` support for functional optimizers is deprecated and will be removed in a future PyTorch release. Consider using the `torch.compile` optimizer instead.
  from torch.distributed.optim import ZeroRedundancyOptimizer
04/01/2026 04:31:41 AM | engine.py:1010 Epoch[1] Complete. Time taken: 00:00:49.774
Training model with training mixes in: C:\Users\rdpuser\TFG_Identificaci-n-de-voces-e-instrumentos-en-una-obra-musical\datasets\mix_generation\foreground_train
Validating data with validation mixes in: C:\Users\rdpuser\TFG_Identificaci-n-de-voces-e-instrumentos-en-una-obra-musical\datasets\mix_generation\foreground_valid
[DEBUG] Num de sources: 2
pipeline de 2 fuentes
[Validator] Epoch 1 - val_loss: 0.000874
[BEST CHECKPOINT] Guardado/actualizado en: checkpoints\Mis_modelos\l1_freq checkpoints\2stems\best_checkpoint_1_val_loss=-0.0009.pt
04/01/2026 04:31:41 AM | engine.py:1037 Engine run finished. Time taken: 00:00:50.247
[Epoch 1] train_loss=0.000789 | val_loss=0.000874
04/01/2026 04:31:41 AM | engine.py:1010 Epoch[1] Complete. Time taken: 00:03:01.290
04/01/2026 04:32:54 AM | engine.py:906 Engine run starting with max_epochs=1.
04/01/2026 04:33:31 AM | engine.py:1010 Epoch[1] Complete. Time taken: 00:00:36.773
[Validator] Epoch 2 - val_loss: 0.000799
[BEST CHECKPOINT] Guardado/actualizado en: checkpoints\Mis_modelos\l1_freq checkpoints\2stems\best_checkpoint_2_val_loss=-0.0008.pt
04/01/2026 04:33:31 AM | engine.py:1037 Engine run finished. Time taken: 00:00:36.789
[Epoch 2] train_loss=0.000692 | val_loss=0.000799
04/01/2026 04:33:31 AM | engine.py:1010 Epoch[2] Complete. Time taken: 00:01:49.401
04/01/2026 04:34:45 AM | engine.py:906 Engine run starting with max_epochs=1.
04/01/2026 04:35:21 AM | engine.py:1010 Epoch[1] Complete. Time taken: 00:00:36.400
[Validator] Epoch 3 - val_loss: 0.000711
[BEST CHECKPOINT] Guardado/actualizado en: checkpoints\Mis_modelos\l1_freq checkpoints\2stems\best_checkpoint_3_val_loss=-0.0007.pt
04/01/2026 04:35:21 AM | engine.py:1037 Engine run finished. Time taken: 00:00:36.414
[Epoch 3] train_loss=0.000595 | val_loss=0.000711
04/01/2026 04:35:21 AM | engine.py:1010 Epoch[3] Complete. Time taken: 00:01:50.579
04/01/2026 04:36:34 AM | engine.py:906 Engine run starting with max_epochs=1.
04/01/2026 04:37:11 AM | engine.py:1010 Epoch[1] Complete. Time taken: 00:00:36.429
[Validator] Epoch 4 - val_loss: 0.000612
[BEST CHECKPOINT] Guardado/actualizado en: checkpoints\Mis_modelos\l1_freq checkpoints\2stems\best_checkpoint_4_val_loss=-0.0006.pt
04/01/2026 04:37:11 AM | engine.py:1037 Engine run finished. Time taken: 00:00:36.439
[Epoch 4] train_loss=0.000555 | val_loss=0.000612
04/01/2026 04:37:11 AM | engine.py:1010 Epoch[4] Complete. Time taken: 00:01:49.712
04/01/2026 04:38:25 AM | engine.py:906 Engine run starting with max_epochs=1.
04/01/2026 04:39:01 AM | engine.py:1010 Epoch[1] Complete. Time taken: 00:00:36.390
[Validator] Epoch 5 - val_loss: 0.000571
[BEST CHECKPOINT] Guardado/actualizado en: checkpoints\Mis_modelos\l1_freq checkpoints\2stems\best_checkpoint_5_val_loss=-0.0006.pt
04/01/2026 04:39:01 AM | engine.py:1037 Engine run finished. Time taken: 00:00:36.401
[Epoch 5] train_loss=0.000522 | val_loss=0.000571
04/01/2026 04:39:01 AM | engine.py:1010 Epoch[5] Complete. Time taken: 00:01:50.147
04/01/2026 04:40:14 AM | engine.py:906 Engine run starting with max_epochs=1.
04/01/2026 04:40:51 AM | engine.py:1010 Epoch[1] Complete. Time taken: 00:00:36.750
[Validator] Epoch 6 - val_loss: 0.000560
[BEST CHECKPOINT] Guardado/actualizado en: checkpoints\Mis_modelos\l1_freq checkpoints\2stems\best_checkpoint_6_val_loss=-0.0006.pt
04/01/2026 04:40:51 AM | engine.py:1037 Engine run finished. Time taken: 00:00:36.760
[Epoch 6] train_loss=0.000541 | val_loss=0.000560
04/01/2026 04:40:51 AM | engine.py:1010 Epoch[6] Complete. Time taken: 00:01:50.246
04/01/2026 04:42:06 AM | engine.py:906 Engine run starting with max_epochs=1.
04/01/2026 04:42:43 AM | engine.py:1010 Epoch[1] Complete. Time taken: 00:00:36.141
[Validator] Epoch 7 - val_loss: 0.000556
[BEST CHECKPOINT] Guardado/actualizado en: checkpoints\Mis_modelos\l1_freq checkpoints\2stems\best_checkpoint_7_val_loss=-0.0006.pt
04/01/2026 04:42:43 AM | engine.py:1037 Engine run finished. Time taken: 00:00:36.150
[Epoch 7] train_loss=0.000519 | val_loss=0.000556
04/01/2026 04:42:43 AM | engine.py:1010 Epoch[7] Complete. Time taken: 00:01:51.295
04/01/2026 04:43:57 AM | engine.py:906 Engine run starting with max_epochs=1.
04/01/2026 04:44:33 AM | engine.py:1010 Epoch[1] Complete. Time taken: 00:00:36.032
[Validator] Epoch 8 - val_loss: 0.000553
[BEST CHECKPOINT] Guardado/actualizado en: checkpoints\Mis_modelos\l1_freq checkpoints\2stems\best_checkpoint_8_val_loss=-0.0006.pt
04/01/2026 04:44:33 AM | engine.py:1037 Engine run finished. Time taken: 00:00:36.041
[Epoch 8] train_loss=0.000517 | val_loss=0.000553
04/01/2026 04:44:33 AM | engine.py:1010 Epoch[8] Complete. Time taken: 00:01:50.142
04/01/2026 04:45:47 AM | engine.py:906 Engine run starting with max_epochs=1.
04/01/2026 04:46:23 AM | engine.py:1010 Epoch[1] Complete. Time taken: 00:00:35.742
[Validator] Epoch 9 - val_loss: 0.000550
[BEST CHECKPOINT] Guardado/actualizado en: checkpoints\Mis_modelos\l1_freq checkpoints\2stems\best_checkpoint_9_val_loss=-0.0006.pt
04/01/2026 04:46:23 AM | engine.py:1037 Engine run finished. Time taken: 00:00:35.757
[Epoch 9] train_loss=0.000520 | val_loss=0.000550
04/01/2026 04:46:23 AM | engine.py:1010 Epoch[9] Complete. Time taken: 00:01:50.182
04/01/2026 04:47:37 AM | engine.py:906 Engine run starting with max_epochs=1.
04/01/2026 04:48:13 AM | engine.py:1010 Epoch[1] Complete. Time taken: 00:00:36.757
[Validator] Epoch 10 - val_loss: 0.000548
[BEST CHECKPOINT] Guardado/actualizado en: checkpoints\Mis_modelos\l1_freq checkpoints\2stems\best_checkpoint_10_val_loss=-0.0005.pt
04/01/2026 04:48:13 AM | engine.py:1037 Engine run finished. Time taken: 00:00:36.767
[Epoch 10] train_loss=0.000514 | val_loss=0.000548
04/01/2026 04:48:13 AM | engine.py:1010 Epoch[10] Complete. Time taken: 00:01:50.469
04/01/2026 04:49:27 AM | engine.py:906 Engine run starting with max_epochs=1.
04/01/2026 04:50:03 AM | engine.py:1010 Epoch[1] Complete. Time taken: 00:00:35.967
[Validator] Epoch 11 - val_loss: 0.000546
[BEST CHECKPOINT] Guardado/actualizado en: checkpoints\Mis_modelos\l1_freq checkpoints\2stems\best_checkpoint_11_val_loss=-0.0005.pt
04/01/2026 04:50:03 AM | engine.py:1037 Engine run finished. Time taken: 00:00:35.977
[Epoch 11] train_loss=0.000523 | val_loss=0.000546
04/01/2026 04:50:03 AM | engine.py:1010 Epoch[11] Complete. Time taken: 00:01:49.987
04/01/2026 04:51:18 AM | engine.py:906 Engine run starting with max_epochs=1.
04/01/2026 04:51:54 AM | engine.py:1010 Epoch[1] Complete. Time taken: 00:00:35.720
[Validator] Epoch 12 - val_loss: 0.000542
[BEST CHECKPOINT] Guardado/actualizado en: checkpoints\Mis_modelos\l1_freq checkpoints\2stems\best_checkpoint_12_val_loss=-0.0005.pt
04/01/2026 04:51:54 AM | engine.py:1037 Engine run finished. Time taken: 00:00:35.732
[Epoch 12] train_loss=0.000505 | val_loss=0.000542
04/01/2026 04:51:54 AM | engine.py:1010 Epoch[12] Complete. Time taken: 00:01:50.729
04/01/2026 04:53:09 AM | engine.py:906 Engine run starting with max_epochs=1.
04/01/2026 04:53:45 AM | engine.py:1010 Epoch[1] Complete. Time taken: 00:00:36.463
[Validator] Epoch 13 - val_loss: 0.000538
[BEST CHECKPOINT] Guardado/actualizado en: checkpoints\Mis_modelos\l1_freq checkpoints\2stems\best_checkpoint_13_val_loss=-0.0005.pt
04/01/2026 04:53:45 AM | engine.py:1037 Engine run finished. Time taken: 00:00:36.471
[Epoch 13] train_loss=0.000501 | val_loss=0.000538
04/01/2026 04:53:45 AM | engine.py:1010 Epoch[13] Complete. Time taken: 00:01:51.094
04/01/2026 04:54:59 AM | engine.py:906 Engine run starting with max_epochs=1.
04/01/2026 04:55:35 AM | engine.py:1010 Epoch[1] Complete. Time taken: 00:00:35.765
[Validator] Epoch 14 - val_loss: 0.000535
[BEST CHECKPOINT] Guardado/actualizado en: checkpoints\Mis_modelos\l1_freq checkpoints\2stems\best_checkpoint_14_val_loss=-0.0005.pt
04/01/2026 04:55:35 AM | engine.py:1037 Engine run finished. Time taken: 00:00:35.774
[Epoch 14] train_loss=0.000502 | val_loss=0.000535
04/01/2026 04:55:35 AM | engine.py:1010 Epoch[14] Complete. Time taken: 00:01:49.991
04/01/2026 04:56:49 AM | engine.py:906 Engine run starting with max_epochs=1.
04/01/2026 04:57:26 AM | engine.py:1010 Epoch[1] Complete. Time taken: 00:00:36.255
[Validator] Epoch 15 - val_loss: 0.000534
[BEST CHECKPOINT] Guardado/actualizado en: checkpoints\Mis_modelos\l1_freq checkpoints\2stems\best_checkpoint_15_val_loss=-0.0005.pt
04/01/2026 04:57:26 AM | engine.py:1037 Engine run finished. Time taken: 00:00:36.264
[Epoch 15] train_loss=0.000495 | val_loss=0.000534
04/01/2026 04:57:26 AM | engine.py:1010 Epoch[15] Complete. Time taken: 00:01:50.613
04/01/2026 04:58:41 AM | engine.py:906 Engine run starting with max_epochs=1.
04/01/2026 04:59:17 AM | engine.py:1010 Epoch[1] Complete. Time taken: 00:00:36.481
[Validator] Epoch 16 - val_loss: 0.000530
[BEST CHECKPOINT] Guardado/actualizado en: checkpoints\Mis_modelos\l1_freq checkpoints\2stems\best_checkpoint_16_val_loss=-0.0005.pt
04/01/2026 04:59:17 AM | engine.py:1037 Engine run finished. Time taken: 00:00:36.490
[Epoch 16] train_loss=0.000496 | val_loss=0.000530
04/01/2026 04:59:17 AM | engine.py:1010 Epoch[16] Complete. Time taken: 00:01:51.502
04/01/2026 05:00:32 AM | engine.py:906 Engine run starting with max_epochs=1.
04/01/2026 05:01:08 AM | engine.py:1010 Epoch[1] Complete. Time taken: 00:00:36.366
[Validator] Epoch 17 - val_loss: 0.000527
[BEST CHECKPOINT] Guardado/actualizado en: checkpoints\Mis_modelos\l1_freq checkpoints\2stems\best_checkpoint_17_val_loss=-0.0005.pt
04/01/2026 05:01:08 AM | engine.py:1037 Engine run finished. Time taken: 00:00:36.374
[Epoch 17] train_loss=0.000491 | val_loss=0.000527
04/01/2026 05:01:08 AM | engine.py:1010 Epoch[17] Complete. Time taken: 00:01:51.158
04/01/2026 05:02:23 AM | engine.py:906 Engine run starting with max_epochs=1.
04/01/2026 05:02:59 AM | engine.py:1010 Epoch[1] Complete. Time taken: 00:00:36.569
[Validator] Epoch 18 - val_loss: 0.000525
[BEST CHECKPOINT] Guardado/actualizado en: checkpoints\Mis_modelos\l1_freq checkpoints\2stems\best_checkpoint_18_val_loss=-0.0005.pt
04/01/2026 05:02:59 AM | engine.py:1037 Engine run finished. Time taken: 00:00:36.581
[Epoch 18] train_loss=0.000479 | val_loss=0.000525
04/01/2026 05:02:59 AM | engine.py:1010 Epoch[18] Complete. Time taken: 00:01:50.698
04/01/2026 05:04:13 AM | engine.py:906 Engine run starting with max_epochs=1.
04/01/2026 05:04:50 AM | engine.py:1010 Epoch[1] Complete. Time taken: 00:00:36.622
[Validator] Epoch 19 - val_loss: 0.000523
[BEST CHECKPOINT] Guardado/actualizado en: checkpoints\Mis_modelos\l1_freq checkpoints\2stems\best_checkpoint_19_val_loss=-0.0005.pt
04/01/2026 05:04:50 AM | engine.py:1037 Engine run finished. Time taken: 00:00:36.632
[Epoch 19] train_loss=0.000487 | val_loss=0.000523
04/01/2026 05:04:50 AM | engine.py:1010 Epoch[19] Complete. Time taken: 00:01:50.450
04/01/2026 05:06:04 AM | engine.py:906 Engine run starting with max_epochs=1.
04/01/2026 05:06:41 AM | engine.py:1010 Epoch[1] Complete. Time taken: 00:00:36.916
[Validator] Epoch 20 - val_loss: 0.000520
[BEST CHECKPOINT] Guardado/actualizado en: checkpoints\Mis_modelos\l1_freq checkpoints\2stems\best_checkpoint_20_val_loss=-0.0005.pt
04/01/2026 05:06:41 AM | engine.py:1037 Engine run finished. Time taken: 00:00:36.925
[Epoch 20] train_loss=0.000492 | val_loss=0.000520
04/01/2026 05:06:41 AM | engine.py:1010 Epoch[20] Complete. Time taken: 00:01:51.206
04/01/2026 05:07:55 AM | engine.py:906 Engine run starting with max_epochs=1.
04/01/2026 05:08:31 AM | engine.py:1010 Epoch[1] Complete. Time taken: 00:00:36.087
[Validator] Epoch 21 - val_loss: 0.000520
[BEST CHECKPOINT] Guardado/actualizado en: checkpoints\Mis_modelos\l1_freq checkpoints\2stems\best_checkpoint_20_val_loss=-0.0005.pt
04/01/2026 05:08:31 AM | engine.py:1037 Engine run finished. Time taken: 00:00:36.089
[Epoch 21] train_loss=0.000479 | val_loss=0.000520
04/01/2026 05:08:31 AM | engine.py:1010 Epoch[21] Complete. Time taken: 00:01:50.520
04/01/2026 05:09:45 AM | engine.py:906 Engine run starting with max_epochs=1.
04/01/2026 05:10:21 AM | engine.py:1010 Epoch[1] Complete. Time taken: 00:00:36.839
[Validator] Epoch 22 - val_loss: 0.000519
[BEST CHECKPOINT] Guardado/actualizado en: checkpoints\Mis_modelos\l1_freq checkpoints\2stems\best_checkpoint_22_val_loss=-0.0005.pt
04/01/2026 05:10:21 AM | engine.py:1037 Engine run finished. Time taken: 00:00:36.847
[Epoch 22] train_loss=0.000477 | val_loss=0.000519
04/01/2026 05:10:21 AM | engine.py:1010 Epoch[22] Complete. Time taken: 00:01:50.143
04/01/2026 05:11:37 AM | engine.py:906 Engine run starting with max_epochs=1.
04/01/2026 05:12:13 AM | engine.py:1010 Epoch[1] Complete. Time taken: 00:00:36.255
[Validator] Epoch 23 - val_loss: 0.000517
[BEST CHECKPOINT] Guardado/actualizado en: checkpoints\Mis_modelos\l1_freq checkpoints\2stems\best_checkpoint_23_val_loss=-0.0005.pt
04/01/2026 05:12:13 AM | engine.py:1037 Engine run finished. Time taken: 00:00:36.265
[Epoch 23] train_loss=0.000479 | val_loss=0.000517
04/01/2026 05:12:13 AM | engine.py:1010 Epoch[23] Complete. Time taken: 00:01:51.947
04/01/2026 05:13:27 AM | engine.py:906 Engine run starting with max_epochs=1.
04/01/2026 05:14:03 AM | engine.py:1010 Epoch[1] Complete. Time taken: 00:00:36.177
[Validator] Epoch 24 - val_loss: 0.000517
[BEST CHECKPOINT] Guardado/actualizado en: checkpoints\Mis_modelos\l1_freq checkpoints\2stems\best_checkpoint_23_val_loss=-0.0005.pt
04/01/2026 05:14:03 AM | engine.py:1037 Engine run finished. Time taken: 00:00:36.179
[Epoch 24] train_loss=0.000475 | val_loss=0.000517
04/01/2026 05:14:03 AM | engine.py:1010 Epoch[24] Complete. Time taken: 00:01:49.479
04/01/2026 05:15:17 AM | engine.py:906 Engine run starting with max_epochs=1.
04/01/2026 05:15:55 AM | engine.py:1010 Epoch[1] Complete. Time taken: 00:00:37.171
[Validator] Epoch 25 - val_loss: 0.000515
[BEST CHECKPOINT] Guardado/actualizado en: checkpoints\Mis_modelos\l1_freq checkpoints\2stems\best_checkpoint_25_val_loss=-0.0005.pt
04/01/2026 05:15:55 AM | engine.py:1037 Engine run finished. Time taken: 00:00:37.180
[Epoch 25] train_loss=0.000465 | val_loss=0.000515
04/01/2026 05:15:55 AM | engine.py:1010 Epoch[25] Complete. Time taken: 00:01:51.691
04/01/2026 05:17:08 AM | engine.py:906 Engine run starting with max_epochs=1.
04/01/2026 05:17:44 AM | engine.py:1010 Epoch[1] Complete. Time taken: 00:00:36.669
[Validator] Epoch 26 - val_loss: 0.000516
[BEST CHECKPOINT] Guardado/actualizado en: checkpoints\Mis_modelos\l1_freq checkpoints\2stems\best_checkpoint_25_val_loss=-0.0005.pt
04/01/2026 05:17:44 AM | engine.py:1037 Engine run finished. Time taken: 00:00:36.670
[Epoch 26] train_loss=0.000467 | val_loss=0.000516
04/01/2026 05:17:44 AM | engine.py:1010 Epoch[26] Complete. Time taken: 00:01:49.945
04/01/2026 05:18:58 AM | engine.py:906 Engine run starting with max_epochs=1.
04/01/2026 05:19:35 AM | engine.py:1010 Epoch[1] Complete. Time taken: 00:00:36.643
[Validator] Epoch 27 - val_loss: 0.000515
[BEST CHECKPOINT] Guardado/actualizado en: checkpoints\Mis_modelos\l1_freq checkpoints\2stems\best_checkpoint_27_val_loss=-0.0005.pt
04/01/2026 05:19:35 AM | engine.py:1037 Engine run finished. Time taken: 00:00:36.653
[Epoch 27] train_loss=0.000468 | val_loss=0.000515
04/01/2026 05:19:35 AM | engine.py:1010 Epoch[27] Complete. Time taken: 00:01:50.263
04/01/2026 05:20:49 AM | engine.py:906 Engine run starting with max_epochs=1.
04/01/2026 05:21:25 AM | engine.py:1010 Epoch[1] Complete. Time taken: 00:00:36.042
[Validator] Epoch 28 - val_loss: 0.000515
[BEST CHECKPOINT] Guardado/actualizado en: checkpoints\Mis_modelos\l1_freq checkpoints\2stems\best_checkpoint_28_val_loss=-0.0005.pt
04/01/2026 05:21:25 AM | engine.py:1037 Engine run finished. Time taken: 00:00:36.051
[Epoch 28] train_loss=0.000477 | val_loss=0.000515
04/01/2026 05:21:25 AM | engine.py:1010 Epoch[28] Complete. Time taken: 00:01:50.128
04/01/2026 05:22:39 AM | engine.py:906 Engine run starting with max_epochs=1.
04/01/2026 05:23:16 AM | engine.py:1010 Epoch[1] Complete. Time taken: 00:00:36.939
[Validator] Epoch 29 - val_loss: 0.000512
[BEST CHECKPOINT] Guardado/actualizado en: checkpoints\Mis_modelos\l1_freq checkpoints\2stems\best_checkpoint_29_val_loss=-0.0005.pt
04/01/2026 05:23:16 AM | engine.py:1037 Engine run finished. Time taken: 00:00:36.949
[Epoch 29] train_loss=0.000459 | val_loss=0.000512
04/01/2026 05:23:16 AM | engine.py:1010 Epoch[29] Complete. Time taken: 00:01:50.936
04/01/2026 05:24:30 AM | engine.py:906 Engine run starting with max_epochs=1.
04/01/2026 05:25:08 AM | engine.py:1010 Epoch[1] Complete. Time taken: 00:00:37.441
[Validator] Epoch 30 - val_loss: 0.000510
[BEST CHECKPOINT] Guardado/actualizado en: checkpoints\Mis_modelos\l1_freq checkpoints\2stems\best_checkpoint_30_val_loss=-0.0005.pt
04/01/2026 05:25:08 AM | engine.py:1037 Engine run finished. Time taken: 00:00:37.451
[Epoch 30] train_loss=0.000471 | val_loss=0.000510
04/01/2026 05:25:08 AM | engine.py:1010 Epoch[30] Complete. Time taken: 00:01:51.774
04/01/2026 05:26:22 AM | engine.py:906 Engine run starting with max_epochs=1.
04/01/2026 05:26:59 AM | engine.py:1010 Epoch[1] Complete. Time taken: 00:00:37.430
[Validator] Epoch 31 - val_loss: 0.000511
[BEST CHECKPOINT] Guardado/actualizado en: checkpoints\Mis_modelos\l1_freq checkpoints\2stems\best_checkpoint_30_val_loss=-0.0005.pt
04/01/2026 05:26:59 AM | engine.py:1037 Engine run finished. Time taken: 00:00:37.431
[Epoch 31] train_loss=0.000452 | val_loss=0.000511
04/01/2026 05:26:59 AM | engine.py:1010 Epoch[31] Complete. Time taken: 00:01:51.494
04/01/2026 05:28:14 AM | engine.py:906 Engine run starting with max_epochs=1.
04/01/2026 05:28:50 AM | engine.py:1010 Epoch[1] Complete. Time taken: 00:00:36.565
[Validator] Epoch 32 - val_loss: 0.000509
[BEST CHECKPOINT] Guardado/actualizado en: checkpoints\Mis_modelos\l1_freq checkpoints\2stems\best_checkpoint_32_val_loss=-0.0005.pt
04/01/2026 05:28:50 AM | engine.py:1037 Engine run finished. Time taken: 00:00:36.575
[Epoch 32] train_loss=0.000461 | val_loss=0.000509
04/01/2026 05:28:50 AM | engine.py:1010 Epoch[32] Complete. Time taken: 00:01:51.415
04/01/2026 05:30:05 AM | engine.py:906 Engine run starting with max_epochs=1.
04/01/2026 05:30:41 AM | engine.py:1010 Epoch[1] Complete. Time taken: 00:00:36.808
[Validator] Epoch 33 - val_loss: 0.000509
[BEST CHECKPOINT] Guardado/actualizado en: checkpoints\Mis_modelos\l1_freq checkpoints\2stems\best_checkpoint_32_val_loss=-0.0005.pt
04/01/2026 05:30:41 AM | engine.py:1037 Engine run finished. Time taken: 00:00:36.809
[Epoch 33] train_loss=0.000456 | val_loss=0.000509
04/01/2026 05:30:41 AM | engine.py:1010 Epoch[33] Complete. Time taken: 00:01:50.949
04/01/2026 05:31:55 AM | engine.py:906 Engine run starting with max_epochs=1.
04/01/2026 05:32:31 AM | engine.py:1010 Epoch[1] Complete. Time taken: 00:00:36.395
[Validator] Epoch 34 - val_loss: 0.000508
[BEST CHECKPOINT] Guardado/actualizado en: checkpoints\Mis_modelos\l1_freq checkpoints\2stems\best_checkpoint_34_val_loss=-0.0005.pt
04/01/2026 05:32:31 AM | engine.py:1037 Engine run finished. Time taken: 00:00:36.405
[Epoch 34] train_loss=0.000467 | val_loss=0.000508
04/01/2026 05:32:31 AM | engine.py:1010 Epoch[34] Complete. Time taken: 00:01:49.983
04/01/2026 05:33:45 AM | engine.py:906 Engine run starting with max_epochs=1.
04/01/2026 05:34:21 AM | engine.py:1010 Epoch[1] Complete. Time taken: 00:00:36.483
[Validator] Epoch 35 - val_loss: 0.000507
[BEST CHECKPOINT] Guardado/actualizado en: checkpoints\Mis_modelos\l1_freq checkpoints\2stems\best_checkpoint_35_val_loss=-0.0005.pt
04/01/2026 05:34:21 AM | engine.py:1037 Engine run finished. Time taken: 00:00:36.494
[Epoch 35] train_loss=0.000456 | val_loss=0.000507
04/01/2026 05:34:21 AM | engine.py:1010 Epoch[35] Complete. Time taken: 00:01:49.625
04/01/2026 05:35:35 AM | engine.py:906 Engine run starting with max_epochs=1.
04/01/2026 05:36:11 AM | engine.py:1010 Epoch[1] Complete. Time taken: 00:00:36.580
[Validator] Epoch 36 - val_loss: 0.000506
[BEST CHECKPOINT] Guardado/actualizado en: checkpoints\Mis_modelos\l1_freq checkpoints\2stems\best_checkpoint_36_val_loss=-0.0005.pt
04/01/2026 05:36:11 AM | engine.py:1037 Engine run finished. Time taken: 00:00:36.589
[Epoch 36] train_loss=0.000459 | val_loss=0.000506
04/01/2026 05:36:11 AM | engine.py:1010 Epoch[36] Complete. Time taken: 00:01:50.309
04/01/2026 05:37:24 AM | engine.py:906 Engine run starting with max_epochs=1.
04/01/2026 05:38:01 AM | engine.py:1010 Epoch[1] Complete. Time taken: 00:00:36.214
[Validator] Epoch 37 - val_loss: 0.000506
[BEST CHECKPOINT] Guardado/actualizado en: checkpoints\Mis_modelos\l1_freq checkpoints\2stems\best_checkpoint_37_val_loss=-0.0005.pt
04/01/2026 05:38:01 AM | engine.py:1037 Engine run finished. Time taken: 00:00:36.224
[Epoch 37] train_loss=0.000462 | val_loss=0.000506
04/01/2026 05:38:01 AM | engine.py:1010 Epoch[37] Complete. Time taken: 00:01:49.288
04/01/2026 05:39:14 AM | engine.py:906 Engine run starting with max_epochs=1.
04/01/2026 05:39:51 AM | engine.py:1010 Epoch[1] Complete. Time taken: 00:00:36.819
[Validator] Epoch 38 - val_loss: 0.000506
[BEST CHECKPOINT] Guardado/actualizado en: checkpoints\Mis_modelos\l1_freq checkpoints\2stems\best_checkpoint_37_val_loss=-0.0005.pt
04/01/2026 05:39:51 AM | engine.py:1037 Engine run finished. Time taken: 00:00:36.820
[Epoch 38] train_loss=0.000457 | val_loss=0.000506
04/01/2026 05:39:51 AM | engine.py:1010 Epoch[38] Complete. Time taken: 00:01:50.120
04/01/2026 05:41:04 AM | engine.py:906 Engine run starting with max_epochs=1.
04/01/2026 05:41:41 AM | engine.py:1010 Epoch[1] Complete. Time taken: 00:00:36.719
[Validator] Epoch 39 - val_loss: 0.000508
[BEST CHECKPOINT] Guardado/actualizado en: checkpoints\Mis_modelos\l1_freq checkpoints\2stems\best_checkpoint_37_val_loss=-0.0005.pt
04/01/2026 05:41:41 AM | engine.py:1037 Engine run finished. Time taken: 00:00:36.720
[Epoch 39] train_loss=0.000458 | val_loss=0.000508
04/01/2026 05:41:41 AM | engine.py:1010 Epoch[39] Complete. Time taken: 00:01:50.349
04/01/2026 05:42:55 AM | engine.py:906 Engine run starting with max_epochs=1.
04/01/2026 05:43:31 AM | engine.py:1010 Epoch[1] Complete. Time taken: 00:00:35.946
[Validator] Epoch 40 - val_loss: 0.000505
[BEST CHECKPOINT] Guardado/actualizado en: checkpoints\Mis_modelos\l1_freq checkpoints\2stems\best_checkpoint_40_val_loss=-0.0005.pt
04/01/2026 05:43:31 AM | engine.py:1037 Engine run finished. Time taken: 00:00:35.956
[Epoch 40] train_loss=0.000454 | val_loss=0.000505
04/01/2026 05:43:31 AM | engine.py:1010 Epoch[40] Complete. Time taken: 00:01:50.130
04/01/2026 05:44:45 AM | engine.py:906 Engine run starting with max_epochs=1.
04/01/2026 05:45:22 AM | engine.py:1010 Epoch[1] Complete. Time taken: 00:00:36.719
[Validator] Epoch 41 - val_loss: 0.000506
[BEST CHECKPOINT] Guardado/actualizado en: checkpoints\Mis_modelos\l1_freq checkpoints\2stems\best_checkpoint_40_val_loss=-0.0005.pt
04/01/2026 05:45:22 AM | engine.py:1037 Engine run finished. Time taken: 00:00:36.720
[Epoch 41] train_loss=0.000458 | val_loss=0.000506
04/01/2026 05:45:22 AM | engine.py:1010 Epoch[41] Complete. Time taken: 00:01:50.889
04/01/2026 05:46:34 AM | engine.py:906 Engine run starting with max_epochs=1.
04/01/2026 05:47:12 AM | engine.py:1010 Epoch[1] Complete. Time taken: 00:00:37.112
[Validator] Epoch 42 - val_loss: 0.000508
[BEST CHECKPOINT] Guardado/actualizado en: checkpoints\Mis_modelos\l1_freq checkpoints\2stems\best_checkpoint_40_val_loss=-0.0005.pt
04/01/2026 05:47:12 AM | engine.py:1037 Engine run finished. Time taken: 00:00:37.113
[Epoch 42] train_loss=0.000445 | val_loss=0.000508
04/01/2026 05:47:12 AM | engine.py:1010 Epoch[42] Complete. Time taken: 00:01:49.397
04/01/2026 05:48:27 AM | engine.py:906 Engine run starting with max_epochs=1.
04/01/2026 05:49:03 AM | engine.py:1010 Epoch[1] Complete. Time taken: 00:00:36.106
[Validator] Epoch 43 - val_loss: 0.000504
[BEST CHECKPOINT] Guardado/actualizado en: checkpoints\Mis_modelos\l1_freq checkpoints\2stems\best_checkpoint_43_val_loss=-0.0005.pt
04/01/2026 05:49:03 AM | engine.py:1037 Engine run finished. Time taken: 00:00:36.116
[Epoch 43] train_loss=0.000448 | val_loss=0.000504
04/01/2026 05:49:03 AM | engine.py:1010 Epoch[43] Complete. Time taken: 00:01:51.174
04/01/2026 05:50:19 AM | engine.py:906 Engine run starting with max_epochs=1.
04/01/2026 05:50:55 AM | engine.py:1010 Epoch[1] Complete. Time taken: 00:00:36.066
[Validator] Epoch 44 - val_loss: 0.000503
[BEST CHECKPOINT] Guardado/actualizado en: checkpoints\Mis_modelos\l1_freq checkpoints\2stems\best_checkpoint_44_val_loss=-0.0005.pt
04/01/2026 05:50:55 AM | engine.py:1037 Engine run finished. Time taken: 00:00:36.075
[Epoch 44] train_loss=0.000443 | val_loss=0.000503
04/01/2026 05:50:55 AM | engine.py:1010 Epoch[44] Complete. Time taken: 00:01:51.931
04/01/2026 05:52:10 AM | engine.py:906 Engine run starting with max_epochs=1.
04/01/2026 05:52:46 AM | engine.py:1010 Epoch[1] Complete. Time taken: 00:00:35.859
[Validator] Epoch 45 - val_loss: 0.000503
[BEST CHECKPOINT] Guardado/actualizado en: checkpoints\Mis_modelos\l1_freq checkpoints\2stems\best_checkpoint_44_val_loss=-0.0005.pt
04/01/2026 05:52:46 AM | engine.py:1037 Engine run finished. Time taken: 00:00:35.860
[Epoch 45] train_loss=0.000447 | val_loss=0.000503
04/01/2026 05:52:46 AM | engine.py:1010 Epoch[45] Complete. Time taken: 00:01:51.571
04/01/2026 05:54:00 AM | engine.py:906 Engine run starting with max_epochs=1.
04/01/2026 05:54:36 AM | engine.py:1010 Epoch[1] Complete. Time taken: 00:00:35.896
[Validator] Epoch 46 - val_loss: 0.000502
[BEST CHECKPOINT] Guardado/actualizado en: checkpoints\Mis_modelos\l1_freq checkpoints\2stems\best_checkpoint_46_val_loss=-0.0005.pt
04/01/2026 05:54:36 AM | engine.py:1037 Engine run finished. Time taken: 00:00:35.908
[Epoch 46] train_loss=0.000444 | val_loss=0.000502
04/01/2026 05:54:36 AM | engine.py:1010 Epoch[46] Complete. Time taken: 00:01:50.001
04/01/2026 05:55:49 AM | engine.py:906 Engine run starting with max_epochs=1.
04/01/2026 05:56:27 AM | engine.py:1010 Epoch[1] Complete. Time taken: 00:00:37.339
[Validator] Epoch 47 - val_loss: 0.000503
[BEST CHECKPOINT] Guardado/actualizado en: checkpoints\Mis_modelos\l1_freq checkpoints\2stems\best_checkpoint_46_val_loss=-0.0005.pt
04/01/2026 05:56:27 AM | engine.py:1037 Engine run finished. Time taken: 00:00:37.340
[Epoch 47] train_loss=0.000442 | val_loss=0.000503
04/01/2026 05:56:27 AM | engine.py:1010 Epoch[47] Complete. Time taken: 00:01:50.589
04/01/2026 05:57:40 AM | engine.py:906 Engine run starting with max_epochs=1.
04/01/2026 05:58:16 AM | engine.py:1010 Epoch[1] Complete. Time taken: 00:00:36.489
[Validator] Epoch 48 - val_loss: 0.000503
[BEST CHECKPOINT] Guardado/actualizado en: checkpoints\Mis_modelos\l1_freq checkpoints\2stems\best_checkpoint_46_val_loss=-0.0005.pt
04/01/2026 05:58:16 AM | engine.py:1037 Engine run finished. Time taken: 00:00:36.489
[Epoch 48] train_loss=0.000443 | val_loss=0.000503
04/01/2026 05:58:16 AM | engine.py:1010 Epoch[48] Complete. Time taken: 00:01:49.453
04/01/2026 05:59:30 AM | engine.py:906 Engine run starting with max_epochs=1.
04/01/2026 06:00:07 AM | engine.py:1010 Epoch[1] Complete. Time taken: 00:00:36.520
[Validator] Epoch 49 - val_loss: 0.000501
[BEST CHECKPOINT] Guardado/actualizado en: checkpoints\Mis_modelos\l1_freq checkpoints\2stems\best_checkpoint_49_val_loss=-0.0005.pt
04/01/2026 06:00:07 AM | engine.py:1037 Engine run finished. Time taken: 00:00:36.530
[Epoch 49] train_loss=0.000449 | val_loss=0.000501
04/01/2026 06:00:07 AM | engine.py:1010 Epoch[49] Complete. Time taken: 00:01:50.453
04/01/2026 06:01:21 AM | engine.py:906 Engine run starting with max_epochs=1.
04/01/2026 06:01:58 AM | engine.py:1010 Epoch[1] Complete. Time taken: 00:00:37.051
[Validator] Epoch 50 - val_loss: 0.000500
[BEST CHECKPOINT] Guardado/actualizado en: checkpoints\Mis_modelos\l1_freq checkpoints\2stems\best_checkpoint_50_val_loss=-0.0005.pt
04/01/2026 06:01:58 AM | engine.py:1037 Engine run finished. Time taken: 00:00:37.059
[Epoch 50] train_loss=0.000438 | val_loss=0.000500
04/01/2026 06:01:58 AM | engine.py:1010 Epoch[50] Complete. Time taken: 00:01:51.578
04/01/2026 06:03:13 AM | engine.py:906 Engine run starting with max_epochs=1.
04/01/2026 06:03:49 AM | engine.py:1010 Epoch[1] Complete. Time taken: 00:00:36.734
[Validator] Epoch 51 - val_loss: 0.000501
[BEST CHECKPOINT] Guardado/actualizado en: checkpoints\Mis_modelos\l1_freq checkpoints\2stems\best_checkpoint_50_val_loss=-0.0005.pt
04/01/2026 06:03:49 AM | engine.py:1037 Engine run finished. Time taken: 00:00:36.735
[Epoch 51] train_loss=0.000453 | val_loss=0.000501
04/01/2026 06:03:49 AM | engine.py:1010 Epoch[51] Complete. Time taken: 00:01:51.159
04/01/2026 06:05:03 AM | engine.py:906 Engine run starting with max_epochs=1.
04/01/2026 06:05:40 AM | engine.py:1010 Epoch[1] Complete. Time taken: 00:00:36.811
[Validator] Epoch 52 - val_loss: 0.000504
[BEST CHECKPOINT] Guardado/actualizado en: checkpoints\Mis_modelos\l1_freq checkpoints\2stems\best_checkpoint_50_val_loss=-0.0005.pt
04/01/2026 06:05:40 AM | engine.py:1037 Engine run finished. Time taken: 00:00:36.812
[Epoch 52] train_loss=0.000435 | val_loss=0.000504
04/01/2026 06:05:40 AM | engine.py:1010 Epoch[52] Complete. Time taken: 00:01:50.737
04/01/2026 06:06:55 AM | engine.py:906 Engine run starting with max_epochs=1.
04/01/2026 06:07:31 AM | engine.py:1010 Epoch[1] Complete. Time taken: 00:00:36.727
[Validator] Epoch 53 - val_loss: 0.000500
[BEST CHECKPOINT] Guardado/actualizado en: checkpoints\Mis_modelos\l1_freq checkpoints\2stems\best_checkpoint_53_val_loss=-0.0005.pt
04/01/2026 06:07:31 AM | engine.py:1037 Engine run finished. Time taken: 00:00:36.736
[Epoch 53] train_loss=0.000446 | val_loss=0.000500
04/01/2026 06:07:31 AM | engine.py:1010 Epoch[53] Complete. Time taken: 00:01:51.184
04/01/2026 06:08:46 AM | engine.py:906 Engine run starting with max_epochs=1.
04/01/2026 06:09:23 AM | engine.py:1010 Epoch[1] Complete. Time taken: 00:00:36.647
[Validator] Epoch 54 - val_loss: 0.000501
[BEST CHECKPOINT] Guardado/actualizado en: checkpoints\Mis_modelos\l1_freq checkpoints\2stems\best_checkpoint_53_val_loss=-0.0005.pt
04/01/2026 06:09:23 AM | engine.py:1037 Engine run finished. Time taken: 00:00:36.648
[Epoch 54] train_loss=0.000439 | val_loss=0.000501
04/01/2026 06:09:23 AM | engine.py:1010 Epoch[54] Complete. Time taken: 00:01:51.367
04/01/2026 06:10:36 AM | engine.py:906 Engine run starting with max_epochs=1.
04/01/2026 06:11:13 AM | engine.py:1010 Epoch[1] Complete. Time taken: 00:00:36.780
[Validator] Epoch 55 - val_loss: 0.000499
[BEST CHECKPOINT] Guardado/actualizado en: checkpoints\Mis_modelos\l1_freq checkpoints\2stems\best_checkpoint_55_val_loss=-0.0005.pt
04/01/2026 06:11:13 AM | engine.py:1037 Engine run finished. Time taken: 00:00:36.791
[Epoch 55] train_loss=0.000432 | val_loss=0.000499
04/01/2026 06:11:13 AM | engine.py:1010 Epoch[55] Complete. Time taken: 00:01:50.379
04/01/2026 06:12:27 AM | engine.py:906 Engine run starting with max_epochs=1.
04/01/2026 06:13:03 AM | engine.py:1010 Epoch[1] Complete. Time taken: 00:00:36.349
[Validator] Epoch 56 - val_loss: 0.000499
[BEST CHECKPOINT] Guardado/actualizado en: checkpoints\Mis_modelos\l1_freq checkpoints\2stems\best_checkpoint_55_val_loss=-0.0005.pt
04/01/2026 06:13:03 AM | engine.py:1037 Engine run finished. Time taken: 00:00:36.351
[Epoch 56] train_loss=0.000446 | val_loss=0.000499
04/01/2026 06:13:03 AM | engine.py:1010 Epoch[56] Complete. Time taken: 00:01:49.784
04/01/2026 06:14:17 AM | engine.py:906 Engine run starting with max_epochs=1.
04/01/2026 06:14:54 AM | engine.py:1010 Epoch[1] Complete. Time taken: 00:00:36.291
[Validator] Epoch 57 - val_loss: 0.000501
[BEST CHECKPOINT] Guardado/actualizado en: checkpoints\Mis_modelos\l1_freq checkpoints\2stems\best_checkpoint_55_val_loss=-0.0005.pt
04/01/2026 06:14:54 AM | engine.py:1037 Engine run finished. Time taken: 00:00:36.292
[Epoch 57] train_loss=0.000433 | val_loss=0.000501
04/01/2026 06:14:54 AM | engine.py:1010 Epoch[57] Complete. Time taken: 00:01:50.878
04/01/2026 06:16:08 AM | engine.py:906 Engine run starting with max_epochs=1.
04/01/2026 06:16:45 AM | engine.py:1010 Epoch[1] Complete. Time taken: 00:00:36.314
[Validator] Epoch 58 - val_loss: 0.000497
[BEST CHECKPOINT] Guardado/actualizado en: checkpoints\Mis_modelos\l1_freq checkpoints\2stems\best_checkpoint_58_val_loss=-0.0005.pt
04/01/2026 06:16:45 AM | engine.py:1037 Engine run finished. Time taken: 00:00:36.322
[Epoch 58] train_loss=0.000437 | val_loss=0.000497
04/01/2026 06:16:45 AM | engine.py:1010 Epoch[58] Complete. Time taken: 00:01:50.813
04/01/2026 06:17:58 AM | engine.py:906 Engine run starting with max_epochs=1.
04/01/2026 06:18:35 AM | engine.py:1010 Epoch[1] Complete. Time taken: 00:00:36.170
[Validator] Epoch 59 - val_loss: 0.000496
[BEST CHECKPOINT] Guardado/actualizado en: checkpoints\Mis_modelos\l1_freq checkpoints\2stems\best_checkpoint_59_val_loss=-0.0005.pt
04/01/2026 06:18:35 AM | engine.py:1037 Engine run finished. Time taken: 00:00:36.179
[Epoch 59] train_loss=0.000437 | val_loss=0.000496
04/01/2026 06:18:35 AM | engine.py:1010 Epoch[59] Complete. Time taken: 00:01:49.933
04/01/2026 06:19:48 AM | engine.py:906 Engine run starting with max_epochs=1.
04/01/2026 06:20:25 AM | engine.py:1010 Epoch[1] Complete. Time taken: 00:00:36.520
[Validator] Epoch 60 - val_loss: 0.000495
[BEST CHECKPOINT] Guardado/actualizado en: checkpoints\Mis_modelos\l1_freq checkpoints\2stems\best_checkpoint_60_val_loss=-0.0005.pt
04/01/2026 06:20:25 AM | engine.py:1037 Engine run finished. Time taken: 00:00:36.528
[Epoch 60] train_loss=0.000432 | val_loss=0.000495
04/01/2026 06:20:25 AM | engine.py:1010 Epoch[60] Complete. Time taken: 00:01:50.345
04/01/2026 06:21:39 AM | engine.py:906 Engine run starting with max_epochs=1.
04/01/2026 06:22:15 AM | engine.py:1010 Epoch[1] Complete. Time taken: 00:00:36.558
[Validator] Epoch 61 - val_loss: 0.000498
[BEST CHECKPOINT] Guardado/actualizado en: checkpoints\Mis_modelos\l1_freq checkpoints\2stems\best_checkpoint_60_val_loss=-0.0005.pt
04/01/2026 06:22:15 AM | engine.py:1037 Engine run finished. Time taken: 00:00:36.558
[Epoch 61] train_loss=0.000431 | val_loss=0.000498
04/01/2026 06:22:15 AM | engine.py:1010 Epoch[61] Complete. Time taken: 00:01:50.371
04/01/2026 06:23:30 AM | engine.py:906 Engine run starting with max_epochs=1.
04/01/2026 06:24:05 AM | engine.py:1010 Epoch[1] Complete. Time taken: 00:00:35.898
[Validator] Epoch 62 - val_loss: 0.000491
[BEST CHECKPOINT] Guardado/actualizado en: checkpoints\Mis_modelos\l1_freq checkpoints\2stems\best_checkpoint_62_val_loss=-0.0005.pt
04/01/2026 06:24:05 AM | engine.py:1037 Engine run finished. Time taken: 00:00:35.907
[Epoch 62] train_loss=0.000441 | val_loss=0.000491
04/01/2026 06:24:05 AM | engine.py:1010 Epoch[62] Complete. Time taken: 00:01:50.199
04/01/2026 06:25:21 AM | engine.py:906 Engine run starting with max_epochs=1.
04/01/2026 06:25:58 AM | engine.py:1010 Epoch[1] Complete. Time taken: 00:00:36.838
[Validator] Epoch 63 - val_loss: 0.000494
[BEST CHECKPOINT] Guardado/actualizado en: checkpoints\Mis_modelos\l1_freq checkpoints\2stems\best_checkpoint_62_val_loss=-0.0005.pt
04/01/2026 06:25:58 AM | engine.py:1037 Engine run finished. Time taken: 00:00:36.840
[Epoch 63] train_loss=0.000438 | val_loss=0.000494
04/01/2026 06:25:58 AM | engine.py:1010 Epoch[63] Complete. Time taken: 00:01:52.493
04/01/2026 06:27:12 AM | engine.py:906 Engine run starting with max_epochs=1.
04/01/2026 06:27:48 AM | engine.py:1010 Epoch[1] Complete. Time taken: 00:00:36.505
[Validator] Epoch 64 - val_loss: 0.000492
[BEST CHECKPOINT] Guardado/actualizado en: checkpoints\Mis_modelos\l1_freq checkpoints\2stems\best_checkpoint_62_val_loss=-0.0005.pt
04/01/2026 06:27:48 AM | engine.py:1037 Engine run finished. Time taken: 00:00:36.505
[Epoch 64] train_loss=0.000426 | val_loss=0.000492
04/01/2026 06:27:48 AM | engine.py:1010 Epoch[64] Complete. Time taken: 00:01:50.100
04/01/2026 06:29:01 AM | engine.py:906 Engine run starting with max_epochs=1.
04/01/2026 06:29:38 AM | engine.py:1010 Epoch[1] Complete. Time taken: 00:00:36.776
[Validator] Epoch 65 - val_loss: 0.000493
[BEST CHECKPOINT] Guardado/actualizado en: checkpoints\Mis_modelos\l1_freq checkpoints\2stems\best_checkpoint_62_val_loss=-0.0005.pt
04/01/2026 06:29:38 AM | engine.py:1037 Engine run finished. Time taken: 00:00:36.777
[Epoch 65] train_loss=0.000425 | val_loss=0.000493
04/01/2026 06:29:38 AM | engine.py:1010 Epoch[65] Complete. Time taken: 00:01:50.198
04/01/2026 06:30:53 AM | engine.py:906 Engine run starting with max_epochs=1.
04/01/2026 06:31:29 AM | engine.py:1010 Epoch[1] Complete. Time taken: 00:00:36.716
[Validator] Epoch 66 - val_loss: 0.000493
[BEST CHECKPOINT] Guardado/actualizado en: checkpoints\Mis_modelos\l1_freq checkpoints\2stems\best_checkpoint_62_val_loss=-0.0005.pt
04/01/2026 06:31:29 AM | engine.py:1037 Engine run finished. Time taken: 00:00:36.717
[Epoch 66] train_loss=0.000432 | val_loss=0.000493
04/01/2026 06:31:29 AM | engine.py:1010 Epoch[66] Complete. Time taken: 00:01:51.145
04/01/2026 06:32:43 AM | engine.py:906 Engine run starting with max_epochs=1.
04/01/2026 06:33:20 AM | engine.py:1010 Epoch[1] Complete. Time taken: 00:00:36.941
[Validator] Epoch 67 - val_loss: 0.000490
[BEST CHECKPOINT] Guardado/actualizado en: checkpoints\Mis_modelos\l1_freq checkpoints\2stems\best_checkpoint_67_val_loss=-0.0005.pt
04/01/2026 06:33:20 AM | engine.py:1037 Engine run finished. Time taken: 00:00:36.949
[Epoch 67] train_loss=0.000417 | val_loss=0.000490
04/01/2026 06:33:20 AM | engine.py:1010 Epoch[67] Complete. Time taken: 00:01:51.052
04/01/2026 06:34:34 AM | engine.py:906 Engine run starting with max_epochs=1.
04/01/2026 06:35:10 AM | engine.py:1010 Epoch[1] Complete. Time taken: 00:00:36.311
[Validator] Epoch 68 - val_loss: 0.000486
[BEST CHECKPOINT] Guardado/actualizado en: checkpoints\Mis_modelos\l1_freq checkpoints\2stems\best_checkpoint_68_val_loss=-0.0005.pt
04/01/2026 06:35:10 AM | engine.py:1037 Engine run finished. Time taken: 00:00:36.321
[Epoch 68] train_loss=0.000431 | val_loss=0.000486
04/01/2026 06:35:10 AM | engine.py:1010 Epoch[68] Complete. Time taken: 00:01:49.772
04/01/2026 06:36:24 AM | engine.py:906 Engine run starting with max_epochs=1.
04/01/2026 06:37:01 AM | engine.py:1010 Epoch[1] Complete. Time taken: 00:00:36.364
[Validator] Epoch 69 - val_loss: 0.000487
[BEST CHECKPOINT] Guardado/actualizado en: checkpoints\Mis_modelos\l1_freq checkpoints\2stems\best_checkpoint_68_val_loss=-0.0005.pt
04/01/2026 06:37:01 AM | engine.py:1037 Engine run finished. Time taken: 00:00:36.366
[Epoch 69] train_loss=0.000427 | val_loss=0.000487
04/01/2026 06:37:01 AM | engine.py:1010 Epoch[69] Complete. Time taken: 00:01:50.367
04/01/2026 06:38:16 AM | engine.py:906 Engine run starting with max_epochs=1.
04/01/2026 06:38:53 AM | engine.py:1010 Epoch[1] Complete. Time taken: 00:00:37.388
[Validator] Epoch 70 - val_loss: 0.000486
[BEST CHECKPOINT] Guardado/actualizado en: checkpoints\Mis_modelos\l1_freq checkpoints\2stems\best_checkpoint_70_val_loss=-0.0005.pt
04/01/2026 06:38:53 AM | engine.py:1037 Engine run finished. Time taken: 00:00:37.398
[Epoch 70] train_loss=0.000432 | val_loss=0.000486
04/01/2026 06:38:53 AM | engine.py:1010 Epoch[70] Complete. Time taken: 00:01:52.703
04/01/2026 06:40:07 AM | engine.py:906 Engine run starting with max_epochs=1.
04/01/2026 06:40:44 AM | engine.py:1010 Epoch[1] Complete. Time taken: 00:00:36.697
[Validator] Epoch 71 - val_loss: 0.000484
[BEST CHECKPOINT] Guardado/actualizado en: checkpoints\Mis_modelos\l1_freq checkpoints\2stems\best_checkpoint_71_val_loss=-0.0005.pt
04/01/2026 06:40:44 AM | engine.py:1037 Engine run finished. Time taken: 00:00:36.708
[Epoch 71] train_loss=0.000432 | val_loss=0.000484
04/01/2026 06:40:44 AM | engine.py:1010 Epoch[71] Complete. Time taken: 00:01:50.599
04/01/2026 06:41:58 AM | engine.py:906 Engine run starting with max_epochs=1.
04/01/2026 06:42:34 AM | engine.py:1010 Epoch[1] Complete. Time taken: 00:00:36.115
[Validator] Epoch 72 - val_loss: 0.000487
[BEST CHECKPOINT] Guardado/actualizado en: checkpoints\Mis_modelos\l1_freq checkpoints\2stems\best_checkpoint_71_val_loss=-0.0005.pt
04/01/2026 06:42:34 AM | engine.py:1037 Engine run finished. Time taken: 00:00:36.117
[Epoch 72] train_loss=0.000425 | val_loss=0.000487
04/01/2026 06:42:34 AM | engine.py:1010 Epoch[72] Complete. Time taken: 00:01:50.377
04/01/2026 06:43:49 AM | engine.py:906 Engine run starting with max_epochs=1.
04/01/2026 06:44:26 AM | engine.py:1010 Epoch[1] Complete. Time taken: 00:00:36.213
[Validator] Epoch 73 - val_loss: 0.000484
[BEST CHECKPOINT] Guardado/actualizado en: checkpoints\Mis_modelos\l1_freq checkpoints\2stems\best_checkpoint_71_val_loss=-0.0005.pt
04/01/2026 06:44:26 AM | engine.py:1037 Engine run finished. Time taken: 00:00:36.215
[Epoch 73] train_loss=0.000418 | val_loss=0.000484
04/01/2026 06:44:26 AM | engine.py:1010 Epoch[73] Complete. Time taken: 00:01:51.341
04/01/2026 06:45:39 AM | engine.py:906 Engine run starting with max_epochs=1.
04/01/2026 06:46:16 AM | engine.py:1010 Epoch[1] Complete. Time taken: 00:00:36.397
[Validator] Epoch 74 - val_loss: 0.000485
[BEST CHECKPOINT] Guardado/actualizado en: checkpoints\Mis_modelos\l1_freq checkpoints\2stems\best_checkpoint_71_val_loss=-0.0005.pt
04/01/2026 06:46:16 AM | engine.py:1037 Engine run finished. Time taken: 00:00:36.398
[Epoch 74] train_loss=0.000418 | val_loss=0.000485
04/01/2026 06:46:16 AM | engine.py:1010 Epoch[74] Complete. Time taken: 00:01:50.140
04/01/2026 06:47:30 AM | engine.py:906 Engine run starting with max_epochs=1.
04/01/2026 06:48:07 AM | engine.py:1010 Epoch[1] Complete. Time taken: 00:00:36.910
[Validator] Epoch 75 - val_loss: 0.000482
[BEST CHECKPOINT] Guardado/actualizado en: checkpoints\Mis_modelos\l1_freq checkpoints\2stems\best_checkpoint_75_val_loss=-0.0005.pt
04/01/2026 06:48:07 AM | engine.py:1037 Engine run finished. Time taken: 00:00:36.919
[Epoch 75] train_loss=0.000426 | val_loss=0.000482
04/01/2026 06:48:07 AM | engine.py:1010 Epoch[75] Complete. Time taken: 00:01:51.400
04/01/2026 06:49:22 AM | engine.py:906 Engine run starting with max_epochs=1.
04/01/2026 06:49:58 AM | engine.py:1010 Epoch[1] Complete. Time taken: 00:00:36.284
[Validator] Epoch 76 - val_loss: 0.000480
[BEST CHECKPOINT] Guardado/actualizado en: checkpoints\Mis_modelos\l1_freq checkpoints\2stems\best_checkpoint_76_val_loss=-0.0005.pt
04/01/2026 06:49:58 AM | engine.py:1037 Engine run finished. Time taken: 00:00:36.295
[Epoch 76] train_loss=0.000416 | val_loss=0.000480
04/01/2026 06:49:58 AM | engine.py:1010 Epoch[76] Complete. Time taken: 00:01:50.841
04/01/2026 06:51:11 AM | engine.py:906 Engine run starting with max_epochs=1.
04/01/2026 06:51:47 AM | engine.py:1010 Epoch[1] Complete. Time taken: 00:00:36.946
[Validator] Epoch 77 - val_loss: 0.000479
[BEST CHECKPOINT] Guardado/actualizado en: checkpoints\Mis_modelos\l1_freq checkpoints\2stems\best_checkpoint_77_val_loss=-0.0005.pt
04/01/2026 06:51:48 AM | engine.py:1037 Engine run finished. Time taken: 00:00:36.956
[Epoch 77] train_loss=0.000426 | val_loss=0.000479
04/01/2026 06:51:48 AM | engine.py:1010 Epoch[77] Complete. Time taken: 00:01:49.548
04/01/2026 06:53:00 AM | engine.py:906 Engine run starting with max_epochs=1.
04/01/2026 06:53:37 AM | engine.py:1010 Epoch[1] Complete. Time taken: 00:00:36.889
[Validator] Epoch 78 - val_loss: 0.000479
[BEST CHECKPOINT] Guardado/actualizado en: checkpoints\Mis_modelos\l1_freq checkpoints\2stems\best_checkpoint_77_val_loss=-0.0005.pt
04/01/2026 06:53:37 AM | engine.py:1037 Engine run finished. Time taken: 00:00:36.890
[Epoch 78] train_loss=0.000422 | val_loss=0.000479
04/01/2026 06:53:37 AM | engine.py:1010 Epoch[78] Complete. Time taken: 00:01:49.670
04/01/2026 06:54:53 AM | engine.py:906 Engine run starting with max_epochs=1.
04/01/2026 06:55:29 AM | engine.py:1010 Epoch[1] Complete. Time taken: 00:00:36.637
[Validator] Epoch 79 - val_loss: 0.000480
[BEST CHECKPOINT] Guardado/actualizado en: checkpoints\Mis_modelos\l1_freq checkpoints\2stems\best_checkpoint_77_val_loss=-0.0005.pt
04/01/2026 06:55:29 AM | engine.py:1037 Engine run finished. Time taken: 00:00:36.639
[Epoch 79] train_loss=0.000418 | val_loss=0.000480
04/01/2026 06:55:29 AM | engine.py:1010 Epoch[79] Complete. Time taken: 00:01:52.216
04/01/2026 06:56:44 AM | engine.py:906 Engine run starting with max_epochs=1.
04/01/2026 06:57:19 AM | engine.py:1010 Epoch[1] Complete. Time taken: 00:00:35.740
[Validator] Epoch 80 - val_loss: 0.000480
[BEST CHECKPOINT] Guardado/actualizado en: checkpoints\Mis_modelos\l1_freq checkpoints\2stems\best_checkpoint_77_val_loss=-0.0005.pt
04/01/2026 06:57:19 AM | engine.py:1037 Engine run finished. Time taken: 00:00:35.742
[Epoch 80] train_loss=0.000416 | val_loss=0.000480
04/01/2026 06:57:19 AM | engine.py:1010 Epoch[80] Complete. Time taken: 00:01:50.030
04/01/2026 06:58:33 AM | engine.py:906 Engine run starting with max_epochs=1.
04/01/2026 06:59:10 AM | engine.py:1010 Epoch[1] Complete. Time taken: 00:00:36.979
[Validator] Epoch 81 - val_loss: 0.000478
[BEST CHECKPOINT] Guardado/actualizado en: checkpoints\Mis_modelos\l1_freq checkpoints\2stems\best_checkpoint_81_val_loss=-0.0005.pt
04/01/2026 06:59:10 AM | engine.py:1037 Engine run finished. Time taken: 00:00:36.989
[Epoch 81] train_loss=0.000401 | val_loss=0.000478
04/01/2026 06:59:10 AM | engine.py:1010 Epoch[81] Complete. Time taken: 00:01:50.721
04/01/2026 07:00:25 AM | engine.py:906 Engine run starting with max_epochs=1.
04/01/2026 07:01:01 AM | engine.py:1010 Epoch[1] Complete. Time taken: 00:00:36.421
[Validator] Epoch 82 - val_loss: 0.000481
[BEST CHECKPOINT] Guardado/actualizado en: checkpoints\Mis_modelos\l1_freq checkpoints\2stems\best_checkpoint_81_val_loss=-0.0005.pt
04/01/2026 07:01:01 AM | engine.py:1037 Engine run finished. Time taken: 00:00:36.423
[Epoch 82] train_loss=0.000406 | val_loss=0.000481
04/01/2026 07:01:01 AM | engine.py:1010 Epoch[82] Complete. Time taken: 00:01:51.348
04/01/2026 07:02:15 AM | engine.py:906 Engine run starting with max_epochs=1.
04/01/2026 07:02:51 AM | engine.py:1010 Epoch[1] Complete. Time taken: 00:00:36.356
[Validator] Epoch 83 - val_loss: 0.000477
[BEST CHECKPOINT] Guardado/actualizado en: checkpoints\Mis_modelos\l1_freq checkpoints\2stems\best_checkpoint_83_val_loss=-0.0005.pt
04/01/2026 07:02:51 AM | engine.py:1037 Engine run finished. Time taken: 00:00:36.364
[Epoch 83] train_loss=0.000411 | val_loss=0.000477
04/01/2026 07:02:51 AM | engine.py:1010 Epoch[83] Complete. Time taken: 00:01:49.800
04/01/2026 07:04:05 AM | engine.py:906 Engine run starting with max_epochs=1.
04/01/2026 07:04:41 AM | engine.py:1010 Epoch[1] Complete. Time taken: 00:00:36.262
[Validator] Epoch 84 - val_loss: 0.000475
[BEST CHECKPOINT] Guardado/actualizado en: checkpoints\Mis_modelos\l1_freq checkpoints\2stems\best_checkpoint_84_val_loss=-0.0005.pt
04/01/2026 07:04:41 AM | engine.py:1037 Engine run finished. Time taken: 00:00:36.272
[Epoch 84] train_loss=0.000416 | val_loss=0.000475
04/01/2026 07:04:41 AM | engine.py:1010 Epoch[84] Complete. Time taken: 00:01:50.055
04/01/2026 07:05:55 AM | engine.py:906 Engine run starting with max_epochs=1.
04/01/2026 07:06:31 AM | engine.py:1010 Epoch[1] Complete. Time taken: 00:00:35.977
[Validator] Epoch 85 - val_loss: 0.000477
[BEST CHECKPOINT] Guardado/actualizado en: checkpoints\Mis_modelos\l1_freq checkpoints\2stems\best_checkpoint_84_val_loss=-0.0005.pt
04/01/2026 07:06:31 AM | engine.py:1037 Engine run finished. Time taken: 00:00:35.978
[Epoch 85] train_loss=0.000411 | val_loss=0.000477
04/01/2026 07:06:31 AM | engine.py:1010 Epoch[85] Complete. Time taken: 00:01:49.527
04/01/2026 07:07:46 AM | engine.py:906 Engine run starting with max_epochs=1.
04/01/2026 07:08:22 AM | engine.py:1010 Epoch[1] Complete. Time taken: 00:00:36.366
[Validator] Epoch 86 - val_loss: 0.000472
[BEST CHECKPOINT] Guardado/actualizado en: checkpoints\Mis_modelos\l1_freq checkpoints\2stems\best_checkpoint_86_val_loss=-0.0005.pt
04/01/2026 07:08:22 AM | engine.py:1037 Engine run finished. Time taken: 00:00:36.375
[Epoch 86] train_loss=0.000409 | val_loss=0.000472
04/01/2026 07:08:22 AM | engine.py:1010 Epoch[86] Complete. Time taken: 00:01:51.360
04/01/2026 07:09:37 AM | engine.py:906 Engine run starting with max_epochs=1.
04/01/2026 07:10:14 AM | engine.py:1010 Epoch[1] Complete. Time taken: 00:00:36.888
[Validator] Epoch 87 - val_loss: 0.000473
[BEST CHECKPOINT] Guardado/actualizado en: checkpoints\Mis_modelos\l1_freq checkpoints\2stems\best_checkpoint_86_val_loss=-0.0005.pt
04/01/2026 07:10:14 AM | engine.py:1037 Engine run finished. Time taken: 00:00:36.888
[Epoch 87] train_loss=0.000407 | val_loss=0.000473
04/01/2026 07:10:14 AM | engine.py:1010 Epoch[87] Complete. Time taken: 00:01:51.276
04/01/2026 07:11:29 AM | engine.py:906 Engine run starting with max_epochs=1.
04/01/2026 07:12:05 AM | engine.py:1010 Epoch[1] Complete. Time taken: 00:00:36.150
[Validator] Epoch 88 - val_loss: 0.000471
[BEST CHECKPOINT] Guardado/actualizado en: checkpoints\Mis_modelos\l1_freq checkpoints\2stems\best_checkpoint_88_val_loss=-0.0005.pt
04/01/2026 07:12:05 AM | engine.py:1037 Engine run finished. Time taken: 00:00:36.159
[Epoch 88] train_loss=0.000411 | val_loss=0.000471
04/01/2026 07:12:05 AM | engine.py:1010 Epoch[88] Complete. Time taken: 00:01:51.711
04/01/2026 07:13:19 AM | engine.py:906 Engine run starting with max_epochs=1.
04/01/2026 07:13:56 AM | engine.py:1010 Epoch[1] Complete. Time taken: 00:00:36.700
[Validator] Epoch 89 - val_loss: 0.000475
[BEST CHECKPOINT] Guardado/actualizado en: checkpoints\Mis_modelos\l1_freq checkpoints\2stems\best_checkpoint_88_val_loss=-0.0005.pt
04/01/2026 07:13:56 AM | engine.py:1037 Engine run finished. Time taken: 00:00:36.702
[Epoch 89] train_loss=0.000400 | val_loss=0.000475
04/01/2026 07:13:56 AM | engine.py:1010 Epoch[89] Complete. Time taken: 00:01:50.637
04/01/2026 07:15:10 AM | engine.py:906 Engine run starting with max_epochs=1.
04/01/2026 07:15:47 AM | engine.py:1010 Epoch[1] Complete. Time taken: 00:00:37.007
[Validator] Epoch 90 - val_loss: 0.000482
[BEST CHECKPOINT] Guardado/actualizado en: checkpoints\Mis_modelos\l1_freq checkpoints\2stems\best_checkpoint_88_val_loss=-0.0005.pt
04/01/2026 07:15:47 AM | engine.py:1037 Engine run finished. Time taken: 00:00:37.008
[Epoch 90] train_loss=0.000414 | val_loss=0.000482
04/01/2026 07:15:47 AM | engine.py:1010 Epoch[90] Complete. Time taken: 00:01:51.543
04/01/2026 07:16:59 AM | engine.py:906 Engine run starting with max_epochs=1.
04/01/2026 07:17:36 AM | engine.py:1010 Epoch[1] Complete. Time taken: 00:00:36.690
[Validator] Epoch 91 - val_loss: 0.000473
[BEST CHECKPOINT] Guardado/actualizado en: checkpoints\Mis_modelos\l1_freq checkpoints\2stems\best_checkpoint_88_val_loss=-0.0005.pt
04/01/2026 07:17:36 AM | engine.py:1037 Engine run finished. Time taken: 00:00:36.692
[Epoch 91] train_loss=0.000414 | val_loss=0.000473
04/01/2026 07:17:36 AM | engine.py:1010 Epoch[91] Complete. Time taken: 00:01:48.396
04/01/2026 07:18:50 AM | engine.py:906 Engine run starting with max_epochs=1.
04/01/2026 07:19:26 AM | engine.py:1010 Epoch[1] Complete. Time taken: 00:00:36.630
[Validator] Epoch 92 - val_loss: 0.000474
[BEST CHECKPOINT] Guardado/actualizado en: checkpoints\Mis_modelos\l1_freq checkpoints\2stems\best_checkpoint_88_val_loss=-0.0005.pt
04/01/2026 07:19:26 AM | engine.py:1037 Engine run finished. Time taken: 00:00:36.631
[Epoch 92] train_loss=0.000415 | val_loss=0.000474
04/01/2026 07:19:26 AM | engine.py:1010 Epoch[92] Complete. Time taken: 00:01:50.356
04/01/2026 07:20:41 AM | engine.py:906 Engine run starting with max_epochs=1.
04/01/2026 07:21:18 AM | engine.py:1010 Epoch[1] Complete. Time taken: 00:00:36.706
[Validator] Epoch 93 - val_loss: 0.000475
[BEST CHECKPOINT] Guardado/actualizado en: checkpoints\Mis_modelos\l1_freq checkpoints\2stems\best_checkpoint_88_val_loss=-0.0005.pt
04/01/2026 07:21:18 AM | engine.py:1037 Engine run finished. Time taken: 00:00:36.708
[Epoch 93] train_loss=0.000416 | val_loss=0.000475
04/01/2026 07:21:18 AM | engine.py:1010 Epoch[93] Complete. Time taken: 00:01:51.757
04/01/2026 07:22:30 AM | engine.py:906 Engine run starting with max_epochs=1.
04/01/2026 07:23:07 AM | engine.py:1010 Epoch[1] Complete. Time taken: 00:00:36.366
[Validator] Epoch 94 - val_loss: 0.000473
[BEST CHECKPOINT] Guardado/actualizado en: checkpoints\Mis_modelos\l1_freq checkpoints\2stems\best_checkpoint_88_val_loss=-0.0005.pt
04/01/2026 07:23:07 AM | engine.py:1037 Engine run finished. Time taken: 00:00:36.367
[Epoch 94] train_loss=0.000407 | val_loss=0.000473
04/01/2026 07:23:07 AM | engine.py:1010 Epoch[94] Complete. Time taken: 00:01:48.868
04/01/2026 07:24:19 AM | engine.py:906 Engine run starting with max_epochs=1.
04/01/2026 07:24:56 AM | engine.py:1010 Epoch[1] Complete. Time taken: 00:00:36.995
[Validator] Epoch 95 - val_loss: 0.000470
[BEST CHECKPOINT] Guardado/actualizado en: checkpoints\Mis_modelos\l1_freq checkpoints\2stems\best_checkpoint_95_val_loss=-0.0005.pt
04/01/2026 07:24:56 AM | engine.py:1037 Engine run finished. Time taken: 00:00:37.004
[Epoch 95] train_loss=0.000400 | val_loss=0.000470
04/01/2026 07:24:56 AM | engine.py:1010 Epoch[95] Complete. Time taken: 00:01:49.695
04/01/2026 07:26:11 AM | engine.py:906 Engine run starting with max_epochs=1.
04/01/2026 07:26:49 AM | engine.py:1010 Epoch[1] Complete. Time taken: 00:00:37.257
[Validator] Epoch 96 - val_loss: 0.000475
[BEST CHECKPOINT] Guardado/actualizado en: checkpoints\Mis_modelos\l1_freq checkpoints\2stems\best_checkpoint_95_val_loss=-0.0005.pt
04/01/2026 07:26:49 AM | engine.py:1037 Engine run finished. Time taken: 00:00:37.257
[Epoch 96] train_loss=0.000405 | val_loss=0.000475
04/01/2026 07:26:49 AM | engine.py:1010 Epoch[96] Complete. Time taken: 00:01:52.189
04/01/2026 07:28:02 AM | engine.py:906 Engine run starting with max_epochs=1.
04/01/2026 07:28:39 AM | engine.py:1010 Epoch[1] Complete. Time taken: 00:00:37.021
[Validator] Epoch 97 - val_loss: 0.000474
[BEST CHECKPOINT] Guardado/actualizado en: checkpoints\Mis_modelos\l1_freq checkpoints\2stems\best_checkpoint_95_val_loss=-0.0005.pt
04/01/2026 07:28:39 AM | engine.py:1037 Engine run finished. Time taken: 00:00:37.022
[Epoch 97] train_loss=0.000415 | val_loss=0.000474
04/01/2026 07:28:39 AM | engine.py:1010 Epoch[97] Complete. Time taken: 00:01:50.048
04/01/2026 07:29:53 AM | engine.py:906 Engine run starting with max_epochs=1.
04/01/2026 07:30:29 AM | engine.py:1010 Epoch[1] Complete. Time taken: 00:00:36.199
[Validator] Epoch 98 - val_loss: 0.000470
[BEST CHECKPOINT] Guardado/actualizado en: checkpoints\Mis_modelos\l1_freq checkpoints\2stems\best_checkpoint_98_val_loss=-0.0005.pt
04/01/2026 07:30:29 AM | engine.py:1037 Engine run finished. Time taken: 00:00:36.207
[Epoch 98] train_loss=0.000401 | val_loss=0.000470
04/01/2026 07:30:29 AM | engine.py:1010 Epoch[98] Complete. Time taken: 00:01:50.228
04/01/2026 07:31:43 AM | engine.py:906 Engine run starting with max_epochs=1.
04/01/2026 07:32:19 AM | engine.py:1010 Epoch[1] Complete. Time taken: 00:00:36.438
[Validator] Epoch 99 - val_loss: 0.000472
[BEST CHECKPOINT] Guardado/actualizado en: checkpoints\Mis_modelos\l1_freq checkpoints\2stems\best_checkpoint_98_val_loss=-0.0005.pt
04/01/2026 07:32:19 AM | engine.py:1037 Engine run finished. Time taken: 00:00:36.440
[Epoch 99] train_loss=0.000414 | val_loss=0.000472
04/01/2026 07:32:19 AM | engine.py:1010 Epoch[99] Complete. Time taken: 00:01:50.152
04/01/2026 07:33:32 AM | engine.py:906 Engine run starting with max_epochs=1.
04/01/2026 07:34:08 AM | engine.py:1010 Epoch[1] Complete. Time taken: 00:00:36.510
[Validator] Epoch 100 - val_loss: 0.000474
[BEST CHECKPOINT] Guardado/actualizado en: checkpoints\Mis_modelos\l1_freq checkpoints\2stems\best_checkpoint_98_val_loss=-0.0005.pt
04/01/2026 07:34:08 AM | engine.py:1037 Engine run finished. Time taken: 00:00:36.511
[Epoch 100] train_loss=0.000404 | val_loss=0.000474
04/01/2026 07:34:08 AM | engine.py:1010 Epoch[100] Complete. Time taken: 00:01:48.957
04/01/2026 07:34:08 AM | engine.py:1037 Engine run finished. Time taken: 03:06:05.305
[LOADING BEST MODEL] Cargando mejor checkpoint desde: checkpoints\Mis_modelos\l1_freq checkpoints\2stems\best_checkpoint_98_val_loss=-0.0005.pt
C:\Users\rdpuser\TFG_Identificaci-n-de-voces-e-instrumentos-en-una-obra-musical\pipeline\train.py:326: FutureWarning: You are using `torch.load` with `weights_only=False` (the current default value), which uses the default pickle module implicitly. It is possible to construct malicious pickle data which will execute arbitrary code during unpickling (See https://github.com/pytorch/pytorch/blob/main/SECURITY.md#untrusted-models for more details). In a future release, the default value for `weights_only` will be flipped to `True`. This limits the functions that could be executed during unpickling. Arbitrary objects will no longer be allowed to be loaded via this mode unless they are explicitly allowlisted by the user via `torch.serialization.add_safe_globals`. We recommend you start setting `weights_only=True` for any use case where you don't have full control of the loaded file. Please open an issue on GitHub for any issues related to this experimental feature.
  checkpoint = torch.load(best_checkpoint_path, map_location=device)
