C:\Users\rdpuser\miniconda3\envs\tfg_py310\lib\site-packages\ignite\handlers\checkpoint.py:16: DeprecationWarning: `TorchScript` support for functional optimizers is deprecated and will be removed in a future PyTorch release. Consider using the `torch.compile` optimizer instead.
  from torch.distributed.optim import ZeroRedundancyOptimizer
Usando dispositivo: cuda
Using device: cuda | nf=257 | channels=1 | hidden=50 | stems=4 | loss=mask_l1
C:\Users\rdpuser\miniconda3\envs\tfg_py310\lib\site-packages\torch\nn\modules\module.py:1326: UserWarning: expandable_segments not supported on this platform (Triggered internally at C:\actions-runner\_work\pytorch\pytorch\builder\windows\pytorch\c10/cuda/CUDAAllocatorConfig.h:28.)
  return t.to(
GA: actual_batch=24 | accum_steps=5 | effective_batch_real=120
04/01/2026 11:08:23 PM | engine.py:906 Engine run starting with max_epochs=100.
C:\Users\rdpuser\miniconda3\envs\tfg_py310\lib\site-packages\ignite\handlers\checkpoint.py:16: DeprecationWarning: `TorchScript` support for functional optimizers is deprecated and will be removed in a future PyTorch release. Consider using the `torch.compile` optimizer instead.
  from torch.distributed.optim import ZeroRedundancyOptimizer
C:\Users\rdpuser\miniconda3\envs\tfg_py310\lib\site-packages\ignite\handlers\checkpoint.py:16: DeprecationWarning: `TorchScript` support for functional optimizers is deprecated and will be removed in a future PyTorch release. Consider using the `torch.compile` optimizer instead.
  from torch.distributed.optim import ZeroRedundancyOptimizer
C:\Users\rdpuser\miniconda3\envs\tfg_py310\lib\site-packages\ignite\handlers\checkpoint.py:16: DeprecationWarning: `TorchScript` support for functional optimizers is deprecated and will be removed in a future PyTorch release. Consider using the `torch.compile` optimizer instead.
  from torch.distributed.optim import ZeroRedundancyOptimizer
C:\Users\rdpuser\miniconda3\envs\tfg_py310\lib\site-packages\ignite\handlers\checkpoint.py:16: DeprecationWarning: `TorchScript` support for functional optimizers is deprecated and will be removed in a future PyTorch release. Consider using the `torch.compile` optimizer instead.
  from torch.distributed.optim import ZeroRedundancyOptimizer
04/01/2026 11:09:35 PM | engine.py:906 Engine run starting with max_epochs=1.
C:\Users\rdpuser\miniconda3\envs\tfg_py310\lib\site-packages\ignite\handlers\checkpoint.py:16: DeprecationWarning: `TorchScript` support for functional optimizers is deprecated and will be removed in a future PyTorch release. Consider using the `torch.compile` optimizer instead.
  from torch.distributed.optim import ZeroRedundancyOptimizer
C:\Users\rdpuser\miniconda3\envs\tfg_py310\lib\site-packages\ignite\handlers\checkpoint.py:16: DeprecationWarning: `TorchScript` support for functional optimizers is deprecated and will be removed in a future PyTorch release. Consider using the `torch.compile` optimizer instead.
  from torch.distributed.optim import ZeroRedundancyOptimizer
C:\Users\rdpuser\miniconda3\envs\tfg_py310\lib\site-packages\ignite\handlers\checkpoint.py:16: DeprecationWarning: `TorchScript` support for functional optimizers is deprecated and will be removed in a future PyTorch release. Consider using the `torch.compile` optimizer instead.
  from torch.distributed.optim import ZeroRedundancyOptimizer
C:\Users\rdpuser\miniconda3\envs\tfg_py310\lib\site-packages\ignite\handlers\checkpoint.py:16: DeprecationWarning: `TorchScript` support for functional optimizers is deprecated and will be removed in a future PyTorch release. Consider using the `torch.compile` optimizer instead.
  from torch.distributed.optim import ZeroRedundancyOptimizer
04/01/2026 11:10:14 PM | engine.py:1010 Epoch[1] Complete. Time taken: 00:00:39.049
Training model with training mixes in: C:\Users\rdpuser\TFG_Identificaci-n-de-voces-e-instrumentos-en-una-obra-musical\datasets\mix_generation\foreground_train
Validating data with validation mixes in: C:\Users\rdpuser\TFG_Identificaci-n-de-voces-e-instrumentos-en-una-obra-musical\datasets\mix_generation\foreground_valid
[DEBUG] Num de sources: 4
pipeline de 4 fuentes
[Validator] Epoch 1 - val_loss: 0.000019
[BEST CHECKPOINT] Guardado/actualizado en: checkpoints\Mis_modelos\mask_l1 checkpoints\4stems\best_checkpoint_1_val_loss=-0.0000.pt
04/01/2026 11:10:14 PM | engine.py:1037 Engine run finished. Time taken: 00:00:39.515
[Epoch 1] train_loss=0.000016 | val_loss=0.000019
04/01/2026 11:10:14 PM | engine.py:1010 Epoch[1] Complete. Time taken: 00:01:13.963
04/01/2026 11:10:37 PM | engine.py:906 Engine run starting with max_epochs=1.
04/01/2026 11:11:03 PM | engine.py:1010 Epoch[1] Complete. Time taken: 00:00:26.010
[Validator] Epoch 2 - val_loss: 0.000019
[BEST CHECKPOINT] Guardado/actualizado en: checkpoints\Mis_modelos\mask_l1 checkpoints\4stems\best_checkpoint_1_val_loss=-0.0000.pt
04/01/2026 11:11:03 PM | engine.py:1037 Engine run finished. Time taken: 00:00:26.011
[Epoch 2] train_loss=0.000016 | val_loss=0.000019
04/01/2026 11:11:03 PM | engine.py:1010 Epoch[2] Complete. Time taken: 00:00:48.743
04/01/2026 11:11:25 PM | engine.py:906 Engine run starting with max_epochs=1.
04/01/2026 11:11:51 PM | engine.py:1010 Epoch[1] Complete. Time taken: 00:00:25.859
[Validator] Epoch 3 - val_loss: 0.000019
[BEST CHECKPOINT] Guardado/actualizado en: checkpoints\Mis_modelos\mask_l1 checkpoints\4stems\best_checkpoint_1_val_loss=-0.0000.pt
04/01/2026 11:11:51 PM | engine.py:1037 Engine run finished. Time taken: 00:00:25.860
[Epoch 3] train_loss=0.000014 | val_loss=0.000019
04/01/2026 11:11:51 PM | engine.py:1010 Epoch[3] Complete. Time taken: 00:00:47.725
04/01/2026 11:12:13 PM | engine.py:906 Engine run starting with max_epochs=1.
04/01/2026 11:12:38 PM | engine.py:1010 Epoch[1] Complete. Time taken: 00:00:24.880
[Validator] Epoch 4 - val_loss: 0.000019
[BEST CHECKPOINT] Guardado/actualizado en: checkpoints\Mis_modelos\mask_l1 checkpoints\4stems\best_checkpoint_1_val_loss=-0.0000.pt
04/01/2026 11:12:38 PM | engine.py:1037 Engine run finished. Time taken: 00:00:24.880
[Epoch 4] train_loss=0.000014 | val_loss=0.000019
04/01/2026 11:12:38 PM | engine.py:1010 Epoch[4] Complete. Time taken: 00:00:46.934
04/01/2026 11:13:00 PM | engine.py:906 Engine run starting with max_epochs=1.
04/01/2026 11:13:25 PM | engine.py:1010 Epoch[1] Complete. Time taken: 00:00:25.279
[Validator] Epoch 5 - val_loss: 0.000018
[BEST CHECKPOINT] Guardado/actualizado en: checkpoints\Mis_modelos\mask_l1 checkpoints\4stems\best_checkpoint_5_val_loss=-0.0000.pt
04/01/2026 11:13:25 PM | engine.py:1037 Engine run finished. Time taken: 00:00:25.292
[Epoch 5] train_loss=0.000014 | val_loss=0.000018
04/01/2026 11:13:25 PM | engine.py:1010 Epoch[5] Complete. Time taken: 00:00:47.392
04/01/2026 11:13:47 PM | engine.py:906 Engine run starting with max_epochs=1.
04/01/2026 11:14:12 PM | engine.py:1010 Epoch[1] Complete. Time taken: 00:00:25.814
[Validator] Epoch 6 - val_loss: 0.000016
[BEST CHECKPOINT] Guardado/actualizado en: checkpoints\Mis_modelos\mask_l1 checkpoints\4stems\best_checkpoint_6_val_loss=-0.0000.pt
04/01/2026 11:14:12 PM | engine.py:1037 Engine run finished. Time taken: 00:00:25.825
[Epoch 6] train_loss=0.000014 | val_loss=0.000016
04/01/2026 11:14:12 PM | engine.py:1010 Epoch[6] Complete. Time taken: 00:00:47.212
04/01/2026 11:14:34 PM | engine.py:906 Engine run starting with max_epochs=1.
04/01/2026 11:14:59 PM | engine.py:1010 Epoch[1] Complete. Time taken: 00:00:25.063
[Validator] Epoch 7 - val_loss: 0.000014
[BEST CHECKPOINT] Guardado/actualizado en: checkpoints\Mis_modelos\mask_l1 checkpoints\4stems\best_checkpoint_7_val_loss=-0.0000.pt
04/01/2026 11:14:59 PM | engine.py:1037 Engine run finished. Time taken: 00:00:25.078
[Epoch 7] train_loss=0.000013 | val_loss=0.000014
04/01/2026 11:14:59 PM | engine.py:1010 Epoch[7] Complete. Time taken: 00:00:46.681
04/01/2026 11:15:21 PM | engine.py:906 Engine run starting with max_epochs=1.
04/01/2026 11:15:46 PM | engine.py:1010 Epoch[1] Complete. Time taken: 00:00:25.061
[Validator] Epoch 8 - val_loss: 0.000013
[BEST CHECKPOINT] Guardado/actualizado en: checkpoints\Mis_modelos\mask_l1 checkpoints\4stems\best_checkpoint_8_val_loss=-0.0000.pt
04/01/2026 11:15:46 PM | engine.py:1037 Engine run finished. Time taken: 00:00:25.073
[Epoch 8] train_loss=0.000011 | val_loss=0.000013
04/01/2026 11:15:46 PM | engine.py:1010 Epoch[8] Complete. Time taken: 00:00:46.782
04/01/2026 11:16:08 PM | engine.py:906 Engine run starting with max_epochs=1.
04/01/2026 11:16:33 PM | engine.py:1010 Epoch[1] Complete. Time taken: 00:00:25.265
[Validator] Epoch 9 - val_loss: 0.000012
[BEST CHECKPOINT] Guardado/actualizado en: checkpoints\Mis_modelos\mask_l1 checkpoints\4stems\best_checkpoint_9_val_loss=-0.0000.pt
04/01/2026 11:16:33 PM | engine.py:1037 Engine run finished. Time taken: 00:00:25.277
[Epoch 9] train_loss=0.000011 | val_loss=0.000012
04/01/2026 11:16:33 PM | engine.py:1010 Epoch[9] Complete. Time taken: 00:00:47.020
04/01/2026 11:16:55 PM | engine.py:906 Engine run starting with max_epochs=1.
04/01/2026 11:17:20 PM | engine.py:1010 Epoch[1] Complete. Time taken: 00:00:25.327
[Validator] Epoch 10 - val_loss: 0.000011
[BEST CHECKPOINT] Guardado/actualizado en: checkpoints\Mis_modelos\mask_l1 checkpoints\4stems\best_checkpoint_10_val_loss=-0.0000.pt
04/01/2026 11:17:20 PM | engine.py:1037 Engine run finished. Time taken: 00:00:25.340
[Epoch 10] train_loss=0.000011 | val_loss=0.000011
04/01/2026 11:17:20 PM | engine.py:1010 Epoch[10] Complete. Time taken: 00:00:47.024
04/01/2026 11:17:41 PM | engine.py:906 Engine run starting with max_epochs=1.
04/01/2026 11:18:07 PM | engine.py:1010 Epoch[1] Complete. Time taken: 00:00:25.223
[Validator] Epoch 11 - val_loss: 0.000010
[BEST CHECKPOINT] Guardado/actualizado en: checkpoints\Mis_modelos\mask_l1 checkpoints\4stems\best_checkpoint_11_val_loss=-0.0000.pt
04/01/2026 11:18:07 PM | engine.py:1037 Engine run finished. Time taken: 00:00:25.234
[Epoch 11] train_loss=0.000009 | val_loss=0.000010
04/01/2026 11:18:07 PM | engine.py:1010 Epoch[11] Complete. Time taken: 00:00:46.676
04/01/2026 11:18:28 PM | engine.py:906 Engine run starting with max_epochs=1.
04/01/2026 11:18:54 PM | engine.py:1010 Epoch[1] Complete. Time taken: 00:00:25.572
[Validator] Epoch 12 - val_loss: 0.000010
[BEST CHECKPOINT] Guardado/actualizado en: checkpoints\Mis_modelos\mask_l1 checkpoints\4stems\best_checkpoint_12_val_loss=-0.0000.pt
04/01/2026 11:18:54 PM | engine.py:1037 Engine run finished. Time taken: 00:00:25.583
[Epoch 12] train_loss=0.000009 | val_loss=0.000010
04/01/2026 11:18:54 PM | engine.py:1010 Epoch[12] Complete. Time taken: 00:00:47.213
04/01/2026 11:19:15 PM | engine.py:906 Engine run starting with max_epochs=1.
04/01/2026 11:19:41 PM | engine.py:1010 Epoch[1] Complete. Time taken: 00:00:26.149
[Validator] Epoch 13 - val_loss: 0.000009
[BEST CHECKPOINT] Guardado/actualizado en: checkpoints\Mis_modelos\mask_l1 checkpoints\4stems\best_checkpoint_13_val_loss=-0.0000.pt
04/01/2026 11:19:41 PM | engine.py:1037 Engine run finished. Time taken: 00:00:26.159
[Epoch 13] train_loss=0.000008 | val_loss=0.000009
04/01/2026 11:19:41 PM | engine.py:1010 Epoch[13] Complete. Time taken: 00:00:47.393
04/01/2026 11:20:03 PM | engine.py:906 Engine run starting with max_epochs=1.
04/01/2026 11:20:28 PM | engine.py:1010 Epoch[1] Complete. Time taken: 00:00:25.173
[Validator] Epoch 14 - val_loss: 0.000008
[BEST CHECKPOINT] Guardado/actualizado en: checkpoints\Mis_modelos\mask_l1 checkpoints\4stems\best_checkpoint_14_val_loss=-0.0000.pt
04/01/2026 11:20:28 PM | engine.py:1037 Engine run finished. Time taken: 00:00:25.186
[Epoch 14] train_loss=0.000008 | val_loss=0.000008
04/01/2026 11:20:28 PM | engine.py:1010 Epoch[14] Complete. Time taken: 00:00:47.107
04/01/2026 11:20:50 PM | engine.py:906 Engine run starting with max_epochs=1.
04/01/2026 11:21:15 PM | engine.py:1010 Epoch[1] Complete. Time taken: 00:00:24.851
[Validator] Epoch 15 - val_loss: 0.000007
[BEST CHECKPOINT] Guardado/actualizado en: checkpoints\Mis_modelos\mask_l1 checkpoints\4stems\best_checkpoint_15_val_loss=-0.0000.pt
04/01/2026 11:21:15 PM | engine.py:1037 Engine run finished. Time taken: 00:00:24.860
[Epoch 15] train_loss=0.000007 | val_loss=0.000007
04/01/2026 11:21:15 PM | engine.py:1010 Epoch[15] Complete. Time taken: 00:00:46.390
04/01/2026 11:21:37 PM | engine.py:906 Engine run starting with max_epochs=1.
04/01/2026 11:22:02 PM | engine.py:1010 Epoch[1] Complete. Time taken: 00:00:25.309
[Validator] Epoch 16 - val_loss: 0.000007
[BEST CHECKPOINT] Guardado/actualizado en: checkpoints\Mis_modelos\mask_l1 checkpoints\4stems\best_checkpoint_16_val_loss=-0.0000.pt
04/01/2026 11:22:02 PM | engine.py:1037 Engine run finished. Time taken: 00:00:25.318
[Epoch 16] train_loss=0.000006 | val_loss=0.000007
04/01/2026 11:22:02 PM | engine.py:1010 Epoch[16] Complete. Time taken: 00:00:47.435
04/01/2026 11:22:23 PM | engine.py:906 Engine run starting with max_epochs=1.
04/01/2026 11:22:49 PM | engine.py:1010 Epoch[1] Complete. Time taken: 00:00:25.482
[Validator] Epoch 17 - val_loss: 0.000006
[BEST CHECKPOINT] Guardado/actualizado en: checkpoints\Mis_modelos\mask_l1 checkpoints\4stems\best_checkpoint_17_val_loss=-0.0000.pt
04/01/2026 11:22:49 PM | engine.py:1037 Engine run finished. Time taken: 00:00:25.492
[Epoch 17] train_loss=0.000006 | val_loss=0.000006
04/01/2026 11:22:49 PM | engine.py:1010 Epoch[17] Complete. Time taken: 00:00:46.656
04/01/2026 11:23:11 PM | engine.py:906 Engine run starting with max_epochs=1.
04/01/2026 11:23:36 PM | engine.py:1010 Epoch[1] Complete. Time taken: 00:00:25.572
[Validator] Epoch 18 - val_loss: 0.000006
[BEST CHECKPOINT] Guardado/actualizado en: checkpoints\Mis_modelos\mask_l1 checkpoints\4stems\best_checkpoint_18_val_loss=-0.0000.pt
04/01/2026 11:23:36 PM | engine.py:1037 Engine run finished. Time taken: 00:00:25.584
[Epoch 18] train_loss=0.000005 | val_loss=0.000006
04/01/2026 11:23:36 PM | engine.py:1010 Epoch[18] Complete. Time taken: 00:00:47.438
04/01/2026 11:23:58 PM | engine.py:906 Engine run starting with max_epochs=1.
04/01/2026 11:24:23 PM | engine.py:1010 Epoch[1] Complete. Time taken: 00:00:24.850
[Validator] Epoch 19 - val_loss: 0.000005
[BEST CHECKPOINT] Guardado/actualizado en: checkpoints\Mis_modelos\mask_l1 checkpoints\4stems\best_checkpoint_19_val_loss=-0.0000.pt
04/01/2026 11:24:23 PM | engine.py:1037 Engine run finished. Time taken: 00:00:24.860
[Epoch 19] train_loss=0.000005 | val_loss=0.000005
04/01/2026 11:24:23 PM | engine.py:1010 Epoch[19] Complete. Time taken: 00:00:46.392
04/01/2026 11:24:44 PM | engine.py:906 Engine run starting with max_epochs=1.
04/01/2026 11:25:09 PM | engine.py:1010 Epoch[1] Complete. Time taken: 00:00:25.058
[Validator] Epoch 20 - val_loss: 0.000005
[BEST CHECKPOINT] Guardado/actualizado en: checkpoints\Mis_modelos\mask_l1 checkpoints\4stems\best_checkpoint_20_val_loss=-0.0000.pt
04/01/2026 11:25:09 PM | engine.py:1037 Engine run finished. Time taken: 00:00:25.069
[Epoch 20] train_loss=0.000005 | val_loss=0.000005
04/01/2026 11:25:09 PM | engine.py:1010 Epoch[20] Complete. Time taken: 00:00:46.795
04/01/2026 11:25:31 PM | engine.py:906 Engine run starting with max_epochs=1.
04/01/2026 11:25:56 PM | engine.py:1010 Epoch[1] Complete. Time taken: 00:00:25.319
[Validator] Epoch 21 - val_loss: 0.000004
[BEST CHECKPOINT] Guardado/actualizado en: checkpoints\Mis_modelos\mask_l1 checkpoints\4stems\best_checkpoint_21_val_loss=-0.0000.pt
04/01/2026 11:25:56 PM | engine.py:1037 Engine run finished. Time taken: 00:00:25.328
[Epoch 21] train_loss=0.000005 | val_loss=0.000004
04/01/2026 11:25:56 PM | engine.py:1010 Epoch[21] Complete. Time taken: 00:00:46.632
04/01/2026 11:26:18 PM | engine.py:906 Engine run starting with max_epochs=1.
04/01/2026 11:26:43 PM | engine.py:1010 Epoch[1] Complete. Time taken: 00:00:25.028
[Validator] Epoch 22 - val_loss: 0.000004
[BEST CHECKPOINT] Guardado/actualizado en: checkpoints\Mis_modelos\mask_l1 checkpoints\4stems\best_checkpoint_22_val_loss=-0.0000.pt
04/01/2026 11:26:43 PM | engine.py:1037 Engine run finished. Time taken: 00:00:25.039
[Epoch 22] train_loss=0.000004 | val_loss=0.000004
04/01/2026 11:26:43 PM | engine.py:1010 Epoch[22] Complete. Time taken: 00:00:46.844
04/01/2026 11:27:04 PM | engine.py:906 Engine run starting with max_epochs=1.
04/01/2026 11:27:30 PM | engine.py:1010 Epoch[1] Complete. Time taken: 00:00:25.247
[Validator] Epoch 23 - val_loss: 0.000004
[BEST CHECKPOINT] Guardado/actualizado en: checkpoints\Mis_modelos\mask_l1 checkpoints\4stems\best_checkpoint_23_val_loss=-0.0000.pt
04/01/2026 11:27:30 PM | engine.py:1037 Engine run finished. Time taken: 00:00:25.255
[Epoch 23] train_loss=0.000004 | val_loss=0.000004
04/01/2026 11:27:30 PM | engine.py:1010 Epoch[23] Complete. Time taken: 00:00:46.896
04/01/2026 11:27:51 PM | engine.py:906 Engine run starting with max_epochs=1.
04/01/2026 11:28:17 PM | engine.py:1010 Epoch[1] Complete. Time taken: 00:00:25.391
[Validator] Epoch 24 - val_loss: 0.000004
[BEST CHECKPOINT] Guardado/actualizado en: checkpoints\Mis_modelos\mask_l1 checkpoints\4stems\best_checkpoint_24_val_loss=-0.0000.pt
04/01/2026 11:28:17 PM | engine.py:1037 Engine run finished. Time taken: 00:00:25.402
[Epoch 24] train_loss=0.000004 | val_loss=0.000004
04/01/2026 11:28:17 PM | engine.py:1010 Epoch[24] Complete. Time taken: 00:00:47.142
04/01/2026 11:28:38 PM | engine.py:906 Engine run starting with max_epochs=1.
04/01/2026 11:29:03 PM | engine.py:1010 Epoch[1] Complete. Time taken: 00:00:25.496
[Validator] Epoch 25 - val_loss: 0.000003
[BEST CHECKPOINT] Guardado/actualizado en: checkpoints\Mis_modelos\mask_l1 checkpoints\4stems\best_checkpoint_25_val_loss=-0.0000.pt
04/01/2026 11:29:03 PM | engine.py:1037 Engine run finished. Time taken: 00:00:25.505
[Epoch 25] train_loss=0.000003 | val_loss=0.000003
04/01/2026 11:29:03 PM | engine.py:1010 Epoch[25] Complete. Time taken: 00:00:46.392
04/01/2026 11:29:25 PM | engine.py:906 Engine run starting with max_epochs=1.
04/01/2026 11:29:50 PM | engine.py:1010 Epoch[1] Complete. Time taken: 00:00:25.313
[Validator] Epoch 26 - val_loss: 0.000003
[BEST CHECKPOINT] Guardado/actualizado en: checkpoints\Mis_modelos\mask_l1 checkpoints\4stems\best_checkpoint_26_val_loss=-0.0000.pt
04/01/2026 11:29:50 PM | engine.py:1037 Engine run finished. Time taken: 00:00:25.325
[Epoch 26] train_loss=0.000003 | val_loss=0.000003
04/01/2026 11:29:50 PM | engine.py:1010 Epoch[26] Complete. Time taken: 00:00:46.946
04/01/2026 11:30:12 PM | engine.py:906 Engine run starting with max_epochs=1.
04/01/2026 11:30:37 PM | engine.py:1010 Epoch[1] Complete. Time taken: 00:00:25.461
[Validator] Epoch 27 - val_loss: 0.000003
[BEST CHECKPOINT] Guardado/actualizado en: checkpoints\Mis_modelos\mask_l1 checkpoints\4stems\best_checkpoint_27_val_loss=-0.0000.pt
04/01/2026 11:30:37 PM | engine.py:1037 Engine run finished. Time taken: 00:00:25.471
[Epoch 27] train_loss=0.000003 | val_loss=0.000003
04/01/2026 11:30:37 PM | engine.py:1010 Epoch[27] Complete. Time taken: 00:00:47.033
04/01/2026 11:30:59 PM | engine.py:906 Engine run starting with max_epochs=1.
04/01/2026 11:31:24 PM | engine.py:1010 Epoch[1] Complete. Time taken: 00:00:25.195
[Validator] Epoch 28 - val_loss: 0.000003
[BEST CHECKPOINT] Guardado/actualizado en: checkpoints\Mis_modelos\mask_l1 checkpoints\4stems\best_checkpoint_28_val_loss=-0.0000.pt
04/01/2026 11:31:24 PM | engine.py:1037 Engine run finished. Time taken: 00:00:25.207
[Epoch 28] train_loss=0.000003 | val_loss=0.000003
04/01/2026 11:31:24 PM | engine.py:1010 Epoch[28] Complete. Time taken: 00:00:47.196
04/01/2026 11:31:46 PM | engine.py:906 Engine run starting with max_epochs=1.
04/01/2026 11:32:11 PM | engine.py:1010 Epoch[1] Complete. Time taken: 00:00:25.130
[Validator] Epoch 29 - val_loss: 0.000003
[BEST CHECKPOINT] Guardado/actualizado en: checkpoints\Mis_modelos\mask_l1 checkpoints\4stems\best_checkpoint_29_val_loss=-0.0000.pt
04/01/2026 11:32:11 PM | engine.py:1037 Engine run finished. Time taken: 00:00:25.143
[Epoch 29] train_loss=0.000003 | val_loss=0.000003
04/01/2026 11:32:11 PM | engine.py:1010 Epoch[29] Complete. Time taken: 00:00:46.636
04/01/2026 11:32:33 PM | engine.py:906 Engine run starting with max_epochs=1.
04/01/2026 11:32:58 PM | engine.py:1010 Epoch[1] Complete. Time taken: 00:00:25.157
[Validator] Epoch 30 - val_loss: 0.000003
[BEST CHECKPOINT] Guardado/actualizado en: checkpoints\Mis_modelos\mask_l1 checkpoints\4stems\best_checkpoint_30_val_loss=-0.0000.pt
04/01/2026 11:32:58 PM | engine.py:1037 Engine run finished. Time taken: 00:00:25.166
[Epoch 30] train_loss=0.000003 | val_loss=0.000003
04/01/2026 11:32:58 PM | engine.py:1010 Epoch[30] Complete. Time taken: 00:00:46.787
04/01/2026 11:33:20 PM | engine.py:906 Engine run starting with max_epochs=1.
04/01/2026 11:33:44 PM | engine.py:1010 Epoch[1] Complete. Time taken: 00:00:24.724
[Validator] Epoch 31 - val_loss: 0.000003
[BEST CHECKPOINT] Guardado/actualizado en: checkpoints\Mis_modelos\mask_l1 checkpoints\4stems\best_checkpoint_31_val_loss=-0.0000.pt
04/01/2026 11:33:44 PM | engine.py:1037 Engine run finished. Time taken: 00:00:24.735
[Epoch 31] train_loss=0.000003 | val_loss=0.000003
04/01/2026 11:33:44 PM | engine.py:1010 Epoch[31] Complete. Time taken: 00:00:46.587
04/01/2026 11:34:06 PM | engine.py:906 Engine run starting with max_epochs=1.
04/01/2026 11:34:31 PM | engine.py:1010 Epoch[1] Complete. Time taken: 00:00:25.561
[Validator] Epoch 32 - val_loss: 0.000003
[BEST CHECKPOINT] Guardado/actualizado en: checkpoints\Mis_modelos\mask_l1 checkpoints\4stems\best_checkpoint_32_val_loss=-0.0000.pt
04/01/2026 11:34:31 PM | engine.py:1037 Engine run finished. Time taken: 00:00:25.570
[Epoch 32] train_loss=0.000003 | val_loss=0.000003
04/01/2026 11:34:31 PM | engine.py:1010 Epoch[32] Complete. Time taken: 00:00:46.782
04/01/2026 11:34:53 PM | engine.py:906 Engine run starting with max_epochs=1.
04/01/2026 11:35:19 PM | engine.py:1010 Epoch[1] Complete. Time taken: 00:00:25.743
[Validator] Epoch 33 - val_loss: 0.000003
[BEST CHECKPOINT] Guardado/actualizado en: checkpoints\Mis_modelos\mask_l1 checkpoints\4stems\best_checkpoint_33_val_loss=-0.0000.pt
04/01/2026 11:35:19 PM | engine.py:1037 Engine run finished. Time taken: 00:00:25.753
[Epoch 33] train_loss=0.000003 | val_loss=0.000003
04/01/2026 11:35:19 PM | engine.py:1010 Epoch[33] Complete. Time taken: 00:00:47.296
04/01/2026 11:35:40 PM | engine.py:906 Engine run starting with max_epochs=1.
04/01/2026 11:36:05 PM | engine.py:1010 Epoch[1] Complete. Time taken: 00:00:25.112
[Validator] Epoch 34 - val_loss: 0.000002
[BEST CHECKPOINT] Guardado/actualizado en: checkpoints\Mis_modelos\mask_l1 checkpoints\4stems\best_checkpoint_34_val_loss=-0.0000.pt
04/01/2026 11:36:05 PM | engine.py:1037 Engine run finished. Time taken: 00:00:25.123
[Epoch 34] train_loss=0.000002 | val_loss=0.000002
04/01/2026 11:36:05 PM | engine.py:1010 Epoch[34] Complete. Time taken: 00:00:46.774
04/01/2026 11:36:27 PM | engine.py:906 Engine run starting with max_epochs=1.
04/01/2026 11:36:52 PM | engine.py:1010 Epoch[1] Complete. Time taken: 00:00:25.010
[Validator] Epoch 35 - val_loss: 0.000002
[BEST CHECKPOINT] Guardado/actualizado en: checkpoints\Mis_modelos\mask_l1 checkpoints\4stems\best_checkpoint_35_val_loss=-0.0000.pt
04/01/2026 11:36:52 PM | engine.py:1037 Engine run finished. Time taken: 00:00:25.023
[Epoch 35] train_loss=0.000002 | val_loss=0.000002
04/01/2026 11:36:52 PM | engine.py:1010 Epoch[35] Complete. Time taken: 00:00:46.709
04/01/2026 11:37:14 PM | engine.py:906 Engine run starting with max_epochs=1.
04/01/2026 11:37:39 PM | engine.py:1010 Epoch[1] Complete. Time taken: 00:00:25.314
[Validator] Epoch 36 - val_loss: 0.000002
[BEST CHECKPOINT] Guardado/actualizado en: checkpoints\Mis_modelos\mask_l1 checkpoints\4stems\best_checkpoint_36_val_loss=-0.0000.pt
04/01/2026 11:37:39 PM | engine.py:1037 Engine run finished. Time taken: 00:00:25.324
[Epoch 36] train_loss=0.000002 | val_loss=0.000002
04/01/2026 11:37:39 PM | engine.py:1010 Epoch[36] Complete. Time taken: 00:00:47.471
04/01/2026 11:38:01 PM | engine.py:906 Engine run starting with max_epochs=1.
04/01/2026 11:38:26 PM | engine.py:1010 Epoch[1] Complete. Time taken: 00:00:25.141
[Validator] Epoch 37 - val_loss: 0.000002
[BEST CHECKPOINT] Guardado/actualizado en: checkpoints\Mis_modelos\mask_l1 checkpoints\4stems\best_checkpoint_37_val_loss=-0.0000.pt
04/01/2026 11:38:26 PM | engine.py:1037 Engine run finished. Time taken: 00:00:25.150
[Epoch 37] train_loss=0.000002 | val_loss=0.000002
04/01/2026 11:38:26 PM | engine.py:1010 Epoch[37] Complete. Time taken: 00:00:46.348
04/01/2026 11:38:48 PM | engine.py:906 Engine run starting with max_epochs=1.
04/01/2026 11:39:14 PM | engine.py:1010 Epoch[1] Complete. Time taken: 00:00:25.735
[Validator] Epoch 38 - val_loss: 0.000002
[BEST CHECKPOINT] Guardado/actualizado en: checkpoints\Mis_modelos\mask_l1 checkpoints\4stems\best_checkpoint_38_val_loss=-0.0000.pt
04/01/2026 11:39:14 PM | engine.py:1037 Engine run finished. Time taken: 00:00:25.747
[Epoch 38] train_loss=0.000002 | val_loss=0.000002
04/01/2026 11:39:14 PM | engine.py:1010 Epoch[38] Complete. Time taken: 00:00:47.885
04/01/2026 11:39:36 PM | engine.py:906 Engine run starting with max_epochs=1.
04/01/2026 11:40:02 PM | engine.py:1010 Epoch[1] Complete. Time taken: 00:00:25.741
[Validator] Epoch 39 - val_loss: 0.000002
[BEST CHECKPOINT] Guardado/actualizado en: checkpoints\Mis_modelos\mask_l1 checkpoints\4stems\best_checkpoint_39_val_loss=-0.0000.pt
04/01/2026 11:40:02 PM | engine.py:1037 Engine run finished. Time taken: 00:00:25.753
[Epoch 39] train_loss=0.000002 | val_loss=0.000002
04/01/2026 11:40:02 PM | engine.py:1010 Epoch[39] Complete. Time taken: 00:00:47.807
04/01/2026 11:40:24 PM | engine.py:906 Engine run starting with max_epochs=1.
04/01/2026 11:40:49 PM | engine.py:1010 Epoch[1] Complete. Time taken: 00:00:25.312
[Validator] Epoch 40 - val_loss: 0.000002
[BEST CHECKPOINT] Guardado/actualizado en: checkpoints\Mis_modelos\mask_l1 checkpoints\4stems\best_checkpoint_40_val_loss=-0.0000.pt
04/01/2026 11:40:49 PM | engine.py:1037 Engine run finished. Time taken: 00:00:25.322
[Epoch 40] train_loss=0.000002 | val_loss=0.000002
04/01/2026 11:40:49 PM | engine.py:1010 Epoch[40] Complete. Time taken: 00:00:47.499
04/01/2026 11:41:11 PM | engine.py:906 Engine run starting with max_epochs=1.
04/01/2026 11:41:35 PM | engine.py:1010 Epoch[1] Complete. Time taken: 00:00:24.438
[Validator] Epoch 41 - val_loss: 0.000002
[BEST CHECKPOINT] Guardado/actualizado en: checkpoints\Mis_modelos\mask_l1 checkpoints\4stems\best_checkpoint_41_val_loss=-0.0000.pt
04/01/2026 11:41:35 PM | engine.py:1037 Engine run finished. Time taken: 00:00:24.447
[Epoch 41] train_loss=0.000002 | val_loss=0.000002
04/01/2026 11:41:35 PM | engine.py:1010 Epoch[41] Complete. Time taken: 00:00:46.321
04/01/2026 11:41:56 PM | engine.py:906 Engine run starting with max_epochs=1.
04/01/2026 11:42:21 PM | engine.py:1010 Epoch[1] Complete. Time taken: 00:00:25.198
[Validator] Epoch 42 - val_loss: 0.000002
[BEST CHECKPOINT] Guardado/actualizado en: checkpoints\Mis_modelos\mask_l1 checkpoints\4stems\best_checkpoint_41_val_loss=-0.0000.pt
04/01/2026 11:42:21 PM | engine.py:1037 Engine run finished. Time taken: 00:00:25.199
[Epoch 42] train_loss=0.000002 | val_loss=0.000002
04/01/2026 11:42:21 PM | engine.py:1010 Epoch[42] Complete. Time taken: 00:00:45.962
04/01/2026 11:42:43 PM | engine.py:906 Engine run starting with max_epochs=1.
04/01/2026 11:43:08 PM | engine.py:1010 Epoch[1] Complete. Time taken: 00:00:25.171
[Validator] Epoch 43 - val_loss: 0.000002
[BEST CHECKPOINT] Guardado/actualizado en: checkpoints\Mis_modelos\mask_l1 checkpoints\4stems\best_checkpoint_43_val_loss=-0.0000.pt
04/01/2026 11:43:08 PM | engine.py:1037 Engine run finished. Time taken: 00:00:25.182
[Epoch 43] train_loss=0.000002 | val_loss=0.000002
04/01/2026 11:43:08 PM | engine.py:1010 Epoch[43] Complete. Time taken: 00:00:46.585
04/01/2026 11:43:30 PM | engine.py:906 Engine run starting with max_epochs=1.
04/01/2026 11:43:56 PM | engine.py:1010 Epoch[1] Complete. Time taken: 00:00:25.960
[Validator] Epoch 44 - val_loss: 0.000002
[BEST CHECKPOINT] Guardado/actualizado en: checkpoints\Mis_modelos\mask_l1 checkpoints\4stems\best_checkpoint_44_val_loss=-0.0000.pt
04/01/2026 11:43:56 PM | engine.py:1037 Engine run finished. Time taken: 00:00:25.969
[Epoch 44] train_loss=0.000002 | val_loss=0.000002
04/01/2026 11:43:56 PM | engine.py:1010 Epoch[44] Complete. Time taken: 00:00:48.015
04/01/2026 11:44:18 PM | engine.py:906 Engine run starting with max_epochs=1.
04/01/2026 11:44:44 PM | engine.py:1010 Epoch[1] Complete. Time taken: 00:00:26.042
[Validator] Epoch 45 - val_loss: 0.000002
[BEST CHECKPOINT] Guardado/actualizado en: checkpoints\Mis_modelos\mask_l1 checkpoints\4stems\best_checkpoint_45_val_loss=-0.0000.pt
04/01/2026 11:44:44 PM | engine.py:1037 Engine run finished. Time taken: 00:00:26.054
[Epoch 45] train_loss=0.000002 | val_loss=0.000002
04/01/2026 11:44:44 PM | engine.py:1010 Epoch[45] Complete. Time taken: 00:00:48.417
04/01/2026 11:45:06 PM | engine.py:906 Engine run starting with max_epochs=1.
04/01/2026 11:45:32 PM | engine.py:1010 Epoch[1] Complete. Time taken: 00:00:25.246
[Validator] Epoch 46 - val_loss: 0.000002
[BEST CHECKPOINT] Guardado/actualizado en: checkpoints\Mis_modelos\mask_l1 checkpoints\4stems\best_checkpoint_46_val_loss=-0.0000.pt
04/01/2026 11:45:32 PM | engine.py:1037 Engine run finished. Time taken: 00:00:25.256
[Epoch 46] train_loss=0.000002 | val_loss=0.000002
04/01/2026 11:45:32 PM | engine.py:1010 Epoch[46] Complete. Time taken: 00:00:47.339
04/01/2026 11:45:53 PM | engine.py:906 Engine run starting with max_epochs=1.
04/01/2026 11:46:18 PM | engine.py:1010 Epoch[1] Complete. Time taken: 00:00:25.321
[Validator] Epoch 47 - val_loss: 0.000002
[BEST CHECKPOINT] Guardado/actualizado en: checkpoints\Mis_modelos\mask_l1 checkpoints\4stems\best_checkpoint_47_val_loss=-0.0000.pt
04/01/2026 11:46:18 PM | engine.py:1037 Engine run finished. Time taken: 00:00:25.330
[Epoch 47] train_loss=0.000002 | val_loss=0.000002
04/01/2026 11:46:18 PM | engine.py:1010 Epoch[47] Complete. Time taken: 00:00:46.802
04/01/2026 11:46:40 PM | engine.py:906 Engine run starting with max_epochs=1.
04/01/2026 11:47:05 PM | engine.py:1010 Epoch[1] Complete. Time taken: 00:00:25.375
[Validator] Epoch 48 - val_loss: 0.000002
[BEST CHECKPOINT] Guardado/actualizado en: checkpoints\Mis_modelos\mask_l1 checkpoints\4stems\best_checkpoint_48_val_loss=-0.0000.pt
04/01/2026 11:47:05 PM | engine.py:1037 Engine run finished. Time taken: 00:00:25.386
[Epoch 48] train_loss=0.000002 | val_loss=0.000002
04/01/2026 11:47:05 PM | engine.py:1010 Epoch[48] Complete. Time taken: 00:00:46.930
04/01/2026 11:47:27 PM | engine.py:906 Engine run starting with max_epochs=1.
04/01/2026 11:47:53 PM | engine.py:1010 Epoch[1] Complete. Time taken: 00:00:25.159
[Validator] Epoch 49 - val_loss: 0.000002
[BEST CHECKPOINT] Guardado/actualizado en: checkpoints\Mis_modelos\mask_l1 checkpoints\4stems\best_checkpoint_49_val_loss=-0.0000.pt
04/01/2026 11:47:53 PM | engine.py:1037 Engine run finished. Time taken: 00:00:25.168
[Epoch 49] train_loss=0.000002 | val_loss=0.000002
04/01/2026 11:47:53 PM | engine.py:1010 Epoch[49] Complete. Time taken: 00:00:47.136
04/01/2026 11:48:14 PM | engine.py:906 Engine run starting with max_epochs=1.
04/01/2026 11:48:39 PM | engine.py:1010 Epoch[1] Complete. Time taken: 00:00:25.012
[Validator] Epoch 50 - val_loss: 0.000002
[BEST CHECKPOINT] Guardado/actualizado en: checkpoints\Mis_modelos\mask_l1 checkpoints\4stems\best_checkpoint_50_val_loss=-0.0000.pt
04/01/2026 11:48:39 PM | engine.py:1037 Engine run finished. Time taken: 00:00:25.026
[Epoch 50] train_loss=0.000002 | val_loss=0.000002
04/01/2026 11:48:39 PM | engine.py:1010 Epoch[50] Complete. Time taken: 00:00:46.639
04/01/2026 11:49:01 PM | engine.py:906 Engine run starting with max_epochs=1.
04/01/2026 11:49:26 PM | engine.py:1010 Epoch[1] Complete. Time taken: 00:00:25.600
[Validator] Epoch 51 - val_loss: 0.000002
[BEST CHECKPOINT] Guardado/actualizado en: checkpoints\Mis_modelos\mask_l1 checkpoints\4stems\best_checkpoint_51_val_loss=-0.0000.pt
04/01/2026 11:49:26 PM | engine.py:1037 Engine run finished. Time taken: 00:00:25.609
[Epoch 51] train_loss=0.000002 | val_loss=0.000002
04/01/2026 11:49:26 PM | engine.py:1010 Epoch[51] Complete. Time taken: 00:00:47.103
04/01/2026 11:49:48 PM | engine.py:906 Engine run starting with max_epochs=1.
04/01/2026 11:50:13 PM | engine.py:1010 Epoch[1] Complete. Time taken: 00:00:25.557
[Validator] Epoch 52 - val_loss: 0.000002
[BEST CHECKPOINT] Guardado/actualizado en: checkpoints\Mis_modelos\mask_l1 checkpoints\4stems\best_checkpoint_52_val_loss=-0.0000.pt
04/01/2026 11:50:13 PM | engine.py:1037 Engine run finished. Time taken: 00:00:25.569
[Epoch 52] train_loss=0.000002 | val_loss=0.000002
04/01/2026 11:50:13 PM | engine.py:1010 Epoch[52] Complete. Time taken: 00:00:47.201
04/01/2026 11:50:35 PM | engine.py:906 Engine run starting with max_epochs=1.
04/01/2026 11:51:01 PM | engine.py:1010 Epoch[1] Complete. Time taken: 00:00:25.193
[Validator] Epoch 53 - val_loss: 0.000002
[BEST CHECKPOINT] Guardado/actualizado en: checkpoints\Mis_modelos\mask_l1 checkpoints\4stems\best_checkpoint_53_val_loss=-0.0000.pt
04/01/2026 11:51:01 PM | engine.py:1037 Engine run finished. Time taken: 00:00:25.206
[Epoch 53] train_loss=0.000002 | val_loss=0.000002
04/01/2026 11:51:01 PM | engine.py:1010 Epoch[53] Complete. Time taken: 00:00:47.035
04/01/2026 11:51:22 PM | engine.py:906 Engine run starting with max_epochs=1.
04/01/2026 11:51:47 PM | engine.py:1010 Epoch[1] Complete. Time taken: 00:00:25.125
[Validator] Epoch 54 - val_loss: 0.000002
[BEST CHECKPOINT] Guardado/actualizado en: checkpoints\Mis_modelos\mask_l1 checkpoints\4stems\best_checkpoint_54_val_loss=-0.0000.pt
04/01/2026 11:51:47 PM | engine.py:1037 Engine run finished. Time taken: 00:00:25.138
[Epoch 54] train_loss=0.000002 | val_loss=0.000002
04/01/2026 11:51:47 PM | engine.py:1010 Epoch[54] Complete. Time taken: 00:00:46.703
04/01/2026 11:52:09 PM | engine.py:906 Engine run starting with max_epochs=1.
04/01/2026 11:52:35 PM | engine.py:1010 Epoch[1] Complete. Time taken: 00:00:25.710
[Validator] Epoch 55 - val_loss: 0.000002
[BEST CHECKPOINT] Guardado/actualizado en: checkpoints\Mis_modelos\mask_l1 checkpoints\4stems\best_checkpoint_54_val_loss=-0.0000.pt
04/01/2026 11:52:35 PM | engine.py:1037 Engine run finished. Time taken: 00:00:25.711
[Epoch 55] train_loss=0.000002 | val_loss=0.000002
04/01/2026 11:52:35 PM | engine.py:1010 Epoch[55] Complete. Time taken: 00:00:47.624
04/01/2026 11:52:56 PM | engine.py:906 Engine run starting with max_epochs=1.
04/01/2026 11:53:23 PM | engine.py:1010 Epoch[1] Complete. Time taken: 00:00:26.153
[Validator] Epoch 56 - val_loss: 0.000002
[BEST CHECKPOINT] Guardado/actualizado en: checkpoints\Mis_modelos\mask_l1 checkpoints\4stems\best_checkpoint_56_val_loss=-0.0000.pt
04/01/2026 11:53:23 PM | engine.py:1037 Engine run finished. Time taken: 00:00:26.163
[Epoch 56] train_loss=0.000002 | val_loss=0.000002
04/01/2026 11:53:23 PM | engine.py:1010 Epoch[56] Complete. Time taken: 00:00:47.694
04/01/2026 11:53:44 PM | engine.py:906 Engine run starting with max_epochs=1.
04/01/2026 11:54:10 PM | engine.py:1010 Epoch[1] Complete. Time taken: 00:00:25.686
[Validator] Epoch 57 - val_loss: 0.000002
[BEST CHECKPOINT] Guardado/actualizado en: checkpoints\Mis_modelos\mask_l1 checkpoints\4stems\best_checkpoint_57_val_loss=-0.0000.pt
04/01/2026 11:54:10 PM | engine.py:1037 Engine run finished. Time taken: 00:00:25.698
[Epoch 57] train_loss=0.000002 | val_loss=0.000002
04/01/2026 11:54:10 PM | engine.py:1010 Epoch[57] Complete. Time taken: 00:00:47.373
04/01/2026 11:54:32 PM | engine.py:906 Engine run starting with max_epochs=1.
04/01/2026 11:54:57 PM | engine.py:1010 Epoch[1] Complete. Time taken: 00:00:25.410
[Validator] Epoch 58 - val_loss: 0.000002
[BEST CHECKPOINT] Guardado/actualizado en: checkpoints\Mis_modelos\mask_l1 checkpoints\4stems\best_checkpoint_58_val_loss=-0.0000.pt
04/01/2026 11:54:57 PM | engine.py:1037 Engine run finished. Time taken: 00:00:25.421
[Epoch 58] train_loss=0.000002 | val_loss=0.000002
04/01/2026 11:54:57 PM | engine.py:1010 Epoch[58] Complete. Time taken: 00:00:47.484
04/01/2026 11:55:19 PM | engine.py:906 Engine run starting with max_epochs=1.
04/01/2026 11:55:45 PM | engine.py:1010 Epoch[1] Complete. Time taken: 00:00:25.287
[Validator] Epoch 59 - val_loss: 0.000002
[BEST CHECKPOINT] Guardado/actualizado en: checkpoints\Mis_modelos\mask_l1 checkpoints\4stems\best_checkpoint_59_val_loss=-0.0000.pt
04/01/2026 11:55:45 PM | engine.py:1037 Engine run finished. Time taken: 00:00:25.298
[Epoch 59] train_loss=0.000002 | val_loss=0.000002
04/01/2026 11:55:45 PM | engine.py:1010 Epoch[59] Complete. Time taken: 00:00:47.117
04/01/2026 11:56:06 PM | engine.py:906 Engine run starting with max_epochs=1.
04/01/2026 11:56:32 PM | engine.py:1010 Epoch[1] Complete. Time taken: 00:00:25.387
[Validator] Epoch 60 - val_loss: 0.000002
[BEST CHECKPOINT] Guardado/actualizado en: checkpoints\Mis_modelos\mask_l1 checkpoints\4stems\best_checkpoint_60_val_loss=-0.0000.pt
04/01/2026 11:56:32 PM | engine.py:1037 Engine run finished. Time taken: 00:00:25.397
[Epoch 60] train_loss=0.000002 | val_loss=0.000002
04/01/2026 11:56:32 PM | engine.py:1010 Epoch[60] Complete. Time taken: 00:00:47.148
04/01/2026 11:56:54 PM | engine.py:906 Engine run starting with max_epochs=1.
04/01/2026 11:57:19 PM | engine.py:1010 Epoch[1] Complete. Time taken: 00:00:25.219
[Validator] Epoch 61 - val_loss: 0.000002
[BEST CHECKPOINT] Guardado/actualizado en: checkpoints\Mis_modelos\mask_l1 checkpoints\4stems\best_checkpoint_61_val_loss=-0.0000.pt
04/01/2026 11:57:19 PM | engine.py:1037 Engine run finished. Time taken: 00:00:25.231
[Epoch 61] train_loss=0.000002 | val_loss=0.000002
04/01/2026 11:57:19 PM | engine.py:1010 Epoch[61] Complete. Time taken: 00:00:47.226
04/01/2026 11:57:40 PM | engine.py:906 Engine run starting with max_epochs=1.
04/01/2026 11:58:06 PM | engine.py:1010 Epoch[1] Complete. Time taken: 00:00:25.572
[Validator] Epoch 62 - val_loss: 0.000002
[BEST CHECKPOINT] Guardado/actualizado en: checkpoints\Mis_modelos\mask_l1 checkpoints\4stems\best_checkpoint_61_val_loss=-0.0000.pt
04/01/2026 11:58:06 PM | engine.py:1037 Engine run finished. Time taken: 00:00:25.574
[Epoch 62] train_loss=0.000002 | val_loss=0.000002
04/01/2026 11:58:06 PM | engine.py:1010 Epoch[62] Complete. Time taken: 00:00:47.019
04/01/2026 11:58:28 PM | engine.py:906 Engine run starting with max_epochs=1.
04/01/2026 11:58:53 PM | engine.py:1010 Epoch[1] Complete. Time taken: 00:00:25.363
[Validator] Epoch 63 - val_loss: 0.000002
[BEST CHECKPOINT] Guardado/actualizado en: checkpoints\Mis_modelos\mask_l1 checkpoints\4stems\best_checkpoint_63_val_loss=-0.0000.pt
04/01/2026 11:58:53 PM | engine.py:1037 Engine run finished. Time taken: 00:00:25.374
[Epoch 63] train_loss=0.000002 | val_loss=0.000002
04/01/2026 11:58:53 PM | engine.py:1010 Epoch[63] Complete. Time taken: 00:00:47.210
04/01/2026 11:59:15 PM | engine.py:906 Engine run starting with max_epochs=1.
04/01/2026 11:59:40 PM | engine.py:1010 Epoch[1] Complete. Time taken: 00:00:25.670
[Validator] Epoch 64 - val_loss: 0.000002
[BEST CHECKPOINT] Guardado/actualizado en: checkpoints\Mis_modelos\mask_l1 checkpoints\4stems\best_checkpoint_64_val_loss=-0.0000.pt
04/01/2026 11:59:40 PM | engine.py:1037 Engine run finished. Time taken: 00:00:25.680
[Epoch 64] train_loss=0.000002 | val_loss=0.000002
04/01/2026 11:59:40 PM | engine.py:1010 Epoch[64] Complete. Time taken: 00:00:47.230
04/02/2026 12:00:02 AM | engine.py:906 Engine run starting with max_epochs=1.
04/02/2026 12:00:27 AM | engine.py:1010 Epoch[1] Complete. Time taken: 00:00:25.333
[Validator] Epoch 65 - val_loss: 0.000002
[BEST CHECKPOINT] Guardado/actualizado en: checkpoints\Mis_modelos\mask_l1 checkpoints\4stems\best_checkpoint_65_val_loss=-0.0000.pt
04/02/2026 12:00:27 AM | engine.py:1037 Engine run finished. Time taken: 00:00:25.342
[Epoch 65] train_loss=0.000002 | val_loss=0.000002
04/02/2026 12:00:27 AM | engine.py:1010 Epoch[65] Complete. Time taken: 00:00:46.970
04/02/2026 12:00:49 AM | engine.py:906 Engine run starting with max_epochs=1.
04/02/2026 12:01:15 AM | engine.py:1010 Epoch[1] Complete. Time taken: 00:00:25.452
[Validator] Epoch 66 - val_loss: 0.000002
[BEST CHECKPOINT] Guardado/actualizado en: checkpoints\Mis_modelos\mask_l1 checkpoints\4stems\best_checkpoint_65_val_loss=-0.0000.pt
04/02/2026 12:01:15 AM | engine.py:1037 Engine run finished. Time taken: 00:00:25.453
[Epoch 66] train_loss=0.000002 | val_loss=0.000002
04/02/2026 12:01:15 AM | engine.py:1010 Epoch[66] Complete. Time taken: 00:00:47.236
04/02/2026 12:01:37 AM | engine.py:906 Engine run starting with max_epochs=1.
04/02/2026 12:02:02 AM | engine.py:1010 Epoch[1] Complete. Time taken: 00:00:25.092
[Validator] Epoch 67 - val_loss: 0.000002
[BEST CHECKPOINT] Guardado/actualizado en: checkpoints\Mis_modelos\mask_l1 checkpoints\4stems\best_checkpoint_67_val_loss=-0.0000.pt
04/02/2026 12:02:02 AM | engine.py:1037 Engine run finished. Time taken: 00:00:25.100
[Epoch 67] train_loss=0.000002 | val_loss=0.000002
04/02/2026 12:02:02 AM | engine.py:1010 Epoch[67] Complete. Time taken: 00:00:47.070
04/02/2026 12:02:23 AM | engine.py:906 Engine run starting with max_epochs=1.
04/02/2026 12:02:49 AM | engine.py:1010 Epoch[1] Complete. Time taken: 00:00:25.657
[Validator] Epoch 68 - val_loss: 0.000002
[BEST CHECKPOINT] Guardado/actualizado en: checkpoints\Mis_modelos\mask_l1 checkpoints\4stems\best_checkpoint_67_val_loss=-0.0000.pt
04/02/2026 12:02:49 AM | engine.py:1037 Engine run finished. Time taken: 00:00:25.657
[Epoch 68] train_loss=0.000002 | val_loss=0.000002
04/02/2026 12:02:49 AM | engine.py:1010 Epoch[68] Complete. Time taken: 00:00:47.187
04/02/2026 12:03:10 AM | engine.py:906 Engine run starting with max_epochs=1.
04/02/2026 12:03:35 AM | engine.py:1010 Epoch[1] Complete. Time taken: 00:00:25.078
[Validator] Epoch 69 - val_loss: 0.000002
[BEST CHECKPOINT] Guardado/actualizado en: checkpoints\Mis_modelos\mask_l1 checkpoints\4stems\best_checkpoint_69_val_loss=-0.0000.pt
04/02/2026 12:03:35 AM | engine.py:1037 Engine run finished. Time taken: 00:00:25.091
[Epoch 69] train_loss=0.000002 | val_loss=0.000002
04/02/2026 12:03:35 AM | engine.py:1010 Epoch[69] Complete. Time taken: 00:00:46.658
04/02/2026 12:03:57 AM | engine.py:906 Engine run starting with max_epochs=1.
04/02/2026 12:04:22 AM | engine.py:1010 Epoch[1] Complete. Time taken: 00:00:25.053
[Validator] Epoch 70 - val_loss: 0.000002
[BEST CHECKPOINT] Guardado/actualizado en: checkpoints\Mis_modelos\mask_l1 checkpoints\4stems\best_checkpoint_70_val_loss=-0.0000.pt
04/02/2026 12:04:22 AM | engine.py:1037 Engine run finished. Time taken: 00:00:25.062
[Epoch 70] train_loss=0.000002 | val_loss=0.000002
04/02/2026 12:04:22 AM | engine.py:1010 Epoch[70] Complete. Time taken: 00:00:46.438
04/02/2026 12:04:43 AM | engine.py:906 Engine run starting with max_epochs=1.
04/02/2026 12:05:08 AM | engine.py:1010 Epoch[1] Complete. Time taken: 00:00:25.048
[Validator] Epoch 71 - val_loss: 0.000002
[BEST CHECKPOINT] Guardado/actualizado en: checkpoints\Mis_modelos\mask_l1 checkpoints\4stems\best_checkpoint_71_val_loss=-0.0000.pt
04/02/2026 12:05:08 AM | engine.py:1037 Engine run finished. Time taken: 00:00:25.056
[Epoch 71] train_loss=0.000002 | val_loss=0.000002
04/02/2026 12:05:08 AM | engine.py:1010 Epoch[71] Complete. Time taken: 00:00:46.483
04/02/2026 12:05:30 AM | engine.py:906 Engine run starting with max_epochs=1.
04/02/2026 12:05:55 AM | engine.py:1010 Epoch[1] Complete. Time taken: 00:00:24.991
[Validator] Epoch 72 - val_loss: 0.000002
[BEST CHECKPOINT] Guardado/actualizado en: checkpoints\Mis_modelos\mask_l1 checkpoints\4stems\best_checkpoint_72_val_loss=-0.0000.pt
04/02/2026 12:05:55 AM | engine.py:1037 Engine run finished. Time taken: 00:00:25.000
[Epoch 72] train_loss=0.000002 | val_loss=0.000002
04/02/2026 12:05:55 AM | engine.py:1010 Epoch[72] Complete. Time taken: 00:00:46.421
04/02/2026 12:06:17 AM | engine.py:906 Engine run starting with max_epochs=1.
04/02/2026 12:06:42 AM | engine.py:1010 Epoch[1] Complete. Time taken: 00:00:25.303
[Validator] Epoch 73 - val_loss: 0.000002
[BEST CHECKPOINT] Guardado/actualizado en: checkpoints\Mis_modelos\mask_l1 checkpoints\4stems\best_checkpoint_72_val_loss=-0.0000.pt
04/02/2026 12:06:42 AM | engine.py:1037 Engine run finished. Time taken: 00:00:25.304
[Epoch 73] train_loss=0.000002 | val_loss=0.000002
04/02/2026 12:06:42 AM | engine.py:1010 Epoch[73] Complete. Time taken: 00:00:47.569
04/02/2026 12:07:04 AM | engine.py:906 Engine run starting with max_epochs=1.
04/02/2026 12:07:29 AM | engine.py:1010 Epoch[1] Complete. Time taken: 00:00:25.410
[Validator] Epoch 74 - val_loss: 0.000002
[BEST CHECKPOINT] Guardado/actualizado en: checkpoints\Mis_modelos\mask_l1 checkpoints\4stems\best_checkpoint_74_val_loss=-0.0000.pt
04/02/2026 12:07:29 AM | engine.py:1037 Engine run finished. Time taken: 00:00:25.420
[Epoch 74] train_loss=0.000002 | val_loss=0.000002
04/02/2026 12:07:29 AM | engine.py:1010 Epoch[74] Complete. Time taken: 00:00:46.840
04/02/2026 12:07:51 AM | engine.py:906 Engine run starting with max_epochs=1.
04/02/2026 12:08:17 AM | engine.py:1010 Epoch[1] Complete. Time taken: 00:00:25.755
[Validator] Epoch 75 - val_loss: 0.000002
[BEST CHECKPOINT] Guardado/actualizado en: checkpoints\Mis_modelos\mask_l1 checkpoints\4stems\best_checkpoint_74_val_loss=-0.0000.pt
04/02/2026 12:08:17 AM | engine.py:1037 Engine run finished. Time taken: 00:00:25.756
[Epoch 75] train_loss=0.000002 | val_loss=0.000002
04/02/2026 12:08:17 AM | engine.py:1010 Epoch[75] Complete. Time taken: 00:00:47.491
04/02/2026 12:08:39 AM | engine.py:906 Engine run starting with max_epochs=1.
04/02/2026 12:09:04 AM | engine.py:1010 Epoch[1] Complete. Time taken: 00:00:25.555
[Validator] Epoch 76 - val_loss: 0.000002
[BEST CHECKPOINT] Guardado/actualizado en: checkpoints\Mis_modelos\mask_l1 checkpoints\4stems\best_checkpoint_76_val_loss=-0.0000.pt
04/02/2026 12:09:04 AM | engine.py:1037 Engine run finished. Time taken: 00:00:25.568
[Epoch 76] train_loss=0.000002 | val_loss=0.000002
04/02/2026 12:09:04 AM | engine.py:1010 Epoch[76] Complete. Time taken: 00:00:47.370
04/02/2026 12:09:26 AM | engine.py:906 Engine run starting with max_epochs=1.
04/02/2026 12:09:51 AM | engine.py:1010 Epoch[1] Complete. Time taken: 00:00:25.253
[Validator] Epoch 77 - val_loss: 0.000002
[BEST CHECKPOINT] Guardado/actualizado en: checkpoints\Mis_modelos\mask_l1 checkpoints\4stems\best_checkpoint_76_val_loss=-0.0000.pt
04/02/2026 12:09:51 AM | engine.py:1037 Engine run finished. Time taken: 00:00:25.254
[Epoch 77] train_loss=0.000002 | val_loss=0.000002
04/02/2026 12:09:51 AM | engine.py:1010 Epoch[77] Complete. Time taken: 00:00:47.171
04/02/2026 12:10:13 AM | engine.py:906 Engine run starting with max_epochs=1.
04/02/2026 12:10:38 AM | engine.py:1010 Epoch[1] Complete. Time taken: 00:00:25.666
[Validator] Epoch 78 - val_loss: 0.000002
[BEST CHECKPOINT] Guardado/actualizado en: checkpoints\Mis_modelos\mask_l1 checkpoints\4stems\best_checkpoint_76_val_loss=-0.0000.pt
04/02/2026 12:10:38 AM | engine.py:1037 Engine run finished. Time taken: 00:00:25.668
[Epoch 78] train_loss=0.000002 | val_loss=0.000002
04/02/2026 12:10:38 AM | engine.py:1010 Epoch[78] Complete. Time taken: 00:00:47.104
04/02/2026 12:11:01 AM | engine.py:906 Engine run starting with max_epochs=1.
04/02/2026 12:11:26 AM | engine.py:1010 Epoch[1] Complete. Time taken: 00:00:25.207
[Validator] Epoch 79 - val_loss: 0.000002
[BEST CHECKPOINT] Guardado/actualizado en: checkpoints\Mis_modelos\mask_l1 checkpoints\4stems\best_checkpoint_76_val_loss=-0.0000.pt
04/02/2026 12:11:26 AM | engine.py:1037 Engine run finished. Time taken: 00:00:25.208
[Epoch 79] train_loss=0.000002 | val_loss=0.000002
04/02/2026 12:11:26 AM | engine.py:1010 Epoch[79] Complete. Time taken: 00:00:47.525
04/02/2026 12:11:48 AM | engine.py:906 Engine run starting with max_epochs=1.
04/02/2026 12:12:13 AM | engine.py:1010 Epoch[1] Complete. Time taken: 00:00:25.525
[Validator] Epoch 80 - val_loss: 0.000002
[BEST CHECKPOINT] Guardado/actualizado en: checkpoints\Mis_modelos\mask_l1 checkpoints\4stems\best_checkpoint_80_val_loss=-0.0000.pt
04/02/2026 12:12:13 AM | engine.py:1037 Engine run finished. Time taken: 00:00:25.535
[Epoch 80] train_loss=0.000002 | val_loss=0.000002
04/02/2026 12:12:13 AM | engine.py:1010 Epoch[80] Complete. Time taken: 00:00:47.434
04/02/2026 12:12:35 AM | engine.py:906 Engine run starting with max_epochs=1.
04/02/2026 12:13:00 AM | engine.py:1010 Epoch[1] Complete. Time taken: 00:00:25.356
[Validator] Epoch 81 - val_loss: 0.000002
[BEST CHECKPOINT] Guardado/actualizado en: checkpoints\Mis_modelos\mask_l1 checkpoints\4stems\best_checkpoint_81_val_loss=-0.0000.pt
04/02/2026 12:13:00 AM | engine.py:1037 Engine run finished. Time taken: 00:00:25.366
[Epoch 81] train_loss=0.000002 | val_loss=0.000002
04/02/2026 12:13:00 AM | engine.py:1010 Epoch[81] Complete. Time taken: 00:00:47.043
04/02/2026 12:13:21 AM | engine.py:906 Engine run starting with max_epochs=1.
04/02/2026 12:13:47 AM | engine.py:1010 Epoch[1] Complete. Time taken: 00:00:25.209
[Validator] Epoch 82 - val_loss: 0.000002
[BEST CHECKPOINT] Guardado/actualizado en: checkpoints\Mis_modelos\mask_l1 checkpoints\4stems\best_checkpoint_82_val_loss=-0.0000.pt
04/02/2026 12:13:47 AM | engine.py:1037 Engine run finished. Time taken: 00:00:25.221
[Epoch 82] train_loss=0.000002 | val_loss=0.000002
04/02/2026 12:13:47 AM | engine.py:1010 Epoch[82] Complete. Time taken: 00:00:46.166
04/02/2026 12:14:08 AM | engine.py:906 Engine run starting with max_epochs=1.
04/02/2026 12:14:33 AM | engine.py:1010 Epoch[1] Complete. Time taken: 00:00:25.453
[Validator] Epoch 83 - val_loss: 0.000002
[BEST CHECKPOINT] Guardado/actualizado en: checkpoints\Mis_modelos\mask_l1 checkpoints\4stems\best_checkpoint_83_val_loss=-0.0000.pt
04/02/2026 12:14:33 AM | engine.py:1037 Engine run finished. Time taken: 00:00:25.464
[Epoch 83] train_loss=0.000002 | val_loss=0.000002
04/02/2026 12:14:33 AM | engine.py:1010 Epoch[83] Complete. Time taken: 00:00:46.806
04/02/2026 12:14:55 AM | engine.py:906 Engine run starting with max_epochs=1.
04/02/2026 12:15:20 AM | engine.py:1010 Epoch[1] Complete. Time taken: 00:00:25.163
[Validator] Epoch 84 - val_loss: 0.000002
[BEST CHECKPOINT] Guardado/actualizado en: checkpoints\Mis_modelos\mask_l1 checkpoints\4stems\best_checkpoint_84_val_loss=-0.0000.pt
04/02/2026 12:15:20 AM | engine.py:1037 Engine run finished. Time taken: 00:00:25.172
[Epoch 84] train_loss=0.000002 | val_loss=0.000002
04/02/2026 12:15:20 AM | engine.py:1010 Epoch[84] Complete. Time taken: 00:00:46.462
04/02/2026 12:15:41 AM | engine.py:906 Engine run starting with max_epochs=1.
04/02/2026 12:16:07 AM | engine.py:1010 Epoch[1] Complete. Time taken: 00:00:25.307
[Validator] Epoch 85 - val_loss: 0.000002
[BEST CHECKPOINT] Guardado/actualizado en: checkpoints\Mis_modelos\mask_l1 checkpoints\4stems\best_checkpoint_84_val_loss=-0.0000.pt
04/02/2026 12:16:07 AM | engine.py:1037 Engine run finished. Time taken: 00:00:25.308
[Epoch 85] train_loss=0.000002 | val_loss=0.000002
04/02/2026 12:16:07 AM | engine.py:1010 Epoch[85] Complete. Time taken: 00:00:46.744
04/02/2026 12:16:29 AM | engine.py:906 Engine run starting with max_epochs=1.
04/02/2026 12:16:53 AM | engine.py:1010 Epoch[1] Complete. Time taken: 00:00:24.868
[Validator] Epoch 86 - val_loss: 0.000002
[BEST CHECKPOINT] Guardado/actualizado en: checkpoints\Mis_modelos\mask_l1 checkpoints\4stems\best_checkpoint_84_val_loss=-0.0000.pt
04/02/2026 12:16:53 AM | engine.py:1037 Engine run finished. Time taken: 00:00:24.869
[Epoch 86] train_loss=0.000002 | val_loss=0.000002
04/02/2026 12:16:53 AM | engine.py:1010 Epoch[86] Complete. Time taken: 00:00:46.877
04/02/2026 12:17:16 AM | engine.py:906 Engine run starting with max_epochs=1.
04/02/2026 12:17:43 AM | engine.py:1010 Epoch[1] Complete. Time taken: 00:00:26.628
[Validator] Epoch 87 - val_loss: 0.000002
[BEST CHECKPOINT] Guardado/actualizado en: checkpoints\Mis_modelos\mask_l1 checkpoints\4stems\best_checkpoint_87_val_loss=-0.0000.pt
04/02/2026 12:17:43 AM | engine.py:1037 Engine run finished. Time taken: 00:00:26.638
[Epoch 87] train_loss=0.000002 | val_loss=0.000002
04/02/2026 12:17:43 AM | engine.py:1010 Epoch[87] Complete. Time taken: 00:00:49.499
04/02/2026 12:18:05 AM | engine.py:906 Engine run starting with max_epochs=1.
04/02/2026 12:18:33 AM | engine.py:1010 Epoch[1] Complete. Time taken: 00:00:28.115
[Validator] Epoch 88 - val_loss: 0.000002
[BEST CHECKPOINT] Guardado/actualizado en: checkpoints\Mis_modelos\mask_l1 checkpoints\4stems\best_checkpoint_87_val_loss=-0.0000.pt
04/02/2026 12:18:33 AM | engine.py:1037 Engine run finished. Time taken: 00:00:28.116
[Epoch 88] train_loss=0.000002 | val_loss=0.000002
04/02/2026 12:18:33 AM | engine.py:1010 Epoch[88] Complete. Time taken: 00:00:50.395
04/02/2026 12:18:55 AM | engine.py:906 Engine run starting with max_epochs=1.
04/02/2026 12:19:20 AM | engine.py:1010 Epoch[1] Complete. Time taken: 00:00:25.150
[Validator] Epoch 89 - val_loss: 0.000002
[BEST CHECKPOINT] Guardado/actualizado en: checkpoints\Mis_modelos\mask_l1 checkpoints\4stems\best_checkpoint_89_val_loss=-0.0000.pt
04/02/2026 12:19:20 AM | engine.py:1037 Engine run finished. Time taken: 00:00:25.159
[Epoch 89] train_loss=0.000002 | val_loss=0.000002
04/02/2026 12:19:20 AM | engine.py:1010 Epoch[89] Complete. Time taken: 00:00:46.617
04/02/2026 12:19:41 AM | engine.py:906 Engine run starting with max_epochs=1.
04/02/2026 12:20:06 AM | engine.py:1010 Epoch[1] Complete. Time taken: 00:00:25.484
[Validator] Epoch 90 - val_loss: 0.000002
[BEST CHECKPOINT] Guardado/actualizado en: checkpoints\Mis_modelos\mask_l1 checkpoints\4stems\best_checkpoint_90_val_loss=-0.0000.pt
04/02/2026 12:20:07 AM | engine.py:1037 Engine run finished. Time taken: 00:00:25.494
[Epoch 90] train_loss=0.000002 | val_loss=0.000002
04/02/2026 12:20:07 AM | engine.py:1010 Epoch[90] Complete. Time taken: 00:00:46.580
04/02/2026 12:20:28 AM | engine.py:906 Engine run starting with max_epochs=1.
04/02/2026 12:20:54 AM | engine.py:1010 Epoch[1] Complete. Time taken: 00:00:26.405
[Validator] Epoch 91 - val_loss: 0.000002
[BEST CHECKPOINT] Guardado/actualizado en: checkpoints\Mis_modelos\mask_l1 checkpoints\4stems\best_checkpoint_90_val_loss=-0.0000.pt
04/02/2026 12:20:54 AM | engine.py:1037 Engine run finished. Time taken: 00:00:26.406
[Epoch 91] train_loss=0.000002 | val_loss=0.000002
04/02/2026 12:20:54 AM | engine.py:1010 Epoch[91] Complete. Time taken: 00:00:47.823
04/02/2026 12:21:16 AM | engine.py:906 Engine run starting with max_epochs=1.
04/02/2026 12:21:42 AM | engine.py:1010 Epoch[1] Complete. Time taken: 00:00:25.629
[Validator] Epoch 92 - val_loss: 0.000002
[BEST CHECKPOINT] Guardado/actualizado en: checkpoints\Mis_modelos\mask_l1 checkpoints\4stems\best_checkpoint_92_val_loss=-0.0000.pt
04/02/2026 12:21:42 AM | engine.py:1037 Engine run finished. Time taken: 00:00:25.639
[Epoch 92] train_loss=0.000002 | val_loss=0.000002
04/02/2026 12:21:42 AM | engine.py:1010 Epoch[92] Complete. Time taken: 00:00:47.512
04/02/2026 12:22:04 AM | engine.py:906 Engine run starting with max_epochs=1.
04/02/2026 12:22:30 AM | engine.py:1010 Epoch[1] Complete. Time taken: 00:00:25.384
[Validator] Epoch 93 - val_loss: 0.000002
[BEST CHECKPOINT] Guardado/actualizado en: checkpoints\Mis_modelos\mask_l1 checkpoints\4stems\best_checkpoint_92_val_loss=-0.0000.pt
04/02/2026 12:22:30 AM | engine.py:1037 Engine run finished. Time taken: 00:00:25.385
[Epoch 93] train_loss=0.000002 | val_loss=0.000002
04/02/2026 12:22:30 AM | engine.py:1010 Epoch[93] Complete. Time taken: 00:00:47.733
04/02/2026 12:22:51 AM | engine.py:906 Engine run starting with max_epochs=1.
04/02/2026 12:23:16 AM | engine.py:1010 Epoch[1] Complete. Time taken: 00:00:25.035
[Validator] Epoch 94 - val_loss: 0.000002
[BEST CHECKPOINT] Guardado/actualizado en: checkpoints\Mis_modelos\mask_l1 checkpoints\4stems\best_checkpoint_92_val_loss=-0.0000.pt
04/02/2026 12:23:16 AM | engine.py:1037 Engine run finished. Time taken: 00:00:25.036
[Epoch 94] train_loss=0.000002 | val_loss=0.000002
04/02/2026 12:23:16 AM | engine.py:1010 Epoch[94] Complete. Time taken: 00:00:46.591
04/02/2026 12:23:38 AM | engine.py:906 Engine run starting with max_epochs=1.
04/02/2026 12:24:03 AM | engine.py:1010 Epoch[1] Complete. Time taken: 00:00:25.483
[Validator] Epoch 95 - val_loss: 0.000002
[BEST CHECKPOINT] Guardado/actualizado en: checkpoints\Mis_modelos\mask_l1 checkpoints\4stems\best_checkpoint_92_val_loss=-0.0000.pt
04/02/2026 12:24:03 AM | engine.py:1037 Engine run finished. Time taken: 00:00:25.484
[Epoch 95] train_loss=0.000002 | val_loss=0.000002
04/02/2026 12:24:03 AM | engine.py:1010 Epoch[95] Complete. Time taken: 00:00:47.035
04/02/2026 12:24:25 AM | engine.py:906 Engine run starting with max_epochs=1.
04/02/2026 12:24:51 AM | engine.py:1010 Epoch[1] Complete. Time taken: 00:00:25.740
[Validator] Epoch 96 - val_loss: 0.000002
[BEST CHECKPOINT] Guardado/actualizado en: checkpoints\Mis_modelos\mask_l1 checkpoints\4stems\best_checkpoint_92_val_loss=-0.0000.pt
04/02/2026 12:24:51 AM | engine.py:1037 Engine run finished. Time taken: 00:00:25.742
[Epoch 96] train_loss=0.000002 | val_loss=0.000002
04/02/2026 12:24:51 AM | engine.py:1010 Epoch[96] Complete. Time taken: 00:00:47.665
04/02/2026 12:25:13 AM | engine.py:906 Engine run starting with max_epochs=1.
04/02/2026 12:25:38 AM | engine.py:1010 Epoch[1] Complete. Time taken: 00:00:25.339
[Validator] Epoch 97 - val_loss: 0.000002
[BEST CHECKPOINT] Guardado/actualizado en: checkpoints\Mis_modelos\mask_l1 checkpoints\4stems\best_checkpoint_97_val_loss=-0.0000.pt
04/02/2026 12:25:38 AM | engine.py:1037 Engine run finished. Time taken: 00:00:25.353
[Epoch 97] train_loss=0.000002 | val_loss=0.000002
04/02/2026 12:25:38 AM | engine.py:1010 Epoch[97] Complete. Time taken: 00:00:47.177
04/02/2026 12:25:59 AM | engine.py:906 Engine run starting with max_epochs=1.
04/02/2026 12:26:25 AM | engine.py:1010 Epoch[1] Complete. Time taken: 00:00:25.696
[Validator] Epoch 98 - val_loss: 0.000002
[BEST CHECKPOINT] Guardado/actualizado en: checkpoints\Mis_modelos\mask_l1 checkpoints\4stems\best_checkpoint_98_val_loss=-0.0000.pt
04/02/2026 12:26:25 AM | engine.py:1037 Engine run finished. Time taken: 00:00:25.706
[Epoch 98] train_loss=0.000002 | val_loss=0.000002
04/02/2026 12:26:25 AM | engine.py:1010 Epoch[98] Complete. Time taken: 00:00:46.964
04/02/2026 12:26:47 AM | engine.py:906 Engine run starting with max_epochs=1.
04/02/2026 12:27:12 AM | engine.py:1010 Epoch[1] Complete. Time taken: 00:00:25.578
[Validator] Epoch 99 - val_loss: 0.000002
[BEST CHECKPOINT] Guardado/actualizado en: checkpoints\Mis_modelos\mask_l1 checkpoints\4stems\best_checkpoint_99_val_loss=-0.0000.pt
04/02/2026 12:27:12 AM | engine.py:1037 Engine run finished. Time taken: 00:00:25.587
[Epoch 99] train_loss=0.000002 | val_loss=0.000002
04/02/2026 12:27:12 AM | engine.py:1010 Epoch[99] Complete. Time taken: 00:00:47.268
04/02/2026 12:27:34 AM | engine.py:906 Engine run starting with max_epochs=1.
04/02/2026 12:28:00 AM | engine.py:1010 Epoch[1] Complete. Time taken: 00:00:25.486
[Validator] Epoch 100 - val_loss: 0.000002
[BEST CHECKPOINT] Guardado/actualizado en: checkpoints\Mis_modelos\mask_l1 checkpoints\4stems\best_checkpoint_99_val_loss=-0.0000.pt
04/02/2026 12:28:00 AM | engine.py:1037 Engine run finished. Time taken: 00:00:25.487
[Epoch 100] train_loss=0.000002 | val_loss=0.000002
04/02/2026 12:28:00 AM | engine.py:1010 Epoch[100] Complete. Time taken: 00:00:47.282
04/02/2026 12:28:00 AM | engine.py:1037 Engine run finished. Time taken: 01:19:36.660
[LOADING BEST MODEL] Cargando mejor checkpoint desde: checkpoints\Mis_modelos\mask_l1 checkpoints\4stems\best_checkpoint_99_val_loss=-0.0000.pt
C:\Users\rdpuser\TFG_Identificaci-n-de-voces-e-instrumentos-en-una-obra-musical\pipeline\train.py:326: FutureWarning: You are using `torch.load` with `weights_only=False` (the current default value), which uses the default pickle module implicitly. It is possible to construct malicious pickle data which will execute arbitrary code during unpickling (See https://github.com/pytorch/pytorch/blob/main/SECURITY.md#untrusted-models for more details). In a future release, the default value for `weights_only` will be flipped to `True`. This limits the functions that could be executed during unpickling. Arbitrary objects will no longer be allowed to be loaded via this mode unless they are explicitly allowlisted by the user via `torch.serialization.add_safe_globals`. We recommend you start setting `weights_only=True` for any use case where you don't have full control of the loaded file. Please open an issue on GitHub for any issues related to this experimental feature.
  checkpoint = torch.load(best_checkpoint_path, map_location=device)
