C:\Users\rdpuser\miniconda3\envs\tfg_py310\lib\site-packages\ignite\handlers\checkpoint.py:16: DeprecationWarning: `TorchScript` support for functional optimizers is deprecated and will be removed in a future PyTorch release. Consider using the `torch.compile` optimizer instead.
  from torch.distributed.optim import ZeroRedundancyOptimizer
Usando dispositivo: cuda
Using device: cuda | nf=257 | channels=1 | hidden=50 | stems=2 | loss=l1_freq
C:\Users\rdpuser\miniconda3\envs\tfg_py310\lib\site-packages\torch\nn\modules\module.py:1326: UserWarning: expandable_segments not supported on this platform (Triggered internally at C:\actions-runner\_work\pytorch\pytorch\builder\windows\pytorch\c10/cuda/CUDAAllocatorConfig.h:28.)
  return t.to(
GA: actual_batch=100 | accum_steps=1 | effective_batch_real=100
04/02/2026 08:48:56 PM | engine.py:906 Engine run starting with max_epochs=100.
C:\Users\rdpuser\miniconda3\envs\tfg_py310\lib\site-packages\ignite\handlers\checkpoint.py:16: DeprecationWarning: `TorchScript` support for functional optimizers is deprecated and will be removed in a future PyTorch release. Consider using the `torch.compile` optimizer instead.
  from torch.distributed.optim import ZeroRedundancyOptimizer
C:\Users\rdpuser\miniconda3\envs\tfg_py310\lib\site-packages\ignite\handlers\checkpoint.py:16: DeprecationWarning: `TorchScript` support for functional optimizers is deprecated and will be removed in a future PyTorch release. Consider using the `torch.compile` optimizer instead.
  from torch.distributed.optim import ZeroRedundancyOptimizer
C:\Users\rdpuser\miniconda3\envs\tfg_py310\lib\site-packages\ignite\handlers\checkpoint.py:16: DeprecationWarning: `TorchScript` support for functional optimizers is deprecated and will be removed in a future PyTorch release. Consider using the `torch.compile` optimizer instead.
  from torch.distributed.optim import ZeroRedundancyOptimizer
C:\Users\rdpuser\miniconda3\envs\tfg_py310\lib\site-packages\ignite\handlers\checkpoint.py:16: DeprecationWarning: `TorchScript` support for functional optimizers is deprecated and will be removed in a future PyTorch release. Consider using the `torch.compile` optimizer instead.
  from torch.distributed.optim import ZeroRedundancyOptimizer
04/02/2026 08:51:40 PM | engine.py:906 Engine run starting with max_epochs=1.
C:\Users\rdpuser\miniconda3\envs\tfg_py310\lib\site-packages\ignite\handlers\checkpoint.py:16: DeprecationWarning: `TorchScript` support for functional optimizers is deprecated and will be removed in a future PyTorch release. Consider using the `torch.compile` optimizer instead.
  from torch.distributed.optim import ZeroRedundancyOptimizer
C:\Users\rdpuser\miniconda3\envs\tfg_py310\lib\site-packages\ignite\handlers\checkpoint.py:16: DeprecationWarning: `TorchScript` support for functional optimizers is deprecated and will be removed in a future PyTorch release. Consider using the `torch.compile` optimizer instead.
  from torch.distributed.optim import ZeroRedundancyOptimizer
C:\Users\rdpuser\miniconda3\envs\tfg_py310\lib\site-packages\ignite\handlers\checkpoint.py:16: DeprecationWarning: `TorchScript` support for functional optimizers is deprecated and will be removed in a future PyTorch release. Consider using the `torch.compile` optimizer instead.
  from torch.distributed.optim import ZeroRedundancyOptimizer
C:\Users\rdpuser\miniconda3\envs\tfg_py310\lib\site-packages\ignite\handlers\checkpoint.py:16: DeprecationWarning: `TorchScript` support for functional optimizers is deprecated and will be removed in a future PyTorch release. Consider using the `torch.compile` optimizer instead.
  from torch.distributed.optim import ZeroRedundancyOptimizer
04/02/2026 08:52:29 PM | engine.py:1010 Epoch[1] Complete. Time taken: 00:00:48.381
Training model with training mixes in: C:\Users\rdpuser\TFG_Identificaci-n-de-voces-e-instrumentos-en-una-obra-musical\datasets\mix_generation\foreground_train
Validating data with validation mixes in: C:\Users\rdpuser\TFG_Identificaci-n-de-voces-e-instrumentos-en-una-obra-musical\datasets\mix_generation\foreground_valid
[DEBUG] Num de sources: 2
pipeline de 2 fuentes
[Validator] Epoch 1 - val_loss: 0.000889
[BEST CHECKPOINT] Guardado/actualizado en: checkpoints\Mis_modelos\l1_freq checkpoints\2stems\best_checkpoint_1_val_loss=-0.0009.pt
04/02/2026 08:52:29 PM | engine.py:1037 Engine run finished. Time taken: 00:00:48.942
[Epoch 1] train_loss=0.000790 | val_loss=0.000889
04/02/2026 08:52:29 PM | engine.py:1010 Epoch[1] Complete. Time taken: 00:02:55.344
04/02/2026 08:53:41 PM | engine.py:906 Engine run starting with max_epochs=1.
04/02/2026 08:54:19 PM | engine.py:1010 Epoch[1] Complete. Time taken: 00:00:37.374
[Validator] Epoch 2 - val_loss: 0.000828
[BEST CHECKPOINT] Guardado/actualizado en: checkpoints\Mis_modelos\l1_freq checkpoints\2stems\best_checkpoint_2_val_loss=-0.0008.pt
04/02/2026 08:54:19 PM | engine.py:1037 Engine run finished. Time taken: 00:00:37.390
[Epoch 2] train_loss=0.000699 | val_loss=0.000828
04/02/2026 08:54:19 PM | engine.py:1010 Epoch[2] Complete. Time taken: 00:01:50.265
04/02/2026 08:55:33 PM | engine.py:906 Engine run starting with max_epochs=1.
04/02/2026 08:56:09 PM | engine.py:1010 Epoch[1] Complete. Time taken: 00:00:36.786
[Validator] Epoch 3 - val_loss: 0.000712
[BEST CHECKPOINT] Guardado/actualizado en: checkpoints\Mis_modelos\l1_freq checkpoints\2stems\best_checkpoint_3_val_loss=-0.0007.pt
04/02/2026 08:56:09 PM | engine.py:1037 Engine run finished. Time taken: 00:00:36.798
[Epoch 3] train_loss=0.000600 | val_loss=0.000712
04/02/2026 08:56:09 PM | engine.py:1010 Epoch[3] Complete. Time taken: 00:01:50.538
04/02/2026 08:57:22 PM | engine.py:906 Engine run starting with max_epochs=1.
04/02/2026 08:57:58 PM | engine.py:1010 Epoch[1] Complete. Time taken: 00:00:35.769
[Validator] Epoch 4 - val_loss: 0.000614
[BEST CHECKPOINT] Guardado/actualizado en: checkpoints\Mis_modelos\l1_freq checkpoints\2stems\best_checkpoint_4_val_loss=-0.0006.pt
04/02/2026 08:57:58 PM | engine.py:1037 Engine run finished. Time taken: 00:00:35.781
[Epoch 4] train_loss=0.000559 | val_loss=0.000614
04/02/2026 08:57:58 PM | engine.py:1010 Epoch[4] Complete. Time taken: 00:01:48.608
04/02/2026 08:59:12 PM | engine.py:906 Engine run starting with max_epochs=1.
04/02/2026 08:59:48 PM | engine.py:1010 Epoch[1] Complete. Time taken: 00:00:35.897
[Validator] Epoch 5 - val_loss: 0.000571
[BEST CHECKPOINT] Guardado/actualizado en: checkpoints\Mis_modelos\l1_freq checkpoints\2stems\best_checkpoint_5_val_loss=-0.0006.pt
04/02/2026 08:59:48 PM | engine.py:1037 Engine run finished. Time taken: 00:00:35.907
[Epoch 5] train_loss=0.000523 | val_loss=0.000571
04/02/2026 08:59:48 PM | engine.py:1010 Epoch[5] Complete. Time taken: 00:01:49.570
04/02/2026 09:01:00 PM | engine.py:906 Engine run starting with max_epochs=1.
04/02/2026 09:01:36 PM | engine.py:1010 Epoch[1] Complete. Time taken: 00:00:36.292
[Validator] Epoch 6 - val_loss: 0.000560
[BEST CHECKPOINT] Guardado/actualizado en: checkpoints\Mis_modelos\l1_freq checkpoints\2stems\best_checkpoint_6_val_loss=-0.0006.pt
04/02/2026 09:01:36 PM | engine.py:1037 Engine run finished. Time taken: 00:00:36.303
[Epoch 6] train_loss=0.000542 | val_loss=0.000560
04/02/2026 09:01:36 PM | engine.py:1010 Epoch[6] Complete. Time taken: 00:01:48.758
04/02/2026 09:02:50 PM | engine.py:906 Engine run starting with max_epochs=1.
04/02/2026 09:03:26 PM | engine.py:1010 Epoch[1] Complete. Time taken: 00:00:35.999
[Validator] Epoch 7 - val_loss: 0.000557
[BEST CHECKPOINT] Guardado/actualizado en: checkpoints\Mis_modelos\l1_freq checkpoints\2stems\best_checkpoint_7_val_loss=-0.0006.pt
04/02/2026 09:03:26 PM | engine.py:1037 Engine run finished. Time taken: 00:00:36.009
[Epoch 7] train_loss=0.000520 | val_loss=0.000557
04/02/2026 09:03:26 PM | engine.py:1010 Epoch[7] Complete. Time taken: 00:01:49.532
04/02/2026 09:04:38 PM | engine.py:906 Engine run starting with max_epochs=1.
04/02/2026 09:05:15 PM | engine.py:1010 Epoch[1] Complete. Time taken: 00:00:37.027
[Validator] Epoch 8 - val_loss: 0.000555
[BEST CHECKPOINT] Guardado/actualizado en: checkpoints\Mis_modelos\l1_freq checkpoints\2stems\best_checkpoint_8_val_loss=-0.0006.pt
04/02/2026 09:05:15 PM | engine.py:1037 Engine run finished. Time taken: 00:00:37.036
[Epoch 8] train_loss=0.000518 | val_loss=0.000555
04/02/2026 09:05:15 PM | engine.py:1010 Epoch[8] Complete. Time taken: 00:01:49.622
04/02/2026 09:06:29 PM | engine.py:906 Engine run starting with max_epochs=1.
04/02/2026 09:07:05 PM | engine.py:1010 Epoch[1] Complete. Time taken: 00:00:35.817
[Validator] Epoch 9 - val_loss: 0.000553
[BEST CHECKPOINT] Guardado/actualizado en: checkpoints\Mis_modelos\l1_freq checkpoints\2stems\best_checkpoint_9_val_loss=-0.0006.pt
04/02/2026 09:07:05 PM | engine.py:1037 Engine run finished. Time taken: 00:00:35.830
[Epoch 9] train_loss=0.000522 | val_loss=0.000553
04/02/2026 09:07:05 PM | engine.py:1010 Epoch[9] Complete. Time taken: 00:01:49.528
04/02/2026 09:08:19 PM | engine.py:906 Engine run starting with max_epochs=1.
04/02/2026 09:08:55 PM | engine.py:1010 Epoch[1] Complete. Time taken: 00:00:36.060
[Validator] Epoch 10 - val_loss: 0.000552
[BEST CHECKPOINT] Guardado/actualizado en: checkpoints\Mis_modelos\l1_freq checkpoints\2stems\best_checkpoint_10_val_loss=-0.0006.pt
04/02/2026 09:08:55 PM | engine.py:1037 Engine run finished. Time taken: 00:00:36.069
[Epoch 10] train_loss=0.000517 | val_loss=0.000552
04/02/2026 09:08:55 PM | engine.py:1010 Epoch[10] Complete. Time taken: 00:01:49.968
04/02/2026 09:10:08 PM | engine.py:906 Engine run starting with max_epochs=1.
04/02/2026 09:10:44 PM | engine.py:1010 Epoch[1] Complete. Time taken: 00:00:35.789
[Validator] Epoch 11 - val_loss: 0.000551
[BEST CHECKPOINT] Guardado/actualizado en: checkpoints\Mis_modelos\l1_freq checkpoints\2stems\best_checkpoint_11_val_loss=-0.0006.pt
04/02/2026 09:10:44 PM | engine.py:1037 Engine run finished. Time taken: 00:00:35.798
[Epoch 11] train_loss=0.000528 | val_loss=0.000551
04/02/2026 09:10:44 PM | engine.py:1010 Epoch[11] Complete. Time taken: 00:01:48.707
04/02/2026 09:11:57 PM | engine.py:906 Engine run starting with max_epochs=1.
04/02/2026 09:12:33 PM | engine.py:1010 Epoch[1] Complete. Time taken: 00:00:35.706
[Validator] Epoch 12 - val_loss: 0.000548
[BEST CHECKPOINT] Guardado/actualizado en: checkpoints\Mis_modelos\l1_freq checkpoints\2stems\best_checkpoint_12_val_loss=-0.0005.pt
04/02/2026 09:12:33 PM | engine.py:1037 Engine run finished. Time taken: 00:00:35.715
[Epoch 12] train_loss=0.000510 | val_loss=0.000548
04/02/2026 09:12:33 PM | engine.py:1010 Epoch[12] Complete. Time taken: 00:01:48.840
04/02/2026 09:13:46 PM | engine.py:906 Engine run starting with max_epochs=1.
04/02/2026 09:14:23 PM | engine.py:1010 Epoch[1] Complete. Time taken: 00:00:36.306
[Validator] Epoch 13 - val_loss: 0.000545
[BEST CHECKPOINT] Guardado/actualizado en: checkpoints\Mis_modelos\l1_freq checkpoints\2stems\best_checkpoint_13_val_loss=-0.0005.pt
04/02/2026 09:14:23 PM | engine.py:1037 Engine run finished. Time taken: 00:00:36.316
[Epoch 13] train_loss=0.000508 | val_loss=0.000545
04/02/2026 09:14:23 PM | engine.py:1010 Epoch[13] Complete. Time taken: 00:01:50.204
04/02/2026 09:15:36 PM | engine.py:906 Engine run starting with max_epochs=1.
04/02/2026 09:16:12 PM | engine.py:1010 Epoch[1] Complete. Time taken: 00:00:36.239
[Validator] Epoch 14 - val_loss: 0.000543
[BEST CHECKPOINT] Guardado/actualizado en: checkpoints\Mis_modelos\l1_freq checkpoints\2stems\best_checkpoint_14_val_loss=-0.0005.pt
04/02/2026 09:16:12 PM | engine.py:1037 Engine run finished. Time taken: 00:00:36.247
[Epoch 14] train_loss=0.000510 | val_loss=0.000543
04/02/2026 09:16:12 PM | engine.py:1010 Epoch[14] Complete. Time taken: 00:01:49.408
04/02/2026 09:17:25 PM | engine.py:906 Engine run starting with max_epochs=1.
04/02/2026 09:18:01 PM | engine.py:1010 Epoch[1] Complete. Time taken: 00:00:36.137
[Validator] Epoch 15 - val_loss: 0.000540
[BEST CHECKPOINT] Guardado/actualizado en: checkpoints\Mis_modelos\l1_freq checkpoints\2stems\best_checkpoint_15_val_loss=-0.0005.pt
04/02/2026 09:18:01 PM | engine.py:1037 Engine run finished. Time taken: 00:00:36.145
[Epoch 15] train_loss=0.000501 | val_loss=0.000540
04/02/2026 09:18:01 PM | engine.py:1010 Epoch[15] Complete. Time taken: 00:01:48.962
04/02/2026 09:19:15 PM | engine.py:906 Engine run starting with max_epochs=1.
04/02/2026 09:19:51 PM | engine.py:1010 Epoch[1] Complete. Time taken: 00:00:36.445
[Validator] Epoch 16 - val_loss: 0.000537
[BEST CHECKPOINT] Guardado/actualizado en: checkpoints\Mis_modelos\l1_freq checkpoints\2stems\best_checkpoint_16_val_loss=-0.0005.pt
04/02/2026 09:19:51 PM | engine.py:1037 Engine run finished. Time taken: 00:00:36.455
[Epoch 16] train_loss=0.000503 | val_loss=0.000537
04/02/2026 09:19:51 PM | engine.py:1010 Epoch[16] Complete. Time taken: 00:01:50.261
04/02/2026 09:21:05 PM | engine.py:906 Engine run starting with max_epochs=1.
04/02/2026 09:21:41 PM | engine.py:1010 Epoch[1] Complete. Time taken: 00:00:35.934
[Validator] Epoch 17 - val_loss: 0.000533
[BEST CHECKPOINT] Guardado/actualizado en: checkpoints\Mis_modelos\l1_freq checkpoints\2stems\best_checkpoint_17_val_loss=-0.0005.pt
04/02/2026 09:21:41 PM | engine.py:1037 Engine run finished. Time taken: 00:00:35.944
[Epoch 17] train_loss=0.000498 | val_loss=0.000533
04/02/2026 09:21:41 PM | engine.py:1010 Epoch[17] Complete. Time taken: 00:01:49.179
04/02/2026 09:22:54 PM | engine.py:906 Engine run starting with max_epochs=1.
04/02/2026 09:23:30 PM | engine.py:1010 Epoch[1] Complete. Time taken: 00:00:35.793
[Validator] Epoch 18 - val_loss: 0.000530
[BEST CHECKPOINT] Guardado/actualizado en: checkpoints\Mis_modelos\l1_freq checkpoints\2stems\best_checkpoint_18_val_loss=-0.0005.pt
04/02/2026 09:23:30 PM | engine.py:1037 Engine run finished. Time taken: 00:00:35.803
[Epoch 18] train_loss=0.000484 | val_loss=0.000530
04/02/2026 09:23:30 PM | engine.py:1010 Epoch[18] Complete. Time taken: 00:01:49.492
04/02/2026 09:24:42 PM | engine.py:906 Engine run starting with max_epochs=1.
04/02/2026 09:25:19 PM | engine.py:1010 Epoch[1] Complete. Time taken: 00:00:36.404
[Validator] Epoch 19 - val_loss: 0.000527
[BEST CHECKPOINT] Guardado/actualizado en: checkpoints\Mis_modelos\l1_freq checkpoints\2stems\best_checkpoint_19_val_loss=-0.0005.pt
04/02/2026 09:25:19 PM | engine.py:1037 Engine run finished. Time taken: 00:00:36.414
[Epoch 19] train_loss=0.000493 | val_loss=0.000527
04/02/2026 09:25:19 PM | engine.py:1010 Epoch[19] Complete. Time taken: 00:01:48.634
04/02/2026 09:26:31 PM | engine.py:906 Engine run starting with max_epochs=1.
04/02/2026 09:27:08 PM | engine.py:1010 Epoch[1] Complete. Time taken: 00:00:36.358
[Validator] Epoch 20 - val_loss: 0.000524
[BEST CHECKPOINT] Guardado/actualizado en: checkpoints\Mis_modelos\l1_freq checkpoints\2stems\best_checkpoint_20_val_loss=-0.0005.pt
04/02/2026 09:27:08 PM | engine.py:1037 Engine run finished. Time taken: 00:00:36.368
[Epoch 20] train_loss=0.000496 | val_loss=0.000524
04/02/2026 09:27:08 PM | engine.py:1010 Epoch[20] Complete. Time taken: 00:01:49.170
04/02/2026 09:28:21 PM | engine.py:906 Engine run starting with max_epochs=1.
04/02/2026 09:28:56 PM | engine.py:1010 Epoch[1] Complete. Time taken: 00:00:35.364
[Validator] Epoch 21 - val_loss: 0.000522
[BEST CHECKPOINT] Guardado/actualizado en: checkpoints\Mis_modelos\l1_freq checkpoints\2stems\best_checkpoint_21_val_loss=-0.0005.pt
04/02/2026 09:28:56 PM | engine.py:1037 Engine run finished. Time taken: 00:00:35.372
[Epoch 21] train_loss=0.000482 | val_loss=0.000522
04/02/2026 09:28:56 PM | engine.py:1010 Epoch[21] Complete. Time taken: 00:01:48.179
04/02/2026 09:30:09 PM | engine.py:906 Engine run starting with max_epochs=1.
04/02/2026 09:30:45 PM | engine.py:1010 Epoch[1] Complete. Time taken: 00:00:35.407
[Validator] Epoch 22 - val_loss: 0.000521
[BEST CHECKPOINT] Guardado/actualizado en: checkpoints\Mis_modelos\l1_freq checkpoints\2stems\best_checkpoint_22_val_loss=-0.0005.pt
04/02/2026 09:30:45 PM | engine.py:1037 Engine run finished. Time taken: 00:00:35.417
[Epoch 22] train_loss=0.000480 | val_loss=0.000521
04/02/2026 09:30:45 PM | engine.py:1010 Epoch[22] Complete. Time taken: 00:01:48.697
04/02/2026 09:31:59 PM | engine.py:906 Engine run starting with max_epochs=1.
04/02/2026 09:32:35 PM | engine.py:1010 Epoch[1] Complete. Time taken: 00:00:35.297
[Validator] Epoch 23 - val_loss: 0.000520
[BEST CHECKPOINT] Guardado/actualizado en: checkpoints\Mis_modelos\l1_freq checkpoints\2stems\best_checkpoint_23_val_loss=-0.0005.pt
04/02/2026 09:32:35 PM | engine.py:1037 Engine run finished. Time taken: 00:00:35.307
[Epoch 23] train_loss=0.000481 | val_loss=0.000520
04/02/2026 09:32:35 PM | engine.py:1010 Epoch[23] Complete. Time taken: 00:01:49.841
04/02/2026 09:33:47 PM | engine.py:906 Engine run starting with max_epochs=1.
04/02/2026 09:34:23 PM | engine.py:1010 Epoch[1] Complete. Time taken: 00:00:35.878
[Validator] Epoch 24 - val_loss: 0.000519
[BEST CHECKPOINT] Guardado/actualizado en: checkpoints\Mis_modelos\l1_freq checkpoints\2stems\best_checkpoint_24_val_loss=-0.0005.pt
04/02/2026 09:34:23 PM | engine.py:1037 Engine run finished. Time taken: 00:00:35.887
[Epoch 24] train_loss=0.000477 | val_loss=0.000519
04/02/2026 09:34:23 PM | engine.py:1010 Epoch[24] Complete. Time taken: 00:01:48.376
04/02/2026 09:35:36 PM | engine.py:906 Engine run starting with max_epochs=1.
04/02/2026 09:36:13 PM | engine.py:1010 Epoch[1] Complete. Time taken: 00:00:36.270
[Validator] Epoch 25 - val_loss: 0.000516
[BEST CHECKPOINT] Guardado/actualizado en: checkpoints\Mis_modelos\l1_freq checkpoints\2stems\best_checkpoint_25_val_loss=-0.0005.pt
04/02/2026 09:36:13 PM | engine.py:1037 Engine run finished. Time taken: 00:00:36.280
[Epoch 25] train_loss=0.000466 | val_loss=0.000516
04/02/2026 09:36:13 PM | engine.py:1010 Epoch[25] Complete. Time taken: 00:01:49.735
04/02/2026 09:37:25 PM | engine.py:906 Engine run starting with max_epochs=1.
04/02/2026 09:38:02 PM | engine.py:1010 Epoch[1] Complete. Time taken: 00:00:36.800
[Validator] Epoch 26 - val_loss: 0.000519
[BEST CHECKPOINT] Guardado/actualizado en: checkpoints\Mis_modelos\l1_freq checkpoints\2stems\best_checkpoint_25_val_loss=-0.0005.pt
04/02/2026 09:38:02 PM | engine.py:1037 Engine run finished. Time taken: 00:00:36.802
[Epoch 26] train_loss=0.000468 | val_loss=0.000519
04/02/2026 09:38:02 PM | engine.py:1010 Epoch[26] Complete. Time taken: 00:01:49.587
04/02/2026 09:39:15 PM | engine.py:906 Engine run starting with max_epochs=1.
04/02/2026 09:39:51 PM | engine.py:1010 Epoch[1] Complete. Time taken: 00:00:35.911
[Validator] Epoch 27 - val_loss: 0.000517
[BEST CHECKPOINT] Guardado/actualizado en: checkpoints\Mis_modelos\l1_freq checkpoints\2stems\best_checkpoint_25_val_loss=-0.0005.pt
04/02/2026 09:39:51 PM | engine.py:1037 Engine run finished. Time taken: 00:00:35.913
[Epoch 27] train_loss=0.000468 | val_loss=0.000517
04/02/2026 09:39:51 PM | engine.py:1010 Epoch[27] Complete. Time taken: 00:01:49.111
04/02/2026 09:41:06 PM | engine.py:906 Engine run starting with max_epochs=1.
04/02/2026 09:41:42 PM | engine.py:1010 Epoch[1] Complete. Time taken: 00:00:35.747
[Validator] Epoch 28 - val_loss: 0.000518
[BEST CHECKPOINT] Guardado/actualizado en: checkpoints\Mis_modelos\l1_freq checkpoints\2stems\best_checkpoint_25_val_loss=-0.0005.pt
04/02/2026 09:41:42 PM | engine.py:1037 Engine run finished. Time taken: 00:00:35.748
[Epoch 28] train_loss=0.000477 | val_loss=0.000518
04/02/2026 09:41:42 PM | engine.py:1010 Epoch[28] Complete. Time taken: 00:01:50.246
04/02/2026 09:42:53 PM | engine.py:906 Engine run starting with max_epochs=1.
04/02/2026 09:43:29 PM | engine.py:1010 Epoch[1] Complete. Time taken: 00:00:35.755
[Validator] Epoch 29 - val_loss: 0.000512
[BEST CHECKPOINT] Guardado/actualizado en: checkpoints\Mis_modelos\l1_freq checkpoints\2stems\best_checkpoint_29_val_loss=-0.0005.pt
04/02/2026 09:43:29 PM | engine.py:1037 Engine run finished. Time taken: 00:00:35.765
[Epoch 29] train_loss=0.000459 | val_loss=0.000512
04/02/2026 09:43:29 PM | engine.py:1010 Epoch[29] Complete. Time taken: 00:01:47.459
04/02/2026 09:44:43 PM | engine.py:906 Engine run starting with max_epochs=1.
04/02/2026 09:45:19 PM | engine.py:1010 Epoch[1] Complete. Time taken: 00:00:36.070
[Validator] Epoch 30 - val_loss: 0.000511
[BEST CHECKPOINT] Guardado/actualizado en: checkpoints\Mis_modelos\l1_freq checkpoints\2stems\best_checkpoint_30_val_loss=-0.0005.pt
04/02/2026 09:45:19 PM | engine.py:1037 Engine run finished. Time taken: 00:00:36.081
[Epoch 30] train_loss=0.000471 | val_loss=0.000511
04/02/2026 09:45:19 PM | engine.py:1010 Epoch[30] Complete. Time taken: 00:01:50.404
04/02/2026 09:46:33 PM | engine.py:906 Engine run starting with max_epochs=1.
04/02/2026 09:47:10 PM | engine.py:1010 Epoch[1] Complete. Time taken: 00:00:36.494
[Validator] Epoch 31 - val_loss: 0.000512
[BEST CHECKPOINT] Guardado/actualizado en: checkpoints\Mis_modelos\l1_freq checkpoints\2stems\best_checkpoint_30_val_loss=-0.0005.pt
04/02/2026 09:47:10 PM | engine.py:1037 Engine run finished. Time taken: 00:00:36.495
[Epoch 31] train_loss=0.000452 | val_loss=0.000512
04/02/2026 09:47:10 PM | engine.py:1010 Epoch[31] Complete. Time taken: 00:01:50.369
04/02/2026 09:48:23 PM | engine.py:906 Engine run starting with max_epochs=1.
04/02/2026 09:48:58 PM | engine.py:1010 Epoch[1] Complete. Time taken: 00:00:35.369
[Validator] Epoch 32 - val_loss: 0.000510
[BEST CHECKPOINT] Guardado/actualizado en: checkpoints\Mis_modelos\l1_freq checkpoints\2stems\best_checkpoint_32_val_loss=-0.0005.pt
04/02/2026 09:48:58 PM | engine.py:1037 Engine run finished. Time taken: 00:00:35.379
[Epoch 32] train_loss=0.000461 | val_loss=0.000510
04/02/2026 09:48:58 PM | engine.py:1010 Epoch[32] Complete. Time taken: 00:01:48.101
04/02/2026 09:50:12 PM | engine.py:906 Engine run starting with max_epochs=1.
04/02/2026 09:50:48 PM | engine.py:1010 Epoch[1] Complete. Time taken: 00:00:35.570
[Validator] Epoch 33 - val_loss: 0.000511
[BEST CHECKPOINT] Guardado/actualizado en: checkpoints\Mis_modelos\l1_freq checkpoints\2stems\best_checkpoint_32_val_loss=-0.0005.pt
04/02/2026 09:50:48 PM | engine.py:1037 Engine run finished. Time taken: 00:00:35.571
[Epoch 33] train_loss=0.000455 | val_loss=0.000511
04/02/2026 09:50:48 PM | engine.py:1010 Epoch[33] Complete. Time taken: 00:01:49.594
04/02/2026 09:52:00 PM | engine.py:906 Engine run starting with max_epochs=1.
04/02/2026 09:52:36 PM | engine.py:1010 Epoch[1] Complete. Time taken: 00:00:35.679
[Validator] Epoch 34 - val_loss: 0.000510
[BEST CHECKPOINT] Guardado/actualizado en: checkpoints\Mis_modelos\l1_freq checkpoints\2stems\best_checkpoint_32_val_loss=-0.0005.pt
04/02/2026 09:52:36 PM | engine.py:1037 Engine run finished. Time taken: 00:00:35.681
[Epoch 34] train_loss=0.000467 | val_loss=0.000510
04/02/2026 09:52:36 PM | engine.py:1010 Epoch[34] Complete. Time taken: 00:01:48.612
04/02/2026 09:53:50 PM | engine.py:906 Engine run starting with max_epochs=1.
04/02/2026 09:54:26 PM | engine.py:1010 Epoch[1] Complete. Time taken: 00:00:36.230
[Validator] Epoch 35 - val_loss: 0.000512
[BEST CHECKPOINT] Guardado/actualizado en: checkpoints\Mis_modelos\l1_freq checkpoints\2stems\best_checkpoint_32_val_loss=-0.0005.pt
04/02/2026 09:54:26 PM | engine.py:1037 Engine run finished. Time taken: 00:00:36.231
[Epoch 35] train_loss=0.000456 | val_loss=0.000512
04/02/2026 09:54:26 PM | engine.py:1010 Epoch[35] Complete. Time taken: 00:01:49.754
04/02/2026 09:55:38 PM | engine.py:906 Engine run starting with max_epochs=1.
04/02/2026 09:56:15 PM | engine.py:1010 Epoch[1] Complete. Time taken: 00:00:36.661
[Validator] Epoch 36 - val_loss: 0.000509
[BEST CHECKPOINT] Guardado/actualizado en: checkpoints\Mis_modelos\l1_freq checkpoints\2stems\best_checkpoint_36_val_loss=-0.0005.pt
04/02/2026 09:56:15 PM | engine.py:1037 Engine run finished. Time taken: 00:00:36.670
[Epoch 36] train_loss=0.000459 | val_loss=0.000509
04/02/2026 09:56:15 PM | engine.py:1010 Epoch[36] Complete. Time taken: 00:01:49.189
04/02/2026 09:57:27 PM | engine.py:906 Engine run starting with max_epochs=1.
04/02/2026 09:58:03 PM | engine.py:1010 Epoch[1] Complete. Time taken: 00:00:35.915
[Validator] Epoch 37 - val_loss: 0.000507
[BEST CHECKPOINT] Guardado/actualizado en: checkpoints\Mis_modelos\l1_freq checkpoints\2stems\best_checkpoint_37_val_loss=-0.0005.pt
04/02/2026 09:58:03 PM | engine.py:1037 Engine run finished. Time taken: 00:00:35.925
[Epoch 37] train_loss=0.000462 | val_loss=0.000507
04/02/2026 09:58:03 PM | engine.py:1010 Epoch[37] Complete. Time taken: 00:01:47.867
04/02/2026 09:59:17 PM | engine.py:906 Engine run starting with max_epochs=1.
04/02/2026 09:59:53 PM | engine.py:1010 Epoch[1] Complete. Time taken: 00:00:36.137
[Validator] Epoch 38 - val_loss: 0.000507
[BEST CHECKPOINT] Guardado/actualizado en: checkpoints\Mis_modelos\l1_freq checkpoints\2stems\best_checkpoint_37_val_loss=-0.0005.pt
04/02/2026 09:59:53 PM | engine.py:1037 Engine run finished. Time taken: 00:00:36.138
[Epoch 38] train_loss=0.000457 | val_loss=0.000507
04/02/2026 09:59:53 PM | engine.py:1010 Epoch[38] Complete. Time taken: 00:01:50.222
04/02/2026 10:01:06 PM | engine.py:906 Engine run starting with max_epochs=1.
04/02/2026 10:01:42 PM | engine.py:1010 Epoch[1] Complete. Time taken: 00:00:35.998
[Validator] Epoch 39 - val_loss: 0.000511
[BEST CHECKPOINT] Guardado/actualizado en: checkpoints\Mis_modelos\l1_freq checkpoints\2stems\best_checkpoint_37_val_loss=-0.0005.pt
04/02/2026 10:01:42 PM | engine.py:1037 Engine run finished. Time taken: 00:00:35.999
[Epoch 39] train_loss=0.000457 | val_loss=0.000511
04/02/2026 10:01:42 PM | engine.py:1010 Epoch[39] Complete. Time taken: 00:01:48.644
04/02/2026 10:02:54 PM | engine.py:906 Engine run starting with max_epochs=1.
04/02/2026 10:03:31 PM | engine.py:1010 Epoch[1] Complete. Time taken: 00:00:36.459
[Validator] Epoch 40 - val_loss: 0.000508
[BEST CHECKPOINT] Guardado/actualizado en: checkpoints\Mis_modelos\l1_freq checkpoints\2stems\best_checkpoint_37_val_loss=-0.0005.pt
04/02/2026 10:03:31 PM | engine.py:1037 Engine run finished. Time taken: 00:00:36.461
[Epoch 40] train_loss=0.000454 | val_loss=0.000508
04/02/2026 10:03:31 PM | engine.py:1010 Epoch[40] Complete. Time taken: 00:01:49.120
04/02/2026 10:04:44 PM | engine.py:906 Engine run starting with max_epochs=1.
04/02/2026 10:05:21 PM | engine.py:1010 Epoch[1] Complete. Time taken: 00:00:37.248
[Validator] Epoch 41 - val_loss: 0.000507
[BEST CHECKPOINT] Guardado/actualizado en: checkpoints\Mis_modelos\l1_freq checkpoints\2stems\best_checkpoint_37_val_loss=-0.0005.pt
04/02/2026 10:05:21 PM | engine.py:1037 Engine run finished. Time taken: 00:00:37.249
[Epoch 41] train_loss=0.000458 | val_loss=0.000507
04/02/2026 10:05:21 PM | engine.py:1010 Epoch[41] Complete. Time taken: 00:01:50.142
04/02/2026 10:06:34 PM | engine.py:906 Engine run starting with max_epochs=1.
04/02/2026 10:07:10 PM | engine.py:1010 Epoch[1] Complete. Time taken: 00:00:35.834
[Validator] Epoch 42 - val_loss: 0.000510
[BEST CHECKPOINT] Guardado/actualizado en: checkpoints\Mis_modelos\l1_freq checkpoints\2stems\best_checkpoint_37_val_loss=-0.0005.pt
04/02/2026 10:07:10 PM | engine.py:1037 Engine run finished. Time taken: 00:00:35.835
[Epoch 42] train_loss=0.000443 | val_loss=0.000510
04/02/2026 10:07:10 PM | engine.py:1010 Epoch[42] Complete. Time taken: 00:01:48.577
04/02/2026 10:08:23 PM | engine.py:906 Engine run starting with max_epochs=1.
04/02/2026 10:08:59 PM | engine.py:1010 Epoch[1] Complete. Time taken: 00:00:35.917
[Validator] Epoch 43 - val_loss: 0.000503
[BEST CHECKPOINT] Guardado/actualizado en: checkpoints\Mis_modelos\l1_freq checkpoints\2stems\best_checkpoint_43_val_loss=-0.0005.pt
04/02/2026 10:08:59 PM | engine.py:1037 Engine run finished. Time taken: 00:00:35.926
[Epoch 43] train_loss=0.000446 | val_loss=0.000503
04/02/2026 10:08:59 PM | engine.py:1010 Epoch[43] Complete. Time taken: 00:01:49.407
04/02/2026 10:10:14 PM | engine.py:906 Engine run starting with max_epochs=1.
04/02/2026 10:10:49 PM | engine.py:1010 Epoch[1] Complete. Time taken: 00:00:35.528
[Validator] Epoch 44 - val_loss: 0.000502
[BEST CHECKPOINT] Guardado/actualizado en: checkpoints\Mis_modelos\l1_freq checkpoints\2stems\best_checkpoint_44_val_loss=-0.0005.pt
04/02/2026 10:10:49 PM | engine.py:1037 Engine run finished. Time taken: 00:00:35.538
[Epoch 44] train_loss=0.000442 | val_loss=0.000502
04/02/2026 10:10:49 PM | engine.py:1010 Epoch[44] Complete. Time taken: 00:01:50.014
04/02/2026 10:12:04 PM | engine.py:906 Engine run starting with max_epochs=1.
04/02/2026 10:12:40 PM | engine.py:1010 Epoch[1] Complete. Time taken: 00:00:36.287
[Validator] Epoch 45 - val_loss: 0.000502
[BEST CHECKPOINT] Guardado/actualizado en: checkpoints\Mis_modelos\l1_freq checkpoints\2stems\best_checkpoint_44_val_loss=-0.0005.pt
04/02/2026 10:12:40 PM | engine.py:1037 Engine run finished. Time taken: 00:00:36.289
[Epoch 45] train_loss=0.000445 | val_loss=0.000502
04/02/2026 10:12:40 PM | engine.py:1010 Epoch[45] Complete. Time taken: 00:01:50.840
04/02/2026 10:13:54 PM | engine.py:906 Engine run starting with max_epochs=1.
04/02/2026 10:14:30 PM | engine.py:1010 Epoch[1] Complete. Time taken: 00:00:35.941
[Validator] Epoch 46 - val_loss: 0.000502
[BEST CHECKPOINT] Guardado/actualizado en: checkpoints\Mis_modelos\l1_freq checkpoints\2stems\best_checkpoint_44_val_loss=-0.0005.pt
04/02/2026 10:14:30 PM | engine.py:1037 Engine run finished. Time taken: 00:00:35.943
[Epoch 46] train_loss=0.000443 | val_loss=0.000502
04/02/2026 10:14:30 PM | engine.py:1010 Epoch[46] Complete. Time taken: 00:01:50.409
04/02/2026 10:15:44 PM | engine.py:906 Engine run starting with max_epochs=1.
04/02/2026 10:16:20 PM | engine.py:1010 Epoch[1] Complete. Time taken: 00:00:36.537
[Validator] Epoch 47 - val_loss: 0.000501
[BEST CHECKPOINT] Guardado/actualizado en: checkpoints\Mis_modelos\l1_freq checkpoints\2stems\best_checkpoint_47_val_loss=-0.0005.pt
04/02/2026 10:16:20 PM | engine.py:1037 Engine run finished. Time taken: 00:00:36.546
[Epoch 47] train_loss=0.000440 | val_loss=0.000501
04/02/2026 10:16:20 PM | engine.py:1010 Epoch[47] Complete. Time taken: 00:01:49.975
04/02/2026 10:17:34 PM | engine.py:906 Engine run starting with max_epochs=1.
04/02/2026 10:18:10 PM | engine.py:1010 Epoch[1] Complete. Time taken: 00:00:36.048
[Validator] Epoch 48 - val_loss: 0.000501
[BEST CHECKPOINT] Guardado/actualizado en: checkpoints\Mis_modelos\l1_freq checkpoints\2stems\best_checkpoint_48_val_loss=-0.0005.pt
04/02/2026 10:18:10 PM | engine.py:1037 Engine run finished. Time taken: 00:00:36.057
[Epoch 48] train_loss=0.000441 | val_loss=0.000501
04/02/2026 10:18:10 PM | engine.py:1010 Epoch[48] Complete. Time taken: 00:01:49.441
04/02/2026 10:19:23 PM | engine.py:906 Engine run starting with max_epochs=1.
04/02/2026 10:19:59 PM | engine.py:1010 Epoch[1] Complete. Time taken: 00:00:35.986
[Validator] Epoch 49 - val_loss: 0.000499
[BEST CHECKPOINT] Guardado/actualizado en: checkpoints\Mis_modelos\l1_freq checkpoints\2stems\best_checkpoint_49_val_loss=-0.0005.pt
04/02/2026 10:19:59 PM | engine.py:1037 Engine run finished. Time taken: 00:00:35.995
[Epoch 49] train_loss=0.000446 | val_loss=0.000499
04/02/2026 10:19:59 PM | engine.py:1010 Epoch[49] Complete. Time taken: 00:01:48.897
04/02/2026 10:21:12 PM | engine.py:906 Engine run starting with max_epochs=1.
04/02/2026 10:21:48 PM | engine.py:1010 Epoch[1] Complete. Time taken: 00:00:36.328
[Validator] Epoch 50 - val_loss: 0.000499
[BEST CHECKPOINT] Guardado/actualizado en: checkpoints\Mis_modelos\l1_freq checkpoints\2stems\best_checkpoint_50_val_loss=-0.0005.pt
04/02/2026 10:21:48 PM | engine.py:1037 Engine run finished. Time taken: 00:00:36.338
[Epoch 50] train_loss=0.000436 | val_loss=0.000499
04/02/2026 10:21:48 PM | engine.py:1010 Epoch[50] Complete. Time taken: 00:01:49.203
04/02/2026 10:23:02 PM | engine.py:906 Engine run starting with max_epochs=1.
04/02/2026 10:23:38 PM | engine.py:1010 Epoch[1] Complete. Time taken: 00:00:36.052
[Validator] Epoch 51 - val_loss: 0.000498
[BEST CHECKPOINT] Guardado/actualizado en: checkpoints\Mis_modelos\l1_freq checkpoints\2stems\best_checkpoint_51_val_loss=-0.0005.pt
04/02/2026 10:23:38 PM | engine.py:1037 Engine run finished. Time taken: 00:00:36.061
[Epoch 51] train_loss=0.000451 | val_loss=0.000498
04/02/2026 10:23:38 PM | engine.py:1010 Epoch[51] Complete. Time taken: 00:01:50.285
04/02/2026 10:24:53 PM | engine.py:906 Engine run starting with max_epochs=1.
04/02/2026 10:25:29 PM | engine.py:1010 Epoch[1] Complete. Time taken: 00:00:35.977
[Validator] Epoch 52 - val_loss: 0.000499
[BEST CHECKPOINT] Guardado/actualizado en: checkpoints\Mis_modelos\l1_freq checkpoints\2stems\best_checkpoint_51_val_loss=-0.0005.pt
04/02/2026 10:25:29 PM | engine.py:1037 Engine run finished. Time taken: 00:00:35.979
[Epoch 52] train_loss=0.000432 | val_loss=0.000499
04/02/2026 10:25:29 PM | engine.py:1010 Epoch[52] Complete. Time taken: 00:01:50.375
04/02/2026 10:26:42 PM | engine.py:906 Engine run starting with max_epochs=1.
04/02/2026 10:27:19 PM | engine.py:1010 Epoch[1] Complete. Time taken: 00:00:36.252
[Validator] Epoch 53 - val_loss: 0.000498
[BEST CHECKPOINT] Guardado/actualizado en: checkpoints\Mis_modelos\l1_freq checkpoints\2stems\best_checkpoint_51_val_loss=-0.0005.pt
04/02/2026 10:27:19 PM | engine.py:1037 Engine run finished. Time taken: 00:00:36.253
[Epoch 53] train_loss=0.000443 | val_loss=0.000498
04/02/2026 10:27:19 PM | engine.py:1010 Epoch[53] Complete. Time taken: 00:01:50.146
04/02/2026 10:28:33 PM | engine.py:906 Engine run starting with max_epochs=1.
04/02/2026 10:29:09 PM | engine.py:1010 Epoch[1] Complete. Time taken: 00:00:36.674
[Validator] Epoch 54 - val_loss: 0.000498
[BEST CHECKPOINT] Guardado/actualizado en: checkpoints\Mis_modelos\l1_freq checkpoints\2stems\best_checkpoint_54_val_loss=-0.0005.pt
04/02/2026 10:29:09 PM | engine.py:1037 Engine run finished. Time taken: 00:00:36.683
[Epoch 54] train_loss=0.000439 | val_loss=0.000498
04/02/2026 10:29:09 PM | engine.py:1010 Epoch[54] Complete. Time taken: 00:01:50.572
04/02/2026 10:30:22 PM | engine.py:906 Engine run starting with max_epochs=1.
04/02/2026 10:30:58 PM | engine.py:1010 Epoch[1] Complete. Time taken: 00:00:35.468
[Validator] Epoch 55 - val_loss: 0.000494
[BEST CHECKPOINT] Guardado/actualizado en: checkpoints\Mis_modelos\l1_freq checkpoints\2stems\best_checkpoint_55_val_loss=-0.0005.pt
04/02/2026 10:30:58 PM | engine.py:1037 Engine run finished. Time taken: 00:00:35.478
[Epoch 55] train_loss=0.000431 | val_loss=0.000494
04/02/2026 10:30:58 PM | engine.py:1010 Epoch[55] Complete. Time taken: 00:01:48.399
04/02/2026 10:32:11 PM | engine.py:906 Engine run starting with max_epochs=1.
04/02/2026 10:32:47 PM | engine.py:1010 Epoch[1] Complete. Time taken: 00:00:36.414
[Validator] Epoch 56 - val_loss: 0.000497
[BEST CHECKPOINT] Guardado/actualizado en: checkpoints\Mis_modelos\l1_freq checkpoints\2stems\best_checkpoint_55_val_loss=-0.0005.pt
04/02/2026 10:32:47 PM | engine.py:1037 Engine run finished. Time taken: 00:00:36.414
[Epoch 56] train_loss=0.000443 | val_loss=0.000497
04/02/2026 10:32:47 PM | engine.py:1010 Epoch[56] Complete. Time taken: 00:01:49.809
04/02/2026 10:34:01 PM | engine.py:906 Engine run starting with max_epochs=1.
04/02/2026 10:34:38 PM | engine.py:1010 Epoch[1] Complete. Time taken: 00:00:36.882
[Validator] Epoch 57 - val_loss: 0.000498
[BEST CHECKPOINT] Guardado/actualizado en: checkpoints\Mis_modelos\l1_freq checkpoints\2stems\best_checkpoint_55_val_loss=-0.0005.pt
04/02/2026 10:34:38 PM | engine.py:1037 Engine run finished. Time taken: 00:00:36.883
[Epoch 57] train_loss=0.000432 | val_loss=0.000498
04/02/2026 10:34:38 PM | engine.py:1010 Epoch[57] Complete. Time taken: 00:01:50.503
04/02/2026 10:35:52 PM | engine.py:906 Engine run starting with max_epochs=1.
04/02/2026 10:36:27 PM | engine.py:1010 Epoch[1] Complete. Time taken: 00:00:35.513
[Validator] Epoch 58 - val_loss: 0.000497
[BEST CHECKPOINT] Guardado/actualizado en: checkpoints\Mis_modelos\l1_freq checkpoints\2stems\best_checkpoint_55_val_loss=-0.0005.pt
04/02/2026 10:36:27 PM | engine.py:1037 Engine run finished. Time taken: 00:00:35.514
[Epoch 58] train_loss=0.000435 | val_loss=0.000497
04/02/2026 10:36:27 PM | engine.py:1010 Epoch[58] Complete. Time taken: 00:01:49.179
04/02/2026 10:37:40 PM | engine.py:906 Engine run starting with max_epochs=1.
04/02/2026 10:38:16 PM | engine.py:1010 Epoch[1] Complete. Time taken: 00:00:35.713
[Validator] Epoch 59 - val_loss: 0.000494
[BEST CHECKPOINT] Guardado/actualizado en: checkpoints\Mis_modelos\l1_freq checkpoints\2stems\best_checkpoint_55_val_loss=-0.0005.pt
04/02/2026 10:38:16 PM | engine.py:1037 Engine run finished. Time taken: 00:00:35.714
[Epoch 59] train_loss=0.000435 | val_loss=0.000494
04/02/2026 10:38:16 PM | engine.py:1010 Epoch[59] Complete. Time taken: 00:01:48.414
04/02/2026 10:39:28 PM | engine.py:906 Engine run starting with max_epochs=1.
04/02/2026 10:40:04 PM | engine.py:1010 Epoch[1] Complete. Time taken: 00:00:35.792
[Validator] Epoch 60 - val_loss: 0.000494
[BEST CHECKPOINT] Guardado/actualizado en: checkpoints\Mis_modelos\l1_freq checkpoints\2stems\best_checkpoint_55_val_loss=-0.0005.pt
04/02/2026 10:40:04 PM | engine.py:1037 Engine run finished. Time taken: 00:00:35.793
[Epoch 60] train_loss=0.000430 | val_loss=0.000494
04/02/2026 10:40:04 PM | engine.py:1010 Epoch[60] Complete. Time taken: 00:01:48.690
04/02/2026 10:41:16 PM | engine.py:906 Engine run starting with max_epochs=1.
04/02/2026 10:41:53 PM | engine.py:1010 Epoch[1] Complete. Time taken: 00:00:36.294
[Validator] Epoch 61 - val_loss: 0.000493
[BEST CHECKPOINT] Guardado/actualizado en: checkpoints\Mis_modelos\l1_freq checkpoints\2stems\best_checkpoint_61_val_loss=-0.0005.pt
04/02/2026 10:41:53 PM | engine.py:1037 Engine run finished. Time taken: 00:00:36.304
[Epoch 61] train_loss=0.000428 | val_loss=0.000493
04/02/2026 10:41:53 PM | engine.py:1010 Epoch[61] Complete. Time taken: 00:01:48.540
04/02/2026 10:43:06 PM | engine.py:906 Engine run starting with max_epochs=1.
04/02/2026 10:43:43 PM | engine.py:1010 Epoch[1] Complete. Time taken: 00:00:36.375
[Validator] Epoch 62 - val_loss: 0.000490
[BEST CHECKPOINT] Guardado/actualizado en: checkpoints\Mis_modelos\l1_freq checkpoints\2stems\best_checkpoint_62_val_loss=-0.0005.pt
04/02/2026 10:43:43 PM | engine.py:1037 Engine run finished. Time taken: 00:00:36.383
[Epoch 62] train_loss=0.000438 | val_loss=0.000490
04/02/2026 10:43:43 PM | engine.py:1010 Epoch[62] Complete. Time taken: 00:01:49.825
04/02/2026 10:44:57 PM | engine.py:906 Engine run starting with max_epochs=1.
04/02/2026 10:45:33 PM | engine.py:1010 Epoch[1] Complete. Time taken: 00:00:35.899
[Validator] Epoch 63 - val_loss: 0.000491
[BEST CHECKPOINT] Guardado/actualizado en: checkpoints\Mis_modelos\l1_freq checkpoints\2stems\best_checkpoint_62_val_loss=-0.0005.pt
04/02/2026 10:45:33 PM | engine.py:1037 Engine run finished. Time taken: 00:00:35.900
[Epoch 63] train_loss=0.000436 | val_loss=0.000491
04/02/2026 10:45:33 PM | engine.py:1010 Epoch[63] Complete. Time taken: 00:01:50.527
04/02/2026 10:46:46 PM | engine.py:906 Engine run starting with max_epochs=1.
04/02/2026 10:47:23 PM | engine.py:1010 Epoch[1] Complete. Time taken: 00:00:36.280
[Validator] Epoch 64 - val_loss: 0.000490
[BEST CHECKPOINT] Guardado/actualizado en: checkpoints\Mis_modelos\l1_freq checkpoints\2stems\best_checkpoint_64_val_loss=-0.0005.pt
04/02/2026 10:47:23 PM | engine.py:1037 Engine run finished. Time taken: 00:00:36.288
[Epoch 64] train_loss=0.000423 | val_loss=0.000490
04/02/2026 10:47:23 PM | engine.py:1010 Epoch[64] Complete. Time taken: 00:01:49.574
04/02/2026 10:48:36 PM | engine.py:906 Engine run starting with max_epochs=1.
04/02/2026 10:49:12 PM | engine.py:1010 Epoch[1] Complete. Time taken: 00:00:35.980
[Validator] Epoch 65 - val_loss: 0.000491
[BEST CHECKPOINT] Guardado/actualizado en: checkpoints\Mis_modelos\l1_freq checkpoints\2stems\best_checkpoint_64_val_loss=-0.0005.pt
04/02/2026 10:49:12 PM | engine.py:1037 Engine run finished. Time taken: 00:00:35.981
[Epoch 65] train_loss=0.000422 | val_loss=0.000491
04/02/2026 10:49:12 PM | engine.py:1010 Epoch[65] Complete. Time taken: 00:01:49.568
04/02/2026 10:50:25 PM | engine.py:906 Engine run starting with max_epochs=1.
04/02/2026 10:51:02 PM | engine.py:1010 Epoch[1] Complete. Time taken: 00:00:36.968
[Validator] Epoch 66 - val_loss: 0.000497
[BEST CHECKPOINT] Guardado/actualizado en: checkpoints\Mis_modelos\l1_freq checkpoints\2stems\best_checkpoint_64_val_loss=-0.0005.pt
04/02/2026 10:51:02 PM | engine.py:1037 Engine run finished. Time taken: 00:00:36.969
[Epoch 66] train_loss=0.000430 | val_loss=0.000497
04/02/2026 10:51:02 PM | engine.py:1010 Epoch[66] Complete. Time taken: 00:01:49.914
04/02/2026 10:52:15 PM | engine.py:906 Engine run starting with max_epochs=1.
04/02/2026 10:52:52 PM | engine.py:1010 Epoch[1] Complete. Time taken: 00:00:36.206
[Validator] Epoch 67 - val_loss: 0.000487
[BEST CHECKPOINT] Guardado/actualizado en: checkpoints\Mis_modelos\l1_freq checkpoints\2stems\best_checkpoint_67_val_loss=-0.0005.pt
04/02/2026 10:52:52 PM | engine.py:1037 Engine run finished. Time taken: 00:00:36.215
[Epoch 67] train_loss=0.000416 | val_loss=0.000487
04/02/2026 10:52:52 PM | engine.py:1010 Epoch[67] Complete. Time taken: 00:01:49.497
04/02/2026 10:54:06 PM | engine.py:906 Engine run starting with max_epochs=1.
04/02/2026 10:54:41 PM | engine.py:1010 Epoch[1] Complete. Time taken: 00:00:35.128
[Validator] Epoch 68 - val_loss: 0.000483
[BEST CHECKPOINT] Guardado/actualizado en: checkpoints\Mis_modelos\l1_freq checkpoints\2stems\best_checkpoint_68_val_loss=-0.0005.pt
04/02/2026 10:54:41 PM | engine.py:1037 Engine run finished. Time taken: 00:00:35.137
[Epoch 68] train_loss=0.000429 | val_loss=0.000483
04/02/2026 10:54:41 PM | engine.py:1010 Epoch[68] Complete. Time taken: 00:01:48.998
04/02/2026 10:55:55 PM | engine.py:906 Engine run starting with max_epochs=1.
04/02/2026 10:56:31 PM | engine.py:1010 Epoch[1] Complete. Time taken: 00:00:35.738
[Validator] Epoch 69 - val_loss: 0.000483
[BEST CHECKPOINT] Guardado/actualizado en: checkpoints\Mis_modelos\l1_freq checkpoints\2stems\best_checkpoint_69_val_loss=-0.0005.pt
04/02/2026 10:56:31 PM | engine.py:1037 Engine run finished. Time taken: 00:00:35.748
[Epoch 69] train_loss=0.000425 | val_loss=0.000483
04/02/2026 10:56:31 PM | engine.py:1010 Epoch[69] Complete. Time taken: 00:01:50.432
04/02/2026 10:57:44 PM | engine.py:906 Engine run starting with max_epochs=1.
04/02/2026 10:58:21 PM | engine.py:1010 Epoch[1] Complete. Time taken: 00:00:36.239
[Validator] Epoch 70 - val_loss: 0.000484
[BEST CHECKPOINT] Guardado/actualizado en: checkpoints\Mis_modelos\l1_freq checkpoints\2stems\best_checkpoint_69_val_loss=-0.0005.pt
04/02/2026 10:58:21 PM | engine.py:1037 Engine run finished. Time taken: 00:00:36.242
[Epoch 70] train_loss=0.000431 | val_loss=0.000484
04/02/2026 10:58:21 PM | engine.py:1010 Epoch[70] Complete. Time taken: 00:01:49.531
04/02/2026 10:59:33 PM | engine.py:906 Engine run starting with max_epochs=1.
04/02/2026 11:00:10 PM | engine.py:1010 Epoch[1] Complete. Time taken: 00:00:36.729
[Validator] Epoch 71 - val_loss: 0.000485
[BEST CHECKPOINT] Guardado/actualizado en: checkpoints\Mis_modelos\l1_freq checkpoints\2stems\best_checkpoint_69_val_loss=-0.0005.pt
04/02/2026 11:00:10 PM | engine.py:1037 Engine run finished. Time taken: 00:00:36.730
[Epoch 71] train_loss=0.000429 | val_loss=0.000485
04/02/2026 11:00:10 PM | engine.py:1010 Epoch[71] Complete. Time taken: 00:01:49.410
04/02/2026 11:01:23 PM | engine.py:906 Engine run starting with max_epochs=1.
04/02/2026 11:01:59 PM | engine.py:1010 Epoch[1] Complete. Time taken: 00:00:36.173
[Validator] Epoch 72 - val_loss: 0.000483
[BEST CHECKPOINT] Guardado/actualizado en: checkpoints\Mis_modelos\l1_freq checkpoints\2stems\best_checkpoint_69_val_loss=-0.0005.pt
04/02/2026 11:01:59 PM | engine.py:1037 Engine run finished. Time taken: 00:00:36.175
[Epoch 72] train_loss=0.000422 | val_loss=0.000483
04/02/2026 11:01:59 PM | engine.py:1010 Epoch[72] Complete. Time taken: 00:01:49.140
04/02/2026 11:03:13 PM | engine.py:906 Engine run starting with max_epochs=1.
04/02/2026 11:03:49 PM | engine.py:1010 Epoch[1] Complete. Time taken: 00:00:35.675
[Validator] Epoch 73 - val_loss: 0.000482
[BEST CHECKPOINT] Guardado/actualizado en: checkpoints\Mis_modelos\l1_freq checkpoints\2stems\best_checkpoint_73_val_loss=-0.0005.pt
04/02/2026 11:03:49 PM | engine.py:1037 Engine run finished. Time taken: 00:00:35.685
[Epoch 73] train_loss=0.000417 | val_loss=0.000482
04/02/2026 11:03:49 PM | engine.py:1010 Epoch[73] Complete. Time taken: 00:01:49.848
04/02/2026 11:05:03 PM | engine.py:906 Engine run starting with max_epochs=1.
04/02/2026 11:05:39 PM | engine.py:1010 Epoch[1] Complete. Time taken: 00:00:36.641
[Validator] Epoch 74 - val_loss: 0.000484
[BEST CHECKPOINT] Guardado/actualizado en: checkpoints\Mis_modelos\l1_freq checkpoints\2stems\best_checkpoint_73_val_loss=-0.0005.pt
04/02/2026 11:05:39 PM | engine.py:1037 Engine run finished. Time taken: 00:00:36.643
[Epoch 74] train_loss=0.000416 | val_loss=0.000484
04/02/2026 11:05:39 PM | engine.py:1010 Epoch[74] Complete. Time taken: 00:01:50.380
04/02/2026 11:06:53 PM | engine.py:906 Engine run starting with max_epochs=1.
04/02/2026 11:07:29 PM | engine.py:1010 Epoch[1] Complete. Time taken: 00:00:35.446
[Validator] Epoch 75 - val_loss: 0.000480
[BEST CHECKPOINT] Guardado/actualizado en: checkpoints\Mis_modelos\l1_freq checkpoints\2stems\best_checkpoint_75_val_loss=-0.0005.pt
04/02/2026 11:07:29 PM | engine.py:1037 Engine run finished. Time taken: 00:00:35.455
[Epoch 75] train_loss=0.000425 | val_loss=0.000480
04/02/2026 11:07:29 PM | engine.py:1010 Epoch[75] Complete. Time taken: 00:01:49.508
04/02/2026 11:08:43 PM | engine.py:906 Engine run starting with max_epochs=1.
04/02/2026 11:09:19 PM | engine.py:1010 Epoch[1] Complete. Time taken: 00:00:36.329
[Validator] Epoch 76 - val_loss: 0.000479
[BEST CHECKPOINT] Guardado/actualizado en: checkpoints\Mis_modelos\l1_freq checkpoints\2stems\best_checkpoint_76_val_loss=-0.0005.pt
04/02/2026 11:09:19 PM | engine.py:1037 Engine run finished. Time taken: 00:00:36.339
[Epoch 76] train_loss=0.000413 | val_loss=0.000479
04/02/2026 11:09:19 PM | engine.py:1010 Epoch[76] Complete. Time taken: 00:01:49.943
04/02/2026 11:10:33 PM | engine.py:906 Engine run starting with max_epochs=1.
04/02/2026 11:11:08 PM | engine.py:1010 Epoch[1] Complete. Time taken: 00:00:35.742
[Validator] Epoch 77 - val_loss: 0.000480
[BEST CHECKPOINT] Guardado/actualizado en: checkpoints\Mis_modelos\l1_freq checkpoints\2stems\best_checkpoint_76_val_loss=-0.0005.pt
04/02/2026 11:11:08 PM | engine.py:1037 Engine run finished. Time taken: 00:00:35.743
[Epoch 77] train_loss=0.000423 | val_loss=0.000480
04/02/2026 11:11:08 PM | engine.py:1010 Epoch[77] Complete. Time taken: 00:01:49.628
04/02/2026 11:12:22 PM | engine.py:906 Engine run starting with max_epochs=1.
04/02/2026 11:12:58 PM | engine.py:1010 Epoch[1] Complete. Time taken: 00:00:36.030
[Validator] Epoch 78 - val_loss: 0.000477
[BEST CHECKPOINT] Guardado/actualizado en: checkpoints\Mis_modelos\l1_freq checkpoints\2stems\best_checkpoint_78_val_loss=-0.0005.pt
04/02/2026 11:12:58 PM | engine.py:1037 Engine run finished. Time taken: 00:00:36.038
[Epoch 78] train_loss=0.000421 | val_loss=0.000477
04/02/2026 11:12:58 PM | engine.py:1010 Epoch[78] Complete. Time taken: 00:01:49.313
04/02/2026 11:14:13 PM | engine.py:906 Engine run starting with max_epochs=1.
04/02/2026 11:14:49 PM | engine.py:1010 Epoch[1] Complete. Time taken: 00:00:36.397
[Validator] Epoch 79 - val_loss: 0.000477
[BEST CHECKPOINT] Guardado/actualizado en: checkpoints\Mis_modelos\l1_freq checkpoints\2stems\best_checkpoint_78_val_loss=-0.0005.pt
04/02/2026 11:14:49 PM | engine.py:1037 Engine run finished. Time taken: 00:00:36.399
[Epoch 79] train_loss=0.000417 | val_loss=0.000477
04/02/2026 11:14:49 PM | engine.py:1010 Epoch[79] Complete. Time taken: 00:01:51.478
04/02/2026 11:16:03 PM | engine.py:906 Engine run starting with max_epochs=1.
04/02/2026 11:16:38 PM | engine.py:1010 Epoch[1] Complete. Time taken: 00:00:35.838
[Validator] Epoch 80 - val_loss: 0.000479
[BEST CHECKPOINT] Guardado/actualizado en: checkpoints\Mis_modelos\l1_freq checkpoints\2stems\best_checkpoint_78_val_loss=-0.0005.pt
04/02/2026 11:16:38 PM | engine.py:1037 Engine run finished. Time taken: 00:00:35.839
[Epoch 80] train_loss=0.000415 | val_loss=0.000479
04/02/2026 11:16:38 PM | engine.py:1010 Epoch[80] Complete. Time taken: 00:01:49.209
04/02/2026 11:17:54 PM | engine.py:906 Engine run starting with max_epochs=1.
04/02/2026 11:18:32 PM | engine.py:1010 Epoch[1] Complete. Time taken: 00:00:37.692
[Validator] Epoch 81 - val_loss: 0.000478
[BEST CHECKPOINT] Guardado/actualizado en: checkpoints\Mis_modelos\l1_freq checkpoints\2stems\best_checkpoint_78_val_loss=-0.0005.pt
04/02/2026 11:18:32 PM | engine.py:1037 Engine run finished. Time taken: 00:00:37.694
[Epoch 81] train_loss=0.000401 | val_loss=0.000478
04/02/2026 11:18:32 PM | engine.py:1010 Epoch[81] Complete. Time taken: 00:01:53.155
04/02/2026 11:19:45 PM | engine.py:906 Engine run starting with max_epochs=1.
04/02/2026 11:20:21 PM | engine.py:1010 Epoch[1] Complete. Time taken: 00:00:36.304
[Validator] Epoch 82 - val_loss: 0.000479
[BEST CHECKPOINT] Guardado/actualizado en: checkpoints\Mis_modelos\l1_freq checkpoints\2stems\best_checkpoint_78_val_loss=-0.0005.pt
04/02/2026 11:20:21 PM | engine.py:1037 Engine run finished. Time taken: 00:00:36.305
[Epoch 82] train_loss=0.000407 | val_loss=0.000479
04/02/2026 11:20:21 PM | engine.py:1010 Epoch[82] Complete. Time taken: 00:01:49.561
04/02/2026 11:21:34 PM | engine.py:906 Engine run starting with max_epochs=1.
04/02/2026 11:22:09 PM | engine.py:1010 Epoch[1] Complete. Time taken: 00:00:35.701
[Validator] Epoch 83 - val_loss: 0.000475
[BEST CHECKPOINT] Guardado/actualizado en: checkpoints\Mis_modelos\l1_freq checkpoints\2stems\best_checkpoint_83_val_loss=-0.0005.pt
04/02/2026 11:22:09 PM | engine.py:1037 Engine run finished. Time taken: 00:00:35.712
[Epoch 83] train_loss=0.000412 | val_loss=0.000475
04/02/2026 11:22:09 PM | engine.py:1010 Epoch[83] Complete. Time taken: 00:01:48.244
04/02/2026 11:23:23 PM | engine.py:906 Engine run starting with max_epochs=1.
04/02/2026 11:23:59 PM | engine.py:1010 Epoch[1] Complete. Time taken: 00:00:36.184
[Validator] Epoch 84 - val_loss: 0.000478
[BEST CHECKPOINT] Guardado/actualizado en: checkpoints\Mis_modelos\l1_freq checkpoints\2stems\best_checkpoint_83_val_loss=-0.0005.pt
04/02/2026 11:23:59 PM | engine.py:1037 Engine run finished. Time taken: 00:00:36.185
[Epoch 84] train_loss=0.000416 | val_loss=0.000478
04/02/2026 11:23:59 PM | engine.py:1010 Epoch[84] Complete. Time taken: 00:01:49.685
04/02/2026 11:25:12 PM | engine.py:906 Engine run starting with max_epochs=1.
04/02/2026 11:25:48 PM | engine.py:1010 Epoch[1] Complete. Time taken: 00:00:36.141
[Validator] Epoch 85 - val_loss: 0.000474
[BEST CHECKPOINT] Guardado/actualizado en: checkpoints\Mis_modelos\l1_freq checkpoints\2stems\best_checkpoint_85_val_loss=-0.0005.pt
04/02/2026 11:25:48 PM | engine.py:1037 Engine run finished. Time taken: 00:00:36.150
[Epoch 85] train_loss=0.000411 | val_loss=0.000474
04/02/2026 11:25:48 PM | engine.py:1010 Epoch[85] Complete. Time taken: 00:01:49.005
04/02/2026 11:27:01 PM | engine.py:906 Engine run starting with max_epochs=1.
04/02/2026 11:27:38 PM | engine.py:1010 Epoch[1] Complete. Time taken: 00:00:37.282
[Validator] Epoch 86 - val_loss: 0.000474
[BEST CHECKPOINT] Guardado/actualizado en: checkpoints\Mis_modelos\l1_freq checkpoints\2stems\best_checkpoint_86_val_loss=-0.0005.pt
04/02/2026 11:27:39 PM | engine.py:1037 Engine run finished. Time taken: 00:00:37.293
[Epoch 86] train_loss=0.000407 | val_loss=0.000474
04/02/2026 11:27:39 PM | engine.py:1010 Epoch[86] Complete. Time taken: 00:01:50.373
04/02/2026 11:28:53 PM | engine.py:906 Engine run starting with max_epochs=1.
04/02/2026 11:29:29 PM | engine.py:1010 Epoch[1] Complete. Time taken: 00:00:35.835
[Validator] Epoch 87 - val_loss: 0.000478
[BEST CHECKPOINT] Guardado/actualizado en: checkpoints\Mis_modelos\l1_freq checkpoints\2stems\best_checkpoint_86_val_loss=-0.0005.pt
04/02/2026 11:29:29 PM | engine.py:1037 Engine run finished. Time taken: 00:00:35.836
[Epoch 87] train_loss=0.000407 | val_loss=0.000478
04/02/2026 11:29:29 PM | engine.py:1010 Epoch[87] Complete. Time taken: 00:01:50.321
04/02/2026 11:30:41 PM | engine.py:906 Engine run starting with max_epochs=1.
04/02/2026 11:31:18 PM | engine.py:1010 Epoch[1] Complete. Time taken: 00:00:36.289
[Validator] Epoch 88 - val_loss: 0.000473
[BEST CHECKPOINT] Guardado/actualizado en: checkpoints\Mis_modelos\l1_freq checkpoints\2stems\best_checkpoint_88_val_loss=-0.0005.pt
04/02/2026 11:31:18 PM | engine.py:1037 Engine run finished. Time taken: 00:00:36.298
[Epoch 88] train_loss=0.000410 | val_loss=0.000473
04/02/2026 11:31:18 PM | engine.py:1010 Epoch[88] Complete. Time taken: 00:01:48.898
04/02/2026 11:32:32 PM | engine.py:906 Engine run starting with max_epochs=1.
04/02/2026 11:33:08 PM | engine.py:1010 Epoch[1] Complete. Time taken: 00:00:35.780
[Validator] Epoch 89 - val_loss: 0.000474
[BEST CHECKPOINT] Guardado/actualizado en: checkpoints\Mis_modelos\l1_freq checkpoints\2stems\best_checkpoint_88_val_loss=-0.0005.pt
04/02/2026 11:33:08 PM | engine.py:1037 Engine run finished. Time taken: 00:00:35.781
[Epoch 89] train_loss=0.000399 | val_loss=0.000474
04/02/2026 11:33:08 PM | engine.py:1010 Epoch[89] Complete. Time taken: 00:01:49.845
04/02/2026 11:34:22 PM | engine.py:906 Engine run starting with max_epochs=1.
04/02/2026 11:34:58 PM | engine.py:1010 Epoch[1] Complete. Time taken: 00:00:36.273
[Validator] Epoch 90 - val_loss: 0.000479
[BEST CHECKPOINT] Guardado/actualizado en: checkpoints\Mis_modelos\l1_freq checkpoints\2stems\best_checkpoint_88_val_loss=-0.0005.pt
04/02/2026 11:34:58 PM | engine.py:1037 Engine run finished. Time taken: 00:00:36.274
[Epoch 90] train_loss=0.000413 | val_loss=0.000479
04/02/2026 11:34:58 PM | engine.py:1010 Epoch[90] Complete. Time taken: 00:01:50.542
04/02/2026 11:36:10 PM | engine.py:906 Engine run starting with max_epochs=1.
04/02/2026 11:36:46 PM | engine.py:1010 Epoch[1] Complete. Time taken: 00:00:35.971
[Validator] Epoch 91 - val_loss: 0.000473
[BEST CHECKPOINT] Guardado/actualizado en: checkpoints\Mis_modelos\l1_freq checkpoints\2stems\best_checkpoint_88_val_loss=-0.0005.pt
04/02/2026 11:36:46 PM | engine.py:1037 Engine run finished. Time taken: 00:00:35.973
[Epoch 91] train_loss=0.000414 | val_loss=0.000473
04/02/2026 11:36:46 PM | engine.py:1010 Epoch[91] Complete. Time taken: 00:01:48.194
04/02/2026 11:38:00 PM | engine.py:906 Engine run starting with max_epochs=1.
04/02/2026 11:38:36 PM | engine.py:1010 Epoch[1] Complete. Time taken: 00:00:35.738
[Validator] Epoch 92 - val_loss: 0.000472
[BEST CHECKPOINT] Guardado/actualizado en: checkpoints\Mis_modelos\l1_freq checkpoints\2stems\best_checkpoint_92_val_loss=-0.0005.pt
04/02/2026 11:38:36 PM | engine.py:1037 Engine run finished. Time taken: 00:00:35.747
[Epoch 92] train_loss=0.000414 | val_loss=0.000472
04/02/2026 11:38:36 PM | engine.py:1010 Epoch[92] Complete. Time taken: 00:01:49.211
04/02/2026 11:39:48 PM | engine.py:906 Engine run starting with max_epochs=1.
04/02/2026 11:40:24 PM | engine.py:1010 Epoch[1] Complete. Time taken: 00:00:35.788
[Validator] Epoch 93 - val_loss: 0.000474
[BEST CHECKPOINT] Guardado/actualizado en: checkpoints\Mis_modelos\l1_freq checkpoints\2stems\best_checkpoint_92_val_loss=-0.0005.pt
04/02/2026 11:40:24 PM | engine.py:1037 Engine run finished. Time taken: 00:00:35.790
[Epoch 93] train_loss=0.000416 | val_loss=0.000474
04/02/2026 11:40:24 PM | engine.py:1010 Epoch[93] Complete. Time taken: 00:01:48.307
04/02/2026 11:41:37 PM | engine.py:906 Engine run starting with max_epochs=1.
04/02/2026 11:42:14 PM | engine.py:1010 Epoch[1] Complete. Time taken: 00:00:36.740
[Validator] Epoch 94 - val_loss: 0.000474
[BEST CHECKPOINT] Guardado/actualizado en: checkpoints\Mis_modelos\l1_freq checkpoints\2stems\best_checkpoint_92_val_loss=-0.0005.pt
04/02/2026 11:42:14 PM | engine.py:1037 Engine run finished. Time taken: 00:00:36.741
[Epoch 94] train_loss=0.000407 | val_loss=0.000474
04/02/2026 11:42:14 PM | engine.py:1010 Epoch[94] Complete. Time taken: 00:01:50.052
04/02/2026 11:43:27 PM | engine.py:906 Engine run starting with max_epochs=1.
04/02/2026 11:44:03 PM | engine.py:1010 Epoch[1] Complete. Time taken: 00:00:36.141
[Validator] Epoch 95 - val_loss: 0.000478
[BEST CHECKPOINT] Guardado/actualizado en: checkpoints\Mis_modelos\l1_freq checkpoints\2stems\best_checkpoint_92_val_loss=-0.0005.pt
04/02/2026 11:44:03 PM | engine.py:1037 Engine run finished. Time taken: 00:00:36.143
[Epoch 95] train_loss=0.000400 | val_loss=0.000478
04/02/2026 11:44:03 PM | engine.py:1010 Epoch[95] Complete. Time taken: 00:01:48.920
04/02/2026 11:45:16 PM | engine.py:906 Engine run starting with max_epochs=1.
04/02/2026 11:45:53 PM | engine.py:1010 Epoch[1] Complete. Time taken: 00:00:36.742
[Validator] Epoch 96 - val_loss: 0.000480
[BEST CHECKPOINT] Guardado/actualizado en: checkpoints\Mis_modelos\l1_freq checkpoints\2stems\best_checkpoint_92_val_loss=-0.0005.pt
04/02/2026 11:45:53 PM | engine.py:1037 Engine run finished. Time taken: 00:00:36.743
[Epoch 96] train_loss=0.000405 | val_loss=0.000480
04/02/2026 11:45:53 PM | engine.py:1010 Epoch[96] Complete. Time taken: 00:01:50.135
04/02/2026 11:47:07 PM | engine.py:906 Engine run starting with max_epochs=1.
04/02/2026 11:47:43 PM | engine.py:1010 Epoch[1] Complete. Time taken: 00:00:35.852
[Validator] Epoch 97 - val_loss: 0.000475
[BEST CHECKPOINT] Guardado/actualizado en: checkpoints\Mis_modelos\l1_freq checkpoints\2stems\best_checkpoint_92_val_loss=-0.0005.pt
04/02/2026 11:47:43 PM | engine.py:1037 Engine run finished. Time taken: 00:00:35.852
[Epoch 97] train_loss=0.000416 | val_loss=0.000475
04/02/2026 11:47:43 PM | engine.py:1010 Epoch[97] Complete. Time taken: 00:01:50.360
04/02/2026 11:48:58 PM | engine.py:906 Engine run starting with max_epochs=1.
04/02/2026 11:49:33 PM | engine.py:1010 Epoch[1] Complete. Time taken: 00:00:35.717
[Validator] Epoch 98 - val_loss: 0.000472
[BEST CHECKPOINT] Guardado/actualizado en: checkpoints\Mis_modelos\l1_freq checkpoints\2stems\best_checkpoint_92_val_loss=-0.0005.pt
04/02/2026 11:49:33 PM | engine.py:1037 Engine run finished. Time taken: 00:00:35.718
[Epoch 98] train_loss=0.000402 | val_loss=0.000472
04/02/2026 11:49:33 PM | engine.py:1010 Epoch[98] Complete. Time taken: 00:01:50.111
04/02/2026 11:50:47 PM | engine.py:906 Engine run starting with max_epochs=1.
04/02/2026 11:51:23 PM | engine.py:1010 Epoch[1] Complete. Time taken: 00:00:35.994
[Validator] Epoch 99 - val_loss: 0.000474
[BEST CHECKPOINT] Guardado/actualizado en: checkpoints\Mis_modelos\l1_freq checkpoints\2stems\best_checkpoint_92_val_loss=-0.0005.pt
04/02/2026 11:51:23 PM | engine.py:1037 Engine run finished. Time taken: 00:00:35.995
[Epoch 99] train_loss=0.000415 | val_loss=0.000474
04/02/2026 11:51:23 PM | engine.py:1010 Epoch[99] Complete. Time taken: 00:01:49.486
04/02/2026 11:52:36 PM | engine.py:906 Engine run starting with max_epochs=1.
04/02/2026 11:53:13 PM | engine.py:1010 Epoch[1] Complete. Time taken: 00:00:36.470
[Validator] Epoch 100 - val_loss: 0.000472
[BEST CHECKPOINT] Guardado/actualizado en: checkpoints\Mis_modelos\l1_freq checkpoints\2stems\best_checkpoint_100_val_loss=-0.0005.pt
04/02/2026 11:53:13 PM | engine.py:1037 Engine run finished. Time taken: 00:00:36.479
[Epoch 100] train_loss=0.000404 | val_loss=0.000472
04/02/2026 11:53:13 PM | engine.py:1010 Epoch[100] Complete. Time taken: 00:01:49.936
04/02/2026 11:53:13 PM | engine.py:1037 Engine run finished. Time taken: 03:04:16.828
[LOADING BEST MODEL] Cargando mejor checkpoint desde: checkpoints\Mis_modelos\l1_freq checkpoints\2stems\best_checkpoint_100_val_loss=-0.0005.pt
C:\Users\rdpuser\TFG_Identificaci-n-de-voces-e-instrumentos-en-una-obra-musical\pipeline\train.py:326: FutureWarning: You are using `torch.load` with `weights_only=False` (the current default value), which uses the default pickle module implicitly. It is possible to construct malicious pickle data which will execute arbitrary code during unpickling (See https://github.com/pytorch/pytorch/blob/main/SECURITY.md#untrusted-models for more details). In a future release, the default value for `weights_only` will be flipped to `True`. This limits the functions that could be executed during unpickling. Arbitrary objects will no longer be allowed to be loaded via this mode unless they are explicitly allowlisted by the user via `torch.serialization.add_safe_globals`. We recommend you start setting `weights_only=True` for any use case where you don't have full control of the loaded file. Please open an issue on GitHub for any issues related to this experimental feature.
  checkpoint = torch.load(best_checkpoint_path, map_location=device)
