C:\Users\rdpuser\miniconda3\envs\tfg_py310\lib\site-packages\ignite\handlers\checkpoint.py:16: DeprecationWarning: `TorchScript` support for functional optimizers is deprecated and will be removed in a future PyTorch release. Consider using the `torch.compile` optimizer instead.
  from torch.distributed.optim import ZeroRedundancyOptimizer
Usando dispositivo: cuda
Using device: cuda | nf=257 | channels=1 | hidden=50 | stems=2 | loss=l1
C:\Users\rdpuser\miniconda3\envs\tfg_py310\lib\site-packages\torch\nn\modules\module.py:1326: UserWarning: expandable_segments not supported on this platform (Triggered internally at C:\actions-runner\_work\pytorch\pytorch\builder\windows\pytorch\c10/cuda/CUDAAllocatorConfig.h:28.)
  return t.to(
GA: actual_batch=100 | accum_steps=1 | effective_batch_real=100
04/02/2026 03:50:06 AM | engine.py:906 Engine run starting with max_epochs=100.
C:\Users\rdpuser\miniconda3\envs\tfg_py310\lib\site-packages\ignite\handlers\checkpoint.py:16: DeprecationWarning: `TorchScript` support for functional optimizers is deprecated and will be removed in a future PyTorch release. Consider using the `torch.compile` optimizer instead.
  from torch.distributed.optim import ZeroRedundancyOptimizer
C:\Users\rdpuser\miniconda3\envs\tfg_py310\lib\site-packages\ignite\handlers\checkpoint.py:16: DeprecationWarning: `TorchScript` support for functional optimizers is deprecated and will be removed in a future PyTorch release. Consider using the `torch.compile` optimizer instead.
  from torch.distributed.optim import ZeroRedundancyOptimizer
C:\Users\rdpuser\miniconda3\envs\tfg_py310\lib\site-packages\ignite\handlers\checkpoint.py:16: DeprecationWarning: `TorchScript` support for functional optimizers is deprecated and will be removed in a future PyTorch release. Consider using the `torch.compile` optimizer instead.
  from torch.distributed.optim import ZeroRedundancyOptimizer
C:\Users\rdpuser\miniconda3\envs\tfg_py310\lib\site-packages\ignite\handlers\checkpoint.py:16: DeprecationWarning: `TorchScript` support for functional optimizers is deprecated and will be removed in a future PyTorch release. Consider using the `torch.compile` optimizer instead.
  from torch.distributed.optim import ZeroRedundancyOptimizer
04/02/2026 03:52:44 AM | engine.py:906 Engine run starting with max_epochs=1.
C:\Users\rdpuser\miniconda3\envs\tfg_py310\lib\site-packages\ignite\handlers\checkpoint.py:16: DeprecationWarning: `TorchScript` support for functional optimizers is deprecated and will be removed in a future PyTorch release. Consider using the `torch.compile` optimizer instead.
  from torch.distributed.optim import ZeroRedundancyOptimizer
C:\Users\rdpuser\miniconda3\envs\tfg_py310\lib\site-packages\ignite\handlers\checkpoint.py:16: DeprecationWarning: `TorchScript` support for functional optimizers is deprecated and will be removed in a future PyTorch release. Consider using the `torch.compile` optimizer instead.
  from torch.distributed.optim import ZeroRedundancyOptimizer
C:\Users\rdpuser\miniconda3\envs\tfg_py310\lib\site-packages\ignite\handlers\checkpoint.py:16: DeprecationWarning: `TorchScript` support for functional optimizers is deprecated and will be removed in a future PyTorch release. Consider using the `torch.compile` optimizer instead.
  from torch.distributed.optim import ZeroRedundancyOptimizer
C:\Users\rdpuser\miniconda3\envs\tfg_py310\lib\site-packages\ignite\handlers\checkpoint.py:16: DeprecationWarning: `TorchScript` support for functional optimizers is deprecated and will be removed in a future PyTorch release. Consider using the `torch.compile` optimizer instead.
  from torch.distributed.optim import ZeroRedundancyOptimizer
04/02/2026 03:53:33 AM | engine.py:1010 Epoch[1] Complete. Time taken: 00:00:48.870
Training model with training mixes in: C:\Users\rdpuser\TFG_Identificaci-n-de-voces-e-instrumentos-en-una-obra-musical\datasets\mix_generation\foreground_train
Validating data with validation mixes in: C:\Users\rdpuser\TFG_Identificaci-n-de-voces-e-instrumentos-en-una-obra-musical\datasets\mix_generation\foreground_valid
[DEBUG] Num de sources: 2
pipeline de 2 fuentes
[Validator] Epoch 1 - val_loss: 0.000866
[BEST CHECKPOINT] Guardado/actualizado en: checkpoints\Mis_modelos\l1 checkpoints\2stems\best_checkpoint_1_val_loss=-0.0009.pt
04/02/2026 03:53:33 AM | engine.py:1037 Engine run finished. Time taken: 00:00:49.296
[Epoch 1] train_loss=0.000799 | val_loss=0.000866
04/02/2026 03:53:33 AM | engine.py:1010 Epoch[1] Complete. Time taken: 00:02:49.963
04/02/2026 03:54:47 AM | engine.py:906 Engine run starting with max_epochs=1.
04/02/2026 03:55:25 AM | engine.py:1010 Epoch[1] Complete. Time taken: 00:00:37.686
[Validator] Epoch 2 - val_loss: 0.000798
[BEST CHECKPOINT] Guardado/actualizado en: checkpoints\Mis_modelos\l1 checkpoints\2stems\best_checkpoint_2_val_loss=-0.0008.pt
04/02/2026 03:55:25 AM | engine.py:1037 Engine run finished. Time taken: 00:00:37.698
[Epoch 2] train_loss=0.000714 | val_loss=0.000798
04/02/2026 03:55:25 AM | engine.py:1010 Epoch[2] Complete. Time taken: 00:01:51.717
04/02/2026 03:56:40 AM | engine.py:906 Engine run starting with max_epochs=1.
04/02/2026 03:57:16 AM | engine.py:1010 Epoch[1] Complete. Time taken: 00:00:36.779
[Validator] Epoch 3 - val_loss: 0.000689
[BEST CHECKPOINT] Guardado/actualizado en: checkpoints\Mis_modelos\l1 checkpoints\2stems\best_checkpoint_3_val_loss=-0.0007.pt
04/02/2026 03:57:16 AM | engine.py:1037 Engine run finished. Time taken: 00:00:36.789
[Epoch 3] train_loss=0.000610 | val_loss=0.000689
04/02/2026 03:57:16 AM | engine.py:1010 Epoch[3] Complete. Time taken: 00:01:51.757
04/02/2026 03:58:30 AM | engine.py:906 Engine run starting with max_epochs=1.
04/02/2026 03:59:07 AM | engine.py:1010 Epoch[1] Complete. Time taken: 00:00:36.900
[Validator] Epoch 4 - val_loss: 0.000594
[BEST CHECKPOINT] Guardado/actualizado en: checkpoints\Mis_modelos\l1 checkpoints\2stems\best_checkpoint_4_val_loss=-0.0006.pt
04/02/2026 03:59:07 AM | engine.py:1037 Engine run finished. Time taken: 00:00:36.909
[Epoch 4] train_loss=0.000563 | val_loss=0.000594
04/02/2026 03:59:07 AM | engine.py:1010 Epoch[4] Complete. Time taken: 00:01:50.342
04/02/2026 04:00:21 AM | engine.py:906 Engine run starting with max_epochs=1.
04/02/2026 04:00:58 AM | engine.py:1010 Epoch[1] Complete. Time taken: 00:00:36.658
[Validator] Epoch 5 - val_loss: 0.000564
[BEST CHECKPOINT] Guardado/actualizado en: checkpoints\Mis_modelos\l1 checkpoints\2stems\best_checkpoint_5_val_loss=-0.0006.pt
04/02/2026 04:00:58 AM | engine.py:1037 Engine run finished. Time taken: 00:00:36.667
[Epoch 5] train_loss=0.000525 | val_loss=0.000564
04/02/2026 04:00:58 AM | engine.py:1010 Epoch[5] Complete. Time taken: 00:01:51.404
04/02/2026 04:02:12 AM | engine.py:906 Engine run starting with max_epochs=1.
04/02/2026 04:02:49 AM | engine.py:1010 Epoch[1] Complete. Time taken: 00:00:36.422
[Validator] Epoch 6 - val_loss: 0.000559
[BEST CHECKPOINT] Guardado/actualizado en: checkpoints\Mis_modelos\l1 checkpoints\2stems\best_checkpoint_6_val_loss=-0.0006.pt
04/02/2026 04:02:49 AM | engine.py:1037 Engine run finished. Time taken: 00:00:36.431
[Epoch 6] train_loss=0.000542 | val_loss=0.000559
04/02/2026 04:02:49 AM | engine.py:1010 Epoch[6] Complete. Time taken: 00:01:50.515
04/02/2026 04:04:03 AM | engine.py:906 Engine run starting with max_epochs=1.
04/02/2026 04:04:39 AM | engine.py:1010 Epoch[1] Complete. Time taken: 00:00:36.374
[Validator] Epoch 7 - val_loss: 0.000557
[BEST CHECKPOINT] Guardado/actualizado en: checkpoints\Mis_modelos\l1 checkpoints\2stems\best_checkpoint_7_val_loss=-0.0006.pt
04/02/2026 04:04:39 AM | engine.py:1037 Engine run finished. Time taken: 00:00:36.386
[Epoch 7] train_loss=0.000520 | val_loss=0.000557
04/02/2026 04:04:39 AM | engine.py:1010 Epoch[7] Complete. Time taken: 00:01:50.717
04/02/2026 04:05:52 AM | engine.py:906 Engine run starting with max_epochs=1.
04/02/2026 04:06:28 AM | engine.py:1010 Epoch[1] Complete. Time taken: 00:00:36.109
[Validator] Epoch 8 - val_loss: 0.000555
[BEST CHECKPOINT] Guardado/actualizado en: checkpoints\Mis_modelos\l1 checkpoints\2stems\best_checkpoint_8_val_loss=-0.0006.pt
04/02/2026 04:06:28 AM | engine.py:1037 Engine run finished. Time taken: 00:00:36.121
[Epoch 8] train_loss=0.000518 | val_loss=0.000555
04/02/2026 04:06:28 AM | engine.py:1010 Epoch[8] Complete. Time taken: 00:01:49.128
04/02/2026 04:07:43 AM | engine.py:906 Engine run starting with max_epochs=1.
04/02/2026 04:08:20 AM | engine.py:1010 Epoch[1] Complete. Time taken: 00:00:36.375
[Validator] Epoch 9 - val_loss: 0.000552
[BEST CHECKPOINT] Guardado/actualizado en: checkpoints\Mis_modelos\l1 checkpoints\2stems\best_checkpoint_9_val_loss=-0.0006.pt
04/02/2026 04:08:20 AM | engine.py:1037 Engine run finished. Time taken: 00:00:36.385
[Epoch 9] train_loss=0.000521 | val_loss=0.000552
04/02/2026 04:08:20 AM | engine.py:1010 Epoch[9] Complete. Time taken: 00:01:51.413
04/02/2026 04:09:34 AM | engine.py:906 Engine run starting with max_epochs=1.
04/02/2026 04:10:10 AM | engine.py:1010 Epoch[1] Complete. Time taken: 00:00:36.360
[Validator] Epoch 10 - val_loss: 0.000551
[BEST CHECKPOINT] Guardado/actualizado en: checkpoints\Mis_modelos\l1 checkpoints\2stems\best_checkpoint_10_val_loss=-0.0006.pt
04/02/2026 04:10:10 AM | engine.py:1037 Engine run finished. Time taken: 00:00:36.371
[Epoch 10] train_loss=0.000515 | val_loss=0.000551
04/02/2026 04:10:10 AM | engine.py:1010 Epoch[10] Complete. Time taken: 00:01:50.476
04/02/2026 04:11:26 AM | engine.py:906 Engine run starting with max_epochs=1.
04/02/2026 04:12:02 AM | engine.py:1010 Epoch[1] Complete. Time taken: 00:00:36.206
[Validator] Epoch 11 - val_loss: 0.000548
[BEST CHECKPOINT] Guardado/actualizado en: checkpoints\Mis_modelos\l1 checkpoints\2stems\best_checkpoint_11_val_loss=-0.0005.pt
04/02/2026 04:12:02 AM | engine.py:1037 Engine run finished. Time taken: 00:00:36.216
[Epoch 11] train_loss=0.000525 | val_loss=0.000548
04/02/2026 04:12:02 AM | engine.py:1010 Epoch[11] Complete. Time taken: 00:01:51.888
04/02/2026 04:13:16 AM | engine.py:906 Engine run starting with max_epochs=1.
04/02/2026 04:13:53 AM | engine.py:1010 Epoch[1] Complete. Time taken: 00:00:36.302
[Validator] Epoch 12 - val_loss: 0.000545
[BEST CHECKPOINT] Guardado/actualizado en: checkpoints\Mis_modelos\l1 checkpoints\2stems\best_checkpoint_12_val_loss=-0.0005.pt
04/02/2026 04:13:53 AM | engine.py:1037 Engine run finished. Time taken: 00:00:36.312
[Epoch 12] train_loss=0.000507 | val_loss=0.000545
04/02/2026 04:13:53 AM | engine.py:1010 Epoch[12] Complete. Time taken: 00:01:50.446
04/02/2026 04:15:07 AM | engine.py:906 Engine run starting with max_epochs=1.
04/02/2026 04:15:43 AM | engine.py:1010 Epoch[1] Complete. Time taken: 00:00:36.265
[Validator] Epoch 13 - val_loss: 0.000541
[BEST CHECKPOINT] Guardado/actualizado en: checkpoints\Mis_modelos\l1 checkpoints\2stems\best_checkpoint_13_val_loss=-0.0005.pt
04/02/2026 04:15:43 AM | engine.py:1037 Engine run finished. Time taken: 00:00:36.275
[Epoch 13] train_loss=0.000504 | val_loss=0.000541
04/02/2026 04:15:43 AM | engine.py:1010 Epoch[13] Complete. Time taken: 00:01:50.434
04/02/2026 04:16:57 AM | engine.py:906 Engine run starting with max_epochs=1.
04/02/2026 04:17:34 AM | engine.py:1010 Epoch[1] Complete. Time taken: 00:00:36.411
[Validator] Epoch 14 - val_loss: 0.000537
[BEST CHECKPOINT] Guardado/actualizado en: checkpoints\Mis_modelos\l1 checkpoints\2stems\best_checkpoint_14_val_loss=-0.0005.pt
04/02/2026 04:17:34 AM | engine.py:1037 Engine run finished. Time taken: 00:00:36.421
[Epoch 14] train_loss=0.000505 | val_loss=0.000537
04/02/2026 04:17:34 AM | engine.py:1010 Epoch[14] Complete. Time taken: 00:01:50.686
04/02/2026 04:18:47 AM | engine.py:906 Engine run starting with max_epochs=1.
04/02/2026 04:19:24 AM | engine.py:1010 Epoch[1] Complete. Time taken: 00:00:36.504
[Validator] Epoch 15 - val_loss: 0.000535
[BEST CHECKPOINT] Guardado/actualizado en: checkpoints\Mis_modelos\l1 checkpoints\2stems\best_checkpoint_15_val_loss=-0.0005.pt
04/02/2026 04:19:24 AM | engine.py:1037 Engine run finished. Time taken: 00:00:36.512
[Epoch 15] train_loss=0.000497 | val_loss=0.000535
04/02/2026 04:19:24 AM | engine.py:1010 Epoch[15] Complete. Time taken: 00:01:50.170
04/02/2026 04:20:39 AM | engine.py:906 Engine run starting with max_epochs=1.
04/02/2026 04:21:15 AM | engine.py:1010 Epoch[1] Complete. Time taken: 00:00:35.991
[Validator] Epoch 16 - val_loss: 0.000532
[BEST CHECKPOINT] Guardado/actualizado en: checkpoints\Mis_modelos\l1 checkpoints\2stems\best_checkpoint_16_val_loss=-0.0005.pt
04/02/2026 04:21:15 AM | engine.py:1037 Engine run finished. Time taken: 00:00:36.000
[Epoch 16] train_loss=0.000498 | val_loss=0.000532
04/02/2026 04:21:15 AM | engine.py:1010 Epoch[16] Complete. Time taken: 00:01:50.874
04/02/2026 04:22:29 AM | engine.py:906 Engine run starting with max_epochs=1.
04/02/2026 04:23:05 AM | engine.py:1010 Epoch[1] Complete. Time taken: 00:00:36.086
[Validator] Epoch 17 - val_loss: 0.000529
[BEST CHECKPOINT] Guardado/actualizado en: checkpoints\Mis_modelos\l1 checkpoints\2stems\best_checkpoint_17_val_loss=-0.0005.pt
04/02/2026 04:23:05 AM | engine.py:1037 Engine run finished. Time taken: 00:00:36.095
[Epoch 17] train_loss=0.000493 | val_loss=0.000529
04/02/2026 04:23:05 AM | engine.py:1010 Epoch[17] Complete. Time taken: 00:01:50.554
04/02/2026 04:24:19 AM | engine.py:906 Engine run starting with max_epochs=1.
04/02/2026 04:24:55 AM | engine.py:1010 Epoch[1] Complete. Time taken: 00:00:35.898
[Validator] Epoch 18 - val_loss: 0.000528
[BEST CHECKPOINT] Guardado/actualizado en: checkpoints\Mis_modelos\l1 checkpoints\2stems\best_checkpoint_18_val_loss=-0.0005.pt
04/02/2026 04:24:55 AM | engine.py:1037 Engine run finished. Time taken: 00:00:35.908
[Epoch 18] train_loss=0.000480 | val_loss=0.000528
04/02/2026 04:24:55 AM | engine.py:1010 Epoch[18] Complete. Time taken: 00:01:49.880
04/02/2026 04:26:09 AM | engine.py:906 Engine run starting with max_epochs=1.
04/02/2026 04:26:45 AM | engine.py:1010 Epoch[1] Complete. Time taken: 00:00:36.380
[Validator] Epoch 19 - val_loss: 0.000524
[BEST CHECKPOINT] Guardado/actualizado en: checkpoints\Mis_modelos\l1 checkpoints\2stems\best_checkpoint_19_val_loss=-0.0005.pt
04/02/2026 04:26:45 AM | engine.py:1037 Engine run finished. Time taken: 00:00:36.391
[Epoch 19] train_loss=0.000490 | val_loss=0.000524
04/02/2026 04:26:45 AM | engine.py:1010 Epoch[19] Complete. Time taken: 00:01:50.053
04/02/2026 04:28:00 AM | engine.py:906 Engine run starting with max_epochs=1.
04/02/2026 04:28:37 AM | engine.py:1010 Epoch[1] Complete. Time taken: 00:00:37.191
[Validator] Epoch 20 - val_loss: 0.000522
[BEST CHECKPOINT] Guardado/actualizado en: checkpoints\Mis_modelos\l1 checkpoints\2stems\best_checkpoint_20_val_loss=-0.0005.pt
04/02/2026 04:28:37 AM | engine.py:1037 Engine run finished. Time taken: 00:00:37.200
[Epoch 20] train_loss=0.000494 | val_loss=0.000522
04/02/2026 04:28:37 AM | engine.py:1010 Epoch[20] Complete. Time taken: 00:01:51.467
04/02/2026 04:29:51 AM | engine.py:906 Engine run starting with max_epochs=1.
04/02/2026 04:30:28 AM | engine.py:1010 Epoch[1] Complete. Time taken: 00:00:36.786
[Validator] Epoch 21 - val_loss: 0.000521
[BEST CHECKPOINT] Guardado/actualizado en: checkpoints\Mis_modelos\l1 checkpoints\2stems\best_checkpoint_21_val_loss=-0.0005.pt
04/02/2026 04:30:28 AM | engine.py:1037 Engine run finished. Time taken: 00:00:36.795
[Epoch 21] train_loss=0.000481 | val_loss=0.000521
04/02/2026 04:30:28 AM | engine.py:1010 Epoch[21] Complete. Time taken: 00:01:51.163
04/02/2026 04:31:41 AM | engine.py:906 Engine run starting with max_epochs=1.
04/02/2026 04:32:19 AM | engine.py:1010 Epoch[1] Complete. Time taken: 00:00:37.290
[Validator] Epoch 22 - val_loss: 0.000519
[BEST CHECKPOINT] Guardado/actualizado en: checkpoints\Mis_modelos\l1 checkpoints\2stems\best_checkpoint_22_val_loss=-0.0005.pt
04/02/2026 04:32:19 AM | engine.py:1037 Engine run finished. Time taken: 00:00:37.300
[Epoch 22] train_loss=0.000479 | val_loss=0.000519
04/02/2026 04:32:19 AM | engine.py:1010 Epoch[22] Complete. Time taken: 00:01:50.623
04/02/2026 04:33:33 AM | engine.py:906 Engine run starting with max_epochs=1.
04/02/2026 04:34:10 AM | engine.py:1010 Epoch[1] Complete. Time taken: 00:00:36.340
[Validator] Epoch 23 - val_loss: 0.000518
[BEST CHECKPOINT] Guardado/actualizado en: checkpoints\Mis_modelos\l1 checkpoints\2stems\best_checkpoint_23_val_loss=-0.0005.pt
04/02/2026 04:34:10 AM | engine.py:1037 Engine run finished. Time taken: 00:00:36.350
[Epoch 23] train_loss=0.000480 | val_loss=0.000518
04/02/2026 04:34:10 AM | engine.py:1010 Epoch[23] Complete. Time taken: 00:01:51.109
04/02/2026 04:35:24 AM | engine.py:906 Engine run starting with max_epochs=1.
04/02/2026 04:36:00 AM | engine.py:1010 Epoch[1] Complete. Time taken: 00:00:36.091
[Validator] Epoch 24 - val_loss: 0.000518
[BEST CHECKPOINT] Guardado/actualizado en: checkpoints\Mis_modelos\l1 checkpoints\2stems\best_checkpoint_24_val_loss=-0.0005.pt
04/02/2026 04:36:00 AM | engine.py:1037 Engine run finished. Time taken: 00:00:36.100
[Epoch 24] train_loss=0.000476 | val_loss=0.000518
04/02/2026 04:36:00 AM | engine.py:1010 Epoch[24] Complete. Time taken: 00:01:50.718
04/02/2026 04:37:15 AM | engine.py:906 Engine run starting with max_epochs=1.
04/02/2026 04:37:51 AM | engine.py:1010 Epoch[1] Complete. Time taken: 00:00:36.569
[Validator] Epoch 25 - val_loss: 0.000514
[BEST CHECKPOINT] Guardado/actualizado en: checkpoints\Mis_modelos\l1 checkpoints\2stems\best_checkpoint_25_val_loss=-0.0005.pt
04/02/2026 04:37:51 AM | engine.py:1037 Engine run finished. Time taken: 00:00:36.578
[Epoch 25] train_loss=0.000465 | val_loss=0.000514
04/02/2026 04:37:51 AM | engine.py:1010 Epoch[25] Complete. Time taken: 00:01:50.705
04/02/2026 04:39:04 AM | engine.py:906 Engine run starting with max_epochs=1.
04/02/2026 04:39:41 AM | engine.py:1010 Epoch[1] Complete. Time taken: 00:00:36.874
[Validator] Epoch 26 - val_loss: 0.000516
[BEST CHECKPOINT] Guardado/actualizado en: checkpoints\Mis_modelos\l1 checkpoints\2stems\best_checkpoint_25_val_loss=-0.0005.pt
04/02/2026 04:39:41 AM | engine.py:1037 Engine run finished. Time taken: 00:00:36.876
[Epoch 26] train_loss=0.000468 | val_loss=0.000516
04/02/2026 04:39:41 AM | engine.py:1010 Epoch[26] Complete. Time taken: 00:01:50.175
04/02/2026 04:40:55 AM | engine.py:906 Engine run starting with max_epochs=1.
04/02/2026 04:41:31 AM | engine.py:1010 Epoch[1] Complete. Time taken: 00:00:35.965
[Validator] Epoch 27 - val_loss: 0.000514
[BEST CHECKPOINT] Guardado/actualizado en: checkpoints\Mis_modelos\l1 checkpoints\2stems\best_checkpoint_27_val_loss=-0.0005.pt
04/02/2026 04:41:31 AM | engine.py:1037 Engine run finished. Time taken: 00:00:35.974
[Epoch 27] train_loss=0.000468 | val_loss=0.000514
04/02/2026 04:41:31 AM | engine.py:1010 Epoch[27] Complete. Time taken: 00:01:49.540
04/02/2026 04:42:44 AM | engine.py:906 Engine run starting with max_epochs=1.
04/02/2026 04:43:21 AM | engine.py:1010 Epoch[1] Complete. Time taken: 00:00:36.797
[Validator] Epoch 28 - val_loss: 0.000516
[BEST CHECKPOINT] Guardado/actualizado en: checkpoints\Mis_modelos\l1 checkpoints\2stems\best_checkpoint_27_val_loss=-0.0005.pt
04/02/2026 04:43:21 AM | engine.py:1037 Engine run finished. Time taken: 00:00:36.799
[Epoch 28] train_loss=0.000477 | val_loss=0.000516
04/02/2026 04:43:21 AM | engine.py:1010 Epoch[28] Complete. Time taken: 00:01:50.178
04/02/2026 04:44:34 AM | engine.py:906 Engine run starting with max_epochs=1.
04/02/2026 04:45:11 AM | engine.py:1010 Epoch[1] Complete. Time taken: 00:00:37.010
[Validator] Epoch 29 - val_loss: 0.000511
[BEST CHECKPOINT] Guardado/actualizado en: checkpoints\Mis_modelos\l1 checkpoints\2stems\best_checkpoint_29_val_loss=-0.0005.pt
04/02/2026 04:45:11 AM | engine.py:1037 Engine run finished. Time taken: 00:00:37.020
[Epoch 29] train_loss=0.000459 | val_loss=0.000511
04/02/2026 04:45:11 AM | engine.py:1010 Epoch[29] Complete. Time taken: 00:01:49.857
04/02/2026 04:46:25 AM | engine.py:906 Engine run starting with max_epochs=1.
04/02/2026 04:47:01 AM | engine.py:1010 Epoch[1] Complete. Time taken: 00:00:36.219
[Validator] Epoch 30 - val_loss: 0.000512
[BEST CHECKPOINT] Guardado/actualizado en: checkpoints\Mis_modelos\l1 checkpoints\2stems\best_checkpoint_29_val_loss=-0.0005.pt
04/02/2026 04:47:01 AM | engine.py:1037 Engine run finished. Time taken: 00:00:36.220
[Epoch 30] train_loss=0.000471 | val_loss=0.000512
04/02/2026 04:47:01 AM | engine.py:1010 Epoch[30] Complete. Time taken: 00:01:50.647
04/02/2026 04:48:16 AM | engine.py:906 Engine run starting with max_epochs=1.
04/02/2026 04:48:53 AM | engine.py:1010 Epoch[1] Complete. Time taken: 00:00:36.548
[Validator] Epoch 31 - val_loss: 0.000513
[BEST CHECKPOINT] Guardado/actualizado en: checkpoints\Mis_modelos\l1 checkpoints\2stems\best_checkpoint_29_val_loss=-0.0005.pt
04/02/2026 04:48:53 AM | engine.py:1037 Engine run finished. Time taken: 00:00:36.550
[Epoch 31] train_loss=0.000452 | val_loss=0.000513
04/02/2026 04:48:53 AM | engine.py:1010 Epoch[31] Complete. Time taken: 00:01:51.249
04/02/2026 04:50:08 AM | engine.py:906 Engine run starting with max_epochs=1.
04/02/2026 04:50:44 AM | engine.py:1010 Epoch[1] Complete. Time taken: 00:00:36.548
[Validator] Epoch 32 - val_loss: 0.000509
[BEST CHECKPOINT] Guardado/actualizado en: checkpoints\Mis_modelos\l1 checkpoints\2stems\best_checkpoint_32_val_loss=-0.0005.pt
04/02/2026 04:50:44 AM | engine.py:1037 Engine run finished. Time taken: 00:00:36.559
[Epoch 32] train_loss=0.000461 | val_loss=0.000509
04/02/2026 04:50:44 AM | engine.py:1010 Epoch[32] Complete. Time taken: 00:01:51.485
04/02/2026 04:51:58 AM | engine.py:906 Engine run starting with max_epochs=1.
04/02/2026 04:52:35 AM | engine.py:1010 Epoch[1] Complete. Time taken: 00:00:36.667
[Validator] Epoch 33 - val_loss: 0.000510
[BEST CHECKPOINT] Guardado/actualizado en: checkpoints\Mis_modelos\l1 checkpoints\2stems\best_checkpoint_32_val_loss=-0.0005.pt
04/02/2026 04:52:35 AM | engine.py:1037 Engine run finished. Time taken: 00:00:36.669
[Epoch 33] train_loss=0.000456 | val_loss=0.000510
04/02/2026 04:52:35 AM | engine.py:1010 Epoch[33] Complete. Time taken: 00:01:50.712
04/02/2026 04:53:49 AM | engine.py:906 Engine run starting with max_epochs=1.
04/02/2026 04:54:25 AM | engine.py:1010 Epoch[1] Complete. Time taken: 00:00:36.326
[Validator] Epoch 34 - val_loss: 0.000508
[BEST CHECKPOINT] Guardado/actualizado en: checkpoints\Mis_modelos\l1 checkpoints\2stems\best_checkpoint_34_val_loss=-0.0005.pt
04/02/2026 04:54:25 AM | engine.py:1037 Engine run finished. Time taken: 00:00:36.338
[Epoch 34] train_loss=0.000466 | val_loss=0.000508
04/02/2026 04:54:25 AM | engine.py:1010 Epoch[34] Complete. Time taken: 00:01:50.403
04/02/2026 04:55:39 AM | engine.py:906 Engine run starting with max_epochs=1.
04/02/2026 04:56:15 AM | engine.py:1010 Epoch[1] Complete. Time taken: 00:00:36.349
[Validator] Epoch 35 - val_loss: 0.000509
[BEST CHECKPOINT] Guardado/actualizado en: checkpoints\Mis_modelos\l1 checkpoints\2stems\best_checkpoint_34_val_loss=-0.0005.pt
04/02/2026 04:56:15 AM | engine.py:1037 Engine run finished. Time taken: 00:00:36.351
[Epoch 35] train_loss=0.000456 | val_loss=0.000509
04/02/2026 04:56:15 AM | engine.py:1010 Epoch[35] Complete. Time taken: 00:01:50.019
04/02/2026 04:57:29 AM | engine.py:906 Engine run starting with max_epochs=1.
04/02/2026 04:58:05 AM | engine.py:1010 Epoch[1] Complete. Time taken: 00:00:35.752
[Validator] Epoch 36 - val_loss: 0.000507
[BEST CHECKPOINT] Guardado/actualizado en: checkpoints\Mis_modelos\l1 checkpoints\2stems\best_checkpoint_36_val_loss=-0.0005.pt
04/02/2026 04:58:05 AM | engine.py:1037 Engine run finished. Time taken: 00:00:35.762
[Epoch 36] train_loss=0.000459 | val_loss=0.000507
04/02/2026 04:58:05 AM | engine.py:1010 Epoch[36] Complete. Time taken: 00:01:49.750
04/02/2026 04:59:19 AM | engine.py:906 Engine run starting with max_epochs=1.
04/02/2026 04:59:55 AM | engine.py:1010 Epoch[1] Complete. Time taken: 00:00:36.783
[Validator] Epoch 37 - val_loss: 0.000506
[BEST CHECKPOINT] Guardado/actualizado en: checkpoints\Mis_modelos\l1 checkpoints\2stems\best_checkpoint_37_val_loss=-0.0005.pt
04/02/2026 04:59:55 AM | engine.py:1037 Engine run finished. Time taken: 00:00:36.793
[Epoch 37] train_loss=0.000461 | val_loss=0.000506
04/02/2026 04:59:55 AM | engine.py:1010 Epoch[37] Complete. Time taken: 00:01:50.335
04/02/2026 05:01:10 AM | engine.py:906 Engine run starting with max_epochs=1.
04/02/2026 05:01:47 AM | engine.py:1010 Epoch[1] Complete. Time taken: 00:00:36.160
[Validator] Epoch 38 - val_loss: 0.000508
[BEST CHECKPOINT] Guardado/actualizado en: checkpoints\Mis_modelos\l1 checkpoints\2stems\best_checkpoint_37_val_loss=-0.0005.pt
04/02/2026 05:01:47 AM | engine.py:1037 Engine run finished. Time taken: 00:00:36.161
[Epoch 38] train_loss=0.000456 | val_loss=0.000508
04/02/2026 05:01:47 AM | engine.py:1010 Epoch[38] Complete. Time taken: 00:01:51.182
04/02/2026 05:03:01 AM | engine.py:906 Engine run starting with max_epochs=1.
04/02/2026 05:03:38 AM | engine.py:1010 Epoch[1] Complete. Time taken: 00:00:36.889
[Validator] Epoch 39 - val_loss: 0.000508
[BEST CHECKPOINT] Guardado/actualizado en: checkpoints\Mis_modelos\l1 checkpoints\2stems\best_checkpoint_37_val_loss=-0.0005.pt
04/02/2026 05:03:38 AM | engine.py:1037 Engine run finished. Time taken: 00:00:36.890
[Epoch 39] train_loss=0.000456 | val_loss=0.000508
04/02/2026 05:03:38 AM | engine.py:1010 Epoch[39] Complete. Time taken: 00:01:51.451
04/02/2026 05:04:53 AM | engine.py:906 Engine run starting with max_epochs=1.
04/02/2026 05:05:30 AM | engine.py:1010 Epoch[1] Complete. Time taken: 00:00:36.721
[Validator] Epoch 40 - val_loss: 0.000505
[BEST CHECKPOINT] Guardado/actualizado en: checkpoints\Mis_modelos\l1 checkpoints\2stems\best_checkpoint_40_val_loss=-0.0005.pt
04/02/2026 05:05:30 AM | engine.py:1037 Engine run finished. Time taken: 00:00:36.731
[Epoch 40] train_loss=0.000452 | val_loss=0.000505
04/02/2026 05:05:30 AM | engine.py:1010 Epoch[40] Complete. Time taken: 00:01:51.613
04/02/2026 05:06:44 AM | engine.py:906 Engine run starting with max_epochs=1.
04/02/2026 05:07:21 AM | engine.py:1010 Epoch[1] Complete. Time taken: 00:00:37.226
[Validator] Epoch 41 - val_loss: 0.000504
[BEST CHECKPOINT] Guardado/actualizado en: checkpoints\Mis_modelos\l1 checkpoints\2stems\best_checkpoint_41_val_loss=-0.0005.pt
04/02/2026 05:07:21 AM | engine.py:1037 Engine run finished. Time taken: 00:00:37.237
[Epoch 41] train_loss=0.000456 | val_loss=0.000504
04/02/2026 05:07:21 AM | engine.py:1010 Epoch[41] Complete. Time taken: 00:01:51.533
04/02/2026 05:08:36 AM | engine.py:906 Engine run starting with max_epochs=1.
04/02/2026 05:09:13 AM | engine.py:1010 Epoch[1] Complete. Time taken: 00:00:37.114
[Validator] Epoch 42 - val_loss: 0.000510
[BEST CHECKPOINT] Guardado/actualizado en: checkpoints\Mis_modelos\l1 checkpoints\2stems\best_checkpoint_41_val_loss=-0.0005.pt
04/02/2026 05:09:13 AM | engine.py:1037 Engine run finished. Time taken: 00:00:37.115
[Epoch 42] train_loss=0.000443 | val_loss=0.000510
04/02/2026 05:09:13 AM | engine.py:1010 Epoch[42] Complete. Time taken: 00:01:51.563
04/02/2026 05:10:28 AM | engine.py:906 Engine run starting with max_epochs=1.
04/02/2026 05:11:04 AM | engine.py:1010 Epoch[1] Complete. Time taken: 00:00:36.260
[Validator] Epoch 43 - val_loss: 0.000503
[BEST CHECKPOINT] Guardado/actualizado en: checkpoints\Mis_modelos\l1 checkpoints\2stems\best_checkpoint_43_val_loss=-0.0005.pt
04/02/2026 05:11:04 AM | engine.py:1037 Engine run finished. Time taken: 00:00:36.270
[Epoch 43] train_loss=0.000445 | val_loss=0.000503
04/02/2026 05:11:04 AM | engine.py:1010 Epoch[43] Complete. Time taken: 00:01:51.574
04/02/2026 05:12:18 AM | engine.py:906 Engine run starting with max_epochs=1.
04/02/2026 05:12:55 AM | engine.py:1010 Epoch[1] Complete. Time taken: 00:00:36.476
[Validator] Epoch 44 - val_loss: 0.000502
[BEST CHECKPOINT] Guardado/actualizado en: checkpoints\Mis_modelos\l1 checkpoints\2stems\best_checkpoint_44_val_loss=-0.0005.pt
04/02/2026 05:12:55 AM | engine.py:1037 Engine run finished. Time taken: 00:00:36.487
[Epoch 44] train_loss=0.000441 | val_loss=0.000502
04/02/2026 05:12:55 AM | engine.py:1010 Epoch[44] Complete. Time taken: 00:01:50.333
04/02/2026 05:14:11 AM | engine.py:906 Engine run starting with max_epochs=1.
04/02/2026 05:14:47 AM | engine.py:1010 Epoch[1] Complete. Time taken: 00:00:36.490
[Validator] Epoch 45 - val_loss: 0.000503
[BEST CHECKPOINT] Guardado/actualizado en: checkpoints\Mis_modelos\l1 checkpoints\2stems\best_checkpoint_44_val_loss=-0.0005.pt
04/02/2026 05:14:47 AM | engine.py:1037 Engine run finished. Time taken: 00:00:36.492
[Epoch 45] train_loss=0.000445 | val_loss=0.000503
04/02/2026 05:14:47 AM | engine.py:1010 Epoch[45] Complete. Time taken: 00:01:52.352
04/02/2026 05:16:02 AM | engine.py:906 Engine run starting with max_epochs=1.
04/02/2026 05:16:39 AM | engine.py:1010 Epoch[1] Complete. Time taken: 00:00:37.258
[Validator] Epoch 46 - val_loss: 0.000503
[BEST CHECKPOINT] Guardado/actualizado en: checkpoints\Mis_modelos\l1 checkpoints\2stems\best_checkpoint_44_val_loss=-0.0005.pt
04/02/2026 05:16:39 AM | engine.py:1037 Engine run finished. Time taken: 00:00:37.259
[Epoch 46] train_loss=0.000443 | val_loss=0.000503
04/02/2026 05:16:39 AM | engine.py:1010 Epoch[46] Complete. Time taken: 00:01:51.979
04/02/2026 05:17:54 AM | engine.py:906 Engine run starting with max_epochs=1.
04/02/2026 05:18:31 AM | engine.py:1010 Epoch[1] Complete. Time taken: 00:00:37.410
[Validator] Epoch 47 - val_loss: 0.000502
[BEST CHECKPOINT] Guardado/actualizado en: checkpoints\Mis_modelos\l1 checkpoints\2stems\best_checkpoint_44_val_loss=-0.0005.pt
04/02/2026 05:18:31 AM | engine.py:1037 Engine run finished. Time taken: 00:00:37.411
[Epoch 47] train_loss=0.000441 | val_loss=0.000502
04/02/2026 05:18:31 AM | engine.py:1010 Epoch[47] Complete. Time taken: 00:01:51.957
04/02/2026 05:19:45 AM | engine.py:906 Engine run starting with max_epochs=1.
04/02/2026 05:20:22 AM | engine.py:1010 Epoch[1] Complete. Time taken: 00:00:36.211
[Validator] Epoch 48 - val_loss: 0.000501
[BEST CHECKPOINT] Guardado/actualizado en: checkpoints\Mis_modelos\l1 checkpoints\2stems\best_checkpoint_48_val_loss=-0.0005.pt
04/02/2026 05:20:22 AM | engine.py:1037 Engine run finished. Time taken: 00:00:36.222
[Epoch 48] train_loss=0.000440 | val_loss=0.000501
04/02/2026 05:20:22 AM | engine.py:1010 Epoch[48] Complete. Time taken: 00:01:50.645
04/02/2026 05:21:35 AM | engine.py:906 Engine run starting with max_epochs=1.
04/02/2026 05:22:13 AM | engine.py:1010 Epoch[1] Complete. Time taken: 00:00:37.441
[Validator] Epoch 49 - val_loss: 0.000501
[BEST CHECKPOINT] Guardado/actualizado en: checkpoints\Mis_modelos\l1 checkpoints\2stems\best_checkpoint_48_val_loss=-0.0005.pt
04/02/2026 05:22:13 AM | engine.py:1037 Engine run finished. Time taken: 00:00:37.442
[Epoch 49] train_loss=0.000445 | val_loss=0.000501
04/02/2026 05:22:13 AM | engine.py:1010 Epoch[49] Complete. Time taken: 00:01:51.051
04/02/2026 05:23:27 AM | engine.py:906 Engine run starting with max_epochs=1.
04/02/2026 05:24:03 AM | engine.py:1010 Epoch[1] Complete. Time taken: 00:00:36.470
[Validator] Epoch 50 - val_loss: 0.000501
[BEST CHECKPOINT] Guardado/actualizado en: checkpoints\Mis_modelos\l1 checkpoints\2stems\best_checkpoint_50_val_loss=-0.0005.pt
04/02/2026 05:24:03 AM | engine.py:1037 Engine run finished. Time taken: 00:00:36.480
[Epoch 50] train_loss=0.000434 | val_loss=0.000501
04/02/2026 05:24:03 AM | engine.py:1010 Epoch[50] Complete. Time taken: 00:01:50.796
04/02/2026 05:25:18 AM | engine.py:906 Engine run starting with max_epochs=1.
04/02/2026 05:25:54 AM | engine.py:1010 Epoch[1] Complete. Time taken: 00:00:36.604
[Validator] Epoch 51 - val_loss: 0.000501
[BEST CHECKPOINT] Guardado/actualizado en: checkpoints\Mis_modelos\l1 checkpoints\2stems\best_checkpoint_50_val_loss=-0.0005.pt
04/02/2026 05:25:54 AM | engine.py:1037 Engine run finished. Time taken: 00:00:36.605
[Epoch 51] train_loss=0.000450 | val_loss=0.000501
04/02/2026 05:25:54 AM | engine.py:1010 Epoch[51] Complete. Time taken: 00:01:50.867
04/02/2026 05:27:08 AM | engine.py:906 Engine run starting with max_epochs=1.
04/02/2026 05:27:45 AM | engine.py:1010 Epoch[1] Complete. Time taken: 00:00:36.661
[Validator] Epoch 52 - val_loss: 0.000502
[BEST CHECKPOINT] Guardado/actualizado en: checkpoints\Mis_modelos\l1 checkpoints\2stems\best_checkpoint_50_val_loss=-0.0005.pt
04/02/2026 05:27:45 AM | engine.py:1037 Engine run finished. Time taken: 00:00:36.663
[Epoch 52] train_loss=0.000432 | val_loss=0.000502
04/02/2026 05:27:45 AM | engine.py:1010 Epoch[52] Complete. Time taken: 00:01:50.547
04/02/2026 05:28:58 AM | engine.py:906 Engine run starting with max_epochs=1.
04/02/2026 05:29:35 AM | engine.py:1010 Epoch[1] Complete. Time taken: 00:00:36.581
[Validator] Epoch 53 - val_loss: 0.000502
[BEST CHECKPOINT] Guardado/actualizado en: checkpoints\Mis_modelos\l1 checkpoints\2stems\best_checkpoint_50_val_loss=-0.0005.pt
04/02/2026 05:29:35 AM | engine.py:1037 Engine run finished. Time taken: 00:00:36.583
[Epoch 53] train_loss=0.000443 | val_loss=0.000502
04/02/2026 05:29:35 AM | engine.py:1010 Epoch[53] Complete. Time taken: 00:01:50.099
04/02/2026 05:30:47 AM | engine.py:906 Engine run starting with max_epochs=1.
04/02/2026 05:31:24 AM | engine.py:1010 Epoch[1] Complete. Time taken: 00:00:36.524
[Validator] Epoch 54 - val_loss: 0.000502
[BEST CHECKPOINT] Guardado/actualizado en: checkpoints\Mis_modelos\l1 checkpoints\2stems\best_checkpoint_50_val_loss=-0.0005.pt
04/02/2026 05:31:24 AM | engine.py:1037 Engine run finished. Time taken: 00:00:36.526
[Epoch 54] train_loss=0.000438 | val_loss=0.000502
04/02/2026 05:31:24 AM | engine.py:1010 Epoch[54] Complete. Time taken: 00:01:48.968
04/02/2026 05:32:37 AM | engine.py:906 Engine run starting with max_epochs=1.
04/02/2026 05:33:14 AM | engine.py:1010 Epoch[1] Complete. Time taken: 00:00:36.928
[Validator] Epoch 55 - val_loss: 0.000500
[BEST CHECKPOINT] Guardado/actualizado en: checkpoints\Mis_modelos\l1 checkpoints\2stems\best_checkpoint_55_val_loss=-0.0005.pt
04/02/2026 05:33:14 AM | engine.py:1037 Engine run finished. Time taken: 00:00:36.937
[Epoch 55] train_loss=0.000431 | val_loss=0.000500
04/02/2026 05:33:14 AM | engine.py:1010 Epoch[55] Complete. Time taken: 00:01:50.289
04/02/2026 05:34:29 AM | engine.py:906 Engine run starting with max_epochs=1.
04/02/2026 05:35:06 AM | engine.py:1010 Epoch[1] Complete. Time taken: 00:00:37.157
[Validator] Epoch 56 - val_loss: 0.000502
[BEST CHECKPOINT] Guardado/actualizado en: checkpoints\Mis_modelos\l1 checkpoints\2stems\best_checkpoint_55_val_loss=-0.0005.pt
04/02/2026 05:35:06 AM | engine.py:1037 Engine run finished. Time taken: 00:00:37.158
[Epoch 56] train_loss=0.000444 | val_loss=0.000502
04/02/2026 05:35:06 AM | engine.py:1010 Epoch[56] Complete. Time taken: 00:01:51.429
04/02/2026 05:36:20 AM | engine.py:906 Engine run starting with max_epochs=1.
04/02/2026 05:36:57 AM | engine.py:1010 Epoch[1] Complete. Time taken: 00:00:36.466
[Validator] Epoch 57 - val_loss: 0.000503
[BEST CHECKPOINT] Guardado/actualizado en: checkpoints\Mis_modelos\l1 checkpoints\2stems\best_checkpoint_55_val_loss=-0.0005.pt
04/02/2026 05:36:57 AM | engine.py:1037 Engine run finished. Time taken: 00:00:36.467
[Epoch 57] train_loss=0.000431 | val_loss=0.000503
04/02/2026 05:36:57 AM | engine.py:1010 Epoch[57] Complete. Time taken: 00:01:51.139
04/02/2026 05:38:11 AM | engine.py:906 Engine run starting with max_epochs=1.
04/02/2026 05:38:47 AM | engine.py:1010 Epoch[1] Complete. Time taken: 00:00:36.576
[Validator] Epoch 58 - val_loss: 0.000502
[BEST CHECKPOINT] Guardado/actualizado en: checkpoints\Mis_modelos\l1 checkpoints\2stems\best_checkpoint_55_val_loss=-0.0005.pt
04/02/2026 05:38:47 AM | engine.py:1037 Engine run finished. Time taken: 00:00:36.577
[Epoch 58] train_loss=0.000434 | val_loss=0.000502
04/02/2026 05:38:47 AM | engine.py:1010 Epoch[58] Complete. Time taken: 00:01:50.449
04/02/2026 05:39:59 AM | engine.py:906 Engine run starting with max_epochs=1.
04/02/2026 05:40:36 AM | engine.py:1010 Epoch[1] Complete. Time taken: 00:00:36.172
[Validator] Epoch 59 - val_loss: 0.000498
[BEST CHECKPOINT] Guardado/actualizado en: checkpoints\Mis_modelos\l1 checkpoints\2stems\best_checkpoint_59_val_loss=-0.0005.pt
04/02/2026 05:40:36 AM | engine.py:1037 Engine run finished. Time taken: 00:00:36.182
[Epoch 59] train_loss=0.000436 | val_loss=0.000498
04/02/2026 05:40:36 AM | engine.py:1010 Epoch[59] Complete. Time taken: 00:01:48.349
04/02/2026 05:41:49 AM | engine.py:906 Engine run starting with max_epochs=1.
04/02/2026 05:42:25 AM | engine.py:1010 Epoch[1] Complete. Time taken: 00:00:36.384
[Validator] Epoch 60 - val_loss: 0.000498
[BEST CHECKPOINT] Guardado/actualizado en: checkpoints\Mis_modelos\l1 checkpoints\2stems\best_checkpoint_60_val_loss=-0.0005.pt
04/02/2026 05:42:25 AM | engine.py:1037 Engine run finished. Time taken: 00:00:36.393
[Epoch 60] train_loss=0.000430 | val_loss=0.000498
04/02/2026 05:42:25 AM | engine.py:1010 Epoch[60] Complete. Time taken: 00:01:49.522
04/02/2026 05:43:40 AM | engine.py:906 Engine run starting with max_epochs=1.
04/02/2026 05:44:15 AM | engine.py:1010 Epoch[1] Complete. Time taken: 00:00:35.438
[Validator] Epoch 61 - val_loss: 0.000499
[BEST CHECKPOINT] Guardado/actualizado en: checkpoints\Mis_modelos\l1 checkpoints\2stems\best_checkpoint_60_val_loss=-0.0005.pt
04/02/2026 05:44:15 AM | engine.py:1037 Engine run finished. Time taken: 00:00:35.439
[Epoch 61] train_loss=0.000429 | val_loss=0.000499
04/02/2026 05:44:15 AM | engine.py:1010 Epoch[61] Complete. Time taken: 00:01:49.943
04/02/2026 05:45:30 AM | engine.py:906 Engine run starting with max_epochs=1.
04/02/2026 05:46:06 AM | engine.py:1010 Epoch[1] Complete. Time taken: 00:00:36.508
[Validator] Epoch 62 - val_loss: 0.000495
[BEST CHECKPOINT] Guardado/actualizado en: checkpoints\Mis_modelos\l1 checkpoints\2stems\best_checkpoint_62_val_loss=-0.0005.pt
04/02/2026 05:46:06 AM | engine.py:1037 Engine run finished. Time taken: 00:00:36.518
[Epoch 62] train_loss=0.000439 | val_loss=0.000495
04/02/2026 05:46:06 AM | engine.py:1010 Epoch[62] Complete. Time taken: 00:01:51.014
04/02/2026 05:47:21 AM | engine.py:906 Engine run starting with max_epochs=1.
04/02/2026 05:47:57 AM | engine.py:1010 Epoch[1] Complete. Time taken: 00:00:36.001
[Validator] Epoch 63 - val_loss: 0.000498
[BEST CHECKPOINT] Guardado/actualizado en: checkpoints\Mis_modelos\l1 checkpoints\2stems\best_checkpoint_62_val_loss=-0.0005.pt
04/02/2026 05:47:57 AM | engine.py:1037 Engine run finished. Time taken: 00:00:36.003
[Epoch 63] train_loss=0.000436 | val_loss=0.000498
04/02/2026 05:47:57 AM | engine.py:1010 Epoch[63] Complete. Time taken: 00:01:51.058
04/02/2026 05:49:12 AM | engine.py:906 Engine run starting with max_epochs=1.
04/02/2026 05:49:47 AM | engine.py:1010 Epoch[1] Complete. Time taken: 00:00:35.288
[Validator] Epoch 64 - val_loss: 0.000497
[BEST CHECKPOINT] Guardado/actualizado en: checkpoints\Mis_modelos\l1 checkpoints\2stems\best_checkpoint_62_val_loss=-0.0005.pt
04/02/2026 05:49:47 AM | engine.py:1037 Engine run finished. Time taken: 00:00:35.289
[Epoch 64] train_loss=0.000424 | val_loss=0.000497
04/02/2026 05:49:47 AM | engine.py:1010 Epoch[64] Complete. Time taken: 00:01:50.242
04/02/2026 05:51:01 AM | engine.py:906 Engine run starting with max_epochs=1.
04/02/2026 05:51:38 AM | engine.py:1010 Epoch[1] Complete. Time taken: 00:00:37.179
[Validator] Epoch 65 - val_loss: 0.000498
[BEST CHECKPOINT] Guardado/actualizado en: checkpoints\Mis_modelos\l1 checkpoints\2stems\best_checkpoint_62_val_loss=-0.0005.pt
04/02/2026 05:51:38 AM | engine.py:1037 Engine run finished. Time taken: 00:00:37.179
[Epoch 65] train_loss=0.000423 | val_loss=0.000498
04/02/2026 05:51:38 AM | engine.py:1010 Epoch[65] Complete. Time taken: 00:01:50.527
04/02/2026 05:52:51 AM | engine.py:906 Engine run starting with max_epochs=1.
04/02/2026 05:53:27 AM | engine.py:1010 Epoch[1] Complete. Time taken: 00:00:36.629
[Validator] Epoch 66 - val_loss: 0.000499
[BEST CHECKPOINT] Guardado/actualizado en: checkpoints\Mis_modelos\l1 checkpoints\2stems\best_checkpoint_62_val_loss=-0.0005.pt
04/02/2026 05:53:27 AM | engine.py:1037 Engine run finished. Time taken: 00:00:36.629
[Epoch 66] train_loss=0.000431 | val_loss=0.000499
04/02/2026 05:53:27 AM | engine.py:1010 Epoch[66] Complete. Time taken: 00:01:49.517
04/02/2026 05:54:42 AM | engine.py:906 Engine run starting with max_epochs=1.
04/02/2026 05:55:18 AM | engine.py:1010 Epoch[1] Complete. Time taken: 00:00:36.336
[Validator] Epoch 67 - val_loss: 0.000496
[BEST CHECKPOINT] Guardado/actualizado en: checkpoints\Mis_modelos\l1 checkpoints\2stems\best_checkpoint_62_val_loss=-0.0005.pt
04/02/2026 05:55:18 AM | engine.py:1037 Engine run finished. Time taken: 00:00:36.337
[Epoch 67] train_loss=0.000417 | val_loss=0.000496
04/02/2026 05:55:18 AM | engine.py:1010 Epoch[67] Complete. Time taken: 00:01:50.831
04/02/2026 05:56:32 AM | engine.py:906 Engine run starting with max_epochs=1.
04/02/2026 05:57:08 AM | engine.py:1010 Epoch[1] Complete. Time taken: 00:00:36.902
[Validator] Epoch 68 - val_loss: 0.000491
[BEST CHECKPOINT] Guardado/actualizado en: checkpoints\Mis_modelos\l1 checkpoints\2stems\best_checkpoint_68_val_loss=-0.0005.pt
04/02/2026 05:57:08 AM | engine.py:1037 Engine run finished. Time taken: 00:00:36.912
[Epoch 68] train_loss=0.000432 | val_loss=0.000491
04/02/2026 05:57:08 AM | engine.py:1010 Epoch[68] Complete. Time taken: 00:01:50.194
04/02/2026 05:58:22 AM | engine.py:906 Engine run starting with max_epochs=1.
04/02/2026 05:58:58 AM | engine.py:1010 Epoch[1] Complete. Time taken: 00:00:36.789
[Validator] Epoch 69 - val_loss: 0.000492
[BEST CHECKPOINT] Guardado/actualizado en: checkpoints\Mis_modelos\l1 checkpoints\2stems\best_checkpoint_68_val_loss=-0.0005.pt
04/02/2026 05:58:58 AM | engine.py:1037 Engine run finished. Time taken: 00:00:36.790
[Epoch 69] train_loss=0.000430 | val_loss=0.000492
04/02/2026 05:58:58 AM | engine.py:1010 Epoch[69] Complete. Time taken: 00:01:49.923
04/02/2026 06:00:13 AM | engine.py:906 Engine run starting with max_epochs=1.
04/02/2026 06:00:49 AM | engine.py:1010 Epoch[1] Complete. Time taken: 00:00:36.023
[Validator] Epoch 70 - val_loss: 0.000493
[BEST CHECKPOINT] Guardado/actualizado en: checkpoints\Mis_modelos\l1 checkpoints\2stems\best_checkpoint_68_val_loss=-0.0005.pt
04/02/2026 06:00:49 AM | engine.py:1037 Engine run finished. Time taken: 00:00:36.024
[Epoch 70] train_loss=0.000433 | val_loss=0.000493
04/02/2026 06:00:49 AM | engine.py:1010 Epoch[70] Complete. Time taken: 00:01:50.261
04/02/2026 06:02:04 AM | engine.py:906 Engine run starting with max_epochs=1.
04/02/2026 06:02:40 AM | engine.py:1010 Epoch[1] Complete. Time taken: 00:00:35.673
[Validator] Epoch 71 - val_loss: 0.000490
[BEST CHECKPOINT] Guardado/actualizado en: checkpoints\Mis_modelos\l1 checkpoints\2stems\best_checkpoint_71_val_loss=-0.0005.pt
04/02/2026 06:02:40 AM | engine.py:1037 Engine run finished. Time taken: 00:00:35.682
[Epoch 71] train_loss=0.000433 | val_loss=0.000490
04/02/2026 06:02:40 AM | engine.py:1010 Epoch[71] Complete. Time taken: 00:01:50.877
04/02/2026 06:03:53 AM | engine.py:906 Engine run starting with max_epochs=1.
04/02/2026 06:04:31 AM | engine.py:1010 Epoch[1] Complete. Time taken: 00:00:37.419
[Validator] Epoch 72 - val_loss: 0.000489
[BEST CHECKPOINT] Guardado/actualizado en: checkpoints\Mis_modelos\l1 checkpoints\2stems\best_checkpoint_72_val_loss=-0.0005.pt
04/02/2026 06:04:31 AM | engine.py:1037 Engine run finished. Time taken: 00:00:37.429
[Epoch 72] train_loss=0.000426 | val_loss=0.000489
04/02/2026 06:04:31 AM | engine.py:1010 Epoch[72] Complete. Time taken: 00:01:51.300
04/02/2026 06:05:46 AM | engine.py:906 Engine run starting with max_epochs=1.
04/02/2026 06:06:22 AM | engine.py:1010 Epoch[1] Complete. Time taken: 00:00:36.009
[Validator] Epoch 73 - val_loss: 0.000488
[BEST CHECKPOINT] Guardado/actualizado en: checkpoints\Mis_modelos\l1 checkpoints\2stems\best_checkpoint_73_val_loss=-0.0005.pt
04/02/2026 06:06:22 AM | engine.py:1037 Engine run finished. Time taken: 00:00:36.018
[Epoch 73] train_loss=0.000420 | val_loss=0.000488
04/02/2026 06:06:22 AM | engine.py:1010 Epoch[73] Complete. Time taken: 00:01:51.648
04/02/2026 06:07:37 AM | engine.py:906 Engine run starting with max_epochs=1.
04/02/2026 06:08:13 AM | engine.py:1010 Epoch[1] Complete. Time taken: 00:00:36.203
[Validator] Epoch 74 - val_loss: 0.000486
[BEST CHECKPOINT] Guardado/actualizado en: checkpoints\Mis_modelos\l1 checkpoints\2stems\best_checkpoint_74_val_loss=-0.0005.pt
04/02/2026 06:08:13 AM | engine.py:1037 Engine run finished. Time taken: 00:00:36.214
[Epoch 74] train_loss=0.000420 | val_loss=0.000486
04/02/2026 06:08:13 AM | engine.py:1010 Epoch[74] Complete. Time taken: 00:01:50.938
04/02/2026 06:09:27 AM | engine.py:906 Engine run starting with max_epochs=1.
04/02/2026 06:10:04 AM | engine.py:1010 Epoch[1] Complete. Time taken: 00:00:36.487
[Validator] Epoch 75 - val_loss: 0.000486
[BEST CHECKPOINT] Guardado/actualizado en: checkpoints\Mis_modelos\l1 checkpoints\2stems\best_checkpoint_75_val_loss=-0.0005.pt
04/02/2026 06:10:04 AM | engine.py:1037 Engine run finished. Time taken: 00:00:36.496
[Epoch 75] train_loss=0.000427 | val_loss=0.000486
04/02/2026 06:10:04 AM | engine.py:1010 Epoch[75] Complete. Time taken: 00:01:50.363
04/02/2026 06:11:17 AM | engine.py:906 Engine run starting with max_epochs=1.
04/02/2026 06:11:54 AM | engine.py:1010 Epoch[1] Complete. Time taken: 00:00:36.209
[Validator] Epoch 76 - val_loss: 0.000485
[BEST CHECKPOINT] Guardado/actualizado en: checkpoints\Mis_modelos\l1 checkpoints\2stems\best_checkpoint_76_val_loss=-0.0005.pt
04/02/2026 06:11:54 AM | engine.py:1037 Engine run finished. Time taken: 00:00:36.219
[Epoch 76] train_loss=0.000416 | val_loss=0.000485
04/02/2026 06:11:54 AM | engine.py:1010 Epoch[76] Complete. Time taken: 00:01:49.910
04/02/2026 06:13:07 AM | engine.py:906 Engine run starting with max_epochs=1.
04/02/2026 06:13:43 AM | engine.py:1010 Epoch[1] Complete. Time taken: 00:00:36.008
[Validator] Epoch 77 - val_loss: 0.000483
[BEST CHECKPOINT] Guardado/actualizado en: checkpoints\Mis_modelos\l1 checkpoints\2stems\best_checkpoint_77_val_loss=-0.0005.pt
04/02/2026 06:13:43 AM | engine.py:1037 Engine run finished. Time taken: 00:00:36.017
[Epoch 77] train_loss=0.000426 | val_loss=0.000483
04/02/2026 06:13:43 AM | engine.py:1010 Epoch[77] Complete. Time taken: 00:01:49.154
04/02/2026 06:14:56 AM | engine.py:906 Engine run starting with max_epochs=1.
04/02/2026 06:15:33 AM | engine.py:1010 Epoch[1] Complete. Time taken: 00:00:36.673
[Validator] Epoch 78 - val_loss: 0.000483
[BEST CHECKPOINT] Guardado/actualizado en: checkpoints\Mis_modelos\l1 checkpoints\2stems\best_checkpoint_78_val_loss=-0.0005.pt
04/02/2026 06:15:33 AM | engine.py:1037 Engine run finished. Time taken: 00:00:36.682
[Epoch 78] train_loss=0.000422 | val_loss=0.000483
04/02/2026 06:15:33 AM | engine.py:1010 Epoch[78] Complete. Time taken: 00:01:49.984
04/02/2026 06:16:48 AM | engine.py:906 Engine run starting with max_epochs=1.
04/02/2026 06:17:23 AM | engine.py:1010 Epoch[1] Complete. Time taken: 00:00:35.543
[Validator] Epoch 79 - val_loss: 0.000482
[BEST CHECKPOINT] Guardado/actualizado en: checkpoints\Mis_modelos\l1 checkpoints\2stems\best_checkpoint_79_val_loss=-0.0005.pt
04/02/2026 06:17:23 AM | engine.py:1037 Engine run finished. Time taken: 00:00:35.552
[Epoch 79] train_loss=0.000418 | val_loss=0.000482
04/02/2026 06:17:23 AM | engine.py:1010 Epoch[79] Complete. Time taken: 00:01:50.511
04/02/2026 06:18:36 AM | engine.py:906 Engine run starting with max_epochs=1.
04/02/2026 06:19:12 AM | engine.py:1010 Epoch[1] Complete. Time taken: 00:00:35.932
[Validator] Epoch 80 - val_loss: 0.000481
[BEST CHECKPOINT] Guardado/actualizado en: checkpoints\Mis_modelos\l1 checkpoints\2stems\best_checkpoint_80_val_loss=-0.0005.pt
04/02/2026 06:19:12 AM | engine.py:1037 Engine run finished. Time taken: 00:00:35.942
[Epoch 80] train_loss=0.000416 | val_loss=0.000481
04/02/2026 06:19:12 AM | engine.py:1010 Epoch[80] Complete. Time taken: 00:01:48.957
04/02/2026 06:20:26 AM | engine.py:906 Engine run starting with max_epochs=1.
04/02/2026 06:21:02 AM | engine.py:1010 Epoch[1] Complete. Time taken: 00:00:35.906
[Validator] Epoch 81 - val_loss: 0.000480
[BEST CHECKPOINT] Guardado/actualizado en: checkpoints\Mis_modelos\l1 checkpoints\2stems\best_checkpoint_81_val_loss=-0.0005.pt
04/02/2026 06:21:02 AM | engine.py:1037 Engine run finished. Time taken: 00:00:35.914
[Epoch 81] train_loss=0.000401 | val_loss=0.000480
04/02/2026 06:21:02 AM | engine.py:1010 Epoch[81] Complete. Time taken: 00:01:50.112
04/02/2026 06:22:16 AM | engine.py:906 Engine run starting with max_epochs=1.
04/02/2026 06:22:52 AM | engine.py:1010 Epoch[1] Complete. Time taken: 00:00:36.243
[Validator] Epoch 82 - val_loss: 0.000483
[BEST CHECKPOINT] Guardado/actualizado en: checkpoints\Mis_modelos\l1 checkpoints\2stems\best_checkpoint_81_val_loss=-0.0005.pt
04/02/2026 06:22:52 AM | engine.py:1037 Engine run finished. Time taken: 00:00:36.245
[Epoch 82] train_loss=0.000407 | val_loss=0.000483
04/02/2026 06:22:52 AM | engine.py:1010 Epoch[82] Complete. Time taken: 00:01:49.928
04/02/2026 06:24:07 AM | engine.py:906 Engine run starting with max_epochs=1.
04/02/2026 06:24:44 AM | engine.py:1010 Epoch[1] Complete. Time taken: 00:00:36.724
[Validator] Epoch 83 - val_loss: 0.000480
[BEST CHECKPOINT] Guardado/actualizado en: checkpoints\Mis_modelos\l1 checkpoints\2stems\best_checkpoint_81_val_loss=-0.0005.pt
04/02/2026 06:24:44 AM | engine.py:1037 Engine run finished. Time taken: 00:00:36.726
[Epoch 83] train_loss=0.000412 | val_loss=0.000480
04/02/2026 06:24:44 AM | engine.py:1010 Epoch[83] Complete. Time taken: 00:01:51.562
04/02/2026 06:25:59 AM | engine.py:906 Engine run starting with max_epochs=1.
04/02/2026 06:26:35 AM | engine.py:1010 Epoch[1] Complete. Time taken: 00:00:36.443
[Validator] Epoch 84 - val_loss: 0.000477
[BEST CHECKPOINT] Guardado/actualizado en: checkpoints\Mis_modelos\l1 checkpoints\2stems\best_checkpoint_84_val_loss=-0.0005.pt
04/02/2026 06:26:35 AM | engine.py:1037 Engine run finished. Time taken: 00:00:36.452
[Epoch 84] train_loss=0.000417 | val_loss=0.000477
04/02/2026 06:26:35 AM | engine.py:1010 Epoch[84] Complete. Time taken: 00:01:51.130
04/02/2026 06:27:48 AM | engine.py:906 Engine run starting with max_epochs=1.
04/02/2026 06:28:25 AM | engine.py:1010 Epoch[1] Complete. Time taken: 00:00:37.093
[Validator] Epoch 85 - val_loss: 0.000478
[BEST CHECKPOINT] Guardado/actualizado en: checkpoints\Mis_modelos\l1 checkpoints\2stems\best_checkpoint_84_val_loss=-0.0005.pt
04/02/2026 06:28:25 AM | engine.py:1037 Engine run finished. Time taken: 00:00:37.094
[Epoch 85] train_loss=0.000410 | val_loss=0.000478
04/02/2026 06:28:25 AM | engine.py:1010 Epoch[85] Complete. Time taken: 00:01:49.756
04/02/2026 06:29:39 AM | engine.py:906 Engine run starting with max_epochs=1.
04/02/2026 06:30:16 AM | engine.py:1010 Epoch[1] Complete. Time taken: 00:00:36.551
[Validator] Epoch 86 - val_loss: 0.000473
[BEST CHECKPOINT] Guardado/actualizado en: checkpoints\Mis_modelos\l1 checkpoints\2stems\best_checkpoint_86_val_loss=-0.0005.pt
04/02/2026 06:30:16 AM | engine.py:1037 Engine run finished. Time taken: 00:00:36.564
[Epoch 86] train_loss=0.000409 | val_loss=0.000473
04/02/2026 06:30:16 AM | engine.py:1010 Epoch[86] Complete. Time taken: 00:01:51.106
04/02/2026 06:31:29 AM | engine.py:906 Engine run starting with max_epochs=1.
04/02/2026 06:32:05 AM | engine.py:1010 Epoch[1] Complete. Time taken: 00:00:36.363
[Validator] Epoch 87 - val_loss: 0.000478
[BEST CHECKPOINT] Guardado/actualizado en: checkpoints\Mis_modelos\l1 checkpoints\2stems\best_checkpoint_86_val_loss=-0.0005.pt
04/02/2026 06:32:05 AM | engine.py:1037 Engine run finished. Time taken: 00:00:36.364
[Epoch 87] train_loss=0.000408 | val_loss=0.000478
04/02/2026 06:32:05 AM | engine.py:1010 Epoch[87] Complete. Time taken: 00:01:49.553
04/02/2026 06:33:20 AM | engine.py:906 Engine run starting with max_epochs=1.
04/02/2026 06:33:55 AM | engine.py:1010 Epoch[1] Complete. Time taken: 00:00:35.348
[Validator] Epoch 88 - val_loss: 0.000475
[BEST CHECKPOINT] Guardado/actualizado en: checkpoints\Mis_modelos\l1 checkpoints\2stems\best_checkpoint_86_val_loss=-0.0005.pt
04/02/2026 06:33:55 AM | engine.py:1037 Engine run finished. Time taken: 00:00:35.349
[Epoch 88] train_loss=0.000411 | val_loss=0.000475
04/02/2026 06:33:55 AM | engine.py:1010 Epoch[88] Complete. Time taken: 00:01:49.516
04/02/2026 06:35:09 AM | engine.py:906 Engine run starting with max_epochs=1.
04/02/2026 06:35:45 AM | engine.py:1010 Epoch[1] Complete. Time taken: 00:00:35.889
[Validator] Epoch 89 - val_loss: 0.000476
[BEST CHECKPOINT] Guardado/actualizado en: checkpoints\Mis_modelos\l1 checkpoints\2stems\best_checkpoint_86_val_loss=-0.0005.pt
04/02/2026 06:35:45 AM | engine.py:1037 Engine run finished. Time taken: 00:00:35.892
[Epoch 89] train_loss=0.000398 | val_loss=0.000476
04/02/2026 06:35:45 AM | engine.py:1010 Epoch[89] Complete. Time taken: 00:01:49.859
04/02/2026 06:36:58 AM | engine.py:906 Engine run starting with max_epochs=1.
04/02/2026 06:37:34 AM | engine.py:1010 Epoch[1] Complete. Time taken: 00:00:35.882
[Validator] Epoch 90 - val_loss: 0.000478
[BEST CHECKPOINT] Guardado/actualizado en: checkpoints\Mis_modelos\l1 checkpoints\2stems\best_checkpoint_86_val_loss=-0.0005.pt
04/02/2026 06:37:34 AM | engine.py:1037 Engine run finished. Time taken: 00:00:35.883
[Epoch 90] train_loss=0.000412 | val_loss=0.000478
04/02/2026 06:37:34 AM | engine.py:1010 Epoch[90] Complete. Time taken: 00:01:48.830
04/02/2026 06:38:45 AM | engine.py:906 Engine run starting with max_epochs=1.
04/02/2026 06:39:23 AM | engine.py:1010 Epoch[1] Complete. Time taken: 00:00:37.299
[Validator] Epoch 91 - val_loss: 0.000475
[BEST CHECKPOINT] Guardado/actualizado en: checkpoints\Mis_modelos\l1 checkpoints\2stems\best_checkpoint_86_val_loss=-0.0005.pt
04/02/2026 06:39:23 AM | engine.py:1037 Engine run finished. Time taken: 00:00:37.301
[Epoch 91] train_loss=0.000413 | val_loss=0.000475
04/02/2026 06:39:23 AM | engine.py:1010 Epoch[91] Complete. Time taken: 00:01:49.046
04/02/2026 06:40:36 AM | engine.py:906 Engine run starting with max_epochs=1.
04/02/2026 06:41:13 AM | engine.py:1010 Epoch[1] Complete. Time taken: 00:00:36.943
[Validator] Epoch 92 - val_loss: 0.000473
[BEST CHECKPOINT] Guardado/actualizado en: checkpoints\Mis_modelos\l1 checkpoints\2stems\best_checkpoint_86_val_loss=-0.0005.pt
04/02/2026 06:41:13 AM | engine.py:1037 Engine run finished. Time taken: 00:00:36.944
[Epoch 92] train_loss=0.000414 | val_loss=0.000473
04/02/2026 06:41:13 AM | engine.py:1010 Epoch[92] Complete. Time taken: 00:01:50.336
04/02/2026 06:42:25 AM | engine.py:906 Engine run starting with max_epochs=1.
04/02/2026 06:43:02 AM | engine.py:1010 Epoch[1] Complete. Time taken: 00:00:36.797
[Validator] Epoch 93 - val_loss: 0.000475
[BEST CHECKPOINT] Guardado/actualizado en: checkpoints\Mis_modelos\l1 checkpoints\2stems\best_checkpoint_86_val_loss=-0.0005.pt
04/02/2026 06:43:02 AM | engine.py:1037 Engine run finished. Time taken: 00:00:36.798
[Epoch 93] train_loss=0.000416 | val_loss=0.000475
04/02/2026 06:43:02 AM | engine.py:1010 Epoch[93] Complete. Time taken: 00:01:49.207
04/02/2026 06:44:16 AM | engine.py:906 Engine run starting with max_epochs=1.
04/02/2026 06:44:52 AM | engine.py:1010 Epoch[1] Complete. Time taken: 00:00:35.687
[Validator] Epoch 94 - val_loss: 0.000472
[BEST CHECKPOINT] Guardado/actualizado en: checkpoints\Mis_modelos\l1 checkpoints\2stems\best_checkpoint_94_val_loss=-0.0005.pt
04/02/2026 06:44:52 AM | engine.py:1037 Engine run finished. Time taken: 00:00:35.696
[Epoch 94] train_loss=0.000406 | val_loss=0.000472
04/02/2026 06:44:52 AM | engine.py:1010 Epoch[94] Complete. Time taken: 00:01:49.949
04/02/2026 06:46:06 AM | engine.py:906 Engine run starting with max_epochs=1.
04/02/2026 06:46:42 AM | engine.py:1010 Epoch[1] Complete. Time taken: 00:00:36.539
[Validator] Epoch 95 - val_loss: 0.000474
[BEST CHECKPOINT] Guardado/actualizado en: checkpoints\Mis_modelos\l1 checkpoints\2stems\best_checkpoint_94_val_loss=-0.0005.pt
04/02/2026 06:46:42 AM | engine.py:1037 Engine run finished. Time taken: 00:00:36.541
[Epoch 95] train_loss=0.000399 | val_loss=0.000474
04/02/2026 06:46:42 AM | engine.py:1010 Epoch[95] Complete. Time taken: 00:01:49.952
04/02/2026 06:47:56 AM | engine.py:906 Engine run starting with max_epochs=1.
04/02/2026 06:48:32 AM | engine.py:1010 Epoch[1] Complete. Time taken: 00:00:36.245
[Validator] Epoch 96 - val_loss: 0.000474
[BEST CHECKPOINT] Guardado/actualizado en: checkpoints\Mis_modelos\l1 checkpoints\2stems\best_checkpoint_94_val_loss=-0.0005.pt
04/02/2026 06:48:32 AM | engine.py:1037 Engine run finished. Time taken: 00:00:36.247
[Epoch 96] train_loss=0.000405 | val_loss=0.000474
04/02/2026 06:48:32 AM | engine.py:1010 Epoch[96] Complete. Time taken: 00:01:49.868
04/02/2026 06:49:46 AM | engine.py:906 Engine run starting with max_epochs=1.
04/02/2026 06:50:22 AM | engine.py:1010 Epoch[1] Complete. Time taken: 00:00:36.187
[Validator] Epoch 97 - val_loss: 0.000473
[BEST CHECKPOINT] Guardado/actualizado en: checkpoints\Mis_modelos\l1 checkpoints\2stems\best_checkpoint_94_val_loss=-0.0005.pt
04/02/2026 06:50:22 AM | engine.py:1037 Engine run finished. Time taken: 00:00:36.188
[Epoch 97] train_loss=0.000414 | val_loss=0.000473
04/02/2026 06:50:22 AM | engine.py:1010 Epoch[97] Complete. Time taken: 00:01:50.234
04/02/2026 06:51:36 AM | engine.py:906 Engine run starting with max_epochs=1.
04/02/2026 06:52:12 AM | engine.py:1010 Epoch[1] Complete. Time taken: 00:00:36.061
[Validator] Epoch 98 - val_loss: 0.000471
[BEST CHECKPOINT] Guardado/actualizado en: checkpoints\Mis_modelos\l1 checkpoints\2stems\best_checkpoint_98_val_loss=-0.0005.pt
04/02/2026 06:52:12 AM | engine.py:1037 Engine run finished. Time taken: 00:00:36.072
[Epoch 98] train_loss=0.000401 | val_loss=0.000471
04/02/2026 06:52:12 AM | engine.py:1010 Epoch[98] Complete. Time taken: 00:01:49.867
04/02/2026 06:53:26 AM | engine.py:906 Engine run starting with max_epochs=1.
04/02/2026 06:54:02 AM | engine.py:1010 Epoch[1] Complete. Time taken: 00:00:35.964
[Validator] Epoch 99 - val_loss: 0.000472
[BEST CHECKPOINT] Guardado/actualizado en: checkpoints\Mis_modelos\l1 checkpoints\2stems\best_checkpoint_98_val_loss=-0.0005.pt
04/02/2026 06:54:02 AM | engine.py:1037 Engine run finished. Time taken: 00:00:35.966
[Epoch 99] train_loss=0.000414 | val_loss=0.000472
04/02/2026 06:54:02 AM | engine.py:1010 Epoch[99] Complete. Time taken: 00:01:49.472
04/02/2026 06:55:16 AM | engine.py:906 Engine run starting with max_epochs=1.
04/02/2026 06:55:52 AM | engine.py:1010 Epoch[1] Complete. Time taken: 00:00:36.115
[Validator] Epoch 100 - val_loss: 0.000471
[BEST CHECKPOINT] Guardado/actualizado en: checkpoints\Mis_modelos\l1 checkpoints\2stems\best_checkpoint_100_val_loss=-0.0005.pt
04/02/2026 06:55:52 AM | engine.py:1037 Engine run finished. Time taken: 00:00:36.125
[Epoch 100] train_loss=0.000404 | val_loss=0.000471
04/02/2026 06:55:52 AM | engine.py:1010 Epoch[100] Complete. Time taken: 00:01:50.526
04/02/2026 06:55:52 AM | engine.py:1037 Engine run finished. Time taken: 03:05:46.184
[LOADING BEST MODEL] Cargando mejor checkpoint desde: checkpoints\Mis_modelos\l1 checkpoints\2stems\best_checkpoint_100_val_loss=-0.0005.pt
C:\Users\rdpuser\TFG_Identificaci-n-de-voces-e-instrumentos-en-una-obra-musical\pipeline\train.py:326: FutureWarning: You are using `torch.load` with `weights_only=False` (the current default value), which uses the default pickle module implicitly. It is possible to construct malicious pickle data which will execute arbitrary code during unpickling (See https://github.com/pytorch/pytorch/blob/main/SECURITY.md#untrusted-models for more details). In a future release, the default value for `weights_only` will be flipped to `True`. This limits the functions that could be executed during unpickling. Arbitrary objects will no longer be allowed to be loaded via this mode unless they are explicitly allowlisted by the user via `torch.serialization.add_safe_globals`. We recommend you start setting `weights_only=True` for any use case where you don't have full control of the loaded file. Please open an issue on GitHub for any issues related to this experimental feature.
  checkpoint = torch.load(best_checkpoint_path, map_location=device)
