C:\Users\rdpuser\miniconda3\envs\tfg_py310\lib\site-packages\ignite\handlers\checkpoint.py:16: DeprecationWarning: `TorchScript` support for functional optimizers is deprecated and will be removed in a future PyTorch release. Consider using the `torch.compile` optimizer instead.
  from torch.distributed.optim import ZeroRedundancyOptimizer
Usando dispositivo: cuda
Using device: cuda | nf=257 | channels=1 | hidden=50 | stems=4 | loss=lpsa
C:\Users\rdpuser\miniconda3\envs\tfg_py310\lib\site-packages\torch\nn\modules\module.py:1326: UserWarning: expandable_segments not supported on this platform (Triggered internally at C:\actions-runner\_work\pytorch\pytorch\builder\windows\pytorch\c10/cuda/CUDAAllocatorConfig.h:28.)
  return t.to(
GA: actual_batch=24 | accum_steps=5 | effective_batch_real=120
04/02/2026 02:26:47 AM | engine.py:906 Engine run starting with max_epochs=100.
C:\Users\rdpuser\miniconda3\envs\tfg_py310\lib\site-packages\ignite\handlers\checkpoint.py:16: DeprecationWarning: `TorchScript` support for functional optimizers is deprecated and will be removed in a future PyTorch release. Consider using the `torch.compile` optimizer instead.
  from torch.distributed.optim import ZeroRedundancyOptimizer
C:\Users\rdpuser\miniconda3\envs\tfg_py310\lib\site-packages\ignite\handlers\checkpoint.py:16: DeprecationWarning: `TorchScript` support for functional optimizers is deprecated and will be removed in a future PyTorch release. Consider using the `torch.compile` optimizer instead.
  from torch.distributed.optim import ZeroRedundancyOptimizer
C:\Users\rdpuser\miniconda3\envs\tfg_py310\lib\site-packages\ignite\handlers\checkpoint.py:16: DeprecationWarning: `TorchScript` support for functional optimizers is deprecated and will be removed in a future PyTorch release. Consider using the `torch.compile` optimizer instead.
  from torch.distributed.optim import ZeroRedundancyOptimizer
C:\Users\rdpuser\miniconda3\envs\tfg_py310\lib\site-packages\ignite\handlers\checkpoint.py:16: DeprecationWarning: `TorchScript` support for functional optimizers is deprecated and will be removed in a future PyTorch release. Consider using the `torch.compile` optimizer instead.
  from torch.distributed.optim import ZeroRedundancyOptimizer
04/02/2026 02:27:59 AM | engine.py:906 Engine run starting with max_epochs=1.
C:\Users\rdpuser\miniconda3\envs\tfg_py310\lib\site-packages\ignite\handlers\checkpoint.py:16: DeprecationWarning: `TorchScript` support for functional optimizers is deprecated and will be removed in a future PyTorch release. Consider using the `torch.compile` optimizer instead.
  from torch.distributed.optim import ZeroRedundancyOptimizer
C:\Users\rdpuser\miniconda3\envs\tfg_py310\lib\site-packages\ignite\handlers\checkpoint.py:16: DeprecationWarning: `TorchScript` support for functional optimizers is deprecated and will be removed in a future PyTorch release. Consider using the `torch.compile` optimizer instead.
  from torch.distributed.optim import ZeroRedundancyOptimizer
C:\Users\rdpuser\miniconda3\envs\tfg_py310\lib\site-packages\ignite\handlers\checkpoint.py:16: DeprecationWarning: `TorchScript` support for functional optimizers is deprecated and will be removed in a future PyTorch release. Consider using the `torch.compile` optimizer instead.
  from torch.distributed.optim import ZeroRedundancyOptimizer
C:\Users\rdpuser\miniconda3\envs\tfg_py310\lib\site-packages\ignite\handlers\checkpoint.py:16: DeprecationWarning: `TorchScript` support for functional optimizers is deprecated and will be removed in a future PyTorch release. Consider using the `torch.compile` optimizer instead.
  from torch.distributed.optim import ZeroRedundancyOptimizer
04/02/2026 02:28:37 AM | engine.py:1010 Epoch[1] Complete. Time taken: 00:00:37.476
Training model with training mixes in: C:\Users\rdpuser\TFG_Identificaci-n-de-voces-e-instrumentos-en-una-obra-musical\datasets\mix_generation\foreground_train
Validating data with validation mixes in: C:\Users\rdpuser\TFG_Identificaci-n-de-voces-e-instrumentos-en-una-obra-musical\datasets\mix_generation\foreground_valid
[DEBUG] Num de sources: 4
pipeline de 4 fuentes
[Validator] Epoch 1 - val_loss: 4.596772
[BEST CHECKPOINT] Guardado/actualizado en: checkpoints\Mis_modelos\lpsa checkpoints\4stems\best_checkpoint_1_val_loss=-4.5968.pt
04/02/2026 02:28:37 AM | engine.py:1037 Engine run finished. Time taken: 00:00:37.922
[Epoch 1] train_loss=4.193279 | val_loss=4.596772
04/02/2026 02:28:37 AM | engine.py:1010 Epoch[1] Complete. Time taken: 00:01:12.619
04/02/2026 02:29:00 AM | engine.py:906 Engine run starting with max_epochs=1.
04/02/2026 02:29:25 AM | engine.py:1010 Epoch[1] Complete. Time taken: 00:00:25.712
[Validator] Epoch 2 - val_loss: 4.590315
[BEST CHECKPOINT] Guardado/actualizado en: checkpoints\Mis_modelos\lpsa checkpoints\4stems\best_checkpoint_2_val_loss=-4.5903.pt
04/02/2026 02:29:25 AM | engine.py:1037 Engine run finished. Time taken: 00:00:25.723
[Epoch 2] train_loss=4.283260 | val_loss=4.590315
04/02/2026 02:29:25 AM | engine.py:1010 Epoch[2] Complete. Time taken: 00:00:47.864
04/02/2026 02:29:47 AM | engine.py:906 Engine run starting with max_epochs=1.
04/02/2026 02:30:12 AM | engine.py:1010 Epoch[1] Complete. Time taken: 00:00:25.200
[Validator] Epoch 3 - val_loss: 4.538033
[BEST CHECKPOINT] Guardado/actualizado en: checkpoints\Mis_modelos\lpsa checkpoints\4stems\best_checkpoint_3_val_loss=-4.5380.pt
04/02/2026 02:30:12 AM | engine.py:1037 Engine run finished. Time taken: 00:00:25.207
[Epoch 3] train_loss=3.917861 | val_loss=4.538033
04/02/2026 02:30:12 AM | engine.py:1010 Epoch[3] Complete. Time taken: 00:00:47.203
04/02/2026 02:30:34 AM | engine.py:906 Engine run starting with max_epochs=1.
04/02/2026 02:31:00 AM | engine.py:1010 Epoch[1] Complete. Time taken: 00:00:25.671
[Validator] Epoch 4 - val_loss: 4.367265
[BEST CHECKPOINT] Guardado/actualizado en: checkpoints\Mis_modelos\lpsa checkpoints\4stems\best_checkpoint_4_val_loss=-4.3673.pt
04/02/2026 02:31:00 AM | engine.py:1037 Engine run finished. Time taken: 00:00:25.680
[Epoch 4] train_loss=3.985790 | val_loss=4.367265
04/02/2026 02:31:00 AM | engine.py:1010 Epoch[4] Complete. Time taken: 00:00:47.139
04/02/2026 02:31:21 AM | engine.py:906 Engine run starting with max_epochs=1.
04/02/2026 02:31:47 AM | engine.py:1010 Epoch[1] Complete. Time taken: 00:00:25.138
[Validator] Epoch 5 - val_loss: 4.096412
[BEST CHECKPOINT] Guardado/actualizado en: checkpoints\Mis_modelos\lpsa checkpoints\4stems\best_checkpoint_5_val_loss=-4.0964.pt
04/02/2026 02:31:47 AM | engine.py:1037 Engine run finished. Time taken: 00:00:25.150
[Epoch 5] train_loss=3.857443 | val_loss=4.096412
04/02/2026 02:31:47 AM | engine.py:1010 Epoch[5] Complete. Time taken: 00:00:46.934
04/02/2026 02:32:08 AM | engine.py:906 Engine run starting with max_epochs=1.
04/02/2026 02:32:33 AM | engine.py:1010 Epoch[1] Complete. Time taken: 00:00:25.193
[Validator] Epoch 6 - val_loss: 3.799692
[BEST CHECKPOINT] Guardado/actualizado en: checkpoints\Mis_modelos\lpsa checkpoints\4stems\best_checkpoint_6_val_loss=-3.7997.pt
04/02/2026 02:32:33 AM | engine.py:1037 Engine run finished. Time taken: 00:00:25.204
[Epoch 6] train_loss=3.758429 | val_loss=3.799692
04/02/2026 02:32:33 AM | engine.py:1010 Epoch[6] Complete. Time taken: 00:00:46.274
04/02/2026 02:32:55 AM | engine.py:906 Engine run starting with max_epochs=1.
04/02/2026 02:33:20 AM | engine.py:1010 Epoch[1] Complete. Time taken: 00:00:25.179
[Validator] Epoch 7 - val_loss: 3.562600
[BEST CHECKPOINT] Guardado/actualizado en: checkpoints\Mis_modelos\lpsa checkpoints\4stems\best_checkpoint_7_val_loss=-3.5626.pt
04/02/2026 02:33:20 AM | engine.py:1037 Engine run finished. Time taken: 00:00:25.187
[Epoch 7] train_loss=3.540410 | val_loss=3.562600
04/02/2026 02:33:20 AM | engine.py:1010 Epoch[7] Complete. Time taken: 00:00:47.171
04/02/2026 02:33:41 AM | engine.py:906 Engine run starting with max_epochs=1.
04/02/2026 02:34:07 AM | engine.py:1010 Epoch[1] Complete. Time taken: 00:00:25.773
[Validator] Epoch 8 - val_loss: 3.341561
[BEST CHECKPOINT] Guardado/actualizado en: checkpoints\Mis_modelos\lpsa checkpoints\4stems\best_checkpoint_8_val_loss=-3.3416.pt
04/02/2026 02:34:07 AM | engine.py:1037 Engine run finished. Time taken: 00:00:25.782
[Epoch 8] train_loss=3.323684 | val_loss=3.341561
04/02/2026 02:34:07 AM | engine.py:1010 Epoch[8] Complete. Time taken: 00:00:46.768
04/02/2026 02:34:28 AM | engine.py:906 Engine run starting with max_epochs=1.
04/02/2026 02:34:54 AM | engine.py:1010 Epoch[1] Complete. Time taken: 00:00:25.844
[Validator] Epoch 9 - val_loss: 3.156183
[BEST CHECKPOINT] Guardado/actualizado en: checkpoints\Mis_modelos\lpsa checkpoints\4stems\best_checkpoint_9_val_loss=-3.1562.pt
04/02/2026 02:34:54 AM | engine.py:1037 Engine run finished. Time taken: 00:00:25.854
[Epoch 9] train_loss=3.197422 | val_loss=3.156183
04/02/2026 02:34:54 AM | engine.py:1010 Epoch[9] Complete. Time taken: 00:00:47.065
04/02/2026 02:35:16 AM | engine.py:906 Engine run starting with max_epochs=1.
04/02/2026 02:35:40 AM | engine.py:1010 Epoch[1] Complete. Time taken: 00:00:24.500
[Validator] Epoch 10 - val_loss: 2.941243
[BEST CHECKPOINT] Guardado/actualizado en: checkpoints\Mis_modelos\lpsa checkpoints\4stems\best_checkpoint_10_val_loss=-2.9412.pt
04/02/2026 02:35:40 AM | engine.py:1037 Engine run finished. Time taken: 00:00:24.509
[Epoch 10] train_loss=2.986657 | val_loss=2.941243
04/02/2026 02:35:40 AM | engine.py:1010 Epoch[10] Complete. Time taken: 00:00:46.429
04/02/2026 02:36:01 AM | engine.py:906 Engine run starting with max_epochs=1.
04/02/2026 02:36:27 AM | engine.py:1010 Epoch[1] Complete. Time taken: 00:00:25.200
[Validator] Epoch 11 - val_loss: 2.747506
[BEST CHECKPOINT] Guardado/actualizado en: checkpoints\Mis_modelos\lpsa checkpoints\4stems\best_checkpoint_11_val_loss=-2.7475.pt
04/02/2026 02:36:27 AM | engine.py:1037 Engine run finished. Time taken: 00:00:25.208
[Epoch 11] train_loss=2.767877 | val_loss=2.747506
04/02/2026 02:36:27 AM | engine.py:1010 Epoch[11] Complete. Time taken: 00:00:46.385
04/02/2026 02:36:48 AM | engine.py:906 Engine run starting with max_epochs=1.
04/02/2026 02:37:14 AM | engine.py:1010 Epoch[1] Complete. Time taken: 00:00:25.910
[Validator] Epoch 12 - val_loss: 2.608648
[BEST CHECKPOINT] Guardado/actualizado en: checkpoints\Mis_modelos\lpsa checkpoints\4stems\best_checkpoint_12_val_loss=-2.6086.pt
04/02/2026 02:37:14 AM | engine.py:1037 Engine run finished. Time taken: 00:00:25.920
[Epoch 12] train_loss=2.742550 | val_loss=2.608648
04/02/2026 02:37:14 AM | engine.py:1010 Epoch[12] Complete. Time taken: 00:00:47.439
04/02/2026 02:37:35 AM | engine.py:906 Engine run starting with max_epochs=1.
04/02/2026 02:38:01 AM | engine.py:1010 Epoch[1] Complete. Time taken: 00:00:25.716
[Validator] Epoch 13 - val_loss: 2.431742
[BEST CHECKPOINT] Guardado/actualizado en: checkpoints\Mis_modelos\lpsa checkpoints\4stems\best_checkpoint_13_val_loss=-2.4317.pt
04/02/2026 02:38:01 AM | engine.py:1037 Engine run finished. Time taken: 00:00:25.725
[Epoch 13] train_loss=2.517354 | val_loss=2.431742
04/02/2026 02:38:01 AM | engine.py:1010 Epoch[13] Complete. Time taken: 00:00:46.566
04/02/2026 02:38:22 AM | engine.py:906 Engine run starting with max_epochs=1.
04/02/2026 02:38:48 AM | engine.py:1010 Epoch[1] Complete. Time taken: 00:00:25.801
[Validator] Epoch 14 - val_loss: 2.291408
[BEST CHECKPOINT] Guardado/actualizado en: checkpoints\Mis_modelos\lpsa checkpoints\4stems\best_checkpoint_14_val_loss=-2.2914.pt
04/02/2026 02:38:48 AM | engine.py:1037 Engine run finished. Time taken: 00:00:25.812
[Epoch 14] train_loss=2.468909 | val_loss=2.291408
04/02/2026 02:38:48 AM | engine.py:1010 Epoch[14] Complete. Time taken: 00:00:47.174
04/02/2026 02:39:09 AM | engine.py:906 Engine run starting with max_epochs=1.
04/02/2026 02:39:35 AM | engine.py:1010 Epoch[1] Complete. Time taken: 00:00:25.564
[Validator] Epoch 15 - val_loss: 2.165911
[BEST CHECKPOINT] Guardado/actualizado en: checkpoints\Mis_modelos\lpsa checkpoints\4stems\best_checkpoint_15_val_loss=-2.1659.pt
04/02/2026 02:39:35 AM | engine.py:1037 Engine run finished. Time taken: 00:00:25.573
[Epoch 15] train_loss=2.302694 | val_loss=2.165911
04/02/2026 02:39:35 AM | engine.py:1010 Epoch[15] Complete. Time taken: 00:00:47.081
04/02/2026 02:39:57 AM | engine.py:906 Engine run starting with max_epochs=1.
04/02/2026 02:40:22 AM | engine.py:1010 Epoch[1] Complete. Time taken: 00:00:25.318
[Validator] Epoch 16 - val_loss: 2.031853
[BEST CHECKPOINT] Guardado/actualizado en: checkpoints\Mis_modelos\lpsa checkpoints\4stems\best_checkpoint_16_val_loss=-2.0319.pt
04/02/2026 02:40:22 AM | engine.py:1037 Engine run finished. Time taken: 00:00:25.327
[Epoch 16] train_loss=2.120448 | val_loss=2.031853
04/02/2026 02:40:22 AM | engine.py:1010 Epoch[16] Complete. Time taken: 00:00:47.040
04/02/2026 02:40:43 AM | engine.py:906 Engine run starting with max_epochs=1.
04/02/2026 02:41:09 AM | engine.py:1010 Epoch[1] Complete. Time taken: 00:00:25.619
[Validator] Epoch 17 - val_loss: 1.929376
[BEST CHECKPOINT] Guardado/actualizado en: checkpoints\Mis_modelos\lpsa checkpoints\4stems\best_checkpoint_17_val_loss=-1.9294.pt
04/02/2026 02:41:09 AM | engine.py:1037 Engine run finished. Time taken: 00:00:25.629
[Epoch 17] train_loss=2.059000 | val_loss=1.929376
04/02/2026 02:41:09 AM | engine.py:1010 Epoch[17] Complete. Time taken: 00:00:46.917
04/02/2026 02:41:31 AM | engine.py:906 Engine run starting with max_epochs=1.
04/02/2026 02:41:56 AM | engine.py:1010 Epoch[1] Complete. Time taken: 00:00:25.488
[Validator] Epoch 18 - val_loss: 1.865784
[BEST CHECKPOINT] Guardado/actualizado en: checkpoints\Mis_modelos\lpsa checkpoints\4stems\best_checkpoint_18_val_loss=-1.8658.pt
04/02/2026 02:41:56 AM | engine.py:1037 Engine run finished. Time taken: 00:00:25.496
[Epoch 18] train_loss=2.002985 | val_loss=1.865784
04/02/2026 02:41:56 AM | engine.py:1010 Epoch[18] Complete. Time taken: 00:00:47.461
04/02/2026 02:42:18 AM | engine.py:906 Engine run starting with max_epochs=1.
04/02/2026 02:42:43 AM | engine.py:1010 Epoch[1] Complete. Time taken: 00:00:25.285
[Validator] Epoch 19 - val_loss: 1.799760
[BEST CHECKPOINT] Guardado/actualizado en: checkpoints\Mis_modelos\lpsa checkpoints\4stems\best_checkpoint_19_val_loss=-1.7998.pt
04/02/2026 02:42:43 AM | engine.py:1037 Engine run finished. Time taken: 00:00:25.296
[Epoch 19] train_loss=1.884915 | val_loss=1.799760
04/02/2026 02:42:43 AM | engine.py:1010 Epoch[19] Complete. Time taken: 00:00:46.911
04/02/2026 02:43:05 AM | engine.py:906 Engine run starting with max_epochs=1.
04/02/2026 02:43:30 AM | engine.py:1010 Epoch[1] Complete. Time taken: 00:00:25.084
[Validator] Epoch 20 - val_loss: 1.738276
[BEST CHECKPOINT] Guardado/actualizado en: checkpoints\Mis_modelos\lpsa checkpoints\4stems\best_checkpoint_20_val_loss=-1.7383.pt
04/02/2026 02:43:30 AM | engine.py:1037 Engine run finished. Time taken: 00:00:25.095
[Epoch 20] train_loss=1.847452 | val_loss=1.738276
04/02/2026 02:43:30 AM | engine.py:1010 Epoch[20] Complete. Time taken: 00:00:46.653
04/02/2026 02:43:52 AM | engine.py:906 Engine run starting with max_epochs=1.
04/02/2026 02:44:17 AM | engine.py:1010 Epoch[1] Complete. Time taken: 00:00:25.402
[Validator] Epoch 21 - val_loss: 1.702770
[BEST CHECKPOINT] Guardado/actualizado en: checkpoints\Mis_modelos\lpsa checkpoints\4stems\best_checkpoint_21_val_loss=-1.7028.pt
04/02/2026 02:44:17 AM | engine.py:1037 Engine run finished. Time taken: 00:00:25.413
[Epoch 21] train_loss=1.832482 | val_loss=1.702770
04/02/2026 02:44:17 AM | engine.py:1010 Epoch[21] Complete. Time taken: 00:00:47.397
04/02/2026 02:44:39 AM | engine.py:906 Engine run starting with max_epochs=1.
04/02/2026 02:45:04 AM | engine.py:1010 Epoch[1] Complete. Time taken: 00:00:25.007
[Validator] Epoch 22 - val_loss: 1.670448
[BEST CHECKPOINT] Guardado/actualizado en: checkpoints\Mis_modelos\lpsa checkpoints\4stems\best_checkpoint_22_val_loss=-1.6704.pt
04/02/2026 02:45:04 AM | engine.py:1037 Engine run finished. Time taken: 00:00:25.018
[Epoch 22] train_loss=1.822376 | val_loss=1.670448
04/02/2026 02:45:04 AM | engine.py:1010 Epoch[22] Complete. Time taken: 00:00:46.460
04/02/2026 02:45:25 AM | engine.py:906 Engine run starting with max_epochs=1.
04/02/2026 02:45:51 AM | engine.py:1010 Epoch[1] Complete. Time taken: 00:00:25.917
[Validator] Epoch 23 - val_loss: 1.642365
[BEST CHECKPOINT] Guardado/actualizado en: checkpoints\Mis_modelos\lpsa checkpoints\4stems\best_checkpoint_23_val_loss=-1.6424.pt
04/02/2026 02:45:51 AM | engine.py:1037 Engine run finished. Time taken: 00:00:25.925
[Epoch 23] train_loss=1.816913 | val_loss=1.642365
04/02/2026 02:45:51 AM | engine.py:1010 Epoch[23] Complete. Time taken: 00:00:47.342
04/02/2026 02:46:13 AM | engine.py:906 Engine run starting with max_epochs=1.
04/02/2026 02:46:39 AM | engine.py:1010 Epoch[1] Complete. Time taken: 00:00:26.256
[Validator] Epoch 24 - val_loss: 1.616670
[BEST CHECKPOINT] Guardado/actualizado en: checkpoints\Mis_modelos\lpsa checkpoints\4stems\best_checkpoint_24_val_loss=-1.6167.pt
04/02/2026 02:46:39 AM | engine.py:1037 Engine run finished. Time taken: 00:00:26.268
[Epoch 24] train_loss=1.787812 | val_loss=1.616670
04/02/2026 02:46:39 AM | engine.py:1010 Epoch[24] Complete. Time taken: 00:00:48.060
04/02/2026 02:47:01 AM | engine.py:906 Engine run starting with max_epochs=1.
04/02/2026 02:47:26 AM | engine.py:1010 Epoch[1] Complete. Time taken: 00:00:25.205
[Validator] Epoch 25 - val_loss: 1.595073
[BEST CHECKPOINT] Guardado/actualizado en: checkpoints\Mis_modelos\lpsa checkpoints\4stems\best_checkpoint_25_val_loss=-1.5951.pt
04/02/2026 02:47:26 AM | engine.py:1037 Engine run finished. Time taken: 00:00:25.216
[Epoch 25] train_loss=1.735516 | val_loss=1.595073
04/02/2026 02:47:26 AM | engine.py:1010 Epoch[25] Complete. Time taken: 00:00:46.746
04/02/2026 02:47:47 AM | engine.py:906 Engine run starting with max_epochs=1.
04/02/2026 02:48:13 AM | engine.py:1010 Epoch[1] Complete. Time taken: 00:00:25.187
[Validator] Epoch 26 - val_loss: 1.583380
[BEST CHECKPOINT] Guardado/actualizado en: checkpoints\Mis_modelos\lpsa checkpoints\4stems\best_checkpoint_26_val_loss=-1.5834.pt
04/02/2026 02:48:13 AM | engine.py:1037 Engine run finished. Time taken: 00:00:25.196
[Epoch 26] train_loss=1.719040 | val_loss=1.583380
04/02/2026 02:48:13 AM | engine.py:1010 Epoch[26] Complete. Time taken: 00:00:46.736
04/02/2026 02:48:34 AM | engine.py:906 Engine run starting with max_epochs=1.
04/02/2026 02:49:00 AM | engine.py:1010 Epoch[1] Complete. Time taken: 00:00:25.429
[Validator] Epoch 27 - val_loss: 1.566830
[BEST CHECKPOINT] Guardado/actualizado en: checkpoints\Mis_modelos\lpsa checkpoints\4stems\best_checkpoint_27_val_loss=-1.5668.pt
04/02/2026 02:49:00 AM | engine.py:1037 Engine run finished. Time taken: 00:00:25.438
[Epoch 27] train_loss=1.728688 | val_loss=1.566830
04/02/2026 02:49:00 AM | engine.py:1010 Epoch[27] Complete. Time taken: 00:00:47.333
04/02/2026 02:49:22 AM | engine.py:906 Engine run starting with max_epochs=1.
04/02/2026 02:49:47 AM | engine.py:1010 Epoch[1] Complete. Time taken: 00:00:25.098
[Validator] Epoch 28 - val_loss: 1.558654
[BEST CHECKPOINT] Guardado/actualizado en: checkpoints\Mis_modelos\lpsa checkpoints\4stems\best_checkpoint_28_val_loss=-1.5587.pt
04/02/2026 02:49:47 AM | engine.py:1037 Engine run finished. Time taken: 00:00:25.108
[Epoch 28] train_loss=1.689648 | val_loss=1.558654
04/02/2026 02:49:47 AM | engine.py:1010 Epoch[28] Complete. Time taken: 00:00:46.955
04/02/2026 02:50:09 AM | engine.py:906 Engine run starting with max_epochs=1.
04/02/2026 02:50:34 AM | engine.py:1010 Epoch[1] Complete. Time taken: 00:00:24.792
[Validator] Epoch 29 - val_loss: 1.547941
[BEST CHECKPOINT] Guardado/actualizado en: checkpoints\Mis_modelos\lpsa checkpoints\4stems\best_checkpoint_29_val_loss=-1.5479.pt
04/02/2026 02:50:34 AM | engine.py:1037 Engine run finished. Time taken: 00:00:24.803
[Epoch 29] train_loss=1.633344 | val_loss=1.547941
04/02/2026 02:50:34 AM | engine.py:1010 Epoch[29] Complete. Time taken: 00:00:46.962
04/02/2026 02:50:55 AM | engine.py:906 Engine run starting with max_epochs=1.
04/02/2026 02:51:21 AM | engine.py:1010 Epoch[1] Complete. Time taken: 00:00:25.520
[Validator] Epoch 30 - val_loss: 1.538936
[BEST CHECKPOINT] Guardado/actualizado en: checkpoints\Mis_modelos\lpsa checkpoints\4stems\best_checkpoint_30_val_loss=-1.5389.pt
04/02/2026 02:51:21 AM | engine.py:1037 Engine run finished. Time taken: 00:00:25.530
[Epoch 30] train_loss=1.622098 | val_loss=1.538936
04/02/2026 02:51:21 AM | engine.py:1010 Epoch[30] Complete. Time taken: 00:00:47.058
04/02/2026 02:51:42 AM | engine.py:906 Engine run starting with max_epochs=1.
04/02/2026 02:52:08 AM | engine.py:1010 Epoch[1] Complete. Time taken: 00:00:25.438
[Validator] Epoch 31 - val_loss: 1.534433
[BEST CHECKPOINT] Guardado/actualizado en: checkpoints\Mis_modelos\lpsa checkpoints\4stems\best_checkpoint_31_val_loss=-1.5344.pt
04/02/2026 02:52:08 AM | engine.py:1037 Engine run finished. Time taken: 00:00:25.449
[Epoch 31] train_loss=1.715890 | val_loss=1.534433
04/02/2026 02:52:08 AM | engine.py:1010 Epoch[31] Complete. Time taken: 00:00:46.635
04/02/2026 02:52:29 AM | engine.py:906 Engine run starting with max_epochs=1.
04/02/2026 02:52:54 AM | engine.py:1010 Epoch[1] Complete. Time taken: 00:00:25.137
[Validator] Epoch 32 - val_loss: 1.529483
[BEST CHECKPOINT] Guardado/actualizado en: checkpoints\Mis_modelos\lpsa checkpoints\4stems\best_checkpoint_32_val_loss=-1.5295.pt
04/02/2026 02:52:54 AM | engine.py:1037 Engine run finished. Time taken: 00:00:25.147
[Epoch 32] train_loss=1.637745 | val_loss=1.529483
04/02/2026 02:52:54 AM | engine.py:1010 Epoch[32] Complete. Time taken: 00:00:46.513
04/02/2026 02:53:16 AM | engine.py:906 Engine run starting with max_epochs=1.
04/02/2026 02:53:41 AM | engine.py:1010 Epoch[1] Complete. Time taken: 00:00:25.322
[Validator] Epoch 33 - val_loss: 1.522841
[BEST CHECKPOINT] Guardado/actualizado en: checkpoints\Mis_modelos\lpsa checkpoints\4stems\best_checkpoint_33_val_loss=-1.5228.pt
04/02/2026 02:53:41 AM | engine.py:1037 Engine run finished. Time taken: 00:00:25.331
[Epoch 33] train_loss=1.657646 | val_loss=1.522841
04/02/2026 02:53:41 AM | engine.py:1010 Epoch[33] Complete. Time taken: 00:00:46.916
04/02/2026 02:54:03 AM | engine.py:906 Engine run starting with max_epochs=1.
04/02/2026 02:54:28 AM | engine.py:1010 Epoch[1] Complete. Time taken: 00:00:25.503
[Validator] Epoch 34 - val_loss: 1.517956
[BEST CHECKPOINT] Guardado/actualizado en: checkpoints\Mis_modelos\lpsa checkpoints\4stems\best_checkpoint_34_val_loss=-1.5180.pt
04/02/2026 02:54:28 AM | engine.py:1037 Engine run finished. Time taken: 00:00:25.513
[Epoch 34] train_loss=1.639278 | val_loss=1.517956
04/02/2026 02:54:28 AM | engine.py:1010 Epoch[34] Complete. Time taken: 00:00:47.142
04/02/2026 02:54:50 AM | engine.py:906 Engine run starting with max_epochs=1.
04/02/2026 02:55:15 AM | engine.py:1010 Epoch[1] Complete. Time taken: 00:00:25.476
[Validator] Epoch 35 - val_loss: 1.514160
[BEST CHECKPOINT] Guardado/actualizado en: checkpoints\Mis_modelos\lpsa checkpoints\4stems\best_checkpoint_35_val_loss=-1.5142.pt
04/02/2026 02:55:15 AM | engine.py:1037 Engine run finished. Time taken: 00:00:25.485
[Epoch 35] train_loss=1.665125 | val_loss=1.514160
04/02/2026 02:55:15 AM | engine.py:1010 Epoch[35] Complete. Time taken: 00:00:47.114
04/02/2026 02:55:36 AM | engine.py:906 Engine run starting with max_epochs=1.
04/02/2026 02:56:02 AM | engine.py:1010 Epoch[1] Complete. Time taken: 00:00:25.215
[Validator] Epoch 36 - val_loss: 1.510489
[BEST CHECKPOINT] Guardado/actualizado en: checkpoints\Mis_modelos\lpsa checkpoints\4stems\best_checkpoint_36_val_loss=-1.5105.pt
04/02/2026 02:56:02 AM | engine.py:1037 Engine run finished. Time taken: 00:00:25.227
[Epoch 36] train_loss=1.634099 | val_loss=1.510489
04/02/2026 02:56:02 AM | engine.py:1010 Epoch[36] Complete. Time taken: 00:00:46.380
04/02/2026 02:56:23 AM | engine.py:906 Engine run starting with max_epochs=1.
04/02/2026 02:56:49 AM | engine.py:1010 Epoch[1] Complete. Time taken: 00:00:25.768
[Validator] Epoch 37 - val_loss: 1.505654
[BEST CHECKPOINT] Guardado/actualizado en: checkpoints\Mis_modelos\lpsa checkpoints\4stems\best_checkpoint_37_val_loss=-1.5057.pt
04/02/2026 02:56:49 AM | engine.py:1037 Engine run finished. Time taken: 00:00:25.776
[Epoch 37] train_loss=1.619009 | val_loss=1.505654
04/02/2026 02:56:49 AM | engine.py:1010 Epoch[37] Complete. Time taken: 00:00:47.288
04/02/2026 02:57:11 AM | engine.py:906 Engine run starting with max_epochs=1.
04/02/2026 02:57:36 AM | engine.py:1010 Epoch[1] Complete. Time taken: 00:00:25.195
[Validator] Epoch 38 - val_loss: 1.502010
[BEST CHECKPOINT] Guardado/actualizado en: checkpoints\Mis_modelos\lpsa checkpoints\4stems\best_checkpoint_38_val_loss=-1.5020.pt
04/02/2026 02:57:36 AM | engine.py:1037 Engine run finished. Time taken: 00:00:25.204
[Epoch 38] train_loss=1.676853 | val_loss=1.502010
04/02/2026 02:57:36 AM | engine.py:1010 Epoch[38] Complete. Time taken: 00:00:47.231
04/02/2026 02:57:58 AM | engine.py:906 Engine run starting with max_epochs=1.
04/02/2026 02:58:23 AM | engine.py:1010 Epoch[1] Complete. Time taken: 00:00:25.631
[Validator] Epoch 39 - val_loss: 1.499902
[BEST CHECKPOINT] Guardado/actualizado en: checkpoints\Mis_modelos\lpsa checkpoints\4stems\best_checkpoint_39_val_loss=-1.4999.pt
04/02/2026 02:58:23 AM | engine.py:1037 Engine run finished. Time taken: 00:00:25.639
[Epoch 39] train_loss=1.640871 | val_loss=1.499902
04/02/2026 02:58:23 AM | engine.py:1010 Epoch[39] Complete. Time taken: 00:00:47.022
04/02/2026 02:58:45 AM | engine.py:906 Engine run starting with max_epochs=1.
04/02/2026 02:59:11 AM | engine.py:1010 Epoch[1] Complete. Time taken: 00:00:25.576
[Validator] Epoch 40 - val_loss: 1.497024
[BEST CHECKPOINT] Guardado/actualizado en: checkpoints\Mis_modelos\lpsa checkpoints\4stems\best_checkpoint_40_val_loss=-1.4970.pt
04/02/2026 02:59:11 AM | engine.py:1037 Engine run finished. Time taken: 00:00:25.583
[Epoch 40] train_loss=1.616650 | val_loss=1.497024
04/02/2026 02:59:11 AM | engine.py:1010 Epoch[40] Complete. Time taken: 00:00:47.895
04/02/2026 02:59:33 AM | engine.py:906 Engine run starting with max_epochs=1.
04/02/2026 02:59:58 AM | engine.py:1010 Epoch[1] Complete. Time taken: 00:00:24.951
[Validator] Epoch 41 - val_loss: 1.492313
[BEST CHECKPOINT] Guardado/actualizado en: checkpoints\Mis_modelos\lpsa checkpoints\4stems\best_checkpoint_41_val_loss=-1.4923.pt
04/02/2026 02:59:58 AM | engine.py:1037 Engine run finished. Time taken: 00:00:24.961
[Epoch 41] train_loss=1.546897 | val_loss=1.492313
04/02/2026 02:59:58 AM | engine.py:1010 Epoch[41] Complete. Time taken: 00:00:46.969
04/02/2026 03:00:19 AM | engine.py:906 Engine run starting with max_epochs=1.
04/02/2026 03:00:45 AM | engine.py:1010 Epoch[1] Complete. Time taken: 00:00:25.649
[Validator] Epoch 42 - val_loss: 1.490304
[BEST CHECKPOINT] Guardado/actualizado en: checkpoints\Mis_modelos\lpsa checkpoints\4stems\best_checkpoint_42_val_loss=-1.4903.pt
04/02/2026 03:00:45 AM | engine.py:1037 Engine run finished. Time taken: 00:00:25.661
[Epoch 42] train_loss=1.608966 | val_loss=1.490304
04/02/2026 03:00:45 AM | engine.py:1010 Epoch[42] Complete. Time taken: 00:00:47.100
04/02/2026 03:01:07 AM | engine.py:906 Engine run starting with max_epochs=1.
04/02/2026 03:01:33 AM | engine.py:1010 Epoch[1] Complete. Time taken: 00:00:25.335
[Validator] Epoch 43 - val_loss: 1.485815
[BEST CHECKPOINT] Guardado/actualizado en: checkpoints\Mis_modelos\lpsa checkpoints\4stems\best_checkpoint_43_val_loss=-1.4858.pt
04/02/2026 03:01:33 AM | engine.py:1037 Engine run finished. Time taken: 00:00:25.344
[Epoch 43] train_loss=1.569997 | val_loss=1.485815
04/02/2026 03:01:33 AM | engine.py:1010 Epoch[43] Complete. Time taken: 00:00:47.513
04/02/2026 03:01:54 AM | engine.py:906 Engine run starting with max_epochs=1.
04/02/2026 03:02:20 AM | engine.py:1010 Epoch[1] Complete. Time taken: 00:00:25.301
[Validator] Epoch 44 - val_loss: 1.482455
[BEST CHECKPOINT] Guardado/actualizado en: checkpoints\Mis_modelos\lpsa checkpoints\4stems\best_checkpoint_44_val_loss=-1.4825.pt
04/02/2026 03:02:20 AM | engine.py:1037 Engine run finished. Time taken: 00:00:25.309
[Epoch 44] train_loss=1.617815 | val_loss=1.482455
04/02/2026 03:02:20 AM | engine.py:1010 Epoch[44] Complete. Time taken: 00:00:46.900
04/02/2026 03:02:41 AM | engine.py:906 Engine run starting with max_epochs=1.
04/02/2026 03:03:07 AM | engine.py:1010 Epoch[1] Complete. Time taken: 00:00:25.129
[Validator] Epoch 45 - val_loss: 1.483509
[BEST CHECKPOINT] Guardado/actualizado en: checkpoints\Mis_modelos\lpsa checkpoints\4stems\best_checkpoint_44_val_loss=-1.4825.pt
04/02/2026 03:03:07 AM | engine.py:1037 Engine run finished. Time taken: 00:00:25.129
[Epoch 45] train_loss=1.609266 | val_loss=1.483509
04/02/2026 03:03:07 AM | engine.py:1010 Epoch[45] Complete. Time taken: 00:00:46.993
04/02/2026 03:03:28 AM | engine.py:906 Engine run starting with max_epochs=1.
04/02/2026 03:03:54 AM | engine.py:1010 Epoch[1] Complete. Time taken: 00:00:25.463
[Validator] Epoch 46 - val_loss: 1.484370
[BEST CHECKPOINT] Guardado/actualizado en: checkpoints\Mis_modelos\lpsa checkpoints\4stems\best_checkpoint_44_val_loss=-1.4825.pt
04/02/2026 03:03:54 AM | engine.py:1037 Engine run finished. Time taken: 00:00:25.463
[Epoch 46] train_loss=1.623267 | val_loss=1.484370
04/02/2026 03:03:54 AM | engine.py:1010 Epoch[46] Complete. Time taken: 00:00:47.023
04/02/2026 03:04:15 AM | engine.py:906 Engine run starting with max_epochs=1.
04/02/2026 03:04:40 AM | engine.py:1010 Epoch[1] Complete. Time taken: 00:00:25.256
[Validator] Epoch 47 - val_loss: 1.489451
[BEST CHECKPOINT] Guardado/actualizado en: checkpoints\Mis_modelos\lpsa checkpoints\4stems\best_checkpoint_44_val_loss=-1.4825.pt
04/02/2026 03:04:40 AM | engine.py:1037 Engine run finished. Time taken: 00:00:25.257
[Epoch 47] train_loss=1.554078 | val_loss=1.489451
04/02/2026 03:04:40 AM | engine.py:1010 Epoch[47] Complete. Time taken: 00:00:46.694
04/02/2026 03:05:02 AM | engine.py:906 Engine run starting with max_epochs=1.
04/02/2026 03:05:27 AM | engine.py:1010 Epoch[1] Complete. Time taken: 00:00:25.047
[Validator] Epoch 48 - val_loss: 1.490041
[BEST CHECKPOINT] Guardado/actualizado en: checkpoints\Mis_modelos\lpsa checkpoints\4stems\best_checkpoint_44_val_loss=-1.4825.pt
04/02/2026 03:05:27 AM | engine.py:1037 Engine run finished. Time taken: 00:00:25.047
[Epoch 48] train_loss=1.591874 | val_loss=1.490041
04/02/2026 03:05:27 AM | engine.py:1010 Epoch[48] Complete. Time taken: 00:00:46.378
04/02/2026 03:05:48 AM | engine.py:906 Engine run starting with max_epochs=1.
04/02/2026 03:06:13 AM | engine.py:1010 Epoch[1] Complete. Time taken: 00:00:24.964
[Validator] Epoch 49 - val_loss: 1.487529
[BEST CHECKPOINT] Guardado/actualizado en: checkpoints\Mis_modelos\lpsa checkpoints\4stems\best_checkpoint_44_val_loss=-1.4825.pt
04/02/2026 03:06:13 AM | engine.py:1037 Engine run finished. Time taken: 00:00:24.964
[Epoch 49] train_loss=1.617026 | val_loss=1.487529
04/02/2026 03:06:13 AM | engine.py:1010 Epoch[49] Complete. Time taken: 00:00:46.302
04/02/2026 03:06:34 AM | engine.py:906 Engine run starting with max_epochs=1.
04/02/2026 03:07:00 AM | engine.py:1010 Epoch[1] Complete. Time taken: 00:00:25.513
[Validator] Epoch 50 - val_loss: 1.483343
[BEST CHECKPOINT] Guardado/actualizado en: checkpoints\Mis_modelos\lpsa checkpoints\4stems\best_checkpoint_44_val_loss=-1.4825.pt
04/02/2026 03:07:00 AM | engine.py:1037 Engine run finished. Time taken: 00:00:25.515
[Epoch 50] train_loss=1.552651 | val_loss=1.483343
04/02/2026 03:07:00 AM | engine.py:1010 Epoch[50] Complete. Time taken: 00:00:47.068
04/02/2026 03:07:21 AM | engine.py:906 Engine run starting with max_epochs=1.
04/02/2026 03:07:47 AM | engine.py:1010 Epoch[1] Complete. Time taken: 00:00:25.916
[Validator] Epoch 51 - val_loss: 1.480097
[BEST CHECKPOINT] Guardado/actualizado en: checkpoints\Mis_modelos\lpsa checkpoints\4stems\best_checkpoint_51_val_loss=-1.4801.pt
04/02/2026 03:07:47 AM | engine.py:1037 Engine run finished. Time taken: 00:00:25.925
[Epoch 51] train_loss=1.583793 | val_loss=1.480097
04/02/2026 03:07:47 AM | engine.py:1010 Epoch[51] Complete. Time taken: 00:00:46.796
04/02/2026 03:08:09 AM | engine.py:906 Engine run starting with max_epochs=1.
04/02/2026 03:08:34 AM | engine.py:1010 Epoch[1] Complete. Time taken: 00:00:25.088
[Validator] Epoch 52 - val_loss: 1.480665
[BEST CHECKPOINT] Guardado/actualizado en: checkpoints\Mis_modelos\lpsa checkpoints\4stems\best_checkpoint_51_val_loss=-1.4801.pt
04/02/2026 03:08:34 AM | engine.py:1037 Engine run finished. Time taken: 00:00:25.090
[Epoch 52] train_loss=1.612527 | val_loss=1.480665
04/02/2026 03:08:34 AM | engine.py:1010 Epoch[52] Complete. Time taken: 00:00:47.023
04/02/2026 03:08:56 AM | engine.py:906 Engine run starting with max_epochs=1.
04/02/2026 03:09:21 AM | engine.py:1010 Epoch[1] Complete. Time taken: 00:00:25.053
[Validator] Epoch 53 - val_loss: 1.478685
[BEST CHECKPOINT] Guardado/actualizado en: checkpoints\Mis_modelos\lpsa checkpoints\4stems\best_checkpoint_53_val_loss=-1.4787.pt
04/02/2026 03:09:21 AM | engine.py:1037 Engine run finished. Time taken: 00:00:25.062
[Epoch 53] train_loss=1.587460 | val_loss=1.478685
04/02/2026 03:09:21 AM | engine.py:1010 Epoch[53] Complete. Time taken: 00:00:46.782
04/02/2026 03:09:43 AM | engine.py:906 Engine run starting with max_epochs=1.
04/02/2026 03:10:08 AM | engine.py:1010 Epoch[1] Complete. Time taken: 00:00:24.779
[Validator] Epoch 54 - val_loss: 1.483486
[BEST CHECKPOINT] Guardado/actualizado en: checkpoints\Mis_modelos\lpsa checkpoints\4stems\best_checkpoint_53_val_loss=-1.4787.pt
04/02/2026 03:10:08 AM | engine.py:1037 Engine run finished. Time taken: 00:00:24.779
[Epoch 54] train_loss=1.626812 | val_loss=1.483486
04/02/2026 03:10:08 AM | engine.py:1010 Epoch[54] Complete. Time taken: 00:00:47.000
04/02/2026 03:10:30 AM | engine.py:906 Engine run starting with max_epochs=1.
04/02/2026 03:10:55 AM | engine.py:1010 Epoch[1] Complete. Time taken: 00:00:25.291
[Validator] Epoch 55 - val_loss: 1.485269
[BEST CHECKPOINT] Guardado/actualizado en: checkpoints\Mis_modelos\lpsa checkpoints\4stems\best_checkpoint_53_val_loss=-1.4787.pt
04/02/2026 03:10:55 AM | engine.py:1037 Engine run finished. Time taken: 00:00:25.292
[Epoch 55] train_loss=1.581240 | val_loss=1.485269
04/02/2026 03:10:55 AM | engine.py:1010 Epoch[55] Complete. Time taken: 00:00:47.609
04/02/2026 03:11:16 AM | engine.py:906 Engine run starting with max_epochs=1.
04/02/2026 03:11:42 AM | engine.py:1010 Epoch[1] Complete. Time taken: 00:00:25.490
[Validator] Epoch 56 - val_loss: 1.479920
[BEST CHECKPOINT] Guardado/actualizado en: checkpoints\Mis_modelos\lpsa checkpoints\4stems\best_checkpoint_53_val_loss=-1.4787.pt
04/02/2026 03:11:42 AM | engine.py:1037 Engine run finished. Time taken: 00:00:25.491
[Epoch 56] train_loss=1.581558 | val_loss=1.479920
04/02/2026 03:11:42 AM | engine.py:1010 Epoch[56] Complete. Time taken: 00:00:46.549
04/02/2026 03:12:03 AM | engine.py:906 Engine run starting with max_epochs=1.
04/02/2026 03:12:28 AM | engine.py:1010 Epoch[1] Complete. Time taken: 00:00:25.088
[Validator] Epoch 57 - val_loss: 1.478742
[BEST CHECKPOINT] Guardado/actualizado en: checkpoints\Mis_modelos\lpsa checkpoints\4stems\best_checkpoint_53_val_loss=-1.4787.pt
04/02/2026 03:12:28 AM | engine.py:1037 Engine run finished. Time taken: 00:00:25.088
[Epoch 57] train_loss=1.560763 | val_loss=1.478742
04/02/2026 03:12:28 AM | engine.py:1010 Epoch[57] Complete. Time taken: 00:00:46.397
04/02/2026 03:12:50 AM | engine.py:906 Engine run starting with max_epochs=1.
04/02/2026 03:13:16 AM | engine.py:1010 Epoch[1] Complete. Time taken: 00:00:25.392
[Validator] Epoch 58 - val_loss: 1.479719
[BEST CHECKPOINT] Guardado/actualizado en: checkpoints\Mis_modelos\lpsa checkpoints\4stems\best_checkpoint_53_val_loss=-1.4787.pt
04/02/2026 03:13:16 AM | engine.py:1037 Engine run finished. Time taken: 00:00:25.394
[Epoch 58] train_loss=1.593986 | val_loss=1.479719
04/02/2026 03:13:16 AM | engine.py:1010 Epoch[58] Complete. Time taken: 00:00:47.443
04/02/2026 03:13:37 AM | engine.py:906 Engine run starting with max_epochs=1.
04/02/2026 03:14:03 AM | engine.py:1010 Epoch[1] Complete. Time taken: 00:00:25.284
[Validator] Epoch 59 - val_loss: 1.476941
[BEST CHECKPOINT] Guardado/actualizado en: checkpoints\Mis_modelos\lpsa checkpoints\4stems\best_checkpoint_59_val_loss=-1.4769.pt
04/02/2026 03:14:03 AM | engine.py:1037 Engine run finished. Time taken: 00:00:25.292
[Epoch 59] train_loss=1.604267 | val_loss=1.476941
04/02/2026 03:14:03 AM | engine.py:1010 Epoch[59] Complete. Time taken: 00:00:47.112
04/02/2026 03:14:25 AM | engine.py:906 Engine run starting with max_epochs=1.
04/02/2026 03:14:50 AM | engine.py:1010 Epoch[1] Complete. Time taken: 00:00:25.385
[Validator] Epoch 60 - val_loss: 1.476937
[BEST CHECKPOINT] Guardado/actualizado en: checkpoints\Mis_modelos\lpsa checkpoints\4stems\best_checkpoint_60_val_loss=-1.4769.pt
04/02/2026 03:14:50 AM | engine.py:1037 Engine run finished. Time taken: 00:00:25.393
[Epoch 60] train_loss=1.562423 | val_loss=1.476937
04/02/2026 03:14:50 AM | engine.py:1010 Epoch[60] Complete. Time taken: 00:00:47.243
04/02/2026 03:15:12 AM | engine.py:906 Engine run starting with max_epochs=1.
04/02/2026 03:15:37 AM | engine.py:1010 Epoch[1] Complete. Time taken: 00:00:25.803
[Validator] Epoch 61 - val_loss: 1.476974
[BEST CHECKPOINT] Guardado/actualizado en: checkpoints\Mis_modelos\lpsa checkpoints\4stems\best_checkpoint_60_val_loss=-1.4769.pt
04/02/2026 03:15:37 AM | engine.py:1037 Engine run finished. Time taken: 00:00:25.804
[Epoch 61] train_loss=1.631352 | val_loss=1.476974
04/02/2026 03:15:37 AM | engine.py:1010 Epoch[61] Complete. Time taken: 00:00:47.476
04/02/2026 03:15:58 AM | engine.py:906 Engine run starting with max_epochs=1.
04/02/2026 03:16:24 AM | engine.py:1010 Epoch[1] Complete. Time taken: 00:00:26.057
[Validator] Epoch 62 - val_loss: 1.477585
[BEST CHECKPOINT] Guardado/actualizado en: checkpoints\Mis_modelos\lpsa checkpoints\4stems\best_checkpoint_60_val_loss=-1.4769.pt
04/02/2026 03:16:24 AM | engine.py:1037 Engine run finished. Time taken: 00:00:26.058
[Epoch 62] train_loss=1.634281 | val_loss=1.477585
04/02/2026 03:16:24 AM | engine.py:1010 Epoch[62] Complete. Time taken: 00:00:47.069
04/02/2026 03:16:46 AM | engine.py:906 Engine run starting with max_epochs=1.
04/02/2026 03:17:12 AM | engine.py:1010 Epoch[1] Complete. Time taken: 00:00:25.681
[Validator] Epoch 63 - val_loss: 1.477955
[BEST CHECKPOINT] Guardado/actualizado en: checkpoints\Mis_modelos\lpsa checkpoints\4stems\best_checkpoint_60_val_loss=-1.4769.pt
04/02/2026 03:17:12 AM | engine.py:1037 Engine run finished. Time taken: 00:00:25.682
[Epoch 63] train_loss=1.589053 | val_loss=1.477955
04/02/2026 03:17:12 AM | engine.py:1010 Epoch[63] Complete. Time taken: 00:00:47.353
04/02/2026 03:17:34 AM | engine.py:906 Engine run starting with max_epochs=1.
04/02/2026 03:17:59 AM | engine.py:1010 Epoch[1] Complete. Time taken: 00:00:25.507
[Validator] Epoch 64 - val_loss: 1.479316
[BEST CHECKPOINT] Guardado/actualizado en: checkpoints\Mis_modelos\lpsa checkpoints\4stems\best_checkpoint_60_val_loss=-1.4769.pt
04/02/2026 03:17:59 AM | engine.py:1037 Engine run finished. Time taken: 00:00:25.508
[Epoch 64] train_loss=1.627383 | val_loss=1.479316
04/02/2026 03:17:59 AM | engine.py:1010 Epoch[64] Complete. Time taken: 00:00:47.513
04/02/2026 03:18:21 AM | engine.py:906 Engine run starting with max_epochs=1.
04/02/2026 03:18:46 AM | engine.py:1010 Epoch[1] Complete. Time taken: 00:00:25.275
[Validator] Epoch 65 - val_loss: 1.480642
[BEST CHECKPOINT] Guardado/actualizado en: checkpoints\Mis_modelos\lpsa checkpoints\4stems\best_checkpoint_60_val_loss=-1.4769.pt
04/02/2026 03:18:46 AM | engine.py:1037 Engine run finished. Time taken: 00:00:25.276
[Epoch 65] train_loss=1.554323 | val_loss=1.480642
04/02/2026 03:18:46 AM | engine.py:1010 Epoch[65] Complete. Time taken: 00:00:46.937
04/02/2026 03:19:08 AM | engine.py:906 Engine run starting with max_epochs=1.
04/02/2026 03:19:33 AM | engine.py:1010 Epoch[1] Complete. Time taken: 00:00:24.943
[Validator] Epoch 66 - val_loss: 1.477684
[BEST CHECKPOINT] Guardado/actualizado en: checkpoints\Mis_modelos\lpsa checkpoints\4stems\best_checkpoint_60_val_loss=-1.4769.pt
04/02/2026 03:19:33 AM | engine.py:1037 Engine run finished. Time taken: 00:00:24.944
[Epoch 66] train_loss=1.572767 | val_loss=1.477684
04/02/2026 03:19:33 AM | engine.py:1010 Epoch[66] Complete. Time taken: 00:00:46.405
04/02/2026 03:19:55 AM | engine.py:906 Engine run starting with max_epochs=1.
04/02/2026 03:20:20 AM | engine.py:1010 Epoch[1] Complete. Time taken: 00:00:25.457
[Validator] Epoch 67 - val_loss: 1.473731
[BEST CHECKPOINT] Guardado/actualizado en: checkpoints\Mis_modelos\lpsa checkpoints\4stems\best_checkpoint_67_val_loss=-1.4737.pt
04/02/2026 03:20:20 AM | engine.py:1037 Engine run finished. Time taken: 00:00:25.467
[Epoch 67] train_loss=1.579489 | val_loss=1.473731
04/02/2026 03:20:20 AM | engine.py:1010 Epoch[67] Complete. Time taken: 00:00:47.390
04/02/2026 03:20:42 AM | engine.py:906 Engine run starting with max_epochs=1.
04/02/2026 03:21:08 AM | engine.py:1010 Epoch[1] Complete. Time taken: 00:00:25.824
[Validator] Epoch 68 - val_loss: 1.469154
[BEST CHECKPOINT] Guardado/actualizado en: checkpoints\Mis_modelos\lpsa checkpoints\4stems\best_checkpoint_68_val_loss=-1.4692.pt
04/02/2026 03:21:08 AM | engine.py:1037 Engine run finished. Time taken: 00:00:25.835
[Epoch 68] train_loss=1.652506 | val_loss=1.469154
04/02/2026 03:21:08 AM | engine.py:1010 Epoch[68] Complete. Time taken: 00:00:47.553
04/02/2026 03:21:30 AM | engine.py:906 Engine run starting with max_epochs=1.
04/02/2026 03:21:55 AM | engine.py:1010 Epoch[1] Complete. Time taken: 00:00:25.567
[Validator] Epoch 69 - val_loss: 1.468416
[BEST CHECKPOINT] Guardado/actualizado en: checkpoints\Mis_modelos\lpsa checkpoints\4stems\best_checkpoint_69_val_loss=-1.4684.pt
04/02/2026 03:21:55 AM | engine.py:1037 Engine run finished. Time taken: 00:00:25.575
[Epoch 69] train_loss=1.543569 | val_loss=1.468416
04/02/2026 03:21:55 AM | engine.py:1010 Epoch[69] Complete. Time taken: 00:00:47.451
04/02/2026 03:22:17 AM | engine.py:906 Engine run starting with max_epochs=1.
04/02/2026 03:22:42 AM | engine.py:1010 Epoch[1] Complete. Time taken: 00:00:24.920
[Validator] Epoch 70 - val_loss: 1.470235
[BEST CHECKPOINT] Guardado/actualizado en: checkpoints\Mis_modelos\lpsa checkpoints\4stems\best_checkpoint_69_val_loss=-1.4684.pt
04/02/2026 03:22:42 AM | engine.py:1037 Engine run finished. Time taken: 00:00:24.921
[Epoch 70] train_loss=1.579518 | val_loss=1.470235
04/02/2026 03:22:42 AM | engine.py:1010 Epoch[70] Complete. Time taken: 00:00:46.721
04/02/2026 03:23:03 AM | engine.py:906 Engine run starting with max_epochs=1.
04/02/2026 03:23:29 AM | engine.py:1010 Epoch[1] Complete. Time taken: 00:00:25.459
[Validator] Epoch 71 - val_loss: 1.468758
[BEST CHECKPOINT] Guardado/actualizado en: checkpoints\Mis_modelos\lpsa checkpoints\4stems\best_checkpoint_69_val_loss=-1.4684.pt
04/02/2026 03:23:29 AM | engine.py:1037 Engine run finished. Time taken: 00:00:25.460
[Epoch 71] train_loss=1.547650 | val_loss=1.468758
04/02/2026 03:23:29 AM | engine.py:1010 Epoch[71] Complete. Time taken: 00:00:46.896
04/02/2026 03:23:51 AM | engine.py:906 Engine run starting with max_epochs=1.
04/02/2026 03:24:16 AM | engine.py:1010 Epoch[1] Complete. Time taken: 00:00:25.848
[Validator] Epoch 72 - val_loss: 1.470687
[BEST CHECKPOINT] Guardado/actualizado en: checkpoints\Mis_modelos\lpsa checkpoints\4stems\best_checkpoint_69_val_loss=-1.4684.pt
04/02/2026 03:24:16 AM | engine.py:1037 Engine run finished. Time taken: 00:00:25.849
[Epoch 72] train_loss=1.525459 | val_loss=1.470687
04/02/2026 03:24:16 AM | engine.py:1010 Epoch[72] Complete. Time taken: 00:00:47.753
04/02/2026 03:24:38 AM | engine.py:906 Engine run starting with max_epochs=1.
04/02/2026 03:25:05 AM | engine.py:1010 Epoch[1] Complete. Time taken: 00:00:26.100
[Validator] Epoch 73 - val_loss: 1.475286
[BEST CHECKPOINT] Guardado/actualizado en: checkpoints\Mis_modelos\lpsa checkpoints\4stems\best_checkpoint_69_val_loss=-1.4684.pt
04/02/2026 03:25:05 AM | engine.py:1037 Engine run finished. Time taken: 00:00:26.101
[Epoch 73] train_loss=1.575574 | val_loss=1.475286
04/02/2026 03:25:05 AM | engine.py:1010 Epoch[73] Complete. Time taken: 00:00:48.128
04/02/2026 03:25:26 AM | engine.py:906 Engine run starting with max_epochs=1.
04/02/2026 03:25:51 AM | engine.py:1010 Epoch[1] Complete. Time taken: 00:00:25.171
[Validator] Epoch 74 - val_loss: 1.474223
[BEST CHECKPOINT] Guardado/actualizado en: checkpoints\Mis_modelos\lpsa checkpoints\4stems\best_checkpoint_69_val_loss=-1.4684.pt
04/02/2026 03:25:51 AM | engine.py:1037 Engine run finished. Time taken: 00:00:25.171
[Epoch 74] train_loss=1.570139 | val_loss=1.474223
04/02/2026 03:25:51 AM | engine.py:1010 Epoch[74] Complete. Time taken: 00:00:46.852
04/02/2026 03:26:13 AM | engine.py:906 Engine run starting with max_epochs=1.
04/02/2026 03:26:39 AM | engine.py:1010 Epoch[1] Complete. Time taken: 00:00:25.230
[Validator] Epoch 75 - val_loss: 1.475183
[BEST CHECKPOINT] Guardado/actualizado en: checkpoints\Mis_modelos\lpsa checkpoints\4stems\best_checkpoint_69_val_loss=-1.4684.pt
04/02/2026 03:26:39 AM | engine.py:1037 Engine run finished. Time taken: 00:00:25.231
[Epoch 75] train_loss=1.566997 | val_loss=1.475183
04/02/2026 03:26:39 AM | engine.py:1010 Epoch[75] Complete. Time taken: 00:00:47.291
04/02/2026 03:27:00 AM | engine.py:906 Engine run starting with max_epochs=1.
04/02/2026 03:27:25 AM | engine.py:1010 Epoch[1] Complete. Time taken: 00:00:24.985
[Validator] Epoch 76 - val_loss: 1.476270
[BEST CHECKPOINT] Guardado/actualizado en: checkpoints\Mis_modelos\lpsa checkpoints\4stems\best_checkpoint_69_val_loss=-1.4684.pt
04/02/2026 03:27:25 AM | engine.py:1037 Engine run finished. Time taken: 00:00:24.986
[Epoch 76] train_loss=1.518176 | val_loss=1.476270
04/02/2026 03:27:25 AM | engine.py:1010 Epoch[76] Complete. Time taken: 00:00:46.473
04/02/2026 03:27:47 AM | engine.py:906 Engine run starting with max_epochs=1.
04/02/2026 03:28:11 AM | engine.py:1010 Epoch[1] Complete. Time taken: 00:00:24.682
[Validator] Epoch 77 - val_loss: 1.477519
[BEST CHECKPOINT] Guardado/actualizado en: checkpoints\Mis_modelos\lpsa checkpoints\4stems\best_checkpoint_69_val_loss=-1.4684.pt
04/02/2026 03:28:11 AM | engine.py:1037 Engine run finished. Time taken: 00:00:24.683
[Epoch 77] train_loss=1.640010 | val_loss=1.477519
04/02/2026 03:28:11 AM | engine.py:1010 Epoch[77] Complete. Time taken: 00:00:46.260
04/02/2026 03:28:32 AM | engine.py:906 Engine run starting with max_epochs=1.
04/02/2026 03:28:58 AM | engine.py:1010 Epoch[1] Complete. Time taken: 00:00:25.634
[Validator] Epoch 78 - val_loss: 1.475455
[BEST CHECKPOINT] Guardado/actualizado en: checkpoints\Mis_modelos\lpsa checkpoints\4stems\best_checkpoint_69_val_loss=-1.4684.pt
04/02/2026 03:28:58 AM | engine.py:1037 Engine run finished. Time taken: 00:00:25.635
[Epoch 78] train_loss=1.615957 | val_loss=1.475455
04/02/2026 03:28:58 AM | engine.py:1010 Epoch[78] Complete. Time taken: 00:00:46.649
04/02/2026 03:29:20 AM | engine.py:906 Engine run starting with max_epochs=1.
04/02/2026 03:29:45 AM | engine.py:1010 Epoch[1] Complete. Time taken: 00:00:25.104
[Validator] Epoch 79 - val_loss: 1.468348
[BEST CHECKPOINT] Guardado/actualizado en: checkpoints\Mis_modelos\lpsa checkpoints\4stems\best_checkpoint_79_val_loss=-1.4683.pt
04/02/2026 03:29:45 AM | engine.py:1037 Engine run finished. Time taken: 00:00:25.114
[Epoch 79] train_loss=1.562544 | val_loss=1.468348
04/02/2026 03:29:45 AM | engine.py:1010 Epoch[79] Complete. Time taken: 00:00:46.609
04/02/2026 03:30:06 AM | engine.py:906 Engine run starting with max_epochs=1.
04/02/2026 03:30:31 AM | engine.py:1010 Epoch[1] Complete. Time taken: 00:00:24.984
[Validator] Epoch 80 - val_loss: 1.464285
[BEST CHECKPOINT] Guardado/actualizado en: checkpoints\Mis_modelos\lpsa checkpoints\4stems\best_checkpoint_80_val_loss=-1.4643.pt
04/02/2026 03:30:31 AM | engine.py:1037 Engine run finished. Time taken: 00:00:24.992
[Epoch 80] train_loss=1.581187 | val_loss=1.464285
04/02/2026 03:30:31 AM | engine.py:1010 Epoch[80] Complete. Time taken: 00:00:46.694
04/02/2026 03:30:53 AM | engine.py:906 Engine run starting with max_epochs=1.
04/02/2026 03:31:18 AM | engine.py:1010 Epoch[1] Complete. Time taken: 00:00:25.454
[Validator] Epoch 81 - val_loss: 1.466257
[BEST CHECKPOINT] Guardado/actualizado en: checkpoints\Mis_modelos\lpsa checkpoints\4stems\best_checkpoint_80_val_loss=-1.4643.pt
04/02/2026 03:31:18 AM | engine.py:1037 Engine run finished. Time taken: 00:00:25.456
[Epoch 81] train_loss=1.598942 | val_loss=1.466257
04/02/2026 03:31:18 AM | engine.py:1010 Epoch[81] Complete. Time taken: 00:00:46.665
04/02/2026 03:31:40 AM | engine.py:906 Engine run starting with max_epochs=1.
04/02/2026 03:32:06 AM | engine.py:1010 Epoch[1] Complete. Time taken: 00:00:26.013
[Validator] Epoch 82 - val_loss: 1.468033
[BEST CHECKPOINT] Guardado/actualizado en: checkpoints\Mis_modelos\lpsa checkpoints\4stems\best_checkpoint_80_val_loss=-1.4643.pt
04/02/2026 03:32:06 AM | engine.py:1037 Engine run finished. Time taken: 00:00:26.015
[Epoch 82] train_loss=1.594638 | val_loss=1.468033
04/02/2026 03:32:06 AM | engine.py:1010 Epoch[82] Complete. Time taken: 00:00:47.625
04/02/2026 03:32:27 AM | engine.py:906 Engine run starting with max_epochs=1.
04/02/2026 03:32:53 AM | engine.py:1010 Epoch[1] Complete. Time taken: 00:00:25.111
[Validator] Epoch 83 - val_loss: 1.468527
[BEST CHECKPOINT] Guardado/actualizado en: checkpoints\Mis_modelos\lpsa checkpoints\4stems\best_checkpoint_80_val_loss=-1.4643.pt
04/02/2026 03:32:53 AM | engine.py:1037 Engine run finished. Time taken: 00:00:25.112
[Epoch 83] train_loss=1.588154 | val_loss=1.468527
04/02/2026 03:32:53 AM | engine.py:1010 Epoch[83] Complete. Time taken: 00:00:46.803
04/02/2026 03:33:14 AM | engine.py:906 Engine run starting with max_epochs=1.
04/02/2026 03:33:39 AM | engine.py:1010 Epoch[1] Complete. Time taken: 00:00:25.308
[Validator] Epoch 84 - val_loss: 1.463641
[BEST CHECKPOINT] Guardado/actualizado en: checkpoints\Mis_modelos\lpsa checkpoints\4stems\best_checkpoint_84_val_loss=-1.4636.pt
04/02/2026 03:33:39 AM | engine.py:1037 Engine run finished. Time taken: 00:00:25.317
[Epoch 84] train_loss=1.508639 | val_loss=1.463641
04/02/2026 03:33:39 AM | engine.py:1010 Epoch[84] Complete. Time taken: 00:00:46.814
04/02/2026 03:34:01 AM | engine.py:906 Engine run starting with max_epochs=1.
04/02/2026 03:34:26 AM | engine.py:1010 Epoch[1] Complete. Time taken: 00:00:24.980
[Validator] Epoch 85 - val_loss: 1.461363
[BEST CHECKPOINT] Guardado/actualizado en: checkpoints\Mis_modelos\lpsa checkpoints\4stems\best_checkpoint_85_val_loss=-1.4614.pt
04/02/2026 03:34:26 AM | engine.py:1037 Engine run finished. Time taken: 00:00:24.989
[Epoch 85] train_loss=1.607935 | val_loss=1.461363
04/02/2026 03:34:26 AM | engine.py:1010 Epoch[85] Complete. Time taken: 00:00:46.827
04/02/2026 03:34:48 AM | engine.py:906 Engine run starting with max_epochs=1.
04/02/2026 03:35:14 AM | engine.py:1010 Epoch[1] Complete. Time taken: 00:00:25.131
[Validator] Epoch 86 - val_loss: 1.461027
[BEST CHECKPOINT] Guardado/actualizado en: checkpoints\Mis_modelos\lpsa checkpoints\4stems\best_checkpoint_86_val_loss=-1.4610.pt
04/02/2026 03:35:14 AM | engine.py:1037 Engine run finished. Time taken: 00:00:25.142
[Epoch 86] train_loss=1.568888 | val_loss=1.461027
04/02/2026 03:35:14 AM | engine.py:1010 Epoch[86] Complete. Time taken: 00:00:47.370
04/02/2026 03:35:35 AM | engine.py:906 Engine run starting with max_epochs=1.
04/02/2026 03:36:01 AM | engine.py:1010 Epoch[1] Complete. Time taken: 00:00:25.328
[Validator] Epoch 87 - val_loss: 1.460091
[BEST CHECKPOINT] Guardado/actualizado en: checkpoints\Mis_modelos\lpsa checkpoints\4stems\best_checkpoint_87_val_loss=-1.4601.pt
04/02/2026 03:36:01 AM | engine.py:1037 Engine run finished. Time taken: 00:00:25.337
[Epoch 87] train_loss=1.529365 | val_loss=1.460091
04/02/2026 03:36:01 AM | engine.py:1010 Epoch[87] Complete. Time taken: 00:00:47.121
04/02/2026 03:36:22 AM | engine.py:906 Engine run starting with max_epochs=1.
04/02/2026 03:36:48 AM | engine.py:1010 Epoch[1] Complete. Time taken: 00:00:25.621
[Validator] Epoch 88 - val_loss: 1.460967
[BEST CHECKPOINT] Guardado/actualizado en: checkpoints\Mis_modelos\lpsa checkpoints\4stems\best_checkpoint_87_val_loss=-1.4601.pt
04/02/2026 03:36:48 AM | engine.py:1037 Engine run finished. Time taken: 00:00:25.622
[Epoch 88] train_loss=1.572909 | val_loss=1.460967
04/02/2026 03:36:48 AM | engine.py:1010 Epoch[88] Complete. Time taken: 00:00:47.179
04/02/2026 03:37:09 AM | engine.py:906 Engine run starting with max_epochs=1.
04/02/2026 03:37:35 AM | engine.py:1010 Epoch[1] Complete. Time taken: 00:00:25.683
[Validator] Epoch 89 - val_loss: 1.459495
[BEST CHECKPOINT] Guardado/actualizado en: checkpoints\Mis_modelos\lpsa checkpoints\4stems\best_checkpoint_89_val_loss=-1.4595.pt
04/02/2026 03:37:35 AM | engine.py:1037 Engine run finished. Time taken: 00:00:25.692
[Epoch 89] train_loss=1.575587 | val_loss=1.459495
04/02/2026 03:37:35 AM | engine.py:1010 Epoch[89] Complete. Time taken: 00:00:46.836
04/02/2026 03:37:56 AM | engine.py:906 Engine run starting with max_epochs=1.
04/02/2026 03:38:22 AM | engine.py:1010 Epoch[1] Complete. Time taken: 00:00:25.568
[Validator] Epoch 90 - val_loss: 1.461347
[BEST CHECKPOINT] Guardado/actualizado en: checkpoints\Mis_modelos\lpsa checkpoints\4stems\best_checkpoint_89_val_loss=-1.4595.pt
04/02/2026 03:38:22 AM | engine.py:1037 Engine run finished. Time taken: 00:00:25.570
[Epoch 90] train_loss=1.525200 | val_loss=1.461347
04/02/2026 03:38:22 AM | engine.py:1010 Epoch[90] Complete. Time taken: 00:00:47.288
04/02/2026 03:38:43 AM | engine.py:906 Engine run starting with max_epochs=1.
04/02/2026 03:39:08 AM | engine.py:1010 Epoch[1] Complete. Time taken: 00:00:25.213
[Validator] Epoch 91 - val_loss: 1.463100
[BEST CHECKPOINT] Guardado/actualizado en: checkpoints\Mis_modelos\lpsa checkpoints\4stems\best_checkpoint_89_val_loss=-1.4595.pt
04/02/2026 03:39:08 AM | engine.py:1037 Engine run finished. Time taken: 00:00:25.214
[Epoch 91] train_loss=1.575847 | val_loss=1.463100
04/02/2026 03:39:08 AM | engine.py:1010 Epoch[91] Complete. Time taken: 00:00:46.480
04/02/2026 03:39:31 AM | engine.py:906 Engine run starting with max_epochs=1.
04/02/2026 03:39:56 AM | engine.py:1010 Epoch[1] Complete. Time taken: 00:00:25.088
[Validator] Epoch 92 - val_loss: 1.461516
[BEST CHECKPOINT] Guardado/actualizado en: checkpoints\Mis_modelos\lpsa checkpoints\4stems\best_checkpoint_89_val_loss=-1.4595.pt
04/02/2026 03:39:56 AM | engine.py:1037 Engine run finished. Time taken: 00:00:25.090
[Epoch 92] train_loss=1.516094 | val_loss=1.461516
04/02/2026 03:39:56 AM | engine.py:1010 Epoch[92] Complete. Time taken: 00:00:47.190
04/02/2026 03:40:18 AM | engine.py:906 Engine run starting with max_epochs=1.
04/02/2026 03:40:44 AM | engine.py:1010 Epoch[1] Complete. Time taken: 00:00:25.916
[Validator] Epoch 93 - val_loss: 1.464012
[BEST CHECKPOINT] Guardado/actualizado en: checkpoints\Mis_modelos\lpsa checkpoints\4stems\best_checkpoint_89_val_loss=-1.4595.pt
04/02/2026 03:40:44 AM | engine.py:1037 Engine run finished. Time taken: 00:00:25.917
[Epoch 93] train_loss=1.571199 | val_loss=1.464012
04/02/2026 03:40:44 AM | engine.py:1010 Epoch[93] Complete. Time taken: 00:00:48.321
04/02/2026 03:41:06 AM | engine.py:906 Engine run starting with max_epochs=1.
04/02/2026 03:41:31 AM | engine.py:1010 Epoch[1] Complete. Time taken: 00:00:25.427
[Validator] Epoch 94 - val_loss: 1.456559
[BEST CHECKPOINT] Guardado/actualizado en: checkpoints\Mis_modelos\lpsa checkpoints\4stems\best_checkpoint_94_val_loss=-1.4566.pt
04/02/2026 03:41:31 AM | engine.py:1037 Engine run finished. Time taken: 00:00:25.438
[Epoch 94] train_loss=1.531569 | val_loss=1.456559
04/02/2026 03:41:31 AM | engine.py:1010 Epoch[94] Complete. Time taken: 00:00:47.421
04/02/2026 03:41:54 AM | engine.py:906 Engine run starting with max_epochs=1.
04/02/2026 03:42:19 AM | engine.py:1010 Epoch[1] Complete. Time taken: 00:00:24.992
[Validator] Epoch 95 - val_loss: 1.450278
[BEST CHECKPOINT] Guardado/actualizado en: checkpoints\Mis_modelos\lpsa checkpoints\4stems\best_checkpoint_95_val_loss=-1.4503.pt
04/02/2026 03:42:19 AM | engine.py:1037 Engine run finished. Time taken: 00:00:25.001
[Epoch 95] train_loss=1.549764 | val_loss=1.450278
04/02/2026 03:42:19 AM | engine.py:1010 Epoch[95] Complete. Time taken: 00:00:47.173
04/02/2026 03:42:40 AM | engine.py:906 Engine run starting with max_epochs=1.
04/02/2026 03:43:06 AM | engine.py:1010 Epoch[1] Complete. Time taken: 00:00:25.515
[Validator] Epoch 96 - val_loss: 1.447715
[BEST CHECKPOINT] Guardado/actualizado en: checkpoints\Mis_modelos\lpsa checkpoints\4stems\best_checkpoint_96_val_loss=-1.4477.pt
04/02/2026 03:43:06 AM | engine.py:1037 Engine run finished. Time taken: 00:00:25.527
[Epoch 96] train_loss=1.557254 | val_loss=1.447715
04/02/2026 03:43:06 AM | engine.py:1010 Epoch[96] Complete. Time taken: 00:00:47.449
04/02/2026 03:43:27 AM | engine.py:906 Engine run starting with max_epochs=1.
04/02/2026 03:43:53 AM | engine.py:1010 Epoch[1] Complete. Time taken: 00:00:25.640
[Validator] Epoch 97 - val_loss: 1.449973
[BEST CHECKPOINT] Guardado/actualizado en: checkpoints\Mis_modelos\lpsa checkpoints\4stems\best_checkpoint_96_val_loss=-1.4477.pt
04/02/2026 03:43:53 AM | engine.py:1037 Engine run finished. Time taken: 00:00:25.642
[Epoch 97] train_loss=1.612568 | val_loss=1.449973
04/02/2026 03:43:53 AM | engine.py:1010 Epoch[97] Complete. Time taken: 00:00:47.024
04/02/2026 03:44:14 AM | engine.py:906 Engine run starting with max_epochs=1.
04/02/2026 03:44:40 AM | engine.py:1010 Epoch[1] Complete. Time taken: 00:00:25.215
[Validator] Epoch 98 - val_loss: 1.449262
[BEST CHECKPOINT] Guardado/actualizado en: checkpoints\Mis_modelos\lpsa checkpoints\4stems\best_checkpoint_96_val_loss=-1.4477.pt
04/02/2026 03:44:40 AM | engine.py:1037 Engine run finished. Time taken: 00:00:25.216
[Epoch 98] train_loss=1.515044 | val_loss=1.449262
04/02/2026 03:44:40 AM | engine.py:1010 Epoch[98] Complete. Time taken: 00:00:46.500
04/02/2026 03:45:02 AM | engine.py:906 Engine run starting with max_epochs=1.
04/02/2026 03:45:27 AM | engine.py:1010 Epoch[1] Complete. Time taken: 00:00:25.186
[Validator] Epoch 99 - val_loss: 1.453953
[BEST CHECKPOINT] Guardado/actualizado en: checkpoints\Mis_modelos\lpsa checkpoints\4stems\best_checkpoint_96_val_loss=-1.4477.pt
04/02/2026 03:45:27 AM | engine.py:1037 Engine run finished. Time taken: 00:00:25.187
[Epoch 99] train_loss=1.528237 | val_loss=1.453953
04/02/2026 03:45:27 AM | engine.py:1010 Epoch[99] Complete. Time taken: 00:00:47.563
04/02/2026 03:45:48 AM | engine.py:906 Engine run starting with max_epochs=1.
04/02/2026 03:46:14 AM | engine.py:1010 Epoch[1] Complete. Time taken: 00:00:25.556
[Validator] Epoch 100 - val_loss: 1.461639
[BEST CHECKPOINT] Guardado/actualizado en: checkpoints\Mis_modelos\lpsa checkpoints\4stems\best_checkpoint_96_val_loss=-1.4477.pt
04/02/2026 03:46:14 AM | engine.py:1037 Engine run finished. Time taken: 00:00:25.558
[Epoch 100] train_loss=1.561129 | val_loss=1.461639
04/02/2026 03:46:14 AM | engine.py:1010 Epoch[100] Complete. Time taken: 00:00:46.822
04/02/2026 03:46:14 AM | engine.py:1037 Engine run finished. Time taken: 01:19:26.698
[LOADING BEST MODEL] Cargando mejor checkpoint desde: checkpoints\Mis_modelos\lpsa checkpoints\4stems\best_checkpoint_96_val_loss=-1.4477.pt
C:\Users\rdpuser\TFG_Identificaci-n-de-voces-e-instrumentos-en-una-obra-musical\pipeline\train.py:326: FutureWarning: You are using `torch.load` with `weights_only=False` (the current default value), which uses the default pickle module implicitly. It is possible to construct malicious pickle data which will execute arbitrary code during unpickling (See https://github.com/pytorch/pytorch/blob/main/SECURITY.md#untrusted-models for more details). In a future release, the default value for `weights_only` will be flipped to `True`. This limits the functions that could be executed during unpickling. Arbitrary objects will no longer be allowed to be loaded via this mode unless they are explicitly allowlisted by the user via `torch.serialization.add_safe_globals`. We recommend you start setting `weights_only=True` for any use case where you don't have full control of the loaded file. Please open an issue on GitHub for any issues related to this experimental feature.
  checkpoint = torch.load(best_checkpoint_path, map_location=device)
