C:\Users\rdpuser\miniconda3\envs\tfg_py310\lib\site-packages\ignite\handlers\checkpoint.py:16: DeprecationWarning: `TorchScript` support for functional optimizers is deprecated and will be removed in a future PyTorch release. Consider using the `torch.compile` optimizer instead.
  from torch.distributed.optim import ZeroRedundancyOptimizer
Usando dispositivo: cuda
Using device: cuda | nf=257 | channels=1 | hidden=50 | stems=4 | loss=logl1
C:\Users\rdpuser\miniconda3\envs\tfg_py310\lib\site-packages\torch\nn\modules\module.py:1326: UserWarning: expandable_segments not supported on this platform (Triggered internally at C:\actions-runner\_work\pytorch\pytorch\builder\windows\pytorch\c10/cuda/CUDAAllocatorConfig.h:28.)
  return t.to(
GA: actual_batch=24 | accum_steps=5 | effective_batch_real=120
04/01/2026 12:04:05 PM | engine.py:906 Engine run starting with max_epochs=100.
C:\Users\rdpuser\miniconda3\envs\tfg_py310\lib\site-packages\ignite\handlers\checkpoint.py:16: DeprecationWarning: `TorchScript` support for functional optimizers is deprecated and will be removed in a future PyTorch release. Consider using the `torch.compile` optimizer instead.
  from torch.distributed.optim import ZeroRedundancyOptimizer
C:\Users\rdpuser\miniconda3\envs\tfg_py310\lib\site-packages\ignite\handlers\checkpoint.py:16: DeprecationWarning: `TorchScript` support for functional optimizers is deprecated and will be removed in a future PyTorch release. Consider using the `torch.compile` optimizer instead.
  from torch.distributed.optim import ZeroRedundancyOptimizer
C:\Users\rdpuser\miniconda3\envs\tfg_py310\lib\site-packages\ignite\handlers\checkpoint.py:16: DeprecationWarning: `TorchScript` support for functional optimizers is deprecated and will be removed in a future PyTorch release. Consider using the `torch.compile` optimizer instead.
  from torch.distributed.optim import ZeroRedundancyOptimizer
C:\Users\rdpuser\miniconda3\envs\tfg_py310\lib\site-packages\ignite\handlers\checkpoint.py:16: DeprecationWarning: `TorchScript` support for functional optimizers is deprecated and will be removed in a future PyTorch release. Consider using the `torch.compile` optimizer instead.
  from torch.distributed.optim import ZeroRedundancyOptimizer
04/01/2026 12:05:19 PM | engine.py:906 Engine run starting with max_epochs=1.
C:\Users\rdpuser\miniconda3\envs\tfg_py310\lib\site-packages\ignite\handlers\checkpoint.py:16: DeprecationWarning: `TorchScript` support for functional optimizers is deprecated and will be removed in a future PyTorch release. Consider using the `torch.compile` optimizer instead.
  from torch.distributed.optim import ZeroRedundancyOptimizer
C:\Users\rdpuser\miniconda3\envs\tfg_py310\lib\site-packages\ignite\handlers\checkpoint.py:16: DeprecationWarning: `TorchScript` support for functional optimizers is deprecated and will be removed in a future PyTorch release. Consider using the `torch.compile` optimizer instead.
  from torch.distributed.optim import ZeroRedundancyOptimizer
C:\Users\rdpuser\miniconda3\envs\tfg_py310\lib\site-packages\ignite\handlers\checkpoint.py:16: DeprecationWarning: `TorchScript` support for functional optimizers is deprecated and will be removed in a future PyTorch release. Consider using the `torch.compile` optimizer instead.
  from torch.distributed.optim import ZeroRedundancyOptimizer
C:\Users\rdpuser\miniconda3\envs\tfg_py310\lib\site-packages\ignite\handlers\checkpoint.py:16: DeprecationWarning: `TorchScript` support for functional optimizers is deprecated and will be removed in a future PyTorch release. Consider using the `torch.compile` optimizer instead.
  from torch.distributed.optim import ZeroRedundancyOptimizer
04/01/2026 12:06:02 PM | engine.py:1010 Epoch[1] Complete. Time taken: 00:00:42.189
Training model with training mixes in: C:\Users\rdpuser\TFG_Identificaci-n-de-voces-e-instrumentos-en-una-obra-musical\datasets\mix_generation\foreground_train
Validating data with validation mixes in: C:\Users\rdpuser\TFG_Identificaci-n-de-voces-e-instrumentos-en-una-obra-musical\datasets\mix_generation\foreground_valid
[DEBUG] Num de sources: 4
pipeline de 4 fuentes
[Validator] Epoch 1 - val_loss: 25.740996
[BEST CHECKPOINT] Guardado/actualizado en: checkpoints\Mis_modelos\logl1 checkpoints\4stems\best_checkpoint_1_val_loss=-25.7410.pt
04/01/2026 12:06:02 PM | engine.py:1037 Engine run finished. Time taken: 00:00:42.621
[Epoch 1] train_loss=25.229289 | val_loss=25.740996
04/01/2026 12:06:02 PM | engine.py:1010 Epoch[1] Complete. Time taken: 00:01:19.361
04/01/2026 12:06:25 PM | engine.py:906 Engine run starting with max_epochs=1.
04/01/2026 12:06:51 PM | engine.py:1010 Epoch[1] Complete. Time taken: 00:00:25.970
[Validator] Epoch 2 - val_loss: 25.705736
[BEST CHECKPOINT] Guardado/actualizado en: checkpoints\Mis_modelos\logl1 checkpoints\4stems\best_checkpoint_2_val_loss=-25.7057.pt
04/01/2026 12:06:51 PM | engine.py:1037 Engine run finished. Time taken: 00:00:25.982
[Epoch 2] train_loss=25.405955 | val_loss=25.705736
04/01/2026 12:06:51 PM | engine.py:1010 Epoch[2] Complete. Time taken: 00:00:48.839
04/01/2026 12:07:12 PM | engine.py:906 Engine run starting with max_epochs=1.
04/01/2026 12:07:37 PM | engine.py:1010 Epoch[1] Complete. Time taken: 00:00:25.398
[Validator] Epoch 3 - val_loss: 25.655523
[BEST CHECKPOINT] Guardado/actualizado en: checkpoints\Mis_modelos\logl1 checkpoints\4stems\best_checkpoint_3_val_loss=-25.6555.pt
04/01/2026 12:07:37 PM | engine.py:1037 Engine run finished. Time taken: 00:00:25.408
[Epoch 3] train_loss=24.970319 | val_loss=25.655523
04/01/2026 12:07:37 PM | engine.py:1010 Epoch[3] Complete. Time taken: 00:00:46.556
04/01/2026 12:07:59 PM | engine.py:906 Engine run starting with max_epochs=1.
04/01/2026 12:08:24 PM | engine.py:1010 Epoch[1] Complete. Time taken: 00:00:25.431
[Validator] Epoch 4 - val_loss: 25.539767
[BEST CHECKPOINT] Guardado/actualizado en: checkpoints\Mis_modelos\logl1 checkpoints\4stems\best_checkpoint_4_val_loss=-25.5398.pt
04/01/2026 12:08:24 PM | engine.py:1037 Engine run finished. Time taken: 00:00:25.441
[Epoch 4] train_loss=25.020769 | val_loss=25.539767
04/01/2026 12:08:24 PM | engine.py:1010 Epoch[4] Complete. Time taken: 00:00:46.832
04/01/2026 12:08:45 PM | engine.py:906 Engine run starting with max_epochs=1.
04/01/2026 12:09:11 PM | engine.py:1010 Epoch[1] Complete. Time taken: 00:00:25.220
[Validator] Epoch 5 - val_loss: 25.371120
[BEST CHECKPOINT] Guardado/actualizado en: checkpoints\Mis_modelos\logl1 checkpoints\4stems\best_checkpoint_5_val_loss=-25.3711.pt
04/01/2026 12:09:11 PM | engine.py:1037 Engine run finished. Time taken: 00:00:25.230
[Epoch 5] train_loss=25.037849 | val_loss=25.371120
04/01/2026 12:09:11 PM | engine.py:1010 Epoch[5] Complete. Time taken: 00:00:46.522
04/01/2026 12:09:32 PM | engine.py:906 Engine run starting with max_epochs=1.
04/01/2026 12:09:57 PM | engine.py:1010 Epoch[1] Complete. Time taken: 00:00:24.894
[Validator] Epoch 6 - val_loss: 25.191261
[BEST CHECKPOINT] Guardado/actualizado en: checkpoints\Mis_modelos\logl1 checkpoints\4stems\best_checkpoint_6_val_loss=-25.1913.pt
04/01/2026 12:09:57 PM | engine.py:1037 Engine run finished. Time taken: 00:00:24.906
[Epoch 6] train_loss=24.972515 | val_loss=25.191261
04/01/2026 12:09:57 PM | engine.py:1010 Epoch[6] Complete. Time taken: 00:00:46.397
04/01/2026 12:10:18 PM | engine.py:906 Engine run starting with max_epochs=1.
04/01/2026 12:10:43 PM | engine.py:1010 Epoch[1] Complete. Time taken: 00:00:25.389
[Validator] Epoch 7 - val_loss: 25.041075
[BEST CHECKPOINT] Guardado/actualizado en: checkpoints\Mis_modelos\logl1 checkpoints\4stems\best_checkpoint_7_val_loss=-25.0411.pt
04/01/2026 12:10:43 PM | engine.py:1037 Engine run finished. Time taken: 00:00:25.399
[Epoch 7] train_loss=24.812876 | val_loss=25.041075
04/01/2026 12:10:43 PM | engine.py:1010 Epoch[7] Complete. Time taken: 00:00:46.415
04/01/2026 12:11:05 PM | engine.py:906 Engine run starting with max_epochs=1.
04/01/2026 12:11:30 PM | engine.py:1010 Epoch[1] Complete. Time taken: 00:00:24.659
[Validator] Epoch 8 - val_loss: 24.878601
[BEST CHECKPOINT] Guardado/actualizado en: checkpoints\Mis_modelos\logl1 checkpoints\4stems\best_checkpoint_8_val_loss=-24.8786.pt
04/01/2026 12:11:30 PM | engine.py:1037 Engine run finished. Time taken: 00:00:24.670
[Epoch 8] train_loss=24.501867 | val_loss=24.878601
04/01/2026 12:11:30 PM | engine.py:1010 Epoch[8] Complete. Time taken: 00:00:46.175
04/01/2026 12:11:51 PM | engine.py:906 Engine run starting with max_epochs=1.
04/01/2026 12:12:16 PM | engine.py:1010 Epoch[1] Complete. Time taken: 00:00:25.314
[Validator] Epoch 9 - val_loss: 24.726886
[BEST CHECKPOINT] Guardado/actualizado en: checkpoints\Mis_modelos\logl1 checkpoints\4stems\best_checkpoint_9_val_loss=-24.7269.pt
04/01/2026 12:12:16 PM | engine.py:1037 Engine run finished. Time taken: 00:00:25.324
[Epoch 9] train_loss=24.549407 | val_loss=24.726886
04/01/2026 12:12:16 PM | engine.py:1010 Epoch[9] Complete. Time taken: 00:00:46.336
04/01/2026 12:12:37 PM | engine.py:906 Engine run starting with max_epochs=1.
04/01/2026 12:13:03 PM | engine.py:1010 Epoch[1] Complete. Time taken: 00:00:25.219
[Validator] Epoch 10 - val_loss: 24.555470
[BEST CHECKPOINT] Guardado/actualizado en: checkpoints\Mis_modelos\logl1 checkpoints\4stems\best_checkpoint_10_val_loss=-24.5555.pt
04/01/2026 12:13:03 PM | engine.py:1037 Engine run finished. Time taken: 00:00:25.228
[Epoch 10] train_loss=24.314966 | val_loss=24.555470
04/01/2026 12:13:03 PM | engine.py:1010 Epoch[10] Complete. Time taken: 00:00:46.703
04/01/2026 12:13:24 PM | engine.py:906 Engine run starting with max_epochs=1.
04/01/2026 12:13:50 PM | engine.py:1010 Epoch[1] Complete. Time taken: 00:00:25.542
[Validator] Epoch 11 - val_loss: 24.389100
[BEST CHECKPOINT] Guardado/actualizado en: checkpoints\Mis_modelos\logl1 checkpoints\4stems\best_checkpoint_11_val_loss=-24.3891.pt
04/01/2026 12:13:50 PM | engine.py:1037 Engine run finished. Time taken: 00:00:25.553
[Epoch 11] train_loss=23.943505 | val_loss=24.389100
04/01/2026 12:13:50 PM | engine.py:1010 Epoch[11] Complete. Time taken: 00:00:47.344
04/01/2026 12:14:11 PM | engine.py:906 Engine run starting with max_epochs=1.
04/01/2026 12:14:36 PM | engine.py:1010 Epoch[1] Complete. Time taken: 00:00:25.081
[Validator] Epoch 12 - val_loss: 24.234400
[BEST CHECKPOINT] Guardado/actualizado en: checkpoints\Mis_modelos\logl1 checkpoints\4stems\best_checkpoint_12_val_loss=-24.2344.pt
04/01/2026 12:14:36 PM | engine.py:1037 Engine run finished. Time taken: 00:00:25.092
[Epoch 12] train_loss=24.148044 | val_loss=24.234400
04/01/2026 12:14:36 PM | engine.py:1010 Epoch[12] Complete. Time taken: 00:00:46.479
04/01/2026 12:14:58 PM | engine.py:906 Engine run starting with max_epochs=1.
04/01/2026 12:15:24 PM | engine.py:1010 Epoch[1] Complete. Time taken: 00:00:25.761
[Validator] Epoch 13 - val_loss: 24.072018
[BEST CHECKPOINT] Guardado/actualizado en: checkpoints\Mis_modelos\logl1 checkpoints\4stems\best_checkpoint_13_val_loss=-24.0720.pt
04/01/2026 12:15:24 PM | engine.py:1037 Engine run finished. Time taken: 00:00:25.773
[Epoch 13] train_loss=23.844395 | val_loss=24.072018
04/01/2026 12:15:24 PM | engine.py:1010 Epoch[13] Complete. Time taken: 00:00:47.189
04/01/2026 12:15:45 PM | engine.py:906 Engine run starting with max_epochs=1.
04/01/2026 12:16:10 PM | engine.py:1010 Epoch[1] Complete. Time taken: 00:00:25.258
[Validator] Epoch 14 - val_loss: 23.913934
[BEST CHECKPOINT] Guardado/actualizado en: checkpoints\Mis_modelos\logl1 checkpoints\4stems\best_checkpoint_14_val_loss=-23.9139.pt
04/01/2026 12:16:10 PM | engine.py:1037 Engine run finished. Time taken: 00:00:25.267
[Epoch 14] train_loss=23.889421 | val_loss=23.913934
04/01/2026 12:16:10 PM | engine.py:1010 Epoch[14] Complete. Time taken: 00:00:46.481
04/01/2026 12:16:32 PM | engine.py:906 Engine run starting with max_epochs=1.
04/01/2026 12:16:57 PM | engine.py:1010 Epoch[1] Complete. Time taken: 00:00:25.029
[Validator] Epoch 15 - val_loss: 23.771817
[BEST CHECKPOINT] Guardado/actualizado en: checkpoints\Mis_modelos\logl1 checkpoints\4stems\best_checkpoint_15_val_loss=-23.7718.pt
04/01/2026 12:16:57 PM | engine.py:1037 Engine run finished. Time taken: 00:00:25.039
[Epoch 15] train_loss=23.647158 | val_loss=23.771817
04/01/2026 12:16:57 PM | engine.py:1010 Epoch[15] Complete. Time taken: 00:00:46.685
04/01/2026 12:17:19 PM | engine.py:906 Engine run starting with max_epochs=1.
04/01/2026 12:17:44 PM | engine.py:1010 Epoch[1] Complete. Time taken: 00:00:25.422
[Validator] Epoch 16 - val_loss: 23.639804
[BEST CHECKPOINT] Guardado/actualizado en: checkpoints\Mis_modelos\logl1 checkpoints\4stems\best_checkpoint_16_val_loss=-23.6398.pt
04/01/2026 12:17:44 PM | engine.py:1037 Engine run finished. Time taken: 00:00:25.430
[Epoch 16] train_loss=23.373591 | val_loss=23.639804
04/01/2026 12:17:44 PM | engine.py:1010 Epoch[16] Complete. Time taken: 00:00:47.456
04/01/2026 12:18:06 PM | engine.py:906 Engine run starting with max_epochs=1.
04/01/2026 12:18:31 PM | engine.py:1010 Epoch[1] Complete. Time taken: 00:00:24.952
[Validator] Epoch 17 - val_loss: 23.529260
[BEST CHECKPOINT] Guardado/actualizado en: checkpoints\Mis_modelos\logl1 checkpoints\4stems\best_checkpoint_17_val_loss=-23.5293.pt
04/01/2026 12:18:31 PM | engine.py:1037 Engine run finished. Time taken: 00:00:24.963
[Epoch 17] train_loss=23.265005 | val_loss=23.529260
04/01/2026 12:18:31 PM | engine.py:1010 Epoch[17] Complete. Time taken: 00:00:46.397
04/01/2026 12:18:53 PM | engine.py:906 Engine run starting with max_epochs=1.
04/01/2026 12:19:18 PM | engine.py:1010 Epoch[1] Complete. Time taken: 00:00:25.257
[Validator] Epoch 18 - val_loss: 23.439176
[BEST CHECKPOINT] Guardado/actualizado en: checkpoints\Mis_modelos\logl1 checkpoints\4stems\best_checkpoint_18_val_loss=-23.4392.pt
04/01/2026 12:19:18 PM | engine.py:1037 Engine run finished. Time taken: 00:00:25.268
[Epoch 18] train_loss=23.255796 | val_loss=23.439176
04/01/2026 12:19:18 PM | engine.py:1010 Epoch[18] Complete. Time taken: 00:00:47.433
04/01/2026 12:19:40 PM | engine.py:906 Engine run starting with max_epochs=1.
04/01/2026 12:20:05 PM | engine.py:1010 Epoch[1] Complete. Time taken: 00:00:24.973
[Validator] Epoch 19 - val_loss: 23.355598
[BEST CHECKPOINT] Guardado/actualizado en: checkpoints\Mis_modelos\logl1 checkpoints\4stems\best_checkpoint_19_val_loss=-23.3556.pt
04/01/2026 12:20:05 PM | engine.py:1037 Engine run finished. Time taken: 00:00:24.981
[Epoch 19] train_loss=23.146497 | val_loss=23.355598
04/01/2026 12:20:05 PM | engine.py:1010 Epoch[19] Complete. Time taken: 00:00:47.014
04/01/2026 12:20:27 PM | engine.py:906 Engine run starting with max_epochs=1.
04/01/2026 12:20:52 PM | engine.py:1010 Epoch[1] Complete. Time taken: 00:00:24.828
[Validator] Epoch 20 - val_loss: 23.277738
[BEST CHECKPOINT] Guardado/actualizado en: checkpoints\Mis_modelos\logl1 checkpoints\4stems\best_checkpoint_20_val_loss=-23.2777.pt
04/01/2026 12:20:52 PM | engine.py:1037 Engine run finished. Time taken: 00:00:24.837
[Epoch 20] train_loss=23.045790 | val_loss=23.277738
04/01/2026 12:20:52 PM | engine.py:1010 Epoch[20] Complete. Time taken: 00:00:46.650
04/01/2026 12:21:13 PM | engine.py:906 Engine run starting with max_epochs=1.
04/01/2026 12:21:38 PM | engine.py:1010 Epoch[1] Complete. Time taken: 00:00:24.964
[Validator] Epoch 21 - val_loss: 23.219398
[BEST CHECKPOINT] Guardado/actualizado en: checkpoints\Mis_modelos\logl1 checkpoints\4stems\best_checkpoint_21_val_loss=-23.2194.pt
04/01/2026 12:21:38 PM | engine.py:1037 Engine run finished. Time taken: 00:00:24.974
[Epoch 21] train_loss=23.035890 | val_loss=23.219398
04/01/2026 12:21:38 PM | engine.py:1010 Epoch[21] Complete. Time taken: 00:00:46.299
04/01/2026 12:22:00 PM | engine.py:906 Engine run starting with max_epochs=1.
04/01/2026 12:22:25 PM | engine.py:1010 Epoch[1] Complete. Time taken: 00:00:24.882
[Validator] Epoch 22 - val_loss: 23.170171
[BEST CHECKPOINT] Guardado/actualizado en: checkpoints\Mis_modelos\logl1 checkpoints\4stems\best_checkpoint_22_val_loss=-23.1702.pt
04/01/2026 12:22:25 PM | engine.py:1037 Engine run finished. Time taken: 00:00:24.889
[Epoch 22] train_loss=23.032650 | val_loss=23.170171
04/01/2026 12:22:25 PM | engine.py:1010 Epoch[22] Complete. Time taken: 00:00:46.685
04/01/2026 12:22:46 PM | engine.py:906 Engine run starting with max_epochs=1.
04/01/2026 12:23:11 PM | engine.py:1010 Epoch[1] Complete. Time taken: 00:00:25.205
[Validator] Epoch 23 - val_loss: 23.124224
[BEST CHECKPOINT] Guardado/actualizado en: checkpoints\Mis_modelos\logl1 checkpoints\4stems\best_checkpoint_23_val_loss=-23.1242.pt
04/01/2026 12:23:11 PM | engine.py:1037 Engine run finished. Time taken: 00:00:25.214
[Epoch 23] train_loss=23.183506 | val_loss=23.124224
04/01/2026 12:23:11 PM | engine.py:1010 Epoch[23] Complete. Time taken: 00:00:46.377
04/01/2026 12:23:33 PM | engine.py:906 Engine run starting with max_epochs=1.
04/01/2026 12:23:58 PM | engine.py:1010 Epoch[1] Complete. Time taken: 00:00:24.530
[Validator] Epoch 24 - val_loss: 23.084320
[BEST CHECKPOINT] Guardado/actualizado en: checkpoints\Mis_modelos\logl1 checkpoints\4stems\best_checkpoint_24_val_loss=-23.0843.pt
04/01/2026 12:23:58 PM | engine.py:1037 Engine run finished. Time taken: 00:00:24.539
[Epoch 24] train_loss=23.039535 | val_loss=23.084320
04/01/2026 12:23:58 PM | engine.py:1010 Epoch[24] Complete. Time taken: 00:00:46.520
04/01/2026 12:24:18 PM | engine.py:906 Engine run starting with max_epochs=1.
04/01/2026 12:24:44 PM | engine.py:1010 Epoch[1] Complete. Time taken: 00:00:25.475
[Validator] Epoch 25 - val_loss: 23.050839
[BEST CHECKPOINT] Guardado/actualizado en: checkpoints\Mis_modelos\logl1 checkpoints\4stems\best_checkpoint_25_val_loss=-23.0508.pt
04/01/2026 12:24:44 PM | engine.py:1037 Engine run finished. Time taken: 00:00:25.486
[Epoch 25] train_loss=22.851646 | val_loss=23.050839
04/01/2026 12:24:44 PM | engine.py:1010 Epoch[25] Complete. Time taken: 00:00:46.141
04/01/2026 12:25:05 PM | engine.py:906 Engine run starting with max_epochs=1.
04/01/2026 12:25:30 PM | engine.py:1010 Epoch[1] Complete. Time taken: 00:00:25.572
[Validator] Epoch 26 - val_loss: 23.028442
[BEST CHECKPOINT] Guardado/actualizado en: checkpoints\Mis_modelos\logl1 checkpoints\4stems\best_checkpoint_26_val_loss=-23.0284.pt
04/01/2026 12:25:30 PM | engine.py:1037 Engine run finished. Time taken: 00:00:25.584
[Epoch 26] train_loss=22.868083 | val_loss=23.028442
04/01/2026 12:25:30 PM | engine.py:1010 Epoch[26] Complete. Time taken: 00:00:46.705
04/01/2026 12:25:52 PM | engine.py:906 Engine run starting with max_epochs=1.
04/01/2026 12:26:17 PM | engine.py:1010 Epoch[1] Complete. Time taken: 00:00:24.925
[Validator] Epoch 27 - val_loss: 23.004082
[BEST CHECKPOINT] Guardado/actualizado en: checkpoints\Mis_modelos\logl1 checkpoints\4stems\best_checkpoint_27_val_loss=-23.0041.pt
04/01/2026 12:26:17 PM | engine.py:1037 Engine run finished. Time taken: 00:00:24.936
[Epoch 27] train_loss=22.866142 | val_loss=23.004082
04/01/2026 12:26:17 PM | engine.py:1010 Epoch[27] Complete. Time taken: 00:00:46.972
04/01/2026 12:26:39 PM | engine.py:906 Engine run starting with max_epochs=1.
04/01/2026 12:27:04 PM | engine.py:1010 Epoch[1] Complete. Time taken: 00:00:24.892
[Validator] Epoch 28 - val_loss: 22.988498
[BEST CHECKPOINT] Guardado/actualizado en: checkpoints\Mis_modelos\logl1 checkpoints\4stems\best_checkpoint_28_val_loss=-22.9885.pt
04/01/2026 12:27:04 PM | engine.py:1037 Engine run finished. Time taken: 00:00:24.901
[Epoch 28] train_loss=22.756082 | val_loss=22.988498
04/01/2026 12:27:04 PM | engine.py:1010 Epoch[28] Complete. Time taken: 00:00:46.138
04/01/2026 12:27:25 PM | engine.py:906 Engine run starting with max_epochs=1.
04/01/2026 12:27:50 PM | engine.py:1010 Epoch[1] Complete. Time taken: 00:00:24.915
[Validator] Epoch 29 - val_loss: 22.975889
[BEST CHECKPOINT] Guardado/actualizado en: checkpoints\Mis_modelos\logl1 checkpoints\4stems\best_checkpoint_29_val_loss=-22.9759.pt
04/01/2026 12:27:50 PM | engine.py:1037 Engine run finished. Time taken: 00:00:24.925
[Epoch 29] train_loss=22.637414 | val_loss=22.975889
04/01/2026 12:27:50 PM | engine.py:1010 Epoch[29] Complete. Time taken: 00:00:46.833
04/01/2026 12:28:12 PM | engine.py:906 Engine run starting with max_epochs=1.
04/01/2026 12:28:37 PM | engine.py:1010 Epoch[1] Complete. Time taken: 00:00:25.310
[Validator] Epoch 30 - val_loss: 22.963555
[BEST CHECKPOINT] Guardado/actualizado en: checkpoints\Mis_modelos\logl1 checkpoints\4stems\best_checkpoint_30_val_loss=-22.9636.pt
04/01/2026 12:28:37 PM | engine.py:1037 Engine run finished. Time taken: 00:00:25.323
[Epoch 30] train_loss=22.781884 | val_loss=22.963555
04/01/2026 12:28:37 PM | engine.py:1010 Epoch[30] Complete. Time taken: 00:00:46.526
04/01/2026 12:28:58 PM | engine.py:906 Engine run starting with max_epochs=1.
04/01/2026 12:29:23 PM | engine.py:1010 Epoch[1] Complete. Time taken: 00:00:25.338
[Validator] Epoch 31 - val_loss: 22.955298
[BEST CHECKPOINT] Guardado/actualizado en: checkpoints\Mis_modelos\logl1 checkpoints\4stems\best_checkpoint_31_val_loss=-22.9553.pt
04/01/2026 12:29:23 PM | engine.py:1037 Engine run finished. Time taken: 00:00:25.350
[Epoch 31] train_loss=22.934594 | val_loss=22.955298
04/01/2026 12:29:23 PM | engine.py:1010 Epoch[31] Complete. Time taken: 00:00:46.562
04/01/2026 12:29:45 PM | engine.py:906 Engine run starting with max_epochs=1.
04/01/2026 12:30:10 PM | engine.py:1010 Epoch[1] Complete. Time taken: 00:00:25.037
[Validator] Epoch 32 - val_loss: 22.947389
[BEST CHECKPOINT] Guardado/actualizado en: checkpoints\Mis_modelos\logl1 checkpoints\4stems\best_checkpoint_32_val_loss=-22.9474.pt
04/01/2026 12:30:10 PM | engine.py:1037 Engine run finished. Time taken: 00:00:25.045
[Epoch 32] train_loss=22.764873 | val_loss=22.947389
04/01/2026 12:30:10 PM | engine.py:1010 Epoch[32] Complete. Time taken: 00:00:46.267
04/01/2026 12:30:31 PM | engine.py:906 Engine run starting with max_epochs=1.
04/01/2026 12:30:56 PM | engine.py:1010 Epoch[1] Complete. Time taken: 00:00:25.106
[Validator] Epoch 33 - val_loss: 22.939620
[BEST CHECKPOINT] Guardado/actualizado en: checkpoints\Mis_modelos\logl1 checkpoints\4stems\best_checkpoint_33_val_loss=-22.9396.pt
04/01/2026 12:30:56 PM | engine.py:1037 Engine run finished. Time taken: 00:00:25.115
[Epoch 33] train_loss=22.785534 | val_loss=22.939620
04/01/2026 12:30:56 PM | engine.py:1010 Epoch[33] Complete. Time taken: 00:00:46.345
04/01/2026 12:31:18 PM | engine.py:906 Engine run starting with max_epochs=1.
04/01/2026 12:31:43 PM | engine.py:1010 Epoch[1] Complete. Time taken: 00:00:25.136
[Validator] Epoch 34 - val_loss: 22.933039
[BEST CHECKPOINT] Guardado/actualizado en: checkpoints\Mis_modelos\logl1 checkpoints\4stems\best_checkpoint_34_val_loss=-22.9330.pt
04/01/2026 12:31:43 PM | engine.py:1037 Engine run finished. Time taken: 00:00:25.149
[Epoch 34] train_loss=22.679276 | val_loss=22.933039
04/01/2026 12:31:43 PM | engine.py:1010 Epoch[34] Complete. Time taken: 00:00:46.612
04/01/2026 12:32:04 PM | engine.py:906 Engine run starting with max_epochs=1.
04/01/2026 12:32:29 PM | engine.py:1010 Epoch[1] Complete. Time taken: 00:00:24.845
[Validator] Epoch 35 - val_loss: 22.925761
[BEST CHECKPOINT] Guardado/actualizado en: checkpoints\Mis_modelos\logl1 checkpoints\4stems\best_checkpoint_35_val_loss=-22.9258.pt
04/01/2026 12:32:29 PM | engine.py:1037 Engine run finished. Time taken: 00:00:24.853
[Epoch 35] train_loss=22.731839 | val_loss=22.925761
04/01/2026 12:32:29 PM | engine.py:1010 Epoch[35] Complete. Time taken: 00:00:46.021
04/01/2026 12:32:50 PM | engine.py:906 Engine run starting with max_epochs=1.
04/01/2026 12:33:15 PM | engine.py:1010 Epoch[1] Complete. Time taken: 00:00:25.321
[Validator] Epoch 36 - val_loss: 22.919880
[BEST CHECKPOINT] Guardado/actualizado en: checkpoints\Mis_modelos\logl1 checkpoints\4stems\best_checkpoint_36_val_loss=-22.9199.pt
04/01/2026 12:33:15 PM | engine.py:1037 Engine run finished. Time taken: 00:00:25.333
[Epoch 36] train_loss=22.910170 | val_loss=22.919880
04/01/2026 12:33:15 PM | engine.py:1010 Epoch[36] Complete. Time taken: 00:00:46.624
04/01/2026 12:33:37 PM | engine.py:906 Engine run starting with max_epochs=1.
04/01/2026 12:34:02 PM | engine.py:1010 Epoch[1] Complete. Time taken: 00:00:25.046
[Validator] Epoch 37 - val_loss: 22.913195
[BEST CHECKPOINT] Guardado/actualizado en: checkpoints\Mis_modelos\logl1 checkpoints\4stems\best_checkpoint_37_val_loss=-22.9132.pt
04/01/2026 12:34:02 PM | engine.py:1037 Engine run finished. Time taken: 00:00:25.054
[Epoch 37] train_loss=22.703960 | val_loss=22.913195
04/01/2026 12:34:02 PM | engine.py:1010 Epoch[37] Complete. Time taken: 00:00:46.643
04/01/2026 12:34:24 PM | engine.py:906 Engine run starting with max_epochs=1.
04/01/2026 12:34:49 PM | engine.py:1010 Epoch[1] Complete. Time taken: 00:00:25.018
[Validator] Epoch 38 - val_loss: 22.910301
[BEST CHECKPOINT] Guardado/actualizado en: checkpoints\Mis_modelos\logl1 checkpoints\4stems\best_checkpoint_38_val_loss=-22.9103.pt
04/01/2026 12:34:49 PM | engine.py:1037 Engine run finished. Time taken: 00:00:25.029
[Epoch 38] train_loss=22.764036 | val_loss=22.910301
04/01/2026 12:34:49 PM | engine.py:1010 Epoch[38] Complete. Time taken: 00:00:46.700
04/01/2026 12:35:10 PM | engine.py:906 Engine run starting with max_epochs=1.
04/01/2026 12:35:35 PM | engine.py:1010 Epoch[1] Complete. Time taken: 00:00:25.113
[Validator] Epoch 39 - val_loss: 22.908619
[BEST CHECKPOINT] Guardado/actualizado en: checkpoints\Mis_modelos\logl1 checkpoints\4stems\best_checkpoint_39_val_loss=-22.9086.pt
04/01/2026 12:35:35 PM | engine.py:1037 Engine run finished. Time taken: 00:00:25.121
[Epoch 39] train_loss=22.813598 | val_loss=22.908619
04/01/2026 12:35:35 PM | engine.py:1010 Epoch[39] Complete. Time taken: 00:00:46.621
04/01/2026 12:35:57 PM | engine.py:906 Engine run starting with max_epochs=1.
04/01/2026 12:36:22 PM | engine.py:1010 Epoch[1] Complete. Time taken: 00:00:24.918
[Validator] Epoch 40 - val_loss: 22.905853
[BEST CHECKPOINT] Guardado/actualizado en: checkpoints\Mis_modelos\logl1 checkpoints\4stems\best_checkpoint_40_val_loss=-22.9059.pt
04/01/2026 12:36:22 PM | engine.py:1037 Engine run finished. Time taken: 00:00:24.926
[Epoch 40] train_loss=22.795612 | val_loss=22.905853
04/01/2026 12:36:22 PM | engine.py:1010 Epoch[40] Complete. Time taken: 00:00:46.249
04/01/2026 12:36:43 PM | engine.py:906 Engine run starting with max_epochs=1.
04/01/2026 12:37:07 PM | engine.py:1010 Epoch[1] Complete. Time taken: 00:00:24.573
[Validator] Epoch 41 - val_loss: 22.901984
[BEST CHECKPOINT] Guardado/actualizado en: checkpoints\Mis_modelos\logl1 checkpoints\4stems\best_checkpoint_41_val_loss=-22.9020.pt
04/01/2026 12:37:07 PM | engine.py:1037 Engine run finished. Time taken: 00:00:24.582
[Epoch 41] train_loss=22.564269 | val_loss=22.901984
04/01/2026 12:37:07 PM | engine.py:1010 Epoch[41] Complete. Time taken: 00:00:45.955
04/01/2026 12:37:29 PM | engine.py:906 Engine run starting with max_epochs=1.
04/01/2026 12:37:54 PM | engine.py:1010 Epoch[1] Complete. Time taken: 00:00:25.277
[Validator] Epoch 42 - val_loss: 22.902473
[BEST CHECKPOINT] Guardado/actualizado en: checkpoints\Mis_modelos\logl1 checkpoints\4stems\best_checkpoint_41_val_loss=-22.9020.pt
04/01/2026 12:37:54 PM | engine.py:1037 Engine run finished. Time taken: 00:00:25.279
[Epoch 42] train_loss=22.842253 | val_loss=22.902473
04/01/2026 12:37:54 PM | engine.py:1010 Epoch[42] Complete. Time taken: 00:00:46.829
04/01/2026 12:38:16 PM | engine.py:906 Engine run starting with max_epochs=1.
04/01/2026 12:38:41 PM | engine.py:1010 Epoch[1] Complete. Time taken: 00:00:25.480
[Validator] Epoch 43 - val_loss: 22.900327
[BEST CHECKPOINT] Guardado/actualizado en: checkpoints\Mis_modelos\logl1 checkpoints\4stems\best_checkpoint_43_val_loss=-22.9003.pt
04/01/2026 12:38:41 PM | engine.py:1037 Engine run finished. Time taken: 00:00:25.488
[Epoch 43] train_loss=22.707468 | val_loss=22.900327
04/01/2026 12:38:41 PM | engine.py:1010 Epoch[43] Complete. Time taken: 00:00:46.755
04/01/2026 12:39:03 PM | engine.py:906 Engine run starting with max_epochs=1.
04/01/2026 12:39:28 PM | engine.py:1010 Epoch[1] Complete. Time taken: 00:00:24.833
[Validator] Epoch 44 - val_loss: 22.897130
[BEST CHECKPOINT] Guardado/actualizado en: checkpoints\Mis_modelos\logl1 checkpoints\4stems\best_checkpoint_44_val_loss=-22.8971.pt
04/01/2026 12:39:28 PM | engine.py:1037 Engine run finished. Time taken: 00:00:24.845
[Epoch 44] train_loss=22.840898 | val_loss=22.897130
04/01/2026 12:39:28 PM | engine.py:1010 Epoch[44] Complete. Time taken: 00:00:47.050
04/01/2026 12:39:51 PM | engine.py:906 Engine run starting with max_epochs=1.
04/01/2026 12:40:15 PM | engine.py:1010 Epoch[1] Complete. Time taken: 00:00:24.797
[Validator] Epoch 45 - val_loss: 22.896350
[BEST CHECKPOINT] Guardado/actualizado en: checkpoints\Mis_modelos\logl1 checkpoints\4stems\best_checkpoint_45_val_loss=-22.8963.pt
04/01/2026 12:40:15 PM | engine.py:1037 Engine run finished. Time taken: 00:00:24.806
[Epoch 45] train_loss=22.659527 | val_loss=22.896350
04/01/2026 12:40:15 PM | engine.py:1010 Epoch[45] Complete. Time taken: 00:00:47.197
04/01/2026 12:40:37 PM | engine.py:906 Engine run starting with max_epochs=1.
04/01/2026 12:41:02 PM | engine.py:1010 Epoch[1] Complete. Time taken: 00:00:25.227
[Validator] Epoch 46 - val_loss: 22.893273
[BEST CHECKPOINT] Guardado/actualizado en: checkpoints\Mis_modelos\logl1 checkpoints\4stems\best_checkpoint_46_val_loss=-22.8933.pt
04/01/2026 12:41:02 PM | engine.py:1037 Engine run finished. Time taken: 00:00:25.238
[Epoch 46] train_loss=22.670793 | val_loss=22.893273
04/01/2026 12:41:02 PM | engine.py:1010 Epoch[46] Complete. Time taken: 00:00:46.486
04/01/2026 12:41:22 PM | engine.py:906 Engine run starting with max_epochs=1.
04/01/2026 12:41:47 PM | engine.py:1010 Epoch[1] Complete. Time taken: 00:00:24.981
[Validator] Epoch 47 - val_loss: 22.890942
[BEST CHECKPOINT] Guardado/actualizado en: checkpoints\Mis_modelos\logl1 checkpoints\4stems\best_checkpoint_47_val_loss=-22.8909.pt
04/01/2026 12:41:47 PM | engine.py:1037 Engine run finished. Time taken: 00:00:24.991
[Epoch 47] train_loss=22.589578 | val_loss=22.890942
04/01/2026 12:41:47 PM | engine.py:1010 Epoch[47] Complete. Time taken: 00:00:45.673
04/01/2026 12:42:09 PM | engine.py:906 Engine run starting with max_epochs=1.
04/01/2026 12:42:35 PM | engine.py:1010 Epoch[1] Complete. Time taken: 00:00:25.697
[Validator] Epoch 48 - val_loss: 22.887577
[BEST CHECKPOINT] Guardado/actualizado en: checkpoints\Mis_modelos\logl1 checkpoints\4stems\best_checkpoint_48_val_loss=-22.8876.pt
04/01/2026 12:42:35 PM | engine.py:1037 Engine run finished. Time taken: 00:00:25.708
[Epoch 48] train_loss=22.611760 | val_loss=22.887577
04/01/2026 12:42:35 PM | engine.py:1010 Epoch[48] Complete. Time taken: 00:00:47.076
04/01/2026 12:42:56 PM | engine.py:906 Engine run starting with max_epochs=1.
04/01/2026 12:43:21 PM | engine.py:1010 Epoch[1] Complete. Time taken: 00:00:25.208
[Validator] Epoch 49 - val_loss: 22.885048
[BEST CHECKPOINT] Guardado/actualizado en: checkpoints\Mis_modelos\logl1 checkpoints\4stems\best_checkpoint_49_val_loss=-22.8850.pt
04/01/2026 12:43:21 PM | engine.py:1037 Engine run finished. Time taken: 00:00:25.219
[Epoch 49] train_loss=22.753339 | val_loss=22.885048
04/01/2026 12:43:21 PM | engine.py:1010 Epoch[49] Complete. Time taken: 00:00:46.515
04/01/2026 12:43:43 PM | engine.py:906 Engine run starting with max_epochs=1.
04/01/2026 12:44:09 PM | engine.py:1010 Epoch[1] Complete. Time taken: 00:00:25.233
[Validator] Epoch 50 - val_loss: 22.882518
[BEST CHECKPOINT] Guardado/actualizado en: checkpoints\Mis_modelos\logl1 checkpoints\4stems\best_checkpoint_50_val_loss=-22.8825.pt
04/01/2026 12:44:09 PM | engine.py:1037 Engine run finished. Time taken: 00:00:25.243
[Epoch 50] train_loss=22.648151 | val_loss=22.882518
04/01/2026 12:44:09 PM | engine.py:1010 Epoch[50] Complete. Time taken: 00:00:47.609
04/01/2026 12:44:31 PM | engine.py:906 Engine run starting with max_epochs=1.
04/01/2026 12:44:56 PM | engine.py:1010 Epoch[1] Complete. Time taken: 00:00:25.070
[Validator] Epoch 51 - val_loss: 22.880260
[BEST CHECKPOINT] Guardado/actualizado en: checkpoints\Mis_modelos\logl1 checkpoints\4stems\best_checkpoint_51_val_loss=-22.8803.pt
04/01/2026 12:44:56 PM | engine.py:1037 Engine run finished. Time taken: 00:00:25.078
[Epoch 51] train_loss=22.731373 | val_loss=22.880260
04/01/2026 12:44:56 PM | engine.py:1010 Epoch[51] Complete. Time taken: 00:00:47.008
04/01/2026 12:45:17 PM | engine.py:906 Engine run starting with max_epochs=1.
04/01/2026 12:45:43 PM | engine.py:1010 Epoch[1] Complete. Time taken: 00:00:25.428
[Validator] Epoch 52 - val_loss: 22.880912
[BEST CHECKPOINT] Guardado/actualizado en: checkpoints\Mis_modelos\logl1 checkpoints\4stems\best_checkpoint_51_val_loss=-22.8803.pt
04/01/2026 12:45:43 PM | engine.py:1037 Engine run finished. Time taken: 00:00:25.429
[Epoch 52] train_loss=22.674275 | val_loss=22.880912
04/01/2026 12:45:43 PM | engine.py:1010 Epoch[52] Complete. Time taken: 00:00:46.976
04/01/2026 12:46:04 PM | engine.py:906 Engine run starting with max_epochs=1.
04/01/2026 12:46:30 PM | engine.py:1010 Epoch[1] Complete. Time taken: 00:00:26.175
[Validator] Epoch 53 - val_loss: 22.878395
[BEST CHECKPOINT] Guardado/actualizado en: checkpoints\Mis_modelos\logl1 checkpoints\4stems\best_checkpoint_53_val_loss=-22.8784.pt
04/01/2026 12:46:30 PM | engine.py:1037 Engine run finished. Time taken: 00:00:26.185
[Epoch 53] train_loss=22.546942 | val_loss=22.878395
04/01/2026 12:46:30 PM | engine.py:1010 Epoch[53] Complete. Time taken: 00:00:47.677
04/01/2026 12:46:52 PM | engine.py:906 Engine run starting with max_epochs=1.
04/01/2026 12:47:17 PM | engine.py:1010 Epoch[1] Complete. Time taken: 00:00:24.729
[Validator] Epoch 54 - val_loss: 22.877427
[BEST CHECKPOINT] Guardado/actualizado en: checkpoints\Mis_modelos\logl1 checkpoints\4stems\best_checkpoint_54_val_loss=-22.8774.pt
04/01/2026 12:47:17 PM | engine.py:1037 Engine run finished. Time taken: 00:00:24.740
[Epoch 54] train_loss=22.761764 | val_loss=22.877427
04/01/2026 12:47:17 PM | engine.py:1010 Epoch[54] Complete. Time taken: 00:00:46.688
04/01/2026 12:47:39 PM | engine.py:906 Engine run starting with max_epochs=1.
04/01/2026 12:48:04 PM | engine.py:1010 Epoch[1] Complete. Time taken: 00:00:25.655
[Validator] Epoch 55 - val_loss: 22.874892
[BEST CHECKPOINT] Guardado/actualizado en: checkpoints\Mis_modelos\logl1 checkpoints\4stems\best_checkpoint_55_val_loss=-22.8749.pt
04/01/2026 12:48:04 PM | engine.py:1037 Engine run finished. Time taken: 00:00:25.664
[Epoch 55] train_loss=22.713923 | val_loss=22.874892
04/01/2026 12:48:04 PM | engine.py:1010 Epoch[55] Complete. Time taken: 00:00:47.152
04/01/2026 12:48:25 PM | engine.py:906 Engine run starting with max_epochs=1.
04/01/2026 12:48:51 PM | engine.py:1010 Epoch[1] Complete. Time taken: 00:00:25.865
[Validator] Epoch 56 - val_loss: 22.869252
[BEST CHECKPOINT] Guardado/actualizado en: checkpoints\Mis_modelos\logl1 checkpoints\4stems\best_checkpoint_56_val_loss=-22.8693.pt
04/01/2026 12:48:51 PM | engine.py:1037 Engine run finished. Time taken: 00:00:25.874
[Epoch 56] train_loss=22.717133 | val_loss=22.869252
04/01/2026 12:48:51 PM | engine.py:1010 Epoch[56] Complete. Time taken: 00:00:47.093
04/01/2026 12:49:13 PM | engine.py:906 Engine run starting with max_epochs=1.
04/01/2026 12:49:38 PM | engine.py:1010 Epoch[1] Complete. Time taken: 00:00:25.075
[Validator] Epoch 57 - val_loss: 22.866227
[BEST CHECKPOINT] Guardado/actualizado en: checkpoints\Mis_modelos\logl1 checkpoints\4stems\best_checkpoint_57_val_loss=-22.8662.pt
04/01/2026 12:49:38 PM | engine.py:1037 Engine run finished. Time taken: 00:00:25.084
[Epoch 57] train_loss=22.627074 | val_loss=22.866227
04/01/2026 12:49:38 PM | engine.py:1010 Epoch[57] Complete. Time taken: 00:00:46.616
04/01/2026 12:49:59 PM | engine.py:906 Engine run starting with max_epochs=1.
04/01/2026 12:50:25 PM | engine.py:1010 Epoch[1] Complete. Time taken: 00:00:25.692
[Validator] Epoch 58 - val_loss: 22.866733
[BEST CHECKPOINT] Guardado/actualizado en: checkpoints\Mis_modelos\logl1 checkpoints\4stems\best_checkpoint_57_val_loss=-22.8662.pt
04/01/2026 12:50:25 PM | engine.py:1037 Engine run finished. Time taken: 00:00:25.694
[Epoch 58] train_loss=22.707855 | val_loss=22.866733
04/01/2026 12:50:25 PM | engine.py:1010 Epoch[58] Complete. Time taken: 00:00:46.969
04/01/2026 12:50:46 PM | engine.py:906 Engine run starting with max_epochs=1.
04/01/2026 12:51:11 PM | engine.py:1010 Epoch[1] Complete. Time taken: 00:00:25.109
[Validator] Epoch 59 - val_loss: 22.867512
[BEST CHECKPOINT] Guardado/actualizado en: checkpoints\Mis_modelos\logl1 checkpoints\4stems\best_checkpoint_57_val_loss=-22.8662.pt
04/01/2026 12:51:11 PM | engine.py:1037 Engine run finished. Time taken: 00:00:25.110
[Epoch 59] train_loss=22.680463 | val_loss=22.867512
04/01/2026 12:51:11 PM | engine.py:1010 Epoch[59] Complete. Time taken: 00:00:46.341
04/01/2026 12:51:34 PM | engine.py:906 Engine run starting with max_epochs=1.
04/01/2026 12:51:58 PM | engine.py:1010 Epoch[1] Complete. Time taken: 00:00:24.581
[Validator] Epoch 60 - val_loss: 22.870162
[BEST CHECKPOINT] Guardado/actualizado en: checkpoints\Mis_modelos\logl1 checkpoints\4stems\best_checkpoint_57_val_loss=-22.8662.pt
04/01/2026 12:51:58 PM | engine.py:1037 Engine run finished. Time taken: 00:00:24.582
[Epoch 60] train_loss=22.603740 | val_loss=22.870162
04/01/2026 12:51:58 PM | engine.py:1010 Epoch[60] Complete. Time taken: 00:00:46.957
04/01/2026 12:52:20 PM | engine.py:906 Engine run starting with max_epochs=1.
04/01/2026 12:52:46 PM | engine.py:1010 Epoch[1] Complete. Time taken: 00:00:25.335
[Validator] Epoch 61 - val_loss: 22.871451
[BEST CHECKPOINT] Guardado/actualizado en: checkpoints\Mis_modelos\logl1 checkpoints\4stems\best_checkpoint_57_val_loss=-22.8662.pt
04/01/2026 12:52:46 PM | engine.py:1037 Engine run finished. Time taken: 00:00:25.337
[Epoch 61] train_loss=22.659762 | val_loss=22.871451
04/01/2026 12:52:46 PM | engine.py:1010 Epoch[61] Complete. Time taken: 00:00:47.451
04/01/2026 12:53:07 PM | engine.py:906 Engine run starting with max_epochs=1.
04/01/2026 12:53:32 PM | engine.py:1010 Epoch[1] Complete. Time taken: 00:00:25.105
[Validator] Epoch 62 - val_loss: 22.869675
[BEST CHECKPOINT] Guardado/actualizado en: checkpoints\Mis_modelos\logl1 checkpoints\4stems\best_checkpoint_57_val_loss=-22.8662.pt
04/01/2026 12:53:32 PM | engine.py:1037 Engine run finished. Time taken: 00:00:25.107
[Epoch 62] train_loss=22.854294 | val_loss=22.869675
04/01/2026 12:53:32 PM | engine.py:1010 Epoch[62] Complete. Time taken: 00:00:46.415
04/01/2026 12:53:54 PM | engine.py:906 Engine run starting with max_epochs=1.
04/01/2026 12:54:19 PM | engine.py:1010 Epoch[1] Complete. Time taken: 00:00:25.041
[Validator] Epoch 63 - val_loss: 22.867295
[BEST CHECKPOINT] Guardado/actualizado en: checkpoints\Mis_modelos\logl1 checkpoints\4stems\best_checkpoint_57_val_loss=-22.8662.pt
04/01/2026 12:54:19 PM | engine.py:1037 Engine run finished. Time taken: 00:00:25.042
[Epoch 63] train_loss=22.669486 | val_loss=22.867295
04/01/2026 12:54:19 PM | engine.py:1010 Epoch[63] Complete. Time taken: 00:00:47.089
04/01/2026 12:54:41 PM | engine.py:906 Engine run starting with max_epochs=1.
04/01/2026 12:55:07 PM | engine.py:1010 Epoch[1] Complete. Time taken: 00:00:25.390
[Validator] Epoch 64 - val_loss: 22.862270
[BEST CHECKPOINT] Guardado/actualizado en: checkpoints\Mis_modelos\logl1 checkpoints\4stems\best_checkpoint_64_val_loss=-22.8623.pt
04/01/2026 12:55:07 PM | engine.py:1037 Engine run finished. Time taken: 00:00:25.399
[Epoch 64] train_loss=22.797094 | val_loss=22.862270
04/01/2026 12:55:07 PM | engine.py:1010 Epoch[64] Complete. Time taken: 00:00:47.407
04/01/2026 12:55:28 PM | engine.py:906 Engine run starting with max_epochs=1.
04/01/2026 12:55:53 PM | engine.py:1010 Epoch[1] Complete. Time taken: 00:00:25.292
[Validator] Epoch 65 - val_loss: 22.860421
[BEST CHECKPOINT] Guardado/actualizado en: checkpoints\Mis_modelos\logl1 checkpoints\4stems\best_checkpoint_65_val_loss=-22.8604.pt
04/01/2026 12:55:53 PM | engine.py:1037 Engine run finished. Time taken: 00:00:25.300
[Epoch 65] train_loss=22.532448 | val_loss=22.860421
04/01/2026 12:55:53 PM | engine.py:1010 Epoch[65] Complete. Time taken: 00:00:46.973
04/01/2026 12:56:15 PM | engine.py:906 Engine run starting with max_epochs=1.
04/01/2026 12:56:41 PM | engine.py:1010 Epoch[1] Complete. Time taken: 00:00:25.358
[Validator] Epoch 66 - val_loss: 22.856904
[BEST CHECKPOINT] Guardado/actualizado en: checkpoints\Mis_modelos\logl1 checkpoints\4stems\best_checkpoint_66_val_loss=-22.8569.pt
04/01/2026 12:56:41 PM | engine.py:1037 Engine run finished. Time taken: 00:00:25.369
[Epoch 66] train_loss=22.688665 | val_loss=22.856904
04/01/2026 12:56:41 PM | engine.py:1010 Epoch[66] Complete. Time taken: 00:00:47.078
04/01/2026 12:57:02 PM | engine.py:906 Engine run starting with max_epochs=1.
04/01/2026 12:57:28 PM | engine.py:1010 Epoch[1] Complete. Time taken: 00:00:25.457
[Validator] Epoch 67 - val_loss: 22.853760
[BEST CHECKPOINT] Guardado/actualizado en: checkpoints\Mis_modelos\logl1 checkpoints\4stems\best_checkpoint_67_val_loss=-22.8538.pt
04/01/2026 12:57:28 PM | engine.py:1037 Engine run finished. Time taken: 00:00:25.468
[Epoch 67] train_loss=22.604203 | val_loss=22.853760
04/01/2026 12:57:28 PM | engine.py:1010 Epoch[67] Complete. Time taken: 00:00:47.258
04/01/2026 12:57:50 PM | engine.py:906 Engine run starting with max_epochs=1.
04/01/2026 12:58:14 PM | engine.py:1010 Epoch[1] Complete. Time taken: 00:00:24.837
[Validator] Epoch 68 - val_loss: 22.849341
[BEST CHECKPOINT] Guardado/actualizado en: checkpoints\Mis_modelos\logl1 checkpoints\4stems\best_checkpoint_68_val_loss=-22.8493.pt
04/01/2026 12:58:14 PM | engine.py:1037 Engine run finished. Time taken: 00:00:24.845
[Epoch 68] train_loss=22.844340 | val_loss=22.849341
04/01/2026 12:58:14 PM | engine.py:1010 Epoch[68] Complete. Time taken: 00:00:46.600
04/01/2026 12:58:36 PM | engine.py:906 Engine run starting with max_epochs=1.
04/01/2026 12:59:01 PM | engine.py:1010 Epoch[1] Complete. Time taken: 00:00:25.158
[Validator] Epoch 69 - val_loss: 22.847901
[BEST CHECKPOINT] Guardado/actualizado en: checkpoints\Mis_modelos\logl1 checkpoints\4stems\best_checkpoint_69_val_loss=-22.8479.pt
04/01/2026 12:59:01 PM | engine.py:1037 Engine run finished. Time taken: 00:00:25.171
[Epoch 69] train_loss=22.518204 | val_loss=22.847901
04/01/2026 12:59:01 PM | engine.py:1010 Epoch[69] Complete. Time taken: 00:00:46.604
04/01/2026 12:59:23 PM | engine.py:906 Engine run starting with max_epochs=1.
04/01/2026 12:59:49 PM | engine.py:1010 Epoch[1] Complete. Time taken: 00:00:25.770
[Validator] Epoch 70 - val_loss: 22.844340
[BEST CHECKPOINT] Guardado/actualizado en: checkpoints\Mis_modelos\logl1 checkpoints\4stems\best_checkpoint_70_val_loss=-22.8443.pt
04/01/2026 12:59:49 PM | engine.py:1037 Engine run finished. Time taken: 00:00:25.780
[Epoch 70] train_loss=22.671269 | val_loss=22.844340
04/01/2026 12:59:49 PM | engine.py:1010 Epoch[70] Complete. Time taken: 00:00:47.849
04/01/2026 01:00:10 PM | engine.py:906 Engine run starting with max_epochs=1.
04/01/2026 01:00:35 PM | engine.py:1010 Epoch[1] Complete. Time taken: 00:00:25.121
[Validator] Epoch 71 - val_loss: 22.839302
[BEST CHECKPOINT] Guardado/actualizado en: checkpoints\Mis_modelos\logl1 checkpoints\4stems\best_checkpoint_71_val_loss=-22.8393.pt
04/01/2026 01:00:35 PM | engine.py:1037 Engine run finished. Time taken: 00:00:25.130
[Epoch 71] train_loss=22.414443 | val_loss=22.839302
04/01/2026 01:00:35 PM | engine.py:1010 Epoch[71] Complete. Time taken: 00:00:46.371
04/01/2026 01:00:57 PM | engine.py:906 Engine run starting with max_epochs=1.
04/01/2026 01:01:23 PM | engine.py:1010 Epoch[1] Complete. Time taken: 00:00:26.141
[Validator] Epoch 72 - val_loss: 22.836792
[BEST CHECKPOINT] Guardado/actualizado en: checkpoints\Mis_modelos\logl1 checkpoints\4stems\best_checkpoint_72_val_loss=-22.8368.pt
04/01/2026 01:01:23 PM | engine.py:1037 Engine run finished. Time taken: 00:00:26.152
[Epoch 72] train_loss=22.354578 | val_loss=22.836792
04/01/2026 01:01:23 PM | engine.py:1010 Epoch[72] Complete. Time taken: 00:00:47.575
04/01/2026 01:01:45 PM | engine.py:906 Engine run starting with max_epochs=1.
04/01/2026 01:02:10 PM | engine.py:1010 Epoch[1] Complete. Time taken: 00:00:25.632
[Validator] Epoch 73 - val_loss: 22.837546
[BEST CHECKPOINT] Guardado/actualizado en: checkpoints\Mis_modelos\logl1 checkpoints\4stems\best_checkpoint_72_val_loss=-22.8368.pt
04/01/2026 01:02:10 PM | engine.py:1037 Engine run finished. Time taken: 00:00:25.633
[Epoch 73] train_loss=22.578833 | val_loss=22.837546
04/01/2026 01:02:10 PM | engine.py:1010 Epoch[73] Complete. Time taken: 00:00:47.594
04/01/2026 01:02:32 PM | engine.py:906 Engine run starting with max_epochs=1.
04/01/2026 01:02:57 PM | engine.py:1010 Epoch[1] Complete. Time taken: 00:00:25.116
[Validator] Epoch 74 - val_loss: 22.838782
[BEST CHECKPOINT] Guardado/actualizado en: checkpoints\Mis_modelos\logl1 checkpoints\4stems\best_checkpoint_72_val_loss=-22.8368.pt
04/01/2026 01:02:57 PM | engine.py:1037 Engine run finished. Time taken: 00:00:25.118
[Epoch 74] train_loss=22.526110 | val_loss=22.838782
04/01/2026 01:02:57 PM | engine.py:1010 Epoch[74] Complete. Time taken: 00:00:46.520
04/01/2026 01:03:19 PM | engine.py:906 Engine run starting with max_epochs=1.
04/01/2026 01:03:44 PM | engine.py:1010 Epoch[1] Complete. Time taken: 00:00:25.023
[Validator] Epoch 75 - val_loss: 22.840852
[BEST CHECKPOINT] Guardado/actualizado en: checkpoints\Mis_modelos\logl1 checkpoints\4stems\best_checkpoint_72_val_loss=-22.8368.pt
04/01/2026 01:03:44 PM | engine.py:1037 Engine run finished. Time taken: 00:00:25.024
[Epoch 75] train_loss=22.788569 | val_loss=22.840852
04/01/2026 01:03:44 PM | engine.py:1010 Epoch[75] Complete. Time taken: 00:00:46.989
04/01/2026 01:04:06 PM | engine.py:906 Engine run starting with max_epochs=1.
04/01/2026 01:04:31 PM | engine.py:1010 Epoch[1] Complete. Time taken: 00:00:25.424
[Validator] Epoch 76 - val_loss: 22.841591
[BEST CHECKPOINT] Guardado/actualizado en: checkpoints\Mis_modelos\logl1 checkpoints\4stems\best_checkpoint_72_val_loss=-22.8368.pt
04/01/2026 01:04:31 PM | engine.py:1037 Engine run finished. Time taken: 00:00:25.425
[Epoch 76] train_loss=22.501661 | val_loss=22.841591
04/01/2026 01:04:31 PM | engine.py:1010 Epoch[76] Complete. Time taken: 00:00:47.043
04/01/2026 01:04:52 PM | engine.py:906 Engine run starting with max_epochs=1.
04/01/2026 01:05:17 PM | engine.py:1010 Epoch[1] Complete. Time taken: 00:00:24.994
[Validator] Epoch 77 - val_loss: 22.838948
[BEST CHECKPOINT] Guardado/actualizado en: checkpoints\Mis_modelos\logl1 checkpoints\4stems\best_checkpoint_72_val_loss=-22.8368.pt
04/01/2026 01:05:17 PM | engine.py:1037 Engine run finished. Time taken: 00:00:24.994
[Epoch 77] train_loss=22.801958 | val_loss=22.838948
04/01/2026 01:05:17 PM | engine.py:1010 Epoch[77] Complete. Time taken: 00:00:46.433
04/01/2026 01:05:39 PM | engine.py:906 Engine run starting with max_epochs=1.
04/01/2026 01:06:05 PM | engine.py:1010 Epoch[1] Complete. Time taken: 00:00:25.338
[Validator] Epoch 78 - val_loss: 22.832583
[BEST CHECKPOINT] Guardado/actualizado en: checkpoints\Mis_modelos\logl1 checkpoints\4stems\best_checkpoint_78_val_loss=-22.8326.pt
04/01/2026 01:06:05 PM | engine.py:1037 Engine run finished. Time taken: 00:00:25.348
[Epoch 78] train_loss=22.745951 | val_loss=22.832583
04/01/2026 01:06:05 PM | engine.py:1010 Epoch[78] Complete. Time taken: 00:00:47.343
04/01/2026 01:06:26 PM | engine.py:906 Engine run starting with max_epochs=1.
04/01/2026 01:06:52 PM | engine.py:1010 Epoch[1] Complete. Time taken: 00:00:25.757
[Validator] Epoch 79 - val_loss: 22.825589
[BEST CHECKPOINT] Guardado/actualizado en: checkpoints\Mis_modelos\logl1 checkpoints\4stems\best_checkpoint_79_val_loss=-22.8256.pt
04/01/2026 01:06:52 PM | engine.py:1037 Engine run finished. Time taken: 00:00:25.765
[Epoch 79] train_loss=22.745655 | val_loss=22.825589
04/01/2026 01:06:52 PM | engine.py:1010 Epoch[79] Complete. Time taken: 00:00:47.225
04/01/2026 01:07:13 PM | engine.py:906 Engine run starting with max_epochs=1.
04/01/2026 01:07:39 PM | engine.py:1010 Epoch[1] Complete. Time taken: 00:00:25.146
[Validator] Epoch 80 - val_loss: 22.820764
[BEST CHECKPOINT] Guardado/actualizado en: checkpoints\Mis_modelos\logl1 checkpoints\4stems\best_checkpoint_80_val_loss=-22.8208.pt
04/01/2026 01:07:39 PM | engine.py:1037 Engine run finished. Time taken: 00:00:25.155
[Epoch 80] train_loss=22.697592 | val_loss=22.820764
04/01/2026 01:07:39 PM | engine.py:1010 Epoch[80] Complete. Time taken: 00:00:46.570
04/01/2026 01:08:00 PM | engine.py:906 Engine run starting with max_epochs=1.
04/01/2026 01:08:25 PM | engine.py:1010 Epoch[1] Complete. Time taken: 00:00:24.871
[Validator] Epoch 81 - val_loss: 22.821787
[BEST CHECKPOINT] Guardado/actualizado en: checkpoints\Mis_modelos\logl1 checkpoints\4stems\best_checkpoint_80_val_loss=-22.8208.pt
04/01/2026 01:08:25 PM | engine.py:1037 Engine run finished. Time taken: 00:00:24.872
[Epoch 81] train_loss=22.722890 | val_loss=22.821787
04/01/2026 01:08:25 PM | engine.py:1010 Epoch[81] Complete. Time taken: 00:00:46.368
04/01/2026 01:08:47 PM | engine.py:906 Engine run starting with max_epochs=1.
04/01/2026 01:09:13 PM | engine.py:1010 Epoch[1] Complete. Time taken: 00:00:26.062
[Validator] Epoch 82 - val_loss: 22.821543
[BEST CHECKPOINT] Guardado/actualizado en: checkpoints\Mis_modelos\logl1 checkpoints\4stems\best_checkpoint_80_val_loss=-22.8208.pt
04/01/2026 01:09:13 PM | engine.py:1037 Engine run finished. Time taken: 00:00:26.064
[Epoch 82] train_loss=22.733744 | val_loss=22.821543
04/01/2026 01:09:13 PM | engine.py:1010 Epoch[82] Complete. Time taken: 00:00:48.091
04/01/2026 01:09:35 PM | engine.py:906 Engine run starting with max_epochs=1.
04/01/2026 01:10:00 PM | engine.py:1010 Epoch[1] Complete. Time taken: 00:00:24.945
[Validator] Epoch 83 - val_loss: 22.817367
[BEST CHECKPOINT] Guardado/actualizado en: checkpoints\Mis_modelos\logl1 checkpoints\4stems\best_checkpoint_83_val_loss=-22.8174.pt
04/01/2026 01:10:00 PM | engine.py:1037 Engine run finished. Time taken: 00:00:24.954
[Epoch 83] train_loss=22.596709 | val_loss=22.817367
04/01/2026 01:10:00 PM | engine.py:1010 Epoch[83] Complete. Time taken: 00:00:47.270
04/01/2026 01:10:22 PM | engine.py:906 Engine run starting with max_epochs=1.
04/01/2026 01:10:47 PM | engine.py:1010 Epoch[1] Complete. Time taken: 00:00:25.401
[Validator] Epoch 84 - val_loss: 22.808745
[BEST CHECKPOINT] Guardado/actualizado en: checkpoints\Mis_modelos\logl1 checkpoints\4stems\best_checkpoint_84_val_loss=-22.8087.pt
04/01/2026 01:10:47 PM | engine.py:1037 Engine run finished. Time taken: 00:00:25.412
[Epoch 84] train_loss=22.518895 | val_loss=22.808745
04/01/2026 01:10:47 PM | engine.py:1010 Epoch[84] Complete. Time taken: 00:00:47.038
04/01/2026 01:11:09 PM | engine.py:906 Engine run starting with max_epochs=1.
04/01/2026 01:11:35 PM | engine.py:1010 Epoch[1] Complete. Time taken: 00:00:25.273
[Validator] Epoch 85 - val_loss: 22.804253
[BEST CHECKPOINT] Guardado/actualizado en: checkpoints\Mis_modelos\logl1 checkpoints\4stems\best_checkpoint_85_val_loss=-22.8043.pt
04/01/2026 01:11:35 PM | engine.py:1037 Engine run finished. Time taken: 00:00:25.284
[Epoch 85] train_loss=22.705453 | val_loss=22.804253
04/01/2026 01:11:35 PM | engine.py:1010 Epoch[85] Complete. Time taken: 00:00:47.445
04/01/2026 01:11:57 PM | engine.py:906 Engine run starting with max_epochs=1.
04/01/2026 01:12:22 PM | engine.py:1010 Epoch[1] Complete. Time taken: 00:00:25.167
[Validator] Epoch 86 - val_loss: 22.799616
[BEST CHECKPOINT] Guardado/actualizado en: checkpoints\Mis_modelos\logl1 checkpoints\4stems\best_checkpoint_86_val_loss=-22.7996.pt
04/01/2026 01:12:22 PM | engine.py:1037 Engine run finished. Time taken: 00:00:25.176
[Epoch 86] train_loss=22.719532 | val_loss=22.799616
04/01/2026 01:12:22 PM | engine.py:1010 Epoch[86] Complete. Time taken: 00:00:47.259
04/01/2026 01:12:44 PM | engine.py:906 Engine run starting with max_epochs=1.
04/01/2026 01:13:09 PM | engine.py:1010 Epoch[1] Complete. Time taken: 00:00:25.785
[Validator] Epoch 87 - val_loss: 22.800452
[BEST CHECKPOINT] Guardado/actualizado en: checkpoints\Mis_modelos\logl1 checkpoints\4stems\best_checkpoint_86_val_loss=-22.7996.pt
04/01/2026 01:13:09 PM | engine.py:1037 Engine run finished. Time taken: 00:00:25.786
[Epoch 87] train_loss=22.541156 | val_loss=22.800452
04/01/2026 01:13:09 PM | engine.py:1010 Epoch[87] Complete. Time taken: 00:00:47.364
04/01/2026 01:13:31 PM | engine.py:906 Engine run starting with max_epochs=1.
04/01/2026 01:13:57 PM | engine.py:1010 Epoch[1] Complete. Time taken: 00:00:25.259
[Validator] Epoch 88 - val_loss: 22.800867
[BEST CHECKPOINT] Guardado/actualizado en: checkpoints\Mis_modelos\logl1 checkpoints\4stems\best_checkpoint_86_val_loss=-22.7996.pt
04/01/2026 01:13:57 PM | engine.py:1037 Engine run finished. Time taken: 00:00:25.260
[Epoch 88] train_loss=22.717928 | val_loss=22.800867
04/01/2026 01:13:57 PM | engine.py:1010 Epoch[88] Complete. Time taken: 00:00:47.253
04/01/2026 01:14:18 PM | engine.py:906 Engine run starting with max_epochs=1.
04/01/2026 01:14:44 PM | engine.py:1010 Epoch[1] Complete. Time taken: 00:00:25.784
[Validator] Epoch 89 - val_loss: 22.800596
[BEST CHECKPOINT] Guardado/actualizado en: checkpoints\Mis_modelos\logl1 checkpoints\4stems\best_checkpoint_86_val_loss=-22.7996.pt
04/01/2026 01:14:44 PM | engine.py:1037 Engine run finished. Time taken: 00:00:25.784
[Epoch 89] train_loss=22.562469 | val_loss=22.800596
04/01/2026 01:14:44 PM | engine.py:1010 Epoch[89] Complete. Time taken: 00:00:46.879
04/01/2026 01:15:06 PM | engine.py:906 Engine run starting with max_epochs=1.
04/01/2026 01:15:31 PM | engine.py:1010 Epoch[1] Complete. Time taken: 00:00:24.948
[Validator] Epoch 90 - val_loss: 22.800479
[BEST CHECKPOINT] Guardado/actualizado en: checkpoints\Mis_modelos\logl1 checkpoints\4stems\best_checkpoint_86_val_loss=-22.7996.pt
04/01/2026 01:15:31 PM | engine.py:1037 Engine run finished. Time taken: 00:00:24.949
[Epoch 90] train_loss=22.520947 | val_loss=22.800479
04/01/2026 01:15:31 PM | engine.py:1010 Epoch[90] Complete. Time taken: 00:00:47.065
04/01/2026 01:15:53 PM | engine.py:906 Engine run starting with max_epochs=1.
04/01/2026 01:16:18 PM | engine.py:1010 Epoch[1] Complete. Time taken: 00:00:25.090
[Validator] Epoch 91 - val_loss: 22.800863
[BEST CHECKPOINT] Guardado/actualizado en: checkpoints\Mis_modelos\logl1 checkpoints\4stems\best_checkpoint_86_val_loss=-22.7996.pt
04/01/2026 01:16:18 PM | engine.py:1037 Engine run finished. Time taken: 00:00:25.091
[Epoch 91] train_loss=22.625814 | val_loss=22.800863
04/01/2026 01:16:18 PM | engine.py:1010 Epoch[91] Complete. Time taken: 00:00:47.680
04/01/2026 01:16:40 PM | engine.py:906 Engine run starting with max_epochs=1.
04/01/2026 01:17:05 PM | engine.py:1010 Epoch[1] Complete. Time taken: 00:00:25.440
[Validator] Epoch 92 - val_loss: 22.797390
[BEST CHECKPOINT] Guardado/actualizado en: checkpoints\Mis_modelos\logl1 checkpoints\4stems\best_checkpoint_92_val_loss=-22.7974.pt
04/01/2026 01:17:05 PM | engine.py:1037 Engine run finished. Time taken: 00:00:25.450
[Epoch 92] train_loss=22.545839 | val_loss=22.797390
04/01/2026 01:17:05 PM | engine.py:1010 Epoch[92] Complete. Time taken: 00:00:47.093
04/01/2026 01:17:28 PM | engine.py:906 Engine run starting with max_epochs=1.
04/01/2026 01:17:53 PM | engine.py:1010 Epoch[1] Complete. Time taken: 00:00:25.195
[Validator] Epoch 93 - val_loss: 22.802005
[BEST CHECKPOINT] Guardado/actualizado en: checkpoints\Mis_modelos\logl1 checkpoints\4stems\best_checkpoint_92_val_loss=-22.7974.pt
04/01/2026 01:17:53 PM | engine.py:1037 Engine run finished. Time taken: 00:00:25.197
[Epoch 93] train_loss=22.670272 | val_loss=22.802005
04/01/2026 01:17:53 PM | engine.py:1010 Epoch[93] Complete. Time taken: 00:00:47.374
04/01/2026 01:18:15 PM | engine.py:906 Engine run starting with max_epochs=1.
04/01/2026 01:18:40 PM | engine.py:1010 Epoch[1] Complete. Time taken: 00:00:25.231
[Validator] Epoch 94 - val_loss: 22.797004
[BEST CHECKPOINT] Guardado/actualizado en: checkpoints\Mis_modelos\logl1 checkpoints\4stems\best_checkpoint_94_val_loss=-22.7970.pt
04/01/2026 01:18:40 PM | engine.py:1037 Engine run finished. Time taken: 00:00:25.244
[Epoch 94] train_loss=22.543396 | val_loss=22.797004
04/01/2026 01:18:40 PM | engine.py:1010 Epoch[94] Complete. Time taken: 00:00:47.250
04/01/2026 01:19:02 PM | engine.py:906 Engine run starting with max_epochs=1.
04/01/2026 01:19:28 PM | engine.py:1010 Epoch[1] Complete. Time taken: 00:00:25.630
[Validator] Epoch 95 - val_loss: 22.791341
[BEST CHECKPOINT] Guardado/actualizado en: checkpoints\Mis_modelos\logl1 checkpoints\4stems\best_checkpoint_95_val_loss=-22.7913.pt
04/01/2026 01:19:28 PM | engine.py:1037 Engine run finished. Time taken: 00:00:25.641
[Epoch 95] train_loss=22.593884 | val_loss=22.791341
04/01/2026 01:19:28 PM | engine.py:1010 Epoch[95] Complete. Time taken: 00:00:47.570
04/01/2026 01:19:50 PM | engine.py:906 Engine run starting with max_epochs=1.
04/01/2026 01:20:15 PM | engine.py:1010 Epoch[1] Complete. Time taken: 00:00:24.774
[Validator] Epoch 96 - val_loss: 22.785425
[BEST CHECKPOINT] Guardado/actualizado en: checkpoints\Mis_modelos\logl1 checkpoints\4stems\best_checkpoint_96_val_loss=-22.7854.pt
04/01/2026 01:20:15 PM | engine.py:1037 Engine run finished. Time taken: 00:00:24.786
[Epoch 96] train_loss=22.701705 | val_loss=22.785425
04/01/2026 01:20:15 PM | engine.py:1010 Epoch[96] Complete. Time taken: 00:00:47.339
04/01/2026 01:20:36 PM | engine.py:906 Engine run starting with max_epochs=1.
04/01/2026 01:21:02 PM | engine.py:1010 Epoch[1] Complete. Time taken: 00:00:25.738
[Validator] Epoch 97 - val_loss: 22.785878
[BEST CHECKPOINT] Guardado/actualizado en: checkpoints\Mis_modelos\logl1 checkpoints\4stems\best_checkpoint_96_val_loss=-22.7854.pt
04/01/2026 01:21:02 PM | engine.py:1037 Engine run finished. Time taken: 00:00:25.739
[Epoch 97] train_loss=22.707684 | val_loss=22.785878
04/01/2026 01:21:02 PM | engine.py:1010 Epoch[97] Complete. Time taken: 00:00:47.044
04/01/2026 01:21:23 PM | engine.py:906 Engine run starting with max_epochs=1.
04/01/2026 01:21:49 PM | engine.py:1010 Epoch[1] Complete. Time taken: 00:00:25.596
[Validator] Epoch 98 - val_loss: 22.779268
[BEST CHECKPOINT] Guardado/actualizado en: checkpoints\Mis_modelos\logl1 checkpoints\4stems\best_checkpoint_98_val_loss=-22.7793.pt
04/01/2026 01:21:49 PM | engine.py:1037 Engine run finished. Time taken: 00:00:25.606
[Epoch 98] train_loss=22.491137 | val_loss=22.779268
04/01/2026 01:21:49 PM | engine.py:1010 Epoch[98] Complete. Time taken: 00:00:47.037
04/01/2026 01:22:11 PM | engine.py:906 Engine run starting with max_epochs=1.
04/01/2026 01:22:36 PM | engine.py:1010 Epoch[1] Complete. Time taken: 00:00:25.385
[Validator] Epoch 99 - val_loss: 22.777410
[BEST CHECKPOINT] Guardado/actualizado en: checkpoints\Mis_modelos\logl1 checkpoints\4stems\best_checkpoint_99_val_loss=-22.7774.pt
04/01/2026 01:22:36 PM | engine.py:1037 Engine run finished. Time taken: 00:00:25.397
[Epoch 99] train_loss=22.482138 | val_loss=22.777410
04/01/2026 01:22:36 PM | engine.py:1010 Epoch[99] Complete. Time taken: 00:00:47.276
04/01/2026 01:22:58 PM | engine.py:906 Engine run starting with max_epochs=1.
04/01/2026 01:23:23 PM | engine.py:1010 Epoch[1] Complete. Time taken: 00:00:25.343
[Validator] Epoch 100 - val_loss: 22.774516
[BEST CHECKPOINT] Guardado/actualizado en: checkpoints\Mis_modelos\logl1 checkpoints\4stems\best_checkpoint_100_val_loss=-22.7745.pt
04/01/2026 01:23:23 PM | engine.py:1037 Engine run finished. Time taken: 00:00:25.352
[Epoch 100] train_loss=22.663958 | val_loss=22.774516
04/01/2026 01:23:23 PM | engine.py:1010 Epoch[100] Complete. Time taken: 00:00:47.024
04/01/2026 01:23:23 PM | engine.py:1037 Engine run finished. Time taken: 01:19:18.306
[LOADING BEST MODEL] Cargando mejor checkpoint desde: checkpoints\Mis_modelos\logl1 checkpoints\4stems\best_checkpoint_100_val_loss=-22.7745.pt
C:\Users\rdpuser\TFG_Identificaci-n-de-voces-e-instrumentos-en-una-obra-musical\pipeline\train.py:326: FutureWarning: You are using `torch.load` with `weights_only=False` (the current default value), which uses the default pickle module implicitly. It is possible to construct malicious pickle data which will execute arbitrary code during unpickling (See https://github.com/pytorch/pytorch/blob/main/SECURITY.md#untrusted-models for more details). In a future release, the default value for `weights_only` will be flipped to `True`. This limits the functions that could be executed during unpickling. Arbitrary objects will no longer be allowed to be loaded via this mode unless they are explicitly allowlisted by the user via `torch.serialization.add_safe_globals`. We recommend you start setting `weights_only=True` for any use case where you don't have full control of the loaded file. Please open an issue on GitHub for any issues related to this experimental feature.
  checkpoint = torch.load(best_checkpoint_path, map_location=device)
